Java HotSpot(TM) 64-Bit Server VM (25.131-b11) for bsd-amd64 JRE (1.8.0_131-b11), built on Mar 15 2017 01:32:22 by "java_re" with gcc 4.2.1 (Based on Apple Inc. build 5658) (LLVM build 2336.11.00)
Memory: 4k page, physical 8388608k(79448k free)

/proc/meminfo:

CommandLine flags: -XX:CMSInitiatingOccupancyFraction=50 -XX:CMSMaxAbortablePrecleanTime=6000 -XX:+CMSParallelRemarkEnabled -XX:+CMSScavengeBeforeRemark -XX:ConcGCThreads=4 -XX:GCLogFileSize=20971520 -XX:InitialHeapSize=536870912 -XX:MaxHeapSize=536870912 -XX:MaxTenuringThreshold=8 -XX:NewRatio=3 -XX:NumberOfGCLogFiles=9 -XX:OldPLABSize=16 -XX:-OmitStackTraceInFastThrow -XX:OnOutOfMemoryError=/Users/vivianbuan/Documents/Package/SOLR/solr-7.2.0/bin/oom_solr.sh 8983 /Users/vivianbuan/Documents/Package/SOLR/solr-7.2.0/example/cloud/node1/solr/../logs -XX:ParallelGCThreads=4 -XX:+ParallelRefProcEnabled -XX:PretenureSizeThreshold=67108864 -XX:+PrintGC -XX:+PrintGCApplicationStoppedTime -XX:+PrintGCDateStamps -XX:+PrintGCDetails -XX:+PrintGCTimeStamps -XX:+PrintHeapAtGC -XX:+PrintTenuringDistribution -XX:SurvivorRatio=4 -XX:TargetSurvivorRatio=90 -XX:ThreadStackSize=256 -XX:+UseCMSInitiatingOccupancyOnly -XX:+UseCompressedClassPointers -XX:+UseCompressedOops -XX:+UseConcMarkSweepGC -XX:+UseGCLogFileRotation -XX:+UseParNewGC 
2018-01-04T20:19:32.343+0800: 0.180: Total time for which application threads were stopped: 0.0247311 seconds, Stopping threads took: 0.0000087 seconds
2018-01-04T20:19:32.392+0800: 0.229: Total time for which application threads were stopped: 0.0000976 seconds, Stopping threads took: 0.0000113 seconds
2018-01-04T20:19:32.425+0800: 0.261: Total time for which application threads were stopped: 0.0000804 seconds, Stopping threads took: 0.0000098 seconds
2018-01-04T20:19:32.487+0800: 0.324: Total time for which application threads were stopped: 0.0000981 seconds, Stopping threads took: 0.0000104 seconds
2018-01-04T20:19:32.508+0800: 0.345: Total time for which application threads were stopped: 0.0000858 seconds, Stopping threads took: 0.0000094 seconds
2018-01-04T20:19:32.942+0800: 0.778: Total time for which application threads were stopped: 0.0004230 seconds, Stopping threads took: 0.0000291 seconds
2018-01-04T20:19:33.147+0800: 0.984: Total time for which application threads were stopped: 0.0001861 seconds, Stopping threads took: 0.0000147 seconds
2018-01-04T20:19:33.188+0800: 1.024: Total time for which application threads were stopped: 0.0002036 seconds, Stopping threads took: 0.0000133 seconds
2018-01-04T20:19:33.493+0800: 1.330: Total time for which application threads were stopped: 0.0002578 seconds, Stopping threads took: 0.0000123 seconds
2018-01-04T20:19:33.529+0800: 1.366: Total time for which application threads were stopped: 0.0002577 seconds, Stopping threads took: 0.0000274 seconds
2018-01-04T20:19:33.873+0800: 1.710: Total time for which application threads were stopped: 0.0002535 seconds, Stopping threads took: 0.0000190 seconds
2018-01-04T20:19:33.875+0800: 1.712: Total time for which application threads were stopped: 0.0002032 seconds, Stopping threads took: 0.0000087 seconds
2018-01-04T20:19:33.881+0800: 1.717: Total time for which application threads were stopped: 0.0002146 seconds, Stopping threads took: 0.0000107 seconds
2018-01-04T20:19:33.906+0800: 1.743: Total time for which application threads were stopped: 0.0002619 seconds, Stopping threads took: 0.0000183 seconds
2018-01-04T20:19:34.003+0800: 1.840: Total time for which application threads were stopped: 0.0003912 seconds, Stopping threads took: 0.0000481 seconds
{Heap before GC invocations=0 (full 0):
 par new generation   total 109248K, used 87424K [0x00000007a0000000, 0x00000007a8000000, 0x00000007a8000000)
  eden space 87424K, 100% used [0x00000007a0000000, 0x00000007a5560000, 0x00000007a5560000)
  from space 21824K,   0% used [0x00000007a5560000, 0x00000007a5560000, 0x00000007a6ab0000)
  to   space 21824K,   0% used [0x00000007a6ab0000, 0x00000007a6ab0000, 0x00000007a8000000)
 concurrent mark-sweep generation total 393216K, used 0K [0x00000007a8000000, 0x00000007c0000000, 0x00000007c0000000)
 Metaspace       used 18366K, capacity 18670K, committed 18944K, reserved 1067008K
  class space    used 2116K, capacity 2261K, committed 2304K, reserved 1048576K
2018-01-04T20:19:34.134+0800: 1.970: [GC (Allocation Failure) 2018-01-04T20:19:34.135+0800: 1.971: [ParNew
Desired survivor size 20112992 bytes, new threshold 8 (max 8)
- age   1:   11244552 bytes,   11244552 total
: 87424K->11079K(109248K), 0.0246383 secs] 87424K->11079K(502464K), 0.0254936 secs] [Times: user=0.04 sys=0.01, real=0.02 secs] 
Heap after GC invocations=1 (full 0):
 par new generation   total 109248K, used 11079K [0x00000007a0000000, 0x00000007a8000000, 0x00000007a8000000)
  eden space 87424K,   0% used [0x00000007a0000000, 0x00000007a0000000, 0x00000007a5560000)
  from space 21824K,  50% used [0x00000007a6ab0000, 0x00000007a7581ff0, 0x00000007a8000000)
  to   space 21824K,   0% used [0x00000007a5560000, 0x00000007a5560000, 0x00000007a6ab0000)
 concurrent mark-sweep generation total 393216K, used 0K [0x00000007a8000000, 0x00000007c0000000, 0x00000007c0000000)
 Metaspace       used 18366K, capacity 18670K, committed 18944K, reserved 1067008K
  class space    used 2116K, capacity 2261K, committed 2304K, reserved 1048576K
}
2018-01-04T20:19:34.160+0800: 1.996: Total time for which application threads were stopped: 0.0268453 seconds, Stopping threads took: 0.0000638 seconds
2018-01-04T20:19:35.164+0800: 3.000: Total time for which application threads were stopped: 0.0000921 seconds, Stopping threads took: 0.0000224 seconds
2018-01-04T20:19:36.295+0800: 4.132: Total time for which application threads were stopped: 0.0004872 seconds, Stopping threads took: 0.0000313 seconds
2018-01-04T20:19:39.356+0800: 7.192: Total time for which application threads were stopped: 0.0000789 seconds, Stopping threads took: 0.0000205 seconds
2018-01-04T20:19:39.356+0800: 7.192: Total time for which application threads were stopped: 0.0000501 seconds, Stopping threads took: 0.0000094 seconds
2018-01-04T20:19:39.356+0800: 7.193: Total time for which application threads were stopped: 0.0000375 seconds, Stopping threads took: 0.0000062 seconds
2018-01-04T20:19:39.368+0800: 7.204: Total time for which application threads were stopped: 0.0000757 seconds, Stopping threads took: 0.0000145 seconds
2018-01-04T20:19:39.431+0800: 7.268: Total time for which application threads were stopped: 0.0000631 seconds, Stopping threads took: 0.0000124 seconds
2018-01-04T20:19:40.170+0800: 8.007: [GC (CMS Initial Mark) [1 CMS-initial-mark: 0K(393216K)] 26957K(502464K), 0.0066076 secs] [Times: user=0.02 sys=0.00, real=0.00 secs] 
2018-01-04T20:19:40.177+0800: 8.013: Total time for which application threads were stopped: 0.0067441 seconds, Stopping threads took: 0.0000148 seconds
2018-01-04T20:19:40.177+0800: 8.013: [CMS-concurrent-mark-start]
2018-01-04T20:19:40.178+0800: 8.014: [CMS-concurrent-mark: 0.001/0.001 secs] [Times: user=0.00 sys=0.01, real=0.00 secs] 
2018-01-04T20:19:40.178+0800: 8.014: [CMS-concurrent-preclean-start]
2018-01-04T20:19:40.179+0800: 8.015: [CMS-concurrent-preclean: 0.001/0.001 secs] [Times: user=0.00 sys=0.00, real=0.00 secs] 
2018-01-04T20:19:40.179+0800: 8.015: [CMS-concurrent-abortable-preclean-start]
2018-01-04T20:19:44.281+0800: 12.117: Total time for which application threads were stopped: 0.0002105 seconds, Stopping threads took: 0.0000688 seconds
2018-01-04T20:19:44.289+0800: 12.125: Total time for which application threads were stopped: 0.0002385 seconds, Stopping threads took: 0.0000224 seconds
2018-01-04T20:19:45.293+0800: 13.129: Total time for which application threads were stopped: 0.0000747 seconds, Stopping threads took: 0.0000182 seconds
 CMS: abort preclean due to time 2018-01-04T20:19:46.321+0800: 14.157: [CMS-concurrent-abortable-preclean: 1.780/6.142 secs] [Times: user=1.76 sys=0.02, real=6.15 secs] 
2018-01-04T20:19:46.321+0800: 14.157: [GC (CMS Final Remark) [YG occupancy: 28634 K (109248 K)]{Heap before GC invocations=1 (full 1):
 par new generation   total 109248K, used 28634K [0x00000007a0000000, 0x00000007a8000000, 0x00000007a8000000)
  eden space 87424K,  20% used [0x00000007a0000000, 0x00000007a11249f0, 0x00000007a5560000)
  from space 21824K,  50% used [0x00000007a6ab0000, 0x00000007a7581ff0, 0x00000007a8000000)
  to   space 21824K,   0% used [0x00000007a5560000, 0x00000007a5560000, 0x00000007a6ab0000)
 concurrent mark-sweep generation total 393216K, used 0K [0x00000007a8000000, 0x00000007c0000000, 0x00000007c0000000)
 Metaspace       used 21165K, capacity 21494K, committed 21884K, reserved 1069056K
  class space    used 2489K, capacity 2621K, committed 2684K, reserved 1048576K
2018-01-04T20:19:46.321+0800: 14.157: [GC (CMS Final Remark) 2018-01-04T20:19:46.321+0800: 14.157: [ParNew
Desired survivor size 20112992 bytes, new threshold 8 (max 8)
- age   1:    2377568 bytes,    2377568 total
- age   2:    5744992 bytes,    8122560 total
: 28634K->12636K(109248K), 0.0131727 secs] 28634K->12636K(502464K), 0.0132218 secs] [Times: user=0.04 sys=0.00, real=0.01 secs] 
Heap after GC invocations=2 (full 1):
 par new generation   total 109248K, used 12636K [0x00000007a0000000, 0x00000007a8000000, 0x00000007a8000000)
  eden space 87424K,   0% used [0x00000007a0000000, 0x00000007a0000000, 0x00000007a5560000)
  from space 21824K,  57% used [0x00000007a5560000, 0x00000007a61b7258, 0x00000007a6ab0000)
  to   space 21824K,   0% used [0x00000007a6ab0000, 0x00000007a6ab0000, 0x00000007a8000000)
 concurrent mark-sweep generation total 393216K, used 0K [0x00000007a8000000, 0x00000007c0000000, 0x00000007c0000000)
 Metaspace       used 21165K, capacity 21494K, committed 21884K, reserved 1069056K
  class space    used 2489K, capacity 2621K, committed 2684K, reserved 1048576K
}
2018-01-04T20:19:46.334+0800: 14.170: [Rescan (parallel) , 0.0033083 secs]2018-01-04T20:19:46.337+0800: 14.174: [weak refs processing, 0.0010718 secs]2018-01-04T20:19:46.339+0800: 14.175: [class unloading, 0.0056347 secs]2018-01-04T20:19:46.344+0800: 14.181: [scrub symbol table, 0.0039566 secs]2018-01-04T20:19:46.348+0800: 14.185: [scrub string table, 0.0003257 secs][1 CMS-remark: 0K(393216K)] 12636K(502464K), 0.0283012 secs] [Times: user=0.06 sys=0.00, real=0.02 secs] 
2018-01-04T20:19:46.349+0800: 14.185: Total time for which application threads were stopped: 0.0283898 seconds, Stopping threads took: 0.0000146 seconds
2018-01-04T20:19:46.349+0800: 14.186: [CMS-concurrent-sweep-start]
2018-01-04T20:19:46.349+0800: 14.186: [CMS-concurrent-sweep: 0.000/0.000 secs] [Times: user=0.00 sys=0.00, real=0.00 secs] 
2018-01-04T20:19:46.349+0800: 14.186: [CMS-concurrent-reset-start]
2018-01-04T20:19:46.350+0800: 14.187: Total time for which application threads were stopped: 0.0000522 seconds, Stopping threads took: 0.0000101 seconds
2018-01-04T20:19:46.354+0800: 14.190: [CMS-concurrent-reset: 0.004/0.004 secs] [Times: user=0.00 sys=0.01, real=0.01 secs] 
2018-01-04T20:19:49.317+0800: 17.154: Total time for which application threads were stopped: 0.0000730 seconds, Stopping threads took: 0.0000158 seconds
2018-01-04T20:19:49.324+0800: 17.160: Total time for which application threads were stopped: 0.0000923 seconds, Stopping threads took: 0.0000154 seconds
2018-01-04T20:19:49.325+0800: 17.161: Total time for which application threads were stopped: 0.0000756 seconds, Stopping threads took: 0.0000159 seconds
2018-01-04T20:19:49.326+0800: 17.162: Total time for which application threads were stopped: 0.0000602 seconds, Stopping threads took: 0.0000116 seconds
2018-01-04T20:19:49.326+0800: 17.162: Total time for which application threads were stopped: 0.0000407 seconds, Stopping threads took: 0.0000139 seconds
2018-01-04T20:19:49.332+0800: 17.168: Total time for which application threads were stopped: 0.0000863 seconds, Stopping threads took: 0.0000307 seconds
2018-01-04T20:19:49.332+0800: 17.168: Total time for which application threads were stopped: 0.0000665 seconds, Stopping threads took: 0.0000153 seconds
2018-01-04T20:19:49.334+0800: 17.171: Total time for which application threads were stopped: 0.0001065 seconds, Stopping threads took: 0.0000161 seconds
2018-01-04T20:19:49.345+0800: 17.181: Total time for which application threads were stopped: 0.0000778 seconds, Stopping threads took: 0.0000154 seconds
2018-01-04T20:19:49.387+0800: 17.223: Total time for which application threads were stopped: 0.0000719 seconds, Stopping threads took: 0.0000279 seconds
2018-01-04T20:19:49.387+0800: 17.223: Total time for which application threads were stopped: 0.0000425 seconds, Stopping threads took: 0.0000090 seconds
2018-01-04T20:19:49.388+0800: 17.224: Total time for which application threads were stopped: 0.0000324 seconds, Stopping threads took: 0.0000061 seconds
2018-01-04T20:19:49.388+0800: 17.224: Total time for which application threads were stopped: 0.0000367 seconds, Stopping threads took: 0.0000049 seconds
2018-01-04T20:19:49.388+0800: 17.224: Total time for which application threads were stopped: 0.0000253 seconds, Stopping threads took: 0.0000050 seconds
2018-01-04T20:19:49.388+0800: 17.224: Total time for which application threads were stopped: 0.0000271 seconds, Stopping threads took: 0.0000048 seconds
2018-01-04T20:19:49.388+0800: 17.224: Total time for which application threads were stopped: 0.0000295 seconds, Stopping threads took: 0.0000047 seconds
2018-01-04T20:19:49.388+0800: 17.224: Total time for which application threads were stopped: 0.0000333 seconds, Stopping threads took: 0.0000064 seconds
2018-01-04T20:19:49.388+0800: 17.225: Total time for which application threads were stopped: 0.0000654 seconds, Stopping threads took: 0.0000063 seconds
2018-01-04T20:19:49.389+0800: 17.225: Total time for which application threads were stopped: 0.0000386 seconds, Stopping threads took: 0.0000072 seconds
2018-01-04T20:19:49.389+0800: 17.225: Total time for which application threads were stopped: 0.0000416 seconds, Stopping threads took: 0.0000160 seconds
2018-01-04T20:19:49.390+0800: 17.226: Total time for which application threads were stopped: 0.0000699 seconds, Stopping threads took: 0.0000348 seconds
2018-01-04T20:19:49.390+0800: 17.226: Total time for which application threads were stopped: 0.0000694 seconds, Stopping threads took: 0.0000314 seconds
2018-01-04T20:19:49.394+0800: 17.230: Total time for which application threads were stopped: 0.0000666 seconds, Stopping threads took: 0.0000251 seconds
2018-01-04T20:19:49.398+0800: 17.234: Total time for which application threads were stopped: 0.0001566 seconds, Stopping threads took: 0.0000960 seconds
2018-01-04T20:19:49.398+0800: 17.235: Total time for which application threads were stopped: 0.0000580 seconds, Stopping threads took: 0.0000122 seconds
2018-01-04T20:19:49.401+0800: 17.237: Total time for which application threads were stopped: 0.0000899 seconds, Stopping threads took: 0.0000320 seconds
2018-01-04T20:19:49.401+0800: 17.238: Total time for which application threads were stopped: 0.0001234 seconds, Stopping threads took: 0.0000896 seconds
2018-01-04T20:19:49.401+0800: 17.238: Total time for which application threads were stopped: 0.0000804 seconds, Stopping threads took: 0.0000448 seconds
2018-01-04T20:19:49.402+0800: 17.239: Total time for which application threads were stopped: 0.0000524 seconds, Stopping threads took: 0.0000121 seconds
2018-01-04T20:19:49.403+0800: 17.239: Total time for which application threads were stopped: 0.0000323 seconds, Stopping threads took: 0.0000064 seconds
2018-01-04T20:19:49.406+0800: 17.242: Total time for which application threads were stopped: 0.0000720 seconds, Stopping threads took: 0.0000152 seconds
2018-01-04T20:19:49.415+0800: 17.252: Total time for which application threads were stopped: 0.0000936 seconds, Stopping threads took: 0.0000330 seconds
2018-01-04T20:19:49.428+0800: 17.264: Total time for which application threads were stopped: 0.0001625 seconds, Stopping threads took: 0.0000343 seconds
2018-01-04T20:19:49.452+0800: 17.289: Total time for which application threads were stopped: 0.0001492 seconds, Stopping threads took: 0.0000263 seconds
2018-01-04T20:19:49.457+0800: 17.294: Total time for which application threads were stopped: 0.0000734 seconds, Stopping threads took: 0.0000167 seconds
2018-01-04T20:19:49.479+0800: 17.316: Total time for which application threads were stopped: 0.0000641 seconds, Stopping threads took: 0.0000139 seconds
2018-01-04T20:19:49.481+0800: 17.317: Total time for which application threads were stopped: 0.0000503 seconds, Stopping threads took: 0.0000119 seconds
2018-01-04T20:19:49.482+0800: 17.318: Total time for which application threads were stopped: 0.0000533 seconds, Stopping threads took: 0.0000122 seconds
2018-01-04T20:19:49.603+0800: 17.439: Total time for which application threads were stopped: 0.0001003 seconds, Stopping threads took: 0.0000137 seconds
2018-01-04T20:19:49.604+0800: 17.440: Total time for which application threads were stopped: 0.0000772 seconds, Stopping threads took: 0.0000171 seconds
2018-01-04T20:19:49.677+0800: 17.513: Total time for which application threads were stopped: 0.0003684 seconds, Stopping threads took: 0.0000137 seconds
2018-01-04T20:19:49.690+0800: 17.526: Total time for which application threads were stopped: 0.0000969 seconds, Stopping threads took: 0.0000287 seconds
2018-01-04T20:19:49.691+0800: 17.527: Total time for which application threads were stopped: 0.0000858 seconds, Stopping threads took: 0.0000317 seconds
2018-01-04T20:19:49.691+0800: 17.527: Total time for which application threads were stopped: 0.0000734 seconds, Stopping threads took: 0.0000224 seconds
2018-01-04T20:19:49.693+0800: 17.529: Total time for which application threads were stopped: 0.0001331 seconds, Stopping threads took: 0.0000609 seconds
2018-01-04T20:19:49.693+0800: 17.530: Total time for which application threads were stopped: 0.0000735 seconds, Stopping threads took: 0.0000132 seconds
2018-01-04T20:19:49.694+0800: 17.530: Total time for which application threads were stopped: 0.0002478 seconds, Stopping threads took: 0.0001747 seconds
2018-01-04T20:19:49.695+0800: 17.531: Total time for which application threads were stopped: 0.0001860 seconds, Stopping threads took: 0.0000917 seconds
2018-01-04T20:19:49.696+0800: 17.533: Total time for which application threads were stopped: 0.0001766 seconds, Stopping threads took: 0.0000802 seconds
2018-01-04T20:19:49.698+0800: 17.534: Total time for which application threads were stopped: 0.0001503 seconds, Stopping threads took: 0.0000597 seconds
2018-01-04T20:19:49.698+0800: 17.534: Total time for which application threads were stopped: 0.0000891 seconds, Stopping threads took: 0.0000156 seconds
2018-01-04T20:19:49.698+0800: 17.535: Total time for which application threads were stopped: 0.0000682 seconds, Stopping threads took: 0.0000167 seconds
2018-01-04T20:19:49.699+0800: 17.535: Total time for which application threads were stopped: 0.0000877 seconds, Stopping threads took: 0.0000230 seconds
2018-01-04T20:19:49.702+0800: 17.538: Total time for which application threads were stopped: 0.0000952 seconds, Stopping threads took: 0.0000336 seconds
2018-01-04T20:19:49.703+0800: 17.540: Total time for which application threads were stopped: 0.0002286 seconds, Stopping threads took: 0.0001298 seconds
2018-01-04T20:19:49.707+0800: 17.543: Total time for which application threads were stopped: 0.0001159 seconds, Stopping threads took: 0.0000375 seconds
2018-01-04T20:19:49.714+0800: 17.550: Total time for which application threads were stopped: 0.0001283 seconds, Stopping threads took: 0.0000348 seconds
2018-01-04T20:19:49.725+0800: 17.561: Total time for which application threads were stopped: 0.0001348 seconds, Stopping threads took: 0.0000368 seconds
2018-01-04T20:19:49.728+0800: 17.564: Total time for which application threads were stopped: 0.0002649 seconds, Stopping threads took: 0.0000321 seconds
2018-01-04T20:19:49.745+0800: 17.581: Total time for which application threads were stopped: 0.0001035 seconds, Stopping threads took: 0.0000376 seconds
2018-01-04T20:19:49.765+0800: 17.601: Total time for which application threads were stopped: 0.0001250 seconds, Stopping threads took: 0.0000414 seconds
2018-01-04T20:19:49.778+0800: 17.614: Total time for which application threads were stopped: 0.0001449 seconds, Stopping threads took: 0.0000342 seconds
2018-01-04T20:19:49.791+0800: 17.627: Total time for which application threads were stopped: 0.0001103 seconds, Stopping threads took: 0.0000342 seconds
2018-01-04T20:19:49.797+0800: 17.634: Total time for which application threads were stopped: 0.0001437 seconds, Stopping threads took: 0.0000610 seconds
2018-01-04T20:19:49.811+0800: 17.647: Total time for which application threads were stopped: 0.0000967 seconds, Stopping threads took: 0.0000300 seconds
2018-01-04T20:19:49.819+0800: 17.655: Total time for which application threads were stopped: 0.0000765 seconds, Stopping threads took: 0.0000165 seconds
2018-01-04T20:19:49.820+0800: 17.656: Total time for which application threads were stopped: 0.0001005 seconds, Stopping threads took: 0.0000180 seconds
2018-01-04T20:19:49.826+0800: 17.662: Total time for which application threads were stopped: 0.0000986 seconds, Stopping threads took: 0.0000207 seconds
2018-01-04T20:19:49.859+0800: 17.695: Total time for which application threads were stopped: 0.0004331 seconds, Stopping threads took: 0.0000189 seconds
2018-01-04T20:19:50.860+0800: 18.696: Total time for which application threads were stopped: 0.0001570 seconds, Stopping threads took: 0.0000327 seconds
2018-01-04T20:19:51.818+0800: 19.654: Total time for which application threads were stopped: 0.0001633 seconds, Stopping threads took: 0.0000324 seconds
2018-01-04T20:19:51.818+0800: 19.654: Total time for which application threads were stopped: 0.0000892 seconds, Stopping threads took: 0.0000109 seconds
2018-01-04T20:19:54.911+0800: 22.747: Total time for which application threads were stopped: 0.0001522 seconds, Stopping threads took: 0.0000288 seconds
2018-01-04T20:19:54.911+0800: 22.747: Total time for which application threads were stopped: 0.0000861 seconds, Stopping threads took: 0.0000125 seconds
2018-01-04T20:19:54.912+0800: 22.748: Total time for which application threads were stopped: 0.0001025 seconds, Stopping threads took: 0.0000165 seconds
2018-01-04T20:19:54.912+0800: 22.748: Total time for which application threads were stopped: 0.0000826 seconds, Stopping threads took: 0.0000119 seconds
2018-01-04T20:19:54.912+0800: 22.748: Total time for which application threads were stopped: 0.0000879 seconds, Stopping threads took: 0.0000130 seconds
2018-01-04T20:19:54.912+0800: 22.748: Total time for which application threads were stopped: 0.0002402 seconds, Stopping threads took: 0.0000122 seconds
2018-01-04T20:19:54.980+0800: 22.816: Total time for which application threads were stopped: 0.0001933 seconds, Stopping threads took: 0.0000144 seconds
2018-01-04T20:19:55.004+0800: 22.840: Total time for which application threads were stopped: 0.0001457 seconds, Stopping threads took: 0.0000337 seconds
2018-01-04T20:19:55.008+0800: 22.844: Total time for which application threads were stopped: 0.0001108 seconds, Stopping threads took: 0.0000248 seconds
2018-01-04T20:19:55.009+0800: 22.845: Total time for which application threads were stopped: 0.0000733 seconds, Stopping threads took: 0.0000228 seconds
2018-01-04T20:19:55.009+0800: 22.845: Total time for which application threads were stopped: 0.0000580 seconds, Stopping threads took: 0.0000085 seconds
2018-01-04T20:19:55.009+0800: 22.845: Total time for which application threads were stopped: 0.0000524 seconds, Stopping threads took: 0.0000145 seconds
2018-01-04T20:19:55.009+0800: 22.845: Total time for which application threads were stopped: 0.0000413 seconds, Stopping threads took: 0.0000069 seconds
2018-01-04T20:19:55.011+0800: 22.847: Total time for which application threads were stopped: 0.0000907 seconds, Stopping threads took: 0.0000291 seconds
2018-01-04T20:19:55.011+0800: 22.847: Total time for which application threads were stopped: 0.0000697 seconds, Stopping threads took: 0.0000122 seconds
2018-01-04T20:19:55.012+0800: 22.848: Total time for which application threads were stopped: 0.0000798 seconds, Stopping threads took: 0.0000131 seconds
2018-01-04T20:19:55.012+0800: 22.848: Total time for which application threads were stopped: 0.0001180 seconds, Stopping threads took: 0.0000466 seconds
2018-01-04T20:19:55.012+0800: 22.848: Total time for which application threads were stopped: 0.0001231 seconds, Stopping threads took: 0.0000241 seconds
2018-01-04T20:19:55.012+0800: 22.848: Total time for which application threads were stopped: 0.0000549 seconds, Stopping threads took: 0.0000135 seconds
2018-01-04T20:19:55.012+0800: 22.848: Total time for which application threads were stopped: 0.0000702 seconds, Stopping threads took: 0.0000195 seconds
2018-01-04T20:19:55.013+0800: 22.849: Total time for which application threads were stopped: 0.0000801 seconds, Stopping threads took: 0.0000270 seconds
2018-01-04T20:19:55.019+0800: 22.855: Total time for which application threads were stopped: 0.0000750 seconds, Stopping threads took: 0.0000155 seconds
2018-01-04T20:19:55.019+0800: 22.855: Total time for which application threads were stopped: 0.0000486 seconds, Stopping threads took: 0.0000070 seconds
2018-01-04T20:19:55.058+0800: 22.894: Total time for which application threads were stopped: 0.0001106 seconds, Stopping threads took: 0.0000287 seconds
2018-01-04T20:19:55.058+0800: 22.894: Total time for which application threads were stopped: 0.0000495 seconds, Stopping threads took: 0.0000076 seconds
2018-01-04T20:19:56.064+0800: 23.900: Total time for which application threads were stopped: 0.0001812 seconds, Stopping threads took: 0.0000343 seconds
2018-01-04T20:19:57.641+0800: 25.477: Total time for which application threads were stopped: 0.0000791 seconds, Stopping threads took: 0.0000177 seconds
2018-01-04T20:19:57.641+0800: 25.477: Total time for which application threads were stopped: 0.0000565 seconds, Stopping threads took: 0.0000098 seconds
2018-01-04T20:19:57.642+0800: 25.478: Total time for which application threads were stopped: 0.0001015 seconds, Stopping threads took: 0.0000304 seconds
2018-01-04T20:19:57.642+0800: 25.478: Total time for which application threads were stopped: 0.0000778 seconds, Stopping threads took: 0.0000215 seconds
2018-01-04T20:19:57.642+0800: 25.478: Total time for which application threads were stopped: 0.0000491 seconds, Stopping threads took: 0.0000091 seconds
2018-01-04T20:19:57.643+0800: 25.479: Total time for which application threads were stopped: 0.0001038 seconds, Stopping threads took: 0.0000515 seconds
2018-01-04T20:19:57.643+0800: 25.479: Total time for which application threads were stopped: 0.0000480 seconds, Stopping threads took: 0.0000063 seconds
2018-01-04T20:19:57.646+0800: 25.482: Total time for which application threads were stopped: 0.0001157 seconds, Stopping threads took: 0.0000458 seconds
2018-01-04T20:19:57.649+0800: 25.485: Total time for which application threads were stopped: 0.0000793 seconds, Stopping threads took: 0.0000164 seconds
2018-01-04T20:19:57.649+0800: 25.485: Total time for which application threads were stopped: 0.0000638 seconds, Stopping threads took: 0.0000062 seconds
2018-01-04T20:19:57.649+0800: 25.485: Total time for which application threads were stopped: 0.0000351 seconds, Stopping threads took: 0.0000057 seconds
2018-01-04T20:19:57.664+0800: 25.500: Total time for which application threads were stopped: 0.0003963 seconds, Stopping threads took: 0.0000168 seconds
2018-01-04T20:19:57.687+0800: 25.523: Total time for which application threads were stopped: 0.0000775 seconds, Stopping threads took: 0.0000164 seconds
2018-01-04T20:19:57.687+0800: 25.523: Total time for which application threads were stopped: 0.0000444 seconds, Stopping threads took: 0.0000076 seconds
2018-01-04T20:19:57.687+0800: 25.523: Total time for which application threads were stopped: 0.0000334 seconds, Stopping threads took: 0.0000056 seconds
2018-01-04T20:19:57.696+0800: 25.532: Total time for which application threads were stopped: 0.0001324 seconds, Stopping threads took: 0.0000488 seconds
2018-01-04T20:19:57.696+0800: 25.532: Total time for which application threads were stopped: 0.0000837 seconds, Stopping threads took: 0.0000074 seconds
2018-01-04T20:19:57.697+0800: 25.533: Total time for which application threads were stopped: 0.0000716 seconds, Stopping threads took: 0.0000058 seconds
2018-01-04T20:19:57.698+0800: 25.534: Total time for which application threads were stopped: 0.0000483 seconds, Stopping threads took: 0.0000090 seconds
2018-01-04T20:19:57.698+0800: 25.534: Total time for which application threads were stopped: 0.0001226 seconds, Stopping threads took: 0.0000741 seconds
2018-01-04T20:19:57.698+0800: 25.534: Total time for which application threads were stopped: 0.0000419 seconds, Stopping threads took: 0.0000069 seconds
2018-01-04T20:19:57.716+0800: 25.552: Total time for which application threads were stopped: 0.0001103 seconds, Stopping threads took: 0.0000343 seconds
2018-01-04T20:19:57.728+0800: 25.564: Total time for which application threads were stopped: 0.0000945 seconds, Stopping threads took: 0.0000199 seconds
2018-01-04T20:19:57.728+0800: 25.564: Total time for which application threads were stopped: 0.0000552 seconds, Stopping threads took: 0.0000080 seconds
2018-01-04T20:19:57.728+0800: 25.564: Total time for which application threads were stopped: 0.0000367 seconds, Stopping threads took: 0.0000067 seconds
2018-01-04T20:19:57.728+0800: 25.564: Total time for which application threads were stopped: 0.0000353 seconds, Stopping threads took: 0.0000058 seconds
2018-01-04T20:19:57.728+0800: 25.564: Total time for which application threads were stopped: 0.0000349 seconds, Stopping threads took: 0.0000057 seconds
2018-01-04T20:19:57.729+0800: 25.565: Total time for which application threads were stopped: 0.0000348 seconds, Stopping threads took: 0.0000056 seconds
2018-01-04T20:19:57.729+0800: 25.565: Total time for which application threads were stopped: 0.0000347 seconds, Stopping threads took: 0.0000056 seconds
2018-01-04T20:19:57.729+0800: 25.565: Total time for which application threads were stopped: 0.0000553 seconds, Stopping threads took: 0.0000180 seconds
2018-01-04T20:19:57.729+0800: 25.565: Total time for which application threads were stopped: 0.0000463 seconds, Stopping threads took: 0.0000086 seconds
2018-01-04T20:19:57.729+0800: 25.565: Total time for which application threads were stopped: 0.0000531 seconds, Stopping threads took: 0.0000080 seconds
2018-01-04T20:19:57.729+0800: 25.565: Total time for which application threads were stopped: 0.0000787 seconds, Stopping threads took: 0.0000435 seconds
2018-01-04T20:19:57.730+0800: 25.566: Total time for which application threads were stopped: 0.0001498 seconds, Stopping threads took: 0.0000067 seconds
2018-01-04T20:19:57.730+0800: 25.566: Total time for which application threads were stopped: 0.0000628 seconds, Stopping threads took: 0.0000100 seconds
2018-01-04T20:19:57.730+0800: 25.566: Total time for which application threads were stopped: 0.0000654 seconds, Stopping threads took: 0.0000102 seconds
2018-01-04T20:19:57.730+0800: 25.566: Total time for which application threads were stopped: 0.0000423 seconds, Stopping threads took: 0.0000072 seconds
2018-01-04T20:19:57.730+0800: 25.566: Total time for which application threads were stopped: 0.0000373 seconds, Stopping threads took: 0.0000066 seconds
2018-01-04T20:19:57.730+0800: 25.566: Total time for which application threads were stopped: 0.0000350 seconds, Stopping threads took: 0.0000059 seconds
2018-01-04T20:19:57.731+0800: 25.567: Total time for which application threads were stopped: 0.0000760 seconds, Stopping threads took: 0.0000139 seconds
2018-01-04T20:19:57.731+0800: 25.567: Total time for which application threads were stopped: 0.0000689 seconds, Stopping threads took: 0.0000234 seconds
2018-01-04T20:19:57.731+0800: 25.567: Total time for which application threads were stopped: 0.0000859 seconds, Stopping threads took: 0.0000451 seconds
2018-01-04T20:19:57.731+0800: 25.567: Total time for which application threads were stopped: 0.0000752 seconds, Stopping threads took: 0.0000440 seconds
2018-01-04T20:19:57.732+0800: 25.568: Total time for which application threads were stopped: 0.0000719 seconds, Stopping threads took: 0.0000116 seconds
2018-01-04T20:19:57.732+0800: 25.568: Total time for which application threads were stopped: 0.0002054 seconds, Stopping threads took: 0.0000105 seconds
2018-01-04T20:19:57.736+0800: 25.572: Total time for which application threads were stopped: 0.0000981 seconds, Stopping threads took: 0.0000306 seconds
2018-01-04T20:19:57.741+0800: 25.577: Total time for which application threads were stopped: 0.0003096 seconds, Stopping threads took: 0.0000186 seconds
2018-01-04T20:19:57.742+0800: 25.578: Total time for which application threads were stopped: 0.0002932 seconds, Stopping threads took: 0.0000142 seconds
2018-01-04T20:19:57.743+0800: 25.579: Total time for which application threads were stopped: 0.0001891 seconds, Stopping threads took: 0.0001125 seconds
2018-01-04T20:19:57.743+0800: 25.579: Total time for which application threads were stopped: 0.0000666 seconds, Stopping threads took: 0.0000179 seconds
2018-01-04T20:19:57.755+0800: 25.591: Total time for which application threads were stopped: 0.0000814 seconds, Stopping threads took: 0.0000170 seconds
2018-01-04T20:19:57.755+0800: 25.591: Total time for which application threads were stopped: 0.0000431 seconds, Stopping threads took: 0.0000077 seconds
2018-01-04T20:19:57.755+0800: 25.591: Total time for which application threads were stopped: 0.0001270 seconds, Stopping threads took: 0.0000053 seconds
2018-01-04T20:19:57.756+0800: 25.591: Total time for which application threads were stopped: 0.0001190 seconds, Stopping threads took: 0.0000610 seconds
2018-01-04T20:19:57.756+0800: 25.592: Total time for which application threads were stopped: 0.0000828 seconds, Stopping threads took: 0.0000397 seconds
2018-01-04T20:19:57.805+0800: 25.641: Total time for which application threads were stopped: 0.0000994 seconds, Stopping threads took: 0.0000170 seconds
2018-01-04T20:19:58.809+0800: 26.644: Total time for which application threads were stopped: 0.0001057 seconds, Stopping threads took: 0.0000249 seconds
2018-01-04T20:20:05.355+0800: 33.191: Total time for which application threads were stopped: 0.0001147 seconds, Stopping threads took: 0.0000202 seconds
2018-01-04T20:20:05.356+0800: 33.191: Total time for which application threads were stopped: 0.0000754 seconds, Stopping threads took: 0.0000119 seconds
2018-01-04T20:20:06.358+0800: 34.193: Total time for which application threads were stopped: 0.0002215 seconds, Stopping threads took: 0.0000821 seconds
2018-01-04T20:20:08.364+0800: 36.200: Total time for which application threads were stopped: 0.0002051 seconds, Stopping threads took: 0.0000431 seconds
2018-01-04T20:20:09.366+0800: 37.201: Total time for which application threads were stopped: 0.0001554 seconds, Stopping threads took: 0.0000331 seconds
2018-01-04T20:20:10.830+0800: 38.666: Total time for which application threads were stopped: 0.0001118 seconds, Stopping threads took: 0.0000245 seconds
2018-01-04T20:20:10.877+0800: 38.712: Total time for which application threads were stopped: 0.0001027 seconds, Stopping threads took: 0.0000208 seconds
2018-01-04T20:20:10.942+0800: 38.777: Total time for which application threads were stopped: 0.0001009 seconds, Stopping threads took: 0.0000216 seconds
2018-01-04T20:20:15.958+0800: 43.794: Total time for which application threads were stopped: 0.0001878 seconds, Stopping threads took: 0.0000380 seconds
2018-01-04T20:20:17.967+0800: 45.802: Total time for which application threads were stopped: 0.0002032 seconds, Stopping threads took: 0.0000558 seconds
2018-01-04T20:20:23.987+0800: 51.823: Total time for which application threads were stopped: 0.0002583 seconds, Stopping threads took: 0.0000492 seconds
2018-01-04T20:20:24.989+0800: 52.824: Total time for which application threads were stopped: 0.0002246 seconds, Stopping threads took: 0.0000477 seconds
2018-01-04T20:20:25.993+0800: 53.828: Total time for which application threads were stopped: 0.0001795 seconds, Stopping threads took: 0.0000424 seconds
2018-01-04T20:20:29.002+0800: 56.837: Total time for which application threads were stopped: 0.0002022 seconds, Stopping threads took: 0.0000340 seconds
2018-01-04T20:20:32.012+0800: 59.846: Total time for which application threads were stopped: 0.0001732 seconds, Stopping threads took: 0.0000427 seconds
2018-01-04T20:20:34.018+0800: 61.853: Total time for which application threads were stopped: 0.0002674 seconds, Stopping threads took: 0.0000639 seconds
2018-01-04T20:20:43.045+0800: 70.879: Total time for which application threads were stopped: 0.0001839 seconds, Stopping threads took: 0.0000558 seconds
2018-01-04T20:20:44.046+0800: 71.881: Total time for which application threads were stopped: 0.0002533 seconds, Stopping threads took: 0.0000461 seconds
2018-01-04T20:20:46.051+0800: 73.885: Total time for which application threads were stopped: 0.0001824 seconds, Stopping threads took: 0.0000494 seconds
2018-01-04T20:20:48.056+0800: 75.891: Total time for which application threads were stopped: 0.0001972 seconds, Stopping threads took: 0.0000368 seconds
2018-01-04T20:20:57.758+0800: 85.592: Total time for which application threads were stopped: 0.0001463 seconds, Stopping threads took: 0.0000324 seconds
2018-01-04T20:20:58.759+0800: 86.593: Total time for which application threads were stopped: 0.0001573 seconds, Stopping threads took: 0.0000376 seconds
2018-01-04T20:20:59.762+0800: 87.596: Total time for which application threads were stopped: 0.0001596 seconds, Stopping threads took: 0.0000363 seconds
2018-01-04T20:21:01.772+0800: 89.606: Total time for which application threads were stopped: 0.0001955 seconds, Stopping threads took: 0.0000404 seconds
2018-01-04T20:21:20.827+0800: 108.661: Total time for which application threads were stopped: 0.0001129 seconds, Stopping threads took: 0.0000252 seconds
2018-01-04T20:21:22.830+0800: 110.664: Total time for which application threads were stopped: 0.0001385 seconds, Stopping threads took: 0.0000282 seconds
2018-01-04T20:21:55.891+0800: 143.723: Total time for which application threads were stopped: 0.0002081 seconds, Stopping threads took: 0.0000438 seconds
2018-01-04T20:21:57.893+0800: 145.725: Total time for which application threads were stopped: 0.0002728 seconds, Stopping threads took: 0.0000960 seconds
2018-01-04T20:21:59.895+0800: 147.727: Total time for which application threads were stopped: 0.0001363 seconds, Stopping threads took: 0.0000293 seconds
2018-01-04T20:22:00.900+0800: 148.732: Total time for which application threads were stopped: 0.0001167 seconds, Stopping threads took: 0.0000262 seconds
2018-01-04T20:22:03.907+0800: 151.738: Total time for which application threads were stopped: 0.0001301 seconds, Stopping threads took: 0.0000352 seconds
2018-01-04T20:22:08.916+0800: 156.748: Total time for which application threads were stopped: 0.0001457 seconds, Stopping threads took: 0.0000343 seconds
2018-01-04T20:22:20.950+0800: 168.781: Total time for which application threads were stopped: 0.0003826 seconds, Stopping threads took: 0.0002570 seconds
2018-01-04T20:22:25.961+0800: 173.792: Total time for which application threads were stopped: 0.0001621 seconds, Stopping threads took: 0.0000404 seconds
2018-01-04T20:22:41.003+0800: 188.834: Total time for which application threads were stopped: 0.0001232 seconds, Stopping threads took: 0.0000266 seconds
2018-01-04T20:22:49.014+0800: 196.844: Total time for which application threads were stopped: 0.0001150 seconds, Stopping threads took: 0.0000375 seconds
2018-01-04T20:22:51.015+0800: 198.846: Total time for which application threads were stopped: 0.0001708 seconds, Stopping threads took: 0.0000372 seconds
2018-01-04T20:22:55.025+0800: 202.856: Total time for which application threads were stopped: 0.0001650 seconds, Stopping threads took: 0.0000382 seconds
2018-01-04T20:23:01.034+0800: 208.864: Total time for which application threads were stopped: 0.0001745 seconds, Stopping threads took: 0.0000330 seconds
2018-01-04T20:23:13.063+0800: 220.892: Total time for which application threads were stopped: 0.0001178 seconds, Stopping threads took: 0.0000254 seconds
2018-01-04T20:23:45.140+0800: 252.968: Total time for which application threads were stopped: 0.0002055 seconds, Stopping threads took: 0.0000410 seconds
2018-01-04T20:23:51.156+0800: 258.984: Total time for which application threads were stopped: 0.0001580 seconds, Stopping threads took: 0.0000345 seconds
2018-01-04T20:23:53.162+0800: 260.990: Total time for which application threads were stopped: 0.0001703 seconds, Stopping threads took: 0.0000361 seconds
2018-01-04T20:23:57.182+0800: 265.010: Total time for which application threads were stopped: 0.0001675 seconds, Stopping threads took: 0.0000367 seconds
2018-01-04T20:24:04.204+0800: 272.032: Total time for which application threads were stopped: 0.0002207 seconds, Stopping threads took: 0.0000421 seconds
2018-01-04T20:25:23.437+0800: 351.263: Total time for which application threads were stopped: 0.0001526 seconds, Stopping threads took: 0.0000336 seconds
2018-01-04T20:25:24.441+0800: 352.267: Total time for which application threads were stopped: 0.0001583 seconds, Stopping threads took: 0.0000382 seconds
2018-01-04T20:25:44.482+0800: 372.307: Total time for which application threads were stopped: 0.0002822 seconds, Stopping threads took: 0.0000785 seconds
2018-01-04T20:25:44.610+0800: 372.435: Total time for which application threads were stopped: 0.0001659 seconds, Stopping threads took: 0.0000445 seconds
2018-01-04T20:25:44.611+0800: 372.435: Total time for which application threads were stopped: 0.0001107 seconds, Stopping threads took: 0.0000321 seconds
2018-01-04T20:25:44.611+0800: 372.435: Total time for which application threads were stopped: 0.0000964 seconds, Stopping threads took: 0.0000273 seconds
2018-01-04T20:25:44.611+0800: 372.435: Total time for which application threads were stopped: 0.0000984 seconds, Stopping threads took: 0.0000275 seconds
2018-01-04T20:25:44.611+0800: 372.436: Total time for which application threads were stopped: 0.0001118 seconds, Stopping threads took: 0.0000249 seconds
2018-01-04T20:25:44.614+0800: 372.438: Total time for which application threads were stopped: 0.0001158 seconds, Stopping threads took: 0.0000196 seconds
2018-01-04T20:25:45.618+0800: 373.443: Total time for which application threads were stopped: 0.0002067 seconds, Stopping threads took: 0.0000413 seconds
2018-01-04T20:25:52.642+0800: 380.466: Total time for which application threads were stopped: 0.0001264 seconds, Stopping threads took: 0.0000281 seconds
2018-01-04T20:25:54.645+0800: 382.469: Total time for which application threads were stopped: 0.0002483 seconds, Stopping threads took: 0.0000422 seconds
2018-01-04T20:25:58.655+0800: 386.479: Total time for which application threads were stopped: 0.0003668 seconds, Stopping threads took: 0.0001180 seconds
2018-01-04T20:26:10.687+0800: 398.511: Total time for which application threads were stopped: 0.0001880 seconds, Stopping threads took: 0.0000368 seconds
2018-01-04T20:26:15.702+0800: 403.525: Total time for which application threads were stopped: 0.0001685 seconds, Stopping threads took: 0.0000330 seconds
2018-01-04T20:26:18.710+0800: 406.533: Total time for which application threads were stopped: 0.0001832 seconds, Stopping threads took: 0.0000656 seconds
2018-01-04T20:26:56.821+0800: 444.643: Total time for which application threads were stopped: 0.0001207 seconds, Stopping threads took: 0.0000242 seconds
2018-01-04T20:27:22.888+0800: 470.710: Total time for which application threads were stopped: 0.0001899 seconds, Stopping threads took: 0.0000371 seconds
2018-01-04T20:27:36.925+0800: 484.745: Total time for which application threads were stopped: 0.0001593 seconds, Stopping threads took: 0.0000374 seconds
2018-01-04T20:27:42.935+0800: 490.756: Total time for which application threads were stopped: 0.0001713 seconds, Stopping threads took: 0.0000453 seconds
2018-01-04T20:27:55.177+0800: 502.997: Total time for which application threads were stopped: 0.0001073 seconds, Stopping threads took: 0.0000172 seconds
2018-01-04T20:27:55.178+0800: 502.998: Total time for which application threads were stopped: 0.0000812 seconds, Stopping threads took: 0.0000129 seconds
2018-01-04T20:27:55.178+0800: 502.999: Total time for which application threads were stopped: 0.0000554 seconds, Stopping threads took: 0.0000076 seconds
2018-01-04T20:27:55.178+0800: 502.999: Total time for which application threads were stopped: 0.0000454 seconds, Stopping threads took: 0.0000062 seconds
2018-01-04T20:27:55.178+0800: 502.999: Total time for which application threads were stopped: 0.0000513 seconds, Stopping threads took: 0.0000088 seconds
2018-01-04T20:27:55.179+0800: 502.999: Total time for which application threads were stopped: 0.0000582 seconds, Stopping threads took: 0.0000174 seconds
2018-01-04T20:27:55.179+0800: 502.999: Total time for which application threads were stopped: 0.0000778 seconds, Stopping threads took: 0.0000270 seconds
2018-01-04T20:27:55.179+0800: 502.999: Total time for which application threads were stopped: 0.0000748 seconds, Stopping threads took: 0.0000239 seconds
2018-01-04T20:27:55.179+0800: 502.999: Total time for which application threads were stopped: 0.0000770 seconds, Stopping threads took: 0.0000261 seconds
2018-01-04T20:27:55.180+0800: 503.000: Total time for which application threads were stopped: 0.0000607 seconds, Stopping threads took: 0.0000095 seconds
2018-01-04T20:27:55.180+0800: 503.000: Total time for which application threads were stopped: 0.0000481 seconds, Stopping threads took: 0.0000068 seconds
2018-01-04T20:27:55.195+0800: 503.016: Total time for which application threads were stopped: 0.0001185 seconds, Stopping threads took: 0.0000225 seconds
2018-01-04T20:27:55.195+0800: 503.016: Total time for which application threads were stopped: 0.0000984 seconds, Stopping threads took: 0.0000299 seconds
2018-01-04T20:27:55.205+0800: 503.025: Total time for which application threads were stopped: 0.0001119 seconds, Stopping threads took: 0.0000327 seconds
2018-01-04T20:27:55.205+0800: 503.026: Total time for which application threads were stopped: 0.0001167 seconds, Stopping threads took: 0.0000420 seconds
2018-01-04T20:27:55.278+0800: 503.098: Total time for which application threads were stopped: 0.0001228 seconds, Stopping threads took: 0.0000175 seconds
2018-01-04T20:27:55.298+0800: 503.118: Total time for which application threads were stopped: 0.0001249 seconds, Stopping threads took: 0.0000226 seconds
2018-01-04T20:27:55.300+0800: 503.120: Total time for which application threads were stopped: 0.0000769 seconds, Stopping threads took: 0.0000145 seconds
2018-01-04T20:27:55.321+0800: 503.141: Total time for which application threads were stopped: 0.0000833 seconds, Stopping threads took: 0.0000173 seconds
2018-01-04T20:27:55.439+0800: 503.259: Total time for which application threads were stopped: 0.0001812 seconds, Stopping threads took: 0.0000210 seconds
2018-01-04T20:27:55.450+0800: 503.270: Total time for which application threads were stopped: 0.0001137 seconds, Stopping threads took: 0.0000223 seconds
{Heap before GC invocations=2 (full 1):
 par new generation   total 109248K, used 100060K [0x00000007a0000000, 0x00000007a8000000, 0x00000007a8000000)
  eden space 87424K, 100% used [0x00000007a0000000, 0x00000007a5560000, 0x00000007a5560000)
  from space 21824K,  57% used [0x00000007a5560000, 0x00000007a61b7258, 0x00000007a6ab0000)
  to   space 21824K,   0% used [0x00000007a6ab0000, 0x00000007a6ab0000, 0x00000007a8000000)
 concurrent mark-sweep generation total 393216K, used 0K [0x00000007a8000000, 0x00000007c0000000, 0x00000007c0000000)
 Metaspace       used 26765K, capacity 27524K, committed 27772K, reserved 1073152K
  class space    used 3147K, capacity 3378K, committed 3452K, reserved 1048576K
2018-01-04T20:27:55.492+0800: 503.312: [GC (Allocation Failure) 2018-01-04T20:27:55.492+0800: 503.312: [ParNew
Desired survivor size 20112992 bytes, new threshold 8 (max 8)
- age   1:    7431216 bytes,    7431216 total
- age   2:     971472 bytes,    8402688 total
- age   3:    5665368 bytes,   14068056 total
: 100060K->16099K(109248K), 0.0310029 secs] 100060K->16099K(502464K), 0.0310851 secs] [Times: user=0.07 sys=0.04, real=0.03 secs] 
Heap after GC invocations=3 (full 1):
 par new generation   total 109248K, used 16099K [0x00000007a0000000, 0x00000007a8000000, 0x00000007a8000000)
  eden space 87424K,   0% used [0x00000007a0000000, 0x00000007a0000000, 0x00000007a5560000)
  from space 21824K,  73% used [0x00000007a6ab0000, 0x00000007a7a68c88, 0x00000007a8000000)
  to   space 21824K,   0% used [0x00000007a5560000, 0x00000007a5560000, 0x00000007a6ab0000)
 concurrent mark-sweep generation total 393216K, used 0K [0x00000007a8000000, 0x00000007c0000000, 0x00000007c0000000)
 Metaspace       used 26765K, capacity 27524K, committed 27772K, reserved 1073152K
  class space    used 3147K, capacity 3378K, committed 3452K, reserved 1048576K
}
2018-01-04T20:27:55.523+0800: 503.343: Total time for which application threads were stopped: 0.0312817 seconds, Stopping threads took: 0.0000233 seconds
2018-01-04T20:27:55.564+0800: 503.384: Total time for which application threads were stopped: 0.0001081 seconds, Stopping threads took: 0.0000168 seconds
2018-01-04T20:27:55.588+0800: 503.408: Total time for which application threads were stopped: 0.0001049 seconds, Stopping threads took: 0.0000162 seconds
2018-01-04T20:27:55.589+0800: 503.409: Total time for which application threads were stopped: 0.0001392 seconds, Stopping threads took: 0.0000573 seconds
2018-01-04T20:27:55.593+0800: 503.414: Total time for which application threads were stopped: 0.0001995 seconds, Stopping threads took: 0.0000335 seconds
2018-01-04T20:27:55.594+0800: 503.414: Total time for which application threads were stopped: 0.0000847 seconds, Stopping threads took: 0.0000108 seconds
2018-01-04T20:27:55.596+0800: 503.416: Total time for which application threads were stopped: 0.0000781 seconds, Stopping threads took: 0.0000150 seconds
2018-01-04T20:27:55.600+0800: 503.421: Total time for which application threads were stopped: 0.0000914 seconds, Stopping threads took: 0.0000146 seconds
2018-01-04T20:27:55.611+0800: 503.431: Total time for which application threads were stopped: 0.0000931 seconds, Stopping threads took: 0.0000168 seconds
2018-01-04T20:27:55.612+0800: 503.432: Total time for which application threads were stopped: 0.0000917 seconds, Stopping threads took: 0.0000144 seconds
2018-01-04T20:27:55.719+0800: 503.540: Total time for which application threads were stopped: 0.0002109 seconds, Stopping threads took: 0.0000623 seconds
2018-01-04T20:27:55.850+0800: 503.670: Total time for which application threads were stopped: 0.0002272 seconds, Stopping threads took: 0.0000324 seconds
2018-01-04T20:27:55.853+0800: 503.673: Total time for which application threads were stopped: 0.0002096 seconds, Stopping threads took: 0.0000379 seconds
2018-01-04T20:27:55.853+0800: 503.674: Total time for which application threads were stopped: 0.0001382 seconds, Stopping threads took: 0.0000248 seconds
2018-01-04T20:27:55.854+0800: 503.674: Total time for which application threads were stopped: 0.0001379 seconds, Stopping threads took: 0.0000329 seconds
2018-01-04T20:27:55.854+0800: 503.674: Total time for which application threads were stopped: 0.0000901 seconds, Stopping threads took: 0.0000130 seconds
2018-01-04T20:27:55.953+0800: 503.774: Total time for which application threads were stopped: 0.0005474 seconds, Stopping threads took: 0.0000317 seconds
2018-01-04T20:27:55.956+0800: 503.776: Total time for which application threads were stopped: 0.0001653 seconds, Stopping threads took: 0.0000308 seconds
2018-01-04T20:27:55.956+0800: 503.776: Total time for which application threads were stopped: 0.0001976 seconds, Stopping threads took: 0.0000826 seconds
2018-01-04T20:27:55.958+0800: 503.778: Total time for which application threads were stopped: 0.0002913 seconds, Stopping threads took: 0.0001461 seconds
2018-01-04T20:27:55.959+0800: 503.779: Total time for which application threads were stopped: 0.0002794 seconds, Stopping threads took: 0.0001440 seconds
2018-01-04T20:27:55.972+0800: 503.792: Total time for which application threads were stopped: 0.0004314 seconds, Stopping threads took: 0.0000214 seconds
2018-01-04T20:27:56.004+0800: 503.824: Total time for which application threads were stopped: 0.0001901 seconds, Stopping threads took: 0.0000272 seconds
2018-01-04T20:27:56.008+0800: 503.828: Total time for which application threads were stopped: 0.0004430 seconds, Stopping threads took: 0.0000143 seconds
2018-01-04T20:27:56.015+0800: 503.836: Total time for which application threads were stopped: 0.0001595 seconds, Stopping threads took: 0.0000350 seconds
2018-01-04T20:27:56.024+0800: 503.844: Total time for which application threads were stopped: 0.0001323 seconds, Stopping threads took: 0.0000212 seconds
2018-01-04T20:27:56.026+0800: 503.846: Total time for which application threads were stopped: 0.0001316 seconds, Stopping threads took: 0.0000234 seconds
2018-01-04T20:27:56.029+0800: 503.849: Total time for which application threads were stopped: 0.0001575 seconds, Stopping threads took: 0.0000245 seconds
2018-01-04T20:27:56.031+0800: 503.852: Total time for which application threads were stopped: 0.0001625 seconds, Stopping threads took: 0.0000317 seconds
2018-01-04T20:27:56.166+0800: 503.986: Total time for which application threads were stopped: 0.0003151 seconds, Stopping threads took: 0.0000690 seconds
2018-01-04T20:27:56.166+0800: 503.987: Total time for which application threads were stopped: 0.0002710 seconds, Stopping threads took: 0.0000581 seconds
2018-01-04T20:27:56.167+0800: 503.988: Total time for which application threads were stopped: 0.0001675 seconds, Stopping threads took: 0.0000537 seconds
2018-01-04T20:27:56.167+0800: 503.988: Total time for which application threads were stopped: 0.0001137 seconds, Stopping threads took: 0.0000312 seconds
2018-01-04T20:27:56.168+0800: 503.988: Total time for which application threads were stopped: 0.0001116 seconds, Stopping threads took: 0.0000271 seconds
2018-01-04T20:27:56.169+0800: 503.989: Total time for which application threads were stopped: 0.0002076 seconds, Stopping threads took: 0.0000536 seconds
2018-01-04T20:27:56.170+0800: 503.991: Total time for which application threads were stopped: 0.0001624 seconds, Stopping threads took: 0.0000390 seconds
2018-01-04T20:27:57.066+0800: 504.886: Total time for which application threads were stopped: 0.0007120 seconds, Stopping threads took: 0.0000348 seconds
2018-01-04T20:27:57.195+0800: 505.015: Total time for which application threads were stopped: 0.0002577 seconds, Stopping threads took: 0.0000489 seconds
2018-01-04T20:27:57.356+0800: 505.177: Total time for which application threads were stopped: 0.0002092 seconds, Stopping threads took: 0.0000266 seconds
2018-01-04T20:27:57.357+0800: 505.177: Total time for which application threads were stopped: 0.0001512 seconds, Stopping threads took: 0.0000408 seconds
2018-01-04T20:27:57.357+0800: 505.178: Total time for which application threads were stopped: 0.0001887 seconds, Stopping threads took: 0.0000631 seconds
2018-01-04T20:27:57.392+0800: 505.212: Total time for which application threads were stopped: 0.0001688 seconds, Stopping threads took: 0.0000238 seconds
2018-01-04T20:27:57.466+0800: 505.286: Total time for which application threads were stopped: 0.0001338 seconds, Stopping threads took: 0.0000499 seconds
2018-01-04T20:27:57.473+0800: 505.293: Total time for which application threads were stopped: 0.0001671 seconds, Stopping threads took: 0.0000217 seconds
2018-01-04T20:27:57.524+0800: 505.344: Total time for which application threads were stopped: 0.0001690 seconds, Stopping threads took: 0.0000387 seconds
2018-01-04T20:27:57.524+0800: 505.344: Total time for which application threads were stopped: 0.0001335 seconds, Stopping threads took: 0.0000273 seconds
2018-01-04T20:27:57.525+0800: 505.345: Total time for which application threads were stopped: 0.0001689 seconds, Stopping threads took: 0.0000330 seconds
2018-01-04T20:27:57.526+0800: 505.346: Total time for which application threads were stopped: 0.0001485 seconds, Stopping threads took: 0.0000347 seconds
2018-01-04T20:27:57.533+0800: 505.353: Total time for which application threads were stopped: 0.0001654 seconds, Stopping threads took: 0.0000388 seconds
2018-01-04T20:27:57.534+0800: 505.354: Total time for which application threads were stopped: 0.0001698 seconds, Stopping threads took: 0.0000319 seconds
2018-01-04T20:27:57.537+0800: 505.358: Total time for which application threads were stopped: 0.0003981 seconds, Stopping threads took: 0.0000654 seconds
2018-01-04T20:27:57.590+0800: 505.411: Total time for which application threads were stopped: 0.0002341 seconds, Stopping threads took: 0.0000680 seconds
2018-01-04T20:27:57.599+0800: 505.420: Total time for which application threads were stopped: 0.0001711 seconds, Stopping threads took: 0.0000207 seconds
2018-01-04T20:27:57.613+0800: 505.433: Total time for which application threads were stopped: 0.0003109 seconds, Stopping threads took: 0.0001780 seconds
2018-01-04T20:27:57.707+0800: 505.527: Total time for which application threads were stopped: 0.0001712 seconds, Stopping threads took: 0.0000390 seconds
2018-01-04T20:27:57.946+0800: 505.766: Total time for which application threads were stopped: 0.0007652 seconds, Stopping threads took: 0.0001902 seconds
2018-01-04T20:27:58.004+0800: 505.824: Total time for which application threads were stopped: 0.0204418 seconds, Stopping threads took: 0.0202813 seconds
2018-01-04T20:27:58.004+0800: 505.824: Total time for which application threads were stopped: 0.0001188 seconds, Stopping threads took: 0.0000157 seconds
{Heap before GC invocations=3 (full 1):
 par new generation   total 109248K, used 103523K [0x00000007a0000000, 0x00000007a8000000, 0x00000007a8000000)
  eden space 87424K, 100% used [0x00000007a0000000, 0x00000007a5560000, 0x00000007a5560000)
  from space 21824K,  73% used [0x00000007a6ab0000, 0x00000007a7a68c88, 0x00000007a8000000)
  to   space 21824K,   0% used [0x00000007a5560000, 0x00000007a5560000, 0x00000007a6ab0000)
 concurrent mark-sweep generation total 393216K, used 0K [0x00000007a8000000, 0x00000007c0000000, 0x00000007c0000000)
 Metaspace       used 29994K, capacity 30826K, committed 30972K, reserved 1077248K
  class space    used 3531K, capacity 3747K, committed 3836K, reserved 1048576K
2018-01-04T20:27:58.135+0800: 505.956: [GC (Allocation Failure) 2018-01-04T20:27:58.135+0800: 505.956: [ParNew
Desired survivor size 20112992 bytes, new threshold 8 (max 8)
- age   1:    5720488 bytes,    5720488 total
- age   2:    3532528 bytes,    9253016 total
- age   3:     944160 bytes,   10197176 total
- age   4:    5261064 bytes,   15458240 total
: 103523K->19688K(109248K), 0.0276961 secs] 103523K->19688K(502464K), 0.0277899 secs] [Times: user=0.06 sys=0.01, real=0.03 secs] 
Heap after GC invocations=4 (full 1):
 par new generation   total 109248K, used 19688K [0x00000007a0000000, 0x00000007a8000000, 0x00000007a8000000)
  eden space 87424K,   0% used [0x00000007a0000000, 0x00000007a0000000, 0x00000007a5560000)
  from space 21824K,  90% used [0x00000007a5560000, 0x00000007a689a110, 0x00000007a6ab0000)
  to   space 21824K,   0% used [0x00000007a6ab0000, 0x00000007a6ab0000, 0x00000007a8000000)
 concurrent mark-sweep generation total 393216K, used 0K [0x00000007a8000000, 0x00000007c0000000, 0x00000007c0000000)
 Metaspace       used 29994K, capacity 30826K, committed 30972K, reserved 1077248K
  class space    used 3531K, capacity 3747K, committed 3836K, reserved 1048576K
}
2018-01-04T20:27:58.163+0800: 505.983: Total time for which application threads were stopped: 0.0289946 seconds, Stopping threads took: 0.0009785 seconds
2018-01-04T20:27:58.164+0800: 505.984: Total time for which application threads were stopped: 0.0005689 seconds, Stopping threads took: 0.0000416 seconds
2018-01-04T20:27:58.164+0800: 505.985: Total time for which application threads were stopped: 0.0001467 seconds, Stopping threads took: 0.0000301 seconds
2018-01-04T20:27:58.165+0800: 505.985: Total time for which application threads were stopped: 0.0007165 seconds, Stopping threads took: 0.0006280 seconds
2018-01-04T20:27:58.165+0800: 505.986: Total time for which application threads were stopped: 0.0000946 seconds, Stopping threads took: 0.0000109 seconds
2018-01-04T20:27:58.167+0800: 505.987: Total time for which application threads were stopped: 0.0001948 seconds, Stopping threads took: 0.0001030 seconds
2018-01-04T20:27:58.167+0800: 505.987: Total time for which application threads were stopped: 0.0001147 seconds, Stopping threads took: 0.0000339 seconds
2018-01-04T20:27:58.167+0800: 505.987: Total time for which application threads were stopped: 0.0000820 seconds, Stopping threads took: 0.0000104 seconds
2018-01-04T20:27:58.167+0800: 505.988: Total time for which application threads were stopped: 0.0001306 seconds, Stopping threads took: 0.0000557 seconds
2018-01-04T20:27:58.167+0800: 505.988: Total time for which application threads were stopped: 0.0000991 seconds, Stopping threads took: 0.0000271 seconds
2018-01-04T20:27:58.168+0800: 505.988: Total time for which application threads were stopped: 0.0003222 seconds, Stopping threads took: 0.0000266 seconds
2018-01-04T20:27:58.168+0800: 505.988: Total time for which application threads were stopped: 0.0001053 seconds, Stopping threads took: 0.0000135 seconds
2018-01-04T20:27:58.309+0800: 506.129: Total time for which application threads were stopped: 0.0002379 seconds, Stopping threads took: 0.0000406 seconds
2018-01-04T20:27:58.466+0800: 506.286: Total time for which application threads were stopped: 0.0002443 seconds, Stopping threads took: 0.0000450 seconds
2018-01-04T20:27:58.474+0800: 506.295: Total time for which application threads were stopped: 0.0001414 seconds, Stopping threads took: 0.0000221 seconds
{Heap before GC invocations=4 (full 1):
 par new generation   total 109248K, used 107112K [0x00000007a0000000, 0x00000007a8000000, 0x00000007a8000000)
  eden space 87424K, 100% used [0x00000007a0000000, 0x00000007a5560000, 0x00000007a5560000)
  from space 21824K,  90% used [0x00000007a5560000, 0x00000007a689a110, 0x00000007a6ab0000)
  to   space 21824K,   0% used [0x00000007a6ab0000, 0x00000007a6ab0000, 0x00000007a8000000)
 concurrent mark-sweep generation total 393216K, used 0K [0x00000007a8000000, 0x00000007c0000000, 0x00000007c0000000)
 Metaspace       used 30797K, capacity 31588K, committed 31868K, reserved 1077248K
  class space    used 3627K, capacity 3854K, committed 3964K, reserved 1048576K
2018-01-04T20:27:58.650+0800: 506.471: [GC (Allocation Failure) 2018-01-04T20:27:58.651+0800: 506.471: [ParNew
Desired survivor size 20112992 bytes, new threshold 8 (max 8)
- age   1:    2538432 bytes,    2538432 total
- age   2:    2506168 bytes,    5044600 total
- age   3:    3380632 bytes,    8425232 total
- age   4:     943792 bytes,    9369024 total
- age   5:    5260032 bytes,   14629056 total
: 107112K->19065K(109248K), 0.0529291 secs] 107112K->19065K(502464K), 0.0530252 secs] [Times: user=0.04 sys=0.00, real=0.05 secs] 
Heap after GC invocations=5 (full 1):
 par new generation   total 109248K, used 19065K [0x00000007a0000000, 0x00000007a8000000, 0x00000007a8000000)
  eden space 87424K,   0% used [0x00000007a0000000, 0x00000007a0000000, 0x00000007a5560000)
  from space 21824K,  87% used [0x00000007a6ab0000, 0x00000007a7d4e460, 0x00000007a8000000)
  to   space 21824K,   0% used [0x00000007a5560000, 0x00000007a5560000, 0x00000007a6ab0000)
 concurrent mark-sweep generation total 393216K, used 0K [0x00000007a8000000, 0x00000007c0000000, 0x00000007c0000000)
 Metaspace       used 30797K, capacity 31588K, committed 31868K, reserved 1077248K
  class space    used 3627K, capacity 3854K, committed 3964K, reserved 1048576K
}
2018-01-04T20:27:58.704+0800: 506.524: Total time for which application threads were stopped: 0.0643315 seconds, Stopping threads took: 0.0110403 seconds
2018-01-04T20:27:58.812+0800: 506.632: Total time for which application threads were stopped: 0.0002017 seconds, Stopping threads took: 0.0000382 seconds
2018-01-04T20:27:58.819+0800: 506.639: Total time for which application threads were stopped: 0.0001843 seconds, Stopping threads took: 0.0000207 seconds
2018-01-04T20:27:58.829+0800: 506.650: Total time for which application threads were stopped: 0.0001267 seconds, Stopping threads took: 0.0000201 seconds
2018-01-04T20:27:58.830+0800: 506.650: Total time for which application threads were stopped: 0.0000905 seconds, Stopping threads took: 0.0000107 seconds
2018-01-04T20:27:58.830+0800: 506.650: Total time for which application threads were stopped: 0.0001024 seconds, Stopping threads took: 0.0000259 seconds
2018-01-04T20:27:58.902+0800: 506.722: Total time for which application threads were stopped: 0.0002235 seconds, Stopping threads took: 0.0000428 seconds
{Heap before GC invocations=5 (full 1):
 par new generation   total 109248K, used 106489K [0x00000007a0000000, 0x00000007a8000000, 0x00000007a8000000)
  eden space 87424K, 100% used [0x00000007a0000000, 0x00000007a5560000, 0x00000007a5560000)
  from space 21824K,  87% used [0x00000007a6ab0000, 0x00000007a7d4e460, 0x00000007a8000000)
  to   space 21824K,   0% used [0x00000007a5560000, 0x00000007a5560000, 0x00000007a6ab0000)
 concurrent mark-sweep generation total 393216K, used 0K [0x00000007a8000000, 0x00000007c0000000, 0x00000007c0000000)
 Metaspace       used 31441K, capacity 32290K, committed 32380K, reserved 1077248K
  class space    used 3710K, capacity 3955K, committed 3964K, reserved 1048576K
2018-01-04T20:27:58.911+0800: 506.731: [GC (Allocation Failure) 2018-01-04T20:27:58.911+0800: 506.731: [ParNew
Desired survivor size 20112992 bytes, new threshold 8 (max 8)
- age   1:    1152000 bytes,    1152000 total
- age   2:    1875464 bytes,    3027464 total
- age   3:    2496096 bytes,    5523560 total
- age   4:    3380056 bytes,    8903616 total
- age   5:     943688 bytes,    9847304 total
- age   6:    5256496 bytes,   15103800 total
: 106489K->18688K(109248K), 0.0239994 secs] 106489K->18688K(502464K), 0.0240884 secs] [Times: user=0.04 sys=0.00, real=0.02 secs] 
Heap after GC invocations=6 (full 1):
 par new generation   total 109248K, used 18688K [0x00000007a0000000, 0x00000007a8000000, 0x00000007a8000000)
  eden space 87424K,   0% used [0x00000007a0000000, 0x00000007a0000000, 0x00000007a5560000)
  from space 21824K,  85% used [0x00000007a5560000, 0x00000007a67a02b0, 0x00000007a6ab0000)
  to   space 21824K,   0% used [0x00000007a6ab0000, 0x00000007a6ab0000, 0x00000007a8000000)
 concurrent mark-sweep generation total 393216K, used 0K [0x00000007a8000000, 0x00000007c0000000, 0x00000007c0000000)
 Metaspace       used 31441K, capacity 32290K, committed 32380K, reserved 1077248K
  class space    used 3710K, capacity 3955K, committed 3964K, reserved 1048576K
}
2018-01-04T20:27:58.935+0800: 506.755: Total time for which application threads were stopped: 0.0244155 seconds, Stopping threads took: 0.0000980 seconds
2018-01-04T20:27:58.939+0800: 506.759: Total time for which application threads were stopped: 0.0001916 seconds, Stopping threads took: 0.0000377 seconds
2018-01-04T20:27:58.977+0800: 506.797: Total time for which application threads were stopped: 0.0049048 seconds, Stopping threads took: 0.0047043 seconds
{Heap before GC invocations=6 (full 1):
 par new generation   total 109248K, used 106112K [0x00000007a0000000, 0x00000007a8000000, 0x00000007a8000000)
  eden space 87424K, 100% used [0x00000007a0000000, 0x00000007a5560000, 0x00000007a5560000)
  from space 21824K,  85% used [0x00000007a5560000, 0x00000007a67a02b0, 0x00000007a6ab0000)
  to   space 21824K,   0% used [0x00000007a6ab0000, 0x00000007a6ab0000, 0x00000007a8000000)
 concurrent mark-sweep generation total 393216K, used 0K [0x00000007a8000000, 0x00000007c0000000, 0x00000007c0000000)
 Metaspace       used 31510K, capacity 32354K, committed 32636K, reserved 1077248K
  class space    used 3723K, capacity 3955K, committed 3964K, reserved 1048576K
2018-01-04T20:27:59.040+0800: 506.860: [GC (Allocation Failure) 2018-01-04T20:27:59.040+0800: 506.861: [ParNew
Desired survivor size 20112992 bytes, new threshold 8 (max 8)
- age   1:     423704 bytes,     423704 total
- age   2:     316496 bytes,     740200 total
- age   3:    1874808 bytes,    2615008 total
- age   4:    2495768 bytes,    5110776 total
- age   5:    3379640 bytes,    8490416 total
- age   6:     943664 bytes,    9434080 total
- age   7:    5256720 bytes,   14690800 total
: 106112K->21824K(109248K), 0.0268193 secs] 106112K->21824K(502464K), 0.0269167 secs] [Times: user=0.05 sys=0.00, real=0.02 secs] 
Heap after GC invocations=7 (full 1):
 par new generation   total 109248K, used 21824K [0x00000007a0000000, 0x00000007a8000000, 0x00000007a8000000)
  eden space 87424K,   0% used [0x00000007a0000000, 0x00000007a0000000, 0x00000007a5560000)
  from space 21824K, 100% used [0x00000007a6ab0000, 0x00000007a8000000, 0x00000007a8000000)
  to   space 21824K,   0% used [0x00000007a5560000, 0x00000007a5560000, 0x00000007a6ab0000)
 concurrent mark-sweep generation total 393216K, used 0K [0x00000007a8000000, 0x00000007c0000000, 0x00000007c0000000)
 Metaspace       used 31510K, capacity 32354K, committed 32636K, reserved 1077248K
  class space    used 3723K, capacity 3955K, committed 3964K, reserved 1048576K
}
2018-01-04T20:27:59.067+0800: 506.887: Total time for which application threads were stopped: 0.0276804 seconds, Stopping threads took: 0.0005276 seconds
2018-01-04T20:27:59.278+0800: 507.098: Total time for which application threads were stopped: 0.0068849 seconds, Stopping threads took: 0.0066521 seconds
2018-01-04T20:27:59.428+0800: 507.248: Total time for which application threads were stopped: 0.0007087 seconds, Stopping threads took: 0.0000249 seconds
{Heap before GC invocations=7 (full 1):
 par new generation   total 109248K, used 109248K [0x00000007a0000000, 0x00000007a8000000, 0x00000007a8000000)
  eden space 87424K, 100% used [0x00000007a0000000, 0x00000007a5560000, 0x00000007a5560000)
  from space 21824K, 100% used [0x00000007a6ab0000, 0x00000007a8000000, 0x00000007a8000000)
  to   space 21824K,   0% used [0x00000007a5560000, 0x00000007a5560000, 0x00000007a6ab0000)
 concurrent mark-sweep generation total 393216K, used 0K [0x00000007a8000000, 0x00000007c0000000, 0x00000007c0000000)
 Metaspace       used 32875K, capacity 33744K, committed 34172K, reserved 1079296K
  class space    used 3889K, capacity 4118K, committed 4220K, reserved 1048576K
2018-01-04T20:27:59.481+0800: 507.302: [GC (Allocation Failure) 2018-01-04T20:27:59.481+0800: 507.302: [ParNew
Desired survivor size 20112992 bytes, new threshold 8 (max 8)
- age   1:    1928752 bytes,    1928752 total
- age   2:     103504 bytes,    2032256 total
- age   3:     308632 bytes,    2340888 total
- age   4:    1872992 bytes,    4213880 total
- age   5:    2495336 bytes,    6709216 total
- age   6:    3378912 bytes,   10088128 total
- age   7:     943824 bytes,   11031952 total
- age   8:    5256560 bytes,   16288512 total
: 109248K->20457K(109248K), 0.0306686 secs] 109248K->20457K(502464K), 0.0307475 secs] [Times: user=0.07 sys=0.00, real=0.03 secs] 
Heap after GC invocations=8 (full 1):
 par new generation   total 109248K, used 20457K [0x00000007a0000000, 0x00000007a8000000, 0x00000007a8000000)
  eden space 87424K,   0% used [0x00000007a0000000, 0x00000007a0000000, 0x00000007a5560000)
  from space 21824K,  93% used [0x00000007a5560000, 0x00000007a695a760, 0x00000007a6ab0000)
  to   space 21824K,   0% used [0x00000007a6ab0000, 0x00000007a6ab0000, 0x00000007a8000000)
 concurrent mark-sweep generation total 393216K, used 0K [0x00000007a8000000, 0x00000007c0000000, 0x00000007c0000000)
 Metaspace       used 32875K, capacity 33744K, committed 34172K, reserved 1079296K
  class space    used 3889K, capacity 4118K, committed 4220K, reserved 1048576K
}
2018-01-04T20:27:59.512+0800: 507.332: Total time for which application threads were stopped: 0.0310198 seconds, Stopping threads took: 0.0000459 seconds
2018-01-04T20:27:59.739+0800: 507.560: Total time for which application threads were stopped: 0.0002028 seconds, Stopping threads took: 0.0000240 seconds
2018-01-04T20:27:59.828+0800: 507.648: Total time for which application threads were stopped: 0.0001974 seconds, Stopping threads took: 0.0000319 seconds
2018-01-04T20:27:59.860+0800: 507.680: Total time for which application threads were stopped: 0.0006605 seconds, Stopping threads took: 0.0000234 seconds
2018-01-04T20:27:59.952+0800: 507.772: Total time for which application threads were stopped: 0.0002545 seconds, Stopping threads took: 0.0000947 seconds
2018-01-04T20:27:59.958+0800: 507.778: Total time for which application threads were stopped: 0.0001467 seconds, Stopping threads took: 0.0000203 seconds
2018-01-04T20:27:59.992+0800: 507.812: Total time for which application threads were stopped: 0.0001533 seconds, Stopping threads took: 0.0000373 seconds
2018-01-04T20:27:59.994+0800: 507.814: Total time for which application threads were stopped: 0.0001517 seconds, Stopping threads took: 0.0000190 seconds
2018-01-04T20:27:59.994+0800: 507.815: Total time for which application threads were stopped: 0.0001650 seconds, Stopping threads took: 0.0000304 seconds
2018-01-04T20:28:00.000+0800: 507.820: Total time for which application threads were stopped: 0.0001209 seconds, Stopping threads took: 0.0000184 seconds
2018-01-04T20:28:00.000+0800: 507.821: Total time for which application threads were stopped: 0.0001267 seconds, Stopping threads took: 0.0000143 seconds
2018-01-04T20:28:00.091+0800: 507.912: Total time for which application threads were stopped: 0.0001686 seconds, Stopping threads took: 0.0000254 seconds
2018-01-04T20:28:00.107+0800: 507.928: Total time for which application threads were stopped: 0.0001574 seconds, Stopping threads took: 0.0000238 seconds
2018-01-04T20:28:00.177+0800: 507.997: Total time for which application threads were stopped: 0.0001656 seconds, Stopping threads took: 0.0000232 seconds
2018-01-04T20:28:00.193+0800: 508.013: Total time for which application threads were stopped: 0.0001759 seconds, Stopping threads took: 0.0000416 seconds
2018-01-04T20:28:00.196+0800: 508.016: Total time for which application threads were stopped: 0.0002010 seconds, Stopping threads took: 0.0000325 seconds
2018-01-04T20:28:00.196+0800: 508.016: Total time for which application threads were stopped: 0.0001323 seconds, Stopping threads took: 0.0000118 seconds
2018-01-04T20:28:00.340+0800: 508.161: Total time for which application threads were stopped: 0.0006086 seconds, Stopping threads took: 0.0003821 seconds
{Heap before GC invocations=8 (full 1):
 par new generation   total 109248K, used 107881K [0x00000007a0000000, 0x00000007a8000000, 0x00000007a8000000)
  eden space 87424K, 100% used [0x00000007a0000000, 0x00000007a5560000, 0x00000007a5560000)
  from space 21824K,  93% used [0x00000007a5560000, 0x00000007a695a760, 0x00000007a6ab0000)
  to   space 21824K,   0% used [0x00000007a6ab0000, 0x00000007a6ab0000, 0x00000007a8000000)
 concurrent mark-sweep generation total 393216K, used 0K [0x00000007a8000000, 0x00000007c0000000, 0x00000007c0000000)
 Metaspace       used 36000K, capacity 37110K, committed 37372K, reserved 1081344K
  class space    used 4277K, capacity 4553K, committed 4604K, reserved 1048576K
2018-01-04T20:28:00.359+0800: 508.179: [GC (Allocation Failure) 2018-01-04T20:28:00.359+0800: 508.179: [ParNew
Desired survivor size 20112992 bytes, new threshold 8 (max 8)
- age   1:    5438744 bytes,    5438744 total
- age   2:     388952 bytes,    5827696 total
- age   3:     102720 bytes,    5930416 total
- age   4:     307632 bytes,    6238048 total
- age   5:     285064 bytes,    6523112 total
- age   6:    2475504 bytes,    8998616 total
- age   7:    3336328 bytes,   12334944 total
- age   8:     938624 bytes,   13273568 total
: 107881K->20451K(109248K), 0.0419671 secs] 107881K->26070K(502464K), 0.0420383 secs] [Times: user=0.10 sys=0.01, real=0.05 secs] 
Heap after GC invocations=9 (full 1):
 par new generation   total 109248K, used 20451K [0x00000007a0000000, 0x00000007a8000000, 0x00000007a8000000)
  eden space 87424K,   0% used [0x00000007a0000000, 0x00000007a0000000, 0x00000007a5560000)
  from space 21824K,  93% used [0x00000007a6ab0000, 0x00000007a7ea8e40, 0x00000007a8000000)
  to   space 21824K,   0% used [0x00000007a5560000, 0x00000007a5560000, 0x00000007a6ab0000)
 concurrent mark-sweep generation total 393216K, used 5618K [0x00000007a8000000, 0x00000007c0000000, 0x00000007c0000000)
 Metaspace       used 36000K, capacity 37110K, committed 37372K, reserved 1081344K
  class space    used 4277K, capacity 4553K, committed 4604K, reserved 1048576K
}
2018-01-04T20:28:00.401+0800: 508.221: Total time for which application threads were stopped: 0.0423567 seconds, Stopping threads took: 0.0000407 seconds
2018-01-04T20:28:00.442+0800: 508.263: [GC (CMS Initial Mark) [1 CMS-initial-mark: 5618K(393216K)] 29314K(502464K), 0.0033041 secs] [Times: user=0.01 sys=0.00, real=0.00 secs] 
2018-01-04T20:28:00.446+0800: 508.266: Total time for which application threads were stopped: 0.0035277 seconds, Stopping threads took: 0.0000387 seconds
2018-01-04T20:28:00.446+0800: 508.266: [CMS-concurrent-mark-start]
2018-01-04T20:28:00.460+0800: 508.280: [CMS-concurrent-mark: 0.014/0.014 secs] [Times: user=0.04 sys=0.00, real=0.02 secs] 
2018-01-04T20:28:00.460+0800: 508.281: Total time for which application threads were stopped: 0.0001228 seconds, Stopping threads took: 0.0000230 seconds
2018-01-04T20:28:00.460+0800: 508.281: [CMS-concurrent-preclean-start]
2018-01-04T20:28:00.462+0800: 508.282: [CMS-concurrent-preclean: 0.001/0.001 secs] [Times: user=0.00 sys=0.00, real=0.00 secs] 
2018-01-04T20:28:00.462+0800: 508.282: [CMS-concurrent-abortable-preclean-start]
2018-01-04T20:28:05.573+0800: 513.393: Total time for which application threads were stopped: 0.0002318 seconds, Stopping threads took: 0.0000325 seconds
2018-01-04T20:28:05.607+0800: 513.427: Total time for which application threads were stopped: 0.0001946 seconds, Stopping threads took: 0.0000399 seconds
2018-01-04T20:28:05.612+0800: 513.432: Total time for which application threads were stopped: 0.0007306 seconds, Stopping threads took: 0.0000347 seconds
2018-01-04T20:28:05.712+0800: 513.532: Total time for which application threads were stopped: 0.0006982 seconds, Stopping threads took: 0.0000258 seconds
2018-01-04T20:28:05.714+0800: 513.534: Total time for which application threads were stopped: 0.0001663 seconds, Stopping threads took: 0.0000261 seconds
2018-01-04T20:28:05.715+0800: 513.535: Total time for which application threads were stopped: 0.0001662 seconds, Stopping threads took: 0.0000234 seconds
2018-01-04T20:28:05.747+0800: 513.567: Total time for which application threads were stopped: 0.0001977 seconds, Stopping threads took: 0.0000270 seconds
2018-01-04T20:28:05.747+0800: 513.567: Total time for which application threads were stopped: 0.0001297 seconds, Stopping threads took: 0.0000132 seconds
2018-01-04T20:28:05.871+0800: 513.691: Total time for which application threads were stopped: 0.0002018 seconds, Stopping threads took: 0.0000398 seconds
2018-01-04T20:28:05.895+0800: 513.715: Total time for which application threads were stopped: 0.0001490 seconds, Stopping threads took: 0.0000267 seconds
2018-01-04T20:28:05.915+0800: 513.735: Total time for which application threads were stopped: 0.0001237 seconds, Stopping threads took: 0.0000186 seconds
2018-01-04T20:28:05.944+0800: 513.764: Total time for which application threads were stopped: 0.0001997 seconds, Stopping threads took: 0.0000590 seconds
2018-01-04T20:28:05.944+0800: 513.764: [CMS-concurrent-abortable-preclean: 2.130/5.482 secs] [Times: user=3.76 sys=0.07, real=5.48 secs] 
2018-01-04T20:28:05.945+0800: 513.765: [GC (CMS Final Remark) [YG occupancy: 64583 K (109248 K)]{Heap before GC invocations=9 (full 2):
 par new generation   total 109248K, used 64583K [0x00000007a0000000, 0x00000007a8000000, 0x00000007a8000000)
  eden space 87424K,  50% used [0x00000007a0000000, 0x00000007a2b18ef0, 0x00000007a5560000)
  from space 21824K,  93% used [0x00000007a6ab0000, 0x00000007a7ea8e40, 0x00000007a8000000)
  to   space 21824K,   0% used [0x00000007a5560000, 0x00000007a5560000, 0x00000007a6ab0000)
 concurrent mark-sweep generation total 393216K, used 5618K [0x00000007a8000000, 0x00000007c0000000, 0x00000007c0000000)
 Metaspace       used 38018K, capacity 39133K, committed 39388K, reserved 1083392K
  class space    used 4563K, capacity 4827K, committed 4832K, reserved 1048576K
2018-01-04T20:28:05.945+0800: 513.765: [GC (CMS Final Remark) 2018-01-04T20:28:05.945+0800: 513.765: [ParNew
Desired survivor size 20112992 bytes, new threshold 8 (max 8)
- age   1:    4646872 bytes,    4646872 total
- age   2:    2256304 bytes,    6903176 total
- age   3:     388696 bytes,    7291872 total
- age   4:     102688 bytes,    7394560 total
- age   5:     307504 bytes,    7702064 total
- age   6:     284152 bytes,    7986216 total
- age   7:    2473632 bytes,   10459848 total
- age   8:    3327632 bytes,   13787480 total
: 64583K->16622K(109248K), 0.0196262 secs] 70202K->23168K(502464K), 0.0196876 secs] [Times: user=0.05 sys=0.00, real=0.02 secs] 
Heap after GC invocations=10 (full 2):
 par new generation   total 109248K, used 16622K [0x00000007a0000000, 0x00000007a8000000, 0x00000007a8000000)
  eden space 87424K,   0% used [0x00000007a0000000, 0x00000007a0000000, 0x00000007a5560000)
  from space 21824K,  76% used [0x00000007a5560000, 0x00000007a659b960, 0x00000007a6ab0000)
  to   space 21824K,   0% used [0x00000007a6ab0000, 0x00000007a6ab0000, 0x00000007a8000000)
 concurrent mark-sweep generation total 393216K, used 6545K [0x00000007a8000000, 0x00000007c0000000, 0x00000007c0000000)
 Metaspace       used 38018K, capacity 39133K, committed 39388K, reserved 1083392K
  class space    used 4563K, capacity 4827K, committed 4832K, reserved 1048576K
}
2018-01-04T20:28:05.964+0800: 513.784: [Rescan (parallel) , 0.0068446 secs]2018-01-04T20:28:05.971+0800: 513.791: [weak refs processing, 0.0079130 secs]2018-01-04T20:28:05.979+0800: 513.799: [class unloading, 0.0100329 secs]2018-01-04T20:28:05.989+0800: 513.809: [scrub symbol table, 0.0098893 secs]2018-01-04T20:28:05.999+0800: 513.819: [scrub string table, 0.0005174 secs][1 CMS-remark: 6545K(393216K)] 23168K(502464K), 0.0569795 secs] [Times: user=0.11 sys=0.01, real=0.06 secs] 
2018-01-04T20:28:06.002+0800: 513.822: Total time for which application threads were stopped: 0.0571644 seconds, Stopping threads took: 0.0000327 seconds
2018-01-04T20:28:06.002+0800: 513.822: [CMS-concurrent-sweep-start]
2018-01-04T20:28:06.002+0800: 513.822: Total time for which application threads were stopped: 0.0002013 seconds, Stopping threads took: 0.0000448 seconds
2018-01-04T20:28:06.002+0800: 513.822: Total time for which application threads were stopped: 0.0001402 seconds, Stopping threads took: 0.0000249 seconds
2018-01-04T20:28:06.003+0800: 513.823: Total time for which application threads were stopped: 0.0001939 seconds, Stopping threads took: 0.0000772 seconds
2018-01-04T20:28:06.003+0800: 513.823: Total time for which application threads were stopped: 0.0001368 seconds, Stopping threads took: 0.0000275 seconds
2018-01-04T20:28:06.007+0800: 513.827: Total time for which application threads were stopped: 0.0002018 seconds, Stopping threads took: 0.0000382 seconds
2018-01-04T20:28:06.008+0800: 513.828: Total time for which application threads were stopped: 0.0001611 seconds, Stopping threads took: 0.0000386 seconds
2018-01-04T20:28:06.008+0800: 513.828: Total time for which application threads were stopped: 0.0001112 seconds, Stopping threads took: 0.0000321 seconds
2018-01-04T20:28:06.008+0800: 513.828: Total time for which application threads were stopped: 0.0001234 seconds, Stopping threads took: 0.0000362 seconds
2018-01-04T20:28:06.008+0800: 513.828: Total time for which application threads were stopped: 0.0001533 seconds, Stopping threads took: 0.0000230 seconds
2018-01-04T20:28:06.008+0800: 513.828: Total time for which application threads were stopped: 0.0001206 seconds, Stopping threads took: 0.0000120 seconds
2018-01-04T20:28:06.009+0800: 513.829: Total time for which application threads were stopped: 0.0001296 seconds, Stopping threads took: 0.0000247 seconds
2018-01-04T20:28:06.009+0800: 513.829: Total time for which application threads were stopped: 0.0001786 seconds, Stopping threads took: 0.0000703 seconds
2018-01-04T20:28:06.009+0800: 513.829: Total time for which application threads were stopped: 0.0000962 seconds, Stopping threads took: 0.0000116 seconds
2018-01-04T20:28:06.009+0800: 513.829: Total time for which application threads were stopped: 0.0001614 seconds, Stopping threads took: 0.0000684 seconds
2018-01-04T20:28:06.009+0800: 513.829: Total time for which application threads were stopped: 0.0001006 seconds, Stopping threads took: 0.0000261 seconds
2018-01-04T20:28:06.010+0800: 513.830: Total time for which application threads were stopped: 0.0007114 seconds, Stopping threads took: 0.0005875 seconds
2018-01-04T20:28:06.010+0800: 513.830: Total time for which application threads were stopped: 0.0001251 seconds, Stopping threads took: 0.0000285 seconds
2018-01-04T20:28:06.011+0800: 513.831: Total time for which application threads were stopped: 0.0003447 seconds, Stopping threads took: 0.0001015 seconds
2018-01-04T20:28:06.015+0800: 513.835: Total time for which application threads were stopped: 0.0001716 seconds, Stopping threads took: 0.0000378 seconds
2018-01-04T20:28:06.017+0800: 513.837: Total time for which application threads were stopped: 0.0001446 seconds, Stopping threads took: 0.0000444 seconds
2018-01-04T20:28:06.018+0800: 513.838: Total time for which application threads were stopped: 0.0005418 seconds, Stopping threads took: 0.0004226 seconds
2018-01-04T20:28:06.021+0800: 513.841: [CMS-concurrent-sweep: 0.014/0.019 secs] [Times: user=0.04 sys=0.00, real=0.02 secs] 
2018-01-04T20:28:06.021+0800: 513.841: [CMS-concurrent-reset-start]
2018-01-04T20:28:06.030+0800: 513.850: [CMS-concurrent-reset: 0.009/0.009 secs] [Times: user=0.03 sys=0.01, real=0.01 secs] 
2018-01-04T20:28:06.034+0800: 513.854: Total time for which application threads were stopped: 0.0005316 seconds, Stopping threads took: 0.0001947 seconds
2018-01-04T20:28:06.040+0800: 513.860: Total time for which application threads were stopped: 0.0006938 seconds, Stopping threads took: 0.0000852 seconds
2018-01-04T20:28:06.045+0800: 513.865: Total time for which application threads were stopped: 0.0004383 seconds, Stopping threads took: 0.0003284 seconds
2018-01-04T20:28:06.057+0800: 513.877: Total time for which application threads were stopped: 0.0001276 seconds, Stopping threads took: 0.0000227 seconds
2018-01-04T20:28:06.057+0800: 513.877: Total time for which application threads were stopped: 0.0001365 seconds, Stopping threads took: 0.0000328 seconds
2018-01-04T20:28:06.590+0800: 514.410: Total time for which application threads were stopped: 0.0001305 seconds, Stopping threads took: 0.0000224 seconds
2018-01-04T20:28:06.592+0800: 514.412: Total time for which application threads were stopped: 0.0001387 seconds, Stopping threads took: 0.0000343 seconds
2018-01-04T20:28:06.592+0800: 514.412: Total time for which application threads were stopped: 0.0000878 seconds, Stopping threads took: 0.0000107 seconds
2018-01-04T20:28:06.596+0800: 514.416: Total time for which application threads were stopped: 0.0005316 seconds, Stopping threads took: 0.0000214 seconds
2018-01-04T20:28:07.597+0800: 515.417: Total time for which application threads were stopped: 0.0002450 seconds, Stopping threads took: 0.0000322 seconds
2018-01-04T20:28:10.487+0800: 518.307: Total time for which application threads were stopped: 0.0002084 seconds, Stopping threads took: 0.0000759 seconds
2018-01-04T20:28:10.487+0800: 518.307: Total time for which application threads were stopped: 0.0001054 seconds, Stopping threads took: 0.0000145 seconds
2018-01-04T20:28:10.488+0800: 518.308: Total time for which application threads were stopped: 0.0001588 seconds, Stopping threads took: 0.0000115 seconds
2018-01-04T20:28:10.490+0800: 518.310: Total time for which application threads were stopped: 0.0001197 seconds, Stopping threads took: 0.0000208 seconds
2018-01-04T20:28:10.491+0800: 518.311: Total time for which application threads were stopped: 0.0001127 seconds, Stopping threads took: 0.0000179 seconds
2018-01-04T20:28:10.492+0800: 518.312: Total time for which application threads were stopped: 0.0001250 seconds, Stopping threads took: 0.0000358 seconds
2018-01-04T20:28:10.494+0800: 518.314: Total time for which application threads were stopped: 0.0001390 seconds, Stopping threads took: 0.0000375 seconds
2018-01-04T20:28:10.496+0800: 518.316: Total time for which application threads were stopped: 0.0001605 seconds, Stopping threads took: 0.0000368 seconds
2018-01-04T20:28:10.498+0800: 518.318: Total time for which application threads were stopped: 0.0001457 seconds, Stopping threads took: 0.0000444 seconds
2018-01-04T20:28:10.505+0800: 518.325: Total time for which application threads were stopped: 0.0004078 seconds, Stopping threads took: 0.0000289 seconds
2018-01-04T20:28:10.510+0800: 518.330: Total time for which application threads were stopped: 0.0001325 seconds, Stopping threads took: 0.0000215 seconds
2018-01-04T20:28:10.517+0800: 518.337: Total time for which application threads were stopped: 0.0001963 seconds, Stopping threads took: 0.0000418 seconds
2018-01-04T20:28:11.521+0800: 519.341: Total time for which application threads were stopped: 0.0002055 seconds, Stopping threads took: 0.0000248 seconds
2018-01-04T20:28:11.704+0800: 519.524: Total time for which application threads were stopped: 0.0001335 seconds, Stopping threads took: 0.0000245 seconds
2018-01-04T20:28:11.705+0800: 519.524: Total time for which application threads were stopped: 0.0000931 seconds, Stopping threads took: 0.0000135 seconds
2018-01-04T20:28:11.707+0800: 519.527: Total time for which application threads were stopped: 0.0001436 seconds, Stopping threads took: 0.0000320 seconds
2018-01-04T20:28:12.712+0800: 520.532: Total time for which application threads were stopped: 0.0002600 seconds, Stopping threads took: 0.0000381 seconds
2018-01-04T20:28:12.742+0800: 520.562: Total time for which application threads were stopped: 0.0001216 seconds, Stopping threads took: 0.0000197 seconds
2018-01-04T20:28:12.742+0800: 520.562: Total time for which application threads were stopped: 0.0000758 seconds, Stopping threads took: 0.0000183 seconds
2018-01-04T20:28:12.742+0800: 520.562: Total time for which application threads were stopped: 0.0000778 seconds, Stopping threads took: 0.0000096 seconds
2018-01-04T20:28:12.742+0800: 520.562: Total time for which application threads were stopped: 0.0001014 seconds, Stopping threads took: 0.0000140 seconds
2018-01-04T20:28:12.743+0800: 520.562: Total time for which application threads were stopped: 0.0000847 seconds, Stopping threads took: 0.0000105 seconds
2018-01-04T20:28:12.743+0800: 520.562: Total time for which application threads were stopped: 0.0000906 seconds, Stopping threads took: 0.0000103 seconds
2018-01-04T20:28:12.743+0800: 520.563: Total time for which application threads were stopped: 0.0000683 seconds, Stopping threads took: 0.0000170 seconds
2018-01-04T20:28:12.743+0800: 520.563: Total time for which application threads were stopped: 0.0000841 seconds, Stopping threads took: 0.0000102 seconds
2018-01-04T20:28:12.743+0800: 520.563: Total time for which application threads were stopped: 0.0000572 seconds, Stopping threads took: 0.0000084 seconds
2018-01-04T20:28:12.743+0800: 520.563: Total time for which application threads were stopped: 0.0000753 seconds, Stopping threads took: 0.0000098 seconds
2018-01-04T20:28:12.743+0800: 520.563: Total time for which application threads were stopped: 0.0000785 seconds, Stopping threads took: 0.0000292 seconds
2018-01-04T20:28:12.743+0800: 520.563: Total time for which application threads were stopped: 0.0000848 seconds, Stopping threads took: 0.0000100 seconds
2018-01-04T20:28:12.743+0800: 520.563: Total time for which application threads were stopped: 0.0000564 seconds, Stopping threads took: 0.0000078 seconds
2018-01-04T20:28:12.744+0800: 520.563: Total time for which application threads were stopped: 0.0000835 seconds, Stopping threads took: 0.0000096 seconds
2018-01-04T20:28:12.744+0800: 520.563: Total time for which application threads were stopped: 0.0000820 seconds, Stopping threads took: 0.0000092 seconds
2018-01-04T20:28:12.744+0800: 520.564: Total time for which application threads were stopped: 0.0000541 seconds, Stopping threads took: 0.0000071 seconds
2018-01-04T20:28:12.744+0800: 520.564: Total time for which application threads were stopped: 0.0000866 seconds, Stopping threads took: 0.0000387 seconds
2018-01-04T20:28:12.744+0800: 520.564: Total time for which application threads were stopped: 0.0000573 seconds, Stopping threads took: 0.0000103 seconds
2018-01-04T20:28:12.744+0800: 520.564: Total time for which application threads were stopped: 0.0000870 seconds, Stopping threads took: 0.0000326 seconds
2018-01-04T20:28:12.744+0800: 520.564: Total time for which application threads were stopped: 0.0001851 seconds, Stopping threads took: 0.0000189 seconds
2018-01-04T20:28:12.745+0800: 520.564: Total time for which application threads were stopped: 0.0000620 seconds, Stopping threads took: 0.0000085 seconds
2018-01-04T20:28:12.754+0800: 520.574: Total time for which application threads were stopped: 0.0009718 seconds, Stopping threads took: 0.0004954 seconds
2018-01-04T20:28:12.761+0800: 520.581: Total time for which application threads were stopped: 0.0011644 seconds, Stopping threads took: 0.0009771 seconds
2018-01-04T20:28:12.897+0800: 520.717: Total time for which application threads were stopped: 0.0335331 seconds, Stopping threads took: 0.0333371 seconds
2018-01-04T20:28:12.897+0800: 520.717: Total time for which application threads were stopped: 0.0001494 seconds, Stopping threads took: 0.0000365 seconds
2018-01-04T20:28:12.899+0800: 520.718: Total time for which application threads were stopped: 0.0011002 seconds, Stopping threads took: 0.0009898 seconds
2018-01-04T20:28:12.901+0800: 520.720: Total time for which application threads were stopped: 0.0002628 seconds, Stopping threads took: 0.0000848 seconds
2018-01-04T20:28:12.903+0800: 520.722: Total time for which application threads were stopped: 0.0002462 seconds, Stopping threads took: 0.0001079 seconds
2018-01-04T20:28:12.938+0800: 520.758: Total time for which application threads were stopped: 0.0002412 seconds, Stopping threads took: 0.0000850 seconds
{Heap before GC invocations=10 (full 2):
 par new generation   total 109248K, used 104046K [0x00000007a0000000, 0x00000007a8000000, 0x00000007a8000000)
  eden space 87424K, 100% used [0x00000007a0000000, 0x00000007a5560000, 0x00000007a5560000)
  from space 21824K,  76% used [0x00000007a5560000, 0x00000007a659b960, 0x00000007a6ab0000)
  to   space 21824K,   0% used [0x00000007a6ab0000, 0x00000007a6ab0000, 0x00000007a8000000)
 concurrent mark-sweep generation total 393216K, used 6481K [0x00000007a8000000, 0x00000007c0000000, 0x00000007c0000000)
 Metaspace       used 39269K, capacity 40509K, committed 40616K, reserved 1085440K
  class space    used 4706K, capacity 4997K, committed 5036K, reserved 1048576K
2018-01-04T20:28:12.945+0800: 520.765: [GC (Allocation Failure) 2018-01-04T20:28:12.945+0800: 520.765: [ParNew
Desired survivor size 20112992 bytes, new threshold 8 (max 8)
- age   1:    8643176 bytes,    8643176 total
- age   2:    2488968 bytes,   11132144 total
- age   3:    1936072 bytes,   13068216 total
- age   4:     388616 bytes,   13456832 total
- age   5:     102688 bytes,   13559520 total
- age   6:     307504 bytes,   13867024 total
- age   7:     283816 bytes,   14150840 total
- age   8:    2377960 bytes,   16528800 total
: 104046K->20580K(109248K), 0.0290598 secs] 110528K->30336K(502464K), 0.0291436 secs] [Times: user=0.07 sys=0.01, real=0.03 secs] 
Heap after GC invocations=11 (full 2):
 par new generation   total 109248K, used 20580K [0x00000007a0000000, 0x00000007a8000000, 0x00000007a8000000)
  eden space 87424K,   0% used [0x00000007a0000000, 0x00000007a0000000, 0x00000007a5560000)
  from space 21824K,  94% used [0x00000007a6ab0000, 0x00000007a7ec9380, 0x00000007a8000000)
  to   space 21824K,   0% used [0x00000007a5560000, 0x00000007a5560000, 0x00000007a6ab0000)
 concurrent mark-sweep generation total 393216K, used 9755K [0x00000007a8000000, 0x00000007c0000000, 0x00000007c0000000)
 Metaspace       used 39269K, capacity 40509K, committed 40616K, reserved 1085440K
  class space    used 4706K, capacity 4997K, committed 5036K, reserved 1048576K
}
2018-01-04T20:28:12.974+0800: 520.794: Total time for which application threads were stopped: 0.0295052 seconds, Stopping threads took: 0.0001246 seconds
2018-01-04T20:28:12.975+0800: 520.794: Total time for which application threads were stopped: 0.0002046 seconds, Stopping threads took: 0.0000466 seconds
2018-01-04T20:28:12.975+0800: 520.795: Total time for which application threads were stopped: 0.0001422 seconds, Stopping threads took: 0.0000256 seconds
2018-01-04T20:28:13.021+0800: 520.841: Total time for which application threads were stopped: 0.0141089 seconds, Stopping threads took: 0.0139584 seconds
2018-01-04T20:28:13.022+0800: 520.842: Total time for which application threads were stopped: 0.0001432 seconds, Stopping threads took: 0.0000286 seconds
2018-01-04T20:28:13.022+0800: 520.842: Total time for which application threads were stopped: 0.0001202 seconds, Stopping threads took: 0.0000260 seconds
2018-01-04T20:28:13.022+0800: 520.842: Total time for which application threads were stopped: 0.0001030 seconds, Stopping threads took: 0.0000125 seconds
2018-01-04T20:28:13.026+0800: 520.845: Total time for which application threads were stopped: 0.0001847 seconds, Stopping threads took: 0.0000289 seconds
2018-01-04T20:28:13.026+0800: 520.846: Total time for which application threads were stopped: 0.0001779 seconds, Stopping threads took: 0.0000754 seconds
2018-01-04T20:28:13.027+0800: 520.847: Total time for which application threads were stopped: 0.0002231 seconds, Stopping threads took: 0.0000757 seconds
2018-01-04T20:28:13.028+0800: 520.848: Total time for which application threads were stopped: 0.0002686 seconds, Stopping threads took: 0.0001009 seconds
2018-01-04T20:28:13.029+0800: 520.848: Total time for which application threads were stopped: 0.0002553 seconds, Stopping threads took: 0.0000845 seconds
{Heap before GC invocations=11 (full 2):
 par new generation   total 109248K, used 108004K [0x00000007a0000000, 0x00000007a8000000, 0x00000007a8000000)
  eden space 87424K, 100% used [0x00000007a0000000, 0x00000007a5560000, 0x00000007a5560000)
  from space 21824K,  94% used [0x00000007a6ab0000, 0x00000007a7ec9380, 0x00000007a8000000)
  to   space 21824K,   0% used [0x00000007a5560000, 0x00000007a5560000, 0x00000007a6ab0000)
 concurrent mark-sweep generation total 393216K, used 9755K [0x00000007a8000000, 0x00000007c0000000, 0x00000007c0000000)
 Metaspace       used 39289K, capacity 40527K, committed 40616K, reserved 1085440K
  class space    used 4708K, capacity 5000K, committed 5036K, reserved 1048576K
2018-01-04T20:28:13.072+0800: 520.892: [GC (Allocation Failure) 2018-01-04T20:28:13.072+0800: 520.892: [ParNew
Desired survivor size 20112992 bytes, new threshold 8 (max 8)
- age   1:    1319680 bytes,    1319680 total
- age   2:    7293792 bytes,    8613472 total
- age   3:    2457152 bytes,   11070624 total
- age   4:    1934520 bytes,   13005144 total
- age   5:     388616 bytes,   13393760 total
- age   6:     102688 bytes,   13496448 total
- age   7:     307400 bytes,   13803848 total
- age   8:     283608 bytes,   14087456 total
: 108004K->18801K(109248K), 0.0407584 secs] 117760K->30887K(502464K), 0.0408664 secs] [Times: user=0.06 sys=0.00, real=0.04 secs] 
Heap after GC invocations=12 (full 2):
 par new generation   total 109248K, used 18801K [0x00000007a0000000, 0x00000007a8000000, 0x00000007a8000000)
  eden space 87424K,   0% used [0x00000007a0000000, 0x00000007a0000000, 0x00000007a5560000)
  from space 21824K,  86% used [0x00000007a5560000, 0x00000007a67bc5f0, 0x00000007a6ab0000)
  to   space 21824K,   0% used [0x00000007a6ab0000, 0x00000007a6ab0000, 0x00000007a8000000)
 concurrent mark-sweep generation total 393216K, used 12085K [0x00000007a8000000, 0x00000007c0000000, 0x00000007c0000000)
 Metaspace       used 39289K, capacity 40527K, committed 40616K, reserved 1085440K
  class space    used 4708K, capacity 5000K, committed 5036K, reserved 1048576K
}
2018-01-04T20:28:13.113+0800: 520.933: Total time for which application threads were stopped: 0.0415910 seconds, Stopping threads took: 0.0004734 seconds
2018-01-04T20:28:13.114+0800: 520.933: Total time for which application threads were stopped: 0.0001944 seconds, Stopping threads took: 0.0000679 seconds
2018-01-04T20:28:13.115+0800: 520.934: Total time for which application threads were stopped: 0.0005705 seconds, Stopping threads took: 0.0004580 seconds
2018-01-04T20:28:13.115+0800: 520.935: Total time for which application threads were stopped: 0.0002997 seconds, Stopping threads took: 0.0001617 seconds
2018-01-04T20:28:13.116+0800: 520.936: Total time for which application threads were stopped: 0.0002062 seconds, Stopping threads took: 0.0000933 seconds
2018-01-04T20:28:13.116+0800: 520.936: Total time for which application threads were stopped: 0.0001132 seconds, Stopping threads took: 0.0000144 seconds
2018-01-04T20:28:13.132+0800: 520.952: Total time for which application threads were stopped: 0.0010384 seconds, Stopping threads took: 0.0008920 seconds
2018-01-04T20:28:13.136+0800: 520.955: Total time for which application threads were stopped: 0.0019584 seconds, Stopping threads took: 0.0017919 seconds
2018-01-04T20:28:13.138+0800: 520.957: Total time for which application threads were stopped: 0.0002449 seconds, Stopping threads took: 0.0000938 seconds
2018-01-04T20:28:13.139+0800: 520.959: Total time for which application threads were stopped: 0.0002410 seconds, Stopping threads took: 0.0001098 seconds
{Heap before GC invocations=12 (full 2):
 par new generation   total 109248K, used 106225K [0x00000007a0000000, 0x00000007a8000000, 0x00000007a8000000)
  eden space 87424K, 100% used [0x00000007a0000000, 0x00000007a5560000, 0x00000007a5560000)
  from space 21824K,  86% used [0x00000007a5560000, 0x00000007a67bc5f0, 0x00000007a6ab0000)
  to   space 21824K,   0% used [0x00000007a6ab0000, 0x00000007a6ab0000, 0x00000007a8000000)
 concurrent mark-sweep generation total 393216K, used 12085K [0x00000007a8000000, 0x00000007c0000000, 0x00000007c0000000)
 Metaspace       used 39325K, capacity 40609K, committed 40872K, reserved 1085440K
  class space    used 4709K, capacity 5003K, committed 5036K, reserved 1048576K
2018-01-04T20:28:13.235+0800: 521.054: [GC (Allocation Failure) 2018-01-04T20:28:13.235+0800: 521.054: [ParNew
Desired survivor size 20112992 bytes, new threshold 8 (max 8)
- age   1:     414352 bytes,     414352 total
- age   2:     942976 bytes,    1357328 total
- age   3:    7269800 bytes,    8627128 total
- age   4:    2457152 bytes,   11084280 total
- age   5:    1934520 bytes,   13018800 total
- age   6:     388616 bytes,   13407416 total
- age   7:     102688 bytes,   13510104 total
- age   8:     307088 bytes,   13817192 total
: 106225K->20270K(109248K), 0.0307633 secs] 118311K->32640K(502464K), 0.0308718 secs] [Times: user=0.08 sys=0.00, real=0.03 secs] 
Heap after GC invocations=13 (full 2):
 par new generation   total 109248K, used 20270K [0x00000007a0000000, 0x00000007a8000000, 0x00000007a8000000)
  eden space 87424K,   0% used [0x00000007a0000000, 0x00000007a0000000, 0x00000007a5560000)
  from space 21824K,  92% used [0x00000007a6ab0000, 0x00000007a7e7b9e0, 0x00000007a8000000)
  to   space 21824K,   0% used [0x00000007a5560000, 0x00000007a5560000, 0x00000007a6ab0000)
 concurrent mark-sweep generation total 393216K, used 12370K [0x00000007a8000000, 0x00000007c0000000, 0x00000007c0000000)
 Metaspace       used 39325K, capacity 40609K, committed 40872K, reserved 1085440K
  class space    used 4709K, capacity 5003K, committed 5036K, reserved 1048576K
}
2018-01-04T20:28:13.266+0800: 521.085: Total time for which application threads were stopped: 0.0315029 seconds, Stopping threads took: 0.0003803 seconds
2018-01-04T20:28:13.266+0800: 521.086: Total time for which application threads were stopped: 0.0002183 seconds, Stopping threads took: 0.0000889 seconds
2018-01-04T20:28:13.267+0800: 521.086: Total time for which application threads were stopped: 0.0001317 seconds, Stopping threads took: 0.0000267 seconds
2018-01-04T20:28:13.269+0800: 521.089: Total time for which application threads were stopped: 0.0011665 seconds, Stopping threads took: 0.0007675 seconds
{Heap before GC invocations=13 (full 2):
 par new generation   total 109248K, used 107694K [0x00000007a0000000, 0x00000007a8000000, 0x00000007a8000000)
  eden space 87424K, 100% used [0x00000007a0000000, 0x00000007a5560000, 0x00000007a5560000)
  from space 21824K,  92% used [0x00000007a6ab0000, 0x00000007a7e7b9e0, 0x00000007a8000000)
  to   space 21824K,   0% used [0x00000007a5560000, 0x00000007a5560000, 0x00000007a6ab0000)
 concurrent mark-sweep generation total 393216K, used 12370K [0x00000007a8000000, 0x00000007c0000000, 0x00000007c0000000)
 Metaspace       used 39337K, capacity 40609K, committed 40872K, reserved 1085440K
  class space    used 4709K, capacity 5003K, committed 5036K, reserved 1048576K
2018-01-04T20:28:13.379+0800: 521.199: [GC (Allocation Failure) 2018-01-04T20:28:13.379+0800: 521.199: [ParNew
Desired survivor size 20112992 bytes, new threshold 8 (max 8)
- age   1:     423896 bytes,     423896 total
- age   2:      94192 bytes,     518088 total
- age   3:     941120 bytes,    1459208 total
- age   4:    7268704 bytes,    8727912 total
- age   5:    2457152 bytes,   11185064 total
- age   6:    1934520 bytes,   13119584 total
- age   7:     388616 bytes,   13508200 total
- age   8:     102688 bytes,   13610888 total
: 107694K->17160K(109248K), 0.0648094 secs] 120064K->29837K(502464K), 0.0649211 secs] [Times: user=0.05 sys=0.00, real=0.07 secs] 
Heap after GC invocations=14 (full 2):
 par new generation   total 109248K, used 17160K [0x00000007a0000000, 0x00000007a8000000, 0x00000007a8000000)
  eden space 87424K,   0% used [0x00000007a0000000, 0x00000007a0000000, 0x00000007a5560000)
  from space 21824K,  78% used [0x00000007a5560000, 0x00000007a6622050, 0x00000007a6ab0000)
  to   space 21824K,   0% used [0x00000007a6ab0000, 0x00000007a6ab0000, 0x00000007a8000000)
 concurrent mark-sweep generation total 393216K, used 12677K [0x00000007a8000000, 0x00000007c0000000, 0x00000007c0000000)
 Metaspace       used 39337K, capacity 40609K, committed 40872K, reserved 1085440K
  class space    used 4709K, capacity 5003K, committed 5036K, reserved 1048576K
}
2018-01-04T20:28:13.444+0800: 521.264: Total time for which application threads were stopped: 0.0709505 seconds, Stopping threads took: 0.0057563 seconds
2018-01-04T20:28:13.572+0800: 521.392: Total time for which application threads were stopped: 0.0002601 seconds, Stopping threads took: 0.0000374 seconds
2018-01-04T20:28:13.572+0800: 521.392: Total time for which application threads were stopped: 0.0001386 seconds, Stopping threads took: 0.0000279 seconds
2018-01-04T20:28:13.597+0800: 521.417: Total time for which application threads were stopped: 0.0002277 seconds, Stopping threads took: 0.0000541 seconds
2018-01-04T20:28:13.597+0800: 521.417: Total time for which application threads were stopped: 0.0001493 seconds, Stopping threads took: 0.0000273 seconds
{Heap before GC invocations=14 (full 2):
 par new generation   total 109248K, used 104584K [0x00000007a0000000, 0x00000007a8000000, 0x00000007a8000000)
  eden space 87424K, 100% used [0x00000007a0000000, 0x00000007a5560000, 0x00000007a5560000)
  from space 21824K,  78% used [0x00000007a5560000, 0x00000007a6622050, 0x00000007a6ab0000)
  to   space 21824K,   0% used [0x00000007a6ab0000, 0x00000007a6ab0000, 0x00000007a8000000)
 concurrent mark-sweep generation total 393216K, used 12677K [0x00000007a8000000, 0x00000007c0000000, 0x00000007c0000000)
 Metaspace       used 39445K, capacity 40749K, committed 40872K, reserved 1085440K
  class space    used 4710K, capacity 5005K, committed 5036K, reserved 1048576K
2018-01-04T20:28:13.606+0800: 521.426: [GC (Allocation Failure) 2018-01-04T20:28:13.606+0800: 521.426: [ParNew
Desired survivor size 20112992 bytes, new threshold 8 (max 8)
- age   1:    1470768 bytes,    1470768 total
- age   2:      88376 bytes,    1559144 total
- age   3:      93176 bytes,    1652320 total
- age   4:     148320 bytes,    1800640 total
- age   5:    6471288 bytes,    8271928 total
- age   6:    2455800 bytes,   10727728 total
- age   7:    1931240 bytes,   12658968 total
- age   8:     388136 bytes,   13047104 total
: 104584K->17073K(109248K), 0.0274535 secs] 117261K->29853K(502464K), 0.0275510 secs] [Times: user=0.05 sys=0.00, real=0.03 secs] 
Heap after GC invocations=15 (full 2):
 par new generation   total 109248K, used 17073K [0x00000007a0000000, 0x00000007a8000000, 0x00000007a8000000)
  eden space 87424K,   0% used [0x00000007a0000000, 0x00000007a0000000, 0x00000007a5560000)
  from space 21824K,  78% used [0x00000007a6ab0000, 0x00000007a7b5c470, 0x00000007a8000000)
  to   space 21824K,   0% used [0x00000007a5560000, 0x00000007a5560000, 0x00000007a6ab0000)
 concurrent mark-sweep generation total 393216K, used 12780K [0x00000007a8000000, 0x00000007c0000000, 0x00000007c0000000)
 Metaspace       used 39445K, capacity 40749K, committed 40872K, reserved 1085440K
  class space    used 4710K, capacity 5005K, committed 5036K, reserved 1048576K
}
2018-01-04T20:28:13.634+0800: 521.454: Total time for which application threads were stopped: 0.0278502 seconds, Stopping threads took: 0.0000394 seconds
2018-01-04T20:28:13.652+0800: 521.472: Total time for which application threads were stopped: 0.0002227 seconds, Stopping threads took: 0.0000638 seconds
2018-01-04T20:28:13.661+0800: 521.481: Total time for which application threads were stopped: 0.0015469 seconds, Stopping threads took: 0.0013990 seconds
2018-01-04T20:28:14.663+0800: 522.483: Total time for which application threads were stopped: 0.0003245 seconds, Stopping threads took: 0.0000680 seconds
2018-01-04T20:28:15.667+0800: 523.487: Total time for which application threads were stopped: 0.0002814 seconds, Stopping threads took: 0.0000402 seconds
2018-01-04T20:28:16.669+0800: 524.488: Total time for which application threads were stopped: 0.0003469 seconds, Stopping threads took: 0.0001276 seconds
2018-01-04T20:28:17.670+0800: 525.490: Total time for which application threads were stopped: 0.0005109 seconds, Stopping threads took: 0.0000512 seconds
2018-01-04T20:28:18.664+0800: 526.484: Total time for which application threads were stopped: 0.0001864 seconds, Stopping threads took: 0.0000397 seconds
2018-01-04T20:28:18.665+0800: 526.484: Total time for which application threads were stopped: 0.0001080 seconds, Stopping threads took: 0.0000127 seconds
2018-01-04T20:28:18.665+0800: 526.484: Total time for which application threads were stopped: 0.0000759 seconds, Stopping threads took: 0.0000103 seconds
2018-01-04T20:28:18.665+0800: 526.484: Total time for which application threads were stopped: 0.0000752 seconds, Stopping threads took: 0.0000097 seconds
2018-01-04T20:28:18.665+0800: 526.485: Total time for which application threads were stopped: 0.0000755 seconds, Stopping threads took: 0.0000099 seconds
2018-01-04T20:28:18.665+0800: 526.485: Total time for which application threads were stopped: 0.0000741 seconds, Stopping threads took: 0.0000104 seconds
2018-01-04T20:28:18.665+0800: 526.485: Total time for which application threads were stopped: 0.0000736 seconds, Stopping threads took: 0.0000095 seconds
2018-01-04T20:28:18.665+0800: 526.485: Total time for which application threads were stopped: 0.0000708 seconds, Stopping threads took: 0.0000075 seconds
2018-01-04T20:28:18.669+0800: 526.488: Total time for which application threads were stopped: 0.0001957 seconds, Stopping threads took: 0.0000280 seconds
2018-01-04T20:28:18.670+0800: 526.490: Total time for which application threads were stopped: 0.0001862 seconds, Stopping threads took: 0.0000452 seconds
2018-01-04T20:28:18.672+0800: 526.492: Total time for which application threads were stopped: 0.0001699 seconds, Stopping threads took: 0.0000467 seconds
2018-01-04T20:28:18.673+0800: 526.492: Total time for which application threads were stopped: 0.0001235 seconds, Stopping threads took: 0.0000250 seconds
2018-01-04T20:28:18.673+0800: 526.492: Total time for which application threads were stopped: 0.0000932 seconds, Stopping threads took: 0.0000132 seconds
2018-01-04T20:28:18.675+0800: 526.494: Total time for which application threads were stopped: 0.0001284 seconds, Stopping threads took: 0.0000197 seconds
2018-01-04T20:28:18.675+0800: 526.495: Total time for which application threads were stopped: 0.0001289 seconds, Stopping threads took: 0.0000272 seconds
2018-01-04T20:28:18.676+0800: 526.495: Total time for which application threads were stopped: 0.0001315 seconds, Stopping threads took: 0.0000290 seconds
2018-01-04T20:28:18.676+0800: 526.495: Total time for which application threads were stopped: 0.0000995 seconds, Stopping threads took: 0.0000208 seconds
2018-01-04T20:28:18.676+0800: 526.495: Total time for which application threads were stopped: 0.0001516 seconds, Stopping threads took: 0.0000340 seconds
2018-01-04T20:28:18.676+0800: 526.496: Total time for which application threads were stopped: 0.0001003 seconds, Stopping threads took: 0.0000243 seconds
2018-01-04T20:28:18.676+0800: 526.496: Total time for which application threads were stopped: 0.0001044 seconds, Stopping threads took: 0.0000332 seconds
2018-01-04T20:28:18.676+0800: 526.496: Total time for which application threads were stopped: 0.0000866 seconds, Stopping threads took: 0.0000253 seconds
2018-01-04T20:28:18.676+0800: 526.496: Total time for which application threads were stopped: 0.0000836 seconds, Stopping threads took: 0.0000204 seconds
2018-01-04T20:28:18.676+0800: 526.496: Total time for which application threads were stopped: 0.0000797 seconds, Stopping threads took: 0.0000203 seconds
2018-01-04T20:28:18.677+0800: 526.496: Total time for which application threads were stopped: 0.0000792 seconds, Stopping threads took: 0.0000190 seconds
2018-01-04T20:28:18.677+0800: 526.496: Total time for which application threads were stopped: 0.0000783 seconds, Stopping threads took: 0.0000196 seconds
2018-01-04T20:28:18.677+0800: 526.496: Total time for which application threads were stopped: 0.0000793 seconds, Stopping threads took: 0.0000215 seconds
2018-01-04T20:28:18.677+0800: 526.496: Total time for which application threads were stopped: 0.0000812 seconds, Stopping threads took: 0.0000230 seconds
2018-01-04T20:28:18.677+0800: 526.497: Total time for which application threads were stopped: 0.0000777 seconds, Stopping threads took: 0.0000198 seconds
2018-01-04T20:28:18.677+0800: 526.497: Total time for which application threads were stopped: 0.0000766 seconds, Stopping threads took: 0.0000192 seconds
2018-01-04T20:28:18.677+0800: 526.497: Total time for which application threads were stopped: 0.0000780 seconds, Stopping threads took: 0.0000193 seconds
2018-01-04T20:28:18.677+0800: 526.497: Total time for which application threads were stopped: 0.0000781 seconds, Stopping threads took: 0.0000192 seconds
2018-01-04T20:28:18.677+0800: 526.497: Total time for which application threads were stopped: 0.0000776 seconds, Stopping threads took: 0.0000194 seconds
2018-01-04T20:28:18.678+0800: 526.497: Total time for which application threads were stopped: 0.0001079 seconds, Stopping threads took: 0.0000338 seconds
2018-01-04T20:28:18.678+0800: 526.497: Total time for which application threads were stopped: 0.0000980 seconds, Stopping threads took: 0.0000391 seconds
2018-01-04T20:28:18.678+0800: 526.498: Total time for which application threads were stopped: 0.0002539 seconds, Stopping threads took: 0.0000199 seconds
2018-01-04T20:28:18.680+0800: 526.499: Total time for which application threads were stopped: 0.0001315 seconds, Stopping threads took: 0.0000208 seconds
2018-01-04T20:28:18.680+0800: 526.500: Total time for which application threads were stopped: 0.0000925 seconds, Stopping threads took: 0.0000120 seconds
2018-01-04T20:28:18.681+0800: 526.501: Total time for which application threads were stopped: 0.0001375 seconds, Stopping threads took: 0.0000477 seconds
2018-01-04T20:28:19.683+0800: 527.503: Total time for which application threads were stopped: 0.0002948 seconds, Stopping threads took: 0.0000323 seconds
2018-01-04T20:28:20.685+0800: 528.505: Total time for which application threads were stopped: 0.0002278 seconds, Stopping threads took: 0.0000399 seconds
2018-01-04T20:28:21.686+0800: 529.505: Total time for which application threads were stopped: 0.0003892 seconds, Stopping threads took: 0.0000761 seconds
2018-01-04T20:28:22.687+0800: 530.507: Total time for which application threads were stopped: 0.0002340 seconds, Stopping threads took: 0.0000699 seconds
2018-01-04T20:28:23.665+0800: 531.484: Total time for which application threads were stopped: 0.0001622 seconds, Stopping threads took: 0.0000239 seconds
2018-01-04T20:28:23.665+0800: 531.484: Total time for which application threads were stopped: 0.0000796 seconds, Stopping threads took: 0.0000107 seconds
2018-01-04T20:28:23.665+0800: 531.484: Total time for which application threads were stopped: 0.0000637 seconds, Stopping threads took: 0.0000088 seconds
2018-01-04T20:28:23.665+0800: 531.485: Total time for which application threads were stopped: 0.0000625 seconds, Stopping threads took: 0.0000078 seconds
2018-01-04T20:28:23.665+0800: 531.485: Total time for which application threads were stopped: 0.0000615 seconds, Stopping threads took: 0.0000081 seconds
2018-01-04T20:28:23.665+0800: 531.485: Total time for which application threads were stopped: 0.0000604 seconds, Stopping threads took: 0.0000080 seconds
2018-01-04T20:28:23.665+0800: 531.485: Total time for which application threads were stopped: 0.0000596 seconds, Stopping threads took: 0.0000072 seconds
2018-01-04T20:28:23.666+0800: 531.485: Total time for which application threads were stopped: 0.0000579 seconds, Stopping threads took: 0.0000061 seconds
2018-01-04T20:28:23.674+0800: 531.493: Total time for which application threads were stopped: 0.0001437 seconds, Stopping threads took: 0.0000324 seconds
2018-01-04T20:28:23.675+0800: 531.495: Total time for which application threads were stopped: 0.0002297 seconds, Stopping threads took: 0.0001021 seconds
2018-01-04T20:28:23.676+0800: 531.495: Total time for which application threads were stopped: 0.0001523 seconds, Stopping threads took: 0.0000586 seconds
2018-01-04T20:28:23.677+0800: 531.496: Total time for which application threads were stopped: 0.0001102 seconds, Stopping threads took: 0.0000206 seconds
2018-01-04T20:28:23.677+0800: 531.496: Total time for which application threads were stopped: 0.0000838 seconds, Stopping threads took: 0.0000212 seconds
2018-01-04T20:28:23.996+0800: 531.815: Total time for which application threads were stopped: 0.0001788 seconds, Stopping threads took: 0.0000307 seconds
2018-01-04T20:28:26.004+0800: 533.824: Total time for which application threads were stopped: 0.0002170 seconds, Stopping threads took: 0.0000639 seconds
2018-01-04T20:29:03.102+0800: 570.920: Total time for which application threads were stopped: 0.0001981 seconds, Stopping threads took: 0.0000291 seconds
2018-01-04T20:29:03.737+0800: 571.555: Total time for which application threads were stopped: 0.0002253 seconds, Stopping threads took: 0.0000252 seconds
2018-01-04T20:29:03.737+0800: 571.555: Total time for which application threads were stopped: 0.0001184 seconds, Stopping threads took: 0.0000094 seconds
2018-01-04T20:29:03.749+0800: 571.568: Total time for which application threads were stopped: 0.0001562 seconds, Stopping threads took: 0.0000452 seconds
2018-01-04T20:29:03.750+0800: 571.568: Total time for which application threads were stopped: 0.0000831 seconds, Stopping threads took: 0.0000070 seconds
2018-01-04T20:29:03.752+0800: 571.571: Total time for which application threads were stopped: 0.0001158 seconds, Stopping threads took: 0.0000212 seconds
2018-01-04T20:29:03.753+0800: 571.571: Total time for which application threads were stopped: 0.0000926 seconds, Stopping threads took: 0.0000112 seconds
2018-01-04T20:29:03.753+0800: 571.571: Total time for which application threads were stopped: 0.0000783 seconds, Stopping threads took: 0.0000203 seconds
2018-01-04T20:29:03.753+0800: 571.571: Total time for which application threads were stopped: 0.0000723 seconds, Stopping threads took: 0.0000209 seconds
2018-01-04T20:29:03.753+0800: 571.571: Total time for which application threads were stopped: 0.0000839 seconds, Stopping threads took: 0.0000092 seconds
2018-01-04T20:29:03.754+0800: 571.572: Total time for which application threads were stopped: 0.0001313 seconds, Stopping threads took: 0.0000196 seconds
2018-01-04T20:29:03.754+0800: 571.572: Total time for which application threads were stopped: 0.0001092 seconds, Stopping threads took: 0.0000159 seconds
2018-01-04T20:29:03.754+0800: 571.572: Total time for which application threads were stopped: 0.0000815 seconds, Stopping threads took: 0.0000230 seconds
2018-01-04T20:29:03.755+0800: 571.573: Total time for which application threads were stopped: 0.0002963 seconds, Stopping threads took: 0.0000240 seconds
2018-01-04T20:29:03.762+0800: 571.580: Total time for which application threads were stopped: 0.0001678 seconds, Stopping threads took: 0.0000254 seconds
2018-01-04T20:29:03.762+0800: 571.580: Total time for which application threads were stopped: 0.0000965 seconds, Stopping threads took: 0.0000079 seconds
2018-01-04T20:29:03.771+0800: 571.589: Total time for which application threads were stopped: 0.0001987 seconds, Stopping threads took: 0.0000580 seconds
2018-01-04T20:29:03.771+0800: 571.589: Total time for which application threads were stopped: 0.0001374 seconds, Stopping threads took: 0.0000314 seconds
2018-01-04T20:29:04.772+0800: 572.590: Total time for which application threads were stopped: 0.0002693 seconds, Stopping threads took: 0.0000428 seconds
2018-01-04T20:29:09.781+0800: 577.599: Total time for which application threads were stopped: 0.0003036 seconds, Stopping threads took: 0.0000540 seconds
2018-01-04T20:29:15.800+0800: 583.618: Total time for which application threads were stopped: 0.0002681 seconds, Stopping threads took: 0.0000420 seconds
2018-01-04T20:29:32.265+0800: 600.082: Total time for which application threads were stopped: 0.0001890 seconds, Stopping threads took: 0.0000287 seconds
2018-01-04T20:29:32.265+0800: 600.083: Total time for which application threads were stopped: 0.0001403 seconds, Stopping threads took: 0.0000181 seconds
2018-01-04T20:29:32.266+0800: 600.083: Total time for which application threads were stopped: 0.0001063 seconds, Stopping threads took: 0.0000124 seconds
2018-01-04T20:29:32.266+0800: 600.083: Total time for which application threads were stopped: 0.0001048 seconds, Stopping threads took: 0.0000101 seconds
2018-01-04T20:29:32.266+0800: 600.083: Total time for which application threads were stopped: 0.0000990 seconds, Stopping threads took: 0.0000120 seconds
2018-01-04T20:29:32.268+0800: 600.086: Total time for which application threads were stopped: 0.0001482 seconds, Stopping threads took: 0.0000253 seconds
2018-01-04T20:29:32.269+0800: 600.086: Total time for which application threads were stopped: 0.0001671 seconds, Stopping threads took: 0.0000301 seconds
2018-01-04T20:29:32.272+0800: 600.089: Total time for which application threads were stopped: 0.0008664 seconds, Stopping threads took: 0.0000251 seconds
2018-01-04T20:29:32.280+0800: 600.097: Total time for which application threads were stopped: 0.0001762 seconds, Stopping threads took: 0.0000455 seconds
2018-01-04T20:29:32.280+0800: 600.097: Total time for which application threads were stopped: 0.0001067 seconds, Stopping threads took: 0.0000197 seconds
2018-01-04T20:29:32.292+0800: 600.109: Total time for which application threads were stopped: 0.0001466 seconds, Stopping threads took: 0.0000413 seconds
2018-01-04T20:29:32.293+0800: 600.110: Total time for which application threads were stopped: 0.0001479 seconds, Stopping threads took: 0.0000324 seconds
2018-01-04T20:29:32.298+0800: 600.115: Total time for which application threads were stopped: 0.0001463 seconds, Stopping threads took: 0.0000242 seconds
2018-01-04T20:29:33.301+0800: 601.118: Total time for which application threads were stopped: 0.0003412 seconds, Stopping threads took: 0.0001225 seconds
2018-01-04T20:29:34.282+0800: 602.099: Total time for which application threads were stopped: 0.0001996 seconds, Stopping threads took: 0.0000372 seconds
2018-01-04T20:29:34.283+0800: 602.100: Total time for which application threads were stopped: 0.0002665 seconds, Stopping threads took: 0.0001402 seconds
2018-01-04T20:29:34.283+0800: 602.100: Total time for which application threads were stopped: 0.0001466 seconds, Stopping threads took: 0.0000269 seconds
2018-01-04T20:29:34.284+0800: 602.101: Total time for which application threads were stopped: 0.0001898 seconds, Stopping threads took: 0.0000425 seconds
2018-01-04T20:29:34.295+0800: 602.112: Total time for which application threads were stopped: 0.0003342 seconds, Stopping threads took: 0.0000458 seconds
2018-01-04T20:30:05.385+0800: 633.201: Total time for which application threads were stopped: 0.0002120 seconds, Stopping threads took: 0.0000424 seconds
2018-01-04T20:30:54.565+0800: 682.379: Total time for which application threads were stopped: 0.0001959 seconds, Stopping threads took: 0.0000407 seconds
2018-01-04T20:31:14.602+0800: 702.416: Total time for which application threads were stopped: 0.0001120 seconds, Stopping threads took: 0.0000169 seconds
{Heap before GC invocations=15 (full 2):
 par new generation   total 109248K, used 104497K [0x00000007a0000000, 0x00000007a8000000, 0x00000007a8000000)
  eden space 87424K, 100% used [0x00000007a0000000, 0x00000007a5560000, 0x00000007a5560000)
  from space 21824K,  78% used [0x00000007a6ab0000, 0x00000007a7b5c470, 0x00000007a8000000)
  to   space 21824K,   0% used [0x00000007a5560000, 0x00000007a5560000, 0x00000007a6ab0000)
 concurrent mark-sweep generation total 393216K, used 12780K [0x00000007a8000000, 0x00000007c0000000, 0x00000007c0000000)
 Metaspace       used 40728K, capacity 41989K, committed 42280K, reserved 1087488K
  class space    used 4751K, capacity 5045K, committed 5164K, reserved 1048576K
2018-01-04T20:31:14.603+0800: 702.417: [GC (Allocation Failure) 2018-01-04T20:31:14.603+0800: 702.417: [ParNew
Desired survivor size 20112992 bytes, new threshold 8 (max 8)
- age   1:    5075288 bytes,    5075288 total
- age   2:    1349048 bytes,    6424336 total
- age   3:      85176 bytes,    6509512 total
- age   4:      91784 bytes,    6601296 total
- age   5:     148088 bytes,    6749384 total
- age   6:    4568176 bytes,   11317560 total
- age   7:     871768 bytes,   12189328 total
- age   8:    1926688 bytes,   14116016 total
: 104497K->16795K(109248K), 0.0129773 secs] 117277K->29961K(502464K), 0.0130359 secs] [Times: user=0.04 sys=0.00, real=0.01 secs] 
Heap after GC invocations=16 (full 2):
 par new generation   total 109248K, used 16795K [0x00000007a0000000, 0x00000007a8000000, 0x00000007a8000000)
  eden space 87424K,   0% used [0x00000007a0000000, 0x00000007a0000000, 0x00000007a5560000)
  from space 21824K,  76% used [0x00000007a5560000, 0x00000007a65c6e20, 0x00000007a6ab0000)
  to   space 21824K,   0% used [0x00000007a6ab0000, 0x00000007a6ab0000, 0x00000007a8000000)
 concurrent mark-sweep generation total 393216K, used 13166K [0x00000007a8000000, 0x00000007c0000000, 0x00000007c0000000)
 Metaspace       used 40728K, capacity 41989K, committed 42280K, reserved 1087488K
  class space    used 4751K, capacity 5045K, committed 5164K, reserved 1048576K
}
2018-01-04T20:31:14.616+0800: 702.430: Total time for which application threads were stopped: 0.0132207 seconds, Stopping threads took: 0.0000229 seconds
2018-01-04T20:31:14.635+0800: 702.449: Total time for which application threads were stopped: 0.0001268 seconds, Stopping threads took: 0.0000167 seconds
2018-01-04T20:31:14.635+0800: 702.449: Total time for which application threads were stopped: 0.0000494 seconds, Stopping threads took: 0.0000065 seconds
2018-01-04T20:31:14.654+0800: 702.467: Total time for which application threads were stopped: 0.0000887 seconds, Stopping threads took: 0.0000157 seconds
2018-01-04T20:31:14.667+0800: 702.481: Total time for which application threads were stopped: 0.0001053 seconds, Stopping threads took: 0.0000290 seconds
2018-01-04T20:31:14.670+0800: 702.484: Total time for which application threads were stopped: 0.0007265 seconds, Stopping threads took: 0.0000140 seconds
2018-01-04T20:31:14.671+0800: 702.484: Total time for which application threads were stopped: 0.0004170 seconds, Stopping threads took: 0.0000082 seconds
2018-01-04T20:31:14.673+0800: 702.487: Total time for which application threads were stopped: 0.0005235 seconds, Stopping threads took: 0.0000131 seconds
2018-01-04T20:31:14.675+0800: 702.489: Total time for which application threads were stopped: 0.0005598 seconds, Stopping threads took: 0.0000305 seconds
2018-01-04T20:31:14.680+0800: 702.494: Total time for which application threads were stopped: 0.0001479 seconds, Stopping threads took: 0.0000658 seconds
2018-01-04T20:31:14.681+0800: 702.495: Total time for which application threads were stopped: 0.0001181 seconds, Stopping threads took: 0.0000436 seconds
2018-01-04T20:31:14.683+0800: 702.497: Total time for which application threads were stopped: 0.0001510 seconds, Stopping threads took: 0.0000389 seconds
2018-01-04T20:31:14.684+0800: 702.498: Total time for which application threads were stopped: 0.0001331 seconds, Stopping threads took: 0.0000342 seconds
2018-01-04T20:31:14.685+0800: 702.499: Total time for which application threads were stopped: 0.0001553 seconds, Stopping threads took: 0.0000295 seconds
2018-01-04T20:31:14.686+0800: 702.500: Total time for which application threads were stopped: 0.0001651 seconds, Stopping threads took: 0.0000364 seconds
2018-01-04T20:31:14.753+0800: 702.567: Total time for which application threads were stopped: 0.0001406 seconds, Stopping threads took: 0.0000181 seconds
2018-01-04T20:31:14.754+0800: 702.567: Total time for which application threads were stopped: 0.0000787 seconds, Stopping threads took: 0.0000099 seconds
2018-01-04T20:31:14.754+0800: 702.567: Total time for which application threads were stopped: 0.0000858 seconds, Stopping threads took: 0.0000261 seconds
2018-01-04T20:31:14.754+0800: 702.568: Total time for which application threads were stopped: 0.0000677 seconds, Stopping threads took: 0.0000157 seconds
2018-01-04T20:31:14.755+0800: 702.569: Total time for which application threads were stopped: 0.0001174 seconds, Stopping threads took: 0.0000433 seconds
2018-01-04T20:31:14.756+0800: 702.570: Total time for which application threads were stopped: 0.0001115 seconds, Stopping threads took: 0.0000237 seconds
2018-01-04T20:31:14.758+0800: 702.571: Total time for which application threads were stopped: 0.0001181 seconds, Stopping threads took: 0.0000148 seconds
2018-01-04T20:31:14.759+0800: 702.572: Total time for which application threads were stopped: 0.0000878 seconds, Stopping threads took: 0.0000112 seconds
2018-01-04T20:31:14.760+0800: 702.573: Total time for which application threads were stopped: 0.0001463 seconds, Stopping threads took: 0.0000621 seconds
2018-01-04T20:31:14.763+0800: 702.576: Total time for which application threads were stopped: 0.0001086 seconds, Stopping threads took: 0.0000185 seconds
2018-01-04T20:31:14.771+0800: 702.585: Total time for which application threads were stopped: 0.0005908 seconds, Stopping threads took: 0.0000158 seconds
2018-01-04T20:31:14.776+0800: 702.590: Total time for which application threads were stopped: 0.0001206 seconds, Stopping threads took: 0.0000318 seconds
2018-01-04T20:31:14.777+0800: 702.590: Total time for which application threads were stopped: 0.0001068 seconds, Stopping threads took: 0.0000249 seconds
2018-01-04T20:31:14.777+0800: 702.591: Total time for which application threads were stopped: 0.0000875 seconds, Stopping threads took: 0.0000222 seconds
2018-01-04T20:31:14.777+0800: 702.591: Total time for which application threads were stopped: 0.0001510 seconds, Stopping threads took: 0.0000288 seconds
2018-01-04T20:31:14.779+0800: 702.592: Total time for which application threads were stopped: 0.0001514 seconds, Stopping threads took: 0.0000323 seconds
2018-01-04T20:31:14.779+0800: 702.593: Total time for which application threads were stopped: 0.0001468 seconds, Stopping threads took: 0.0000314 seconds
2018-01-04T20:31:14.779+0800: 702.593: Total time for which application threads were stopped: 0.0001228 seconds, Stopping threads took: 0.0000237 seconds
2018-01-04T20:31:14.780+0800: 702.594: Total time for which application threads were stopped: 0.0001362 seconds, Stopping threads took: 0.0000106 seconds
2018-01-04T20:31:14.781+0800: 702.595: Total time for which application threads were stopped: 0.0001392 seconds, Stopping threads took: 0.0000325 seconds
2018-01-04T20:31:14.781+0800: 702.595: Total time for which application threads were stopped: 0.0001370 seconds, Stopping threads took: 0.0000124 seconds
2018-01-04T20:31:14.784+0800: 702.597: Total time for which application threads were stopped: 0.0001492 seconds, Stopping threads took: 0.0000361 seconds
2018-01-04T20:31:14.787+0800: 702.600: Total time for which application threads were stopped: 0.0001420 seconds, Stopping threads took: 0.0000188 seconds
2018-01-04T20:31:14.787+0800: 702.601: Total time for which application threads were stopped: 0.0001258 seconds, Stopping threads took: 0.0000140 seconds
2018-01-04T20:31:14.787+0800: 702.601: Total time for which application threads were stopped: 0.0001125 seconds, Stopping threads took: 0.0000264 seconds
2018-01-04T20:31:14.788+0800: 702.602: Total time for which application threads were stopped: 0.0001361 seconds, Stopping threads took: 0.0000254 seconds
2018-01-04T20:31:14.792+0800: 702.606: Total time for which application threads were stopped: 0.0001428 seconds, Stopping threads took: 0.0000185 seconds
2018-01-04T20:31:14.793+0800: 702.607: Total time for which application threads were stopped: 0.0001103 seconds, Stopping threads took: 0.0000126 seconds
2018-01-04T20:31:14.793+0800: 702.607: Total time for which application threads were stopped: 0.0000891 seconds, Stopping threads took: 0.0000094 seconds
2018-01-04T20:31:14.794+0800: 702.608: Total time for which application threads were stopped: 0.0001419 seconds, Stopping threads took: 0.0000188 seconds
2018-01-04T20:31:14.795+0800: 702.608: Total time for which application threads were stopped: 0.0001139 seconds, Stopping threads took: 0.0000131 seconds
2018-01-04T20:31:14.795+0800: 702.609: Total time for which application threads were stopped: 0.0001112 seconds, Stopping threads took: 0.0000116 seconds
2018-01-04T20:31:14.822+0800: 702.636: Total time for which application threads were stopped: 0.0009928 seconds, Stopping threads took: 0.0000174 seconds
2018-01-04T20:31:14.864+0800: 702.678: Total time for which application threads were stopped: 0.0001651 seconds, Stopping threads took: 0.0000424 seconds
2018-01-04T20:31:14.870+0800: 702.683: Total time for which application threads were stopped: 0.0007890 seconds, Stopping threads took: 0.0000155 seconds
2018-01-04T20:31:14.874+0800: 702.687: Total time for which application threads were stopped: 0.0001075 seconds, Stopping threads took: 0.0000178 seconds
2018-01-04T20:31:14.875+0800: 702.688: Total time for which application threads were stopped: 0.0000756 seconds, Stopping threads took: 0.0000113 seconds
2018-01-04T20:31:14.881+0800: 702.694: Total time for which application threads were stopped: 0.0000986 seconds, Stopping threads took: 0.0000139 seconds
2018-01-04T20:31:14.881+0800: 702.695: Total time for which application threads were stopped: 0.0000824 seconds, Stopping threads took: 0.0000096 seconds
2018-01-04T20:31:14.897+0800: 702.711: Total time for which application threads were stopped: 0.0001531 seconds, Stopping threads took: 0.0000196 seconds
2018-01-04T20:31:14.953+0800: 702.767: Total time for which application threads were stopped: 0.0001576 seconds, Stopping threads took: 0.0000513 seconds
2018-01-04T20:31:14.955+0800: 702.769: Total time for which application threads were stopped: 0.0001578 seconds, Stopping threads took: 0.0000527 seconds
2018-01-04T20:31:14.961+0800: 702.775: Total time for which application threads were stopped: 0.0001747 seconds, Stopping threads took: 0.0000220 seconds
2018-01-04T20:31:14.964+0800: 702.778: Total time for which application threads were stopped: 0.0001447 seconds, Stopping threads took: 0.0000299 seconds
2018-01-04T20:31:14.982+0800: 702.795: Total time for which application threads were stopped: 0.0003131 seconds, Stopping threads took: 0.0000445 seconds
2018-01-04T20:31:14.986+0800: 702.800: Total time for which application threads were stopped: 0.0001404 seconds, Stopping threads took: 0.0000205 seconds
2018-01-04T20:31:14.994+0800: 702.808: Total time for which application threads were stopped: 0.0001938 seconds, Stopping threads took: 0.0000642 seconds
2018-01-04T20:31:14.995+0800: 702.809: Total time for which application threads were stopped: 0.0001780 seconds, Stopping threads took: 0.0000443 seconds
2018-01-04T20:31:15.011+0800: 702.825: Total time for which application threads were stopped: 0.0002418 seconds, Stopping threads took: 0.0000543 seconds
2018-01-04T20:31:15.030+0800: 702.844: Total time for which application threads were stopped: 0.0002182 seconds, Stopping threads took: 0.0000379 seconds
2018-01-04T20:31:15.033+0800: 702.847: Total time for which application threads were stopped: 0.0005262 seconds, Stopping threads took: 0.0003777 seconds
2018-01-04T20:31:15.048+0800: 702.862: Total time for which application threads were stopped: 0.0002975 seconds, Stopping threads took: 0.0000205 seconds
2018-01-04T20:31:15.056+0800: 702.870: Total time for which application threads were stopped: 0.0002751 seconds, Stopping threads took: 0.0000452 seconds
2018-01-04T20:31:15.064+0800: 702.878: Total time for which application threads were stopped: 0.0001738 seconds, Stopping threads took: 0.0000216 seconds
2018-01-04T20:31:15.095+0800: 702.909: Total time for which application threads were stopped: 0.0001389 seconds, Stopping threads took: 0.0000204 seconds
2018-01-04T20:31:15.096+0800: 702.909: Total time for which application threads were stopped: 0.0000665 seconds, Stopping threads took: 0.0000077 seconds
2018-01-04T20:31:15.096+0800: 702.909: Total time for which application threads were stopped: 0.0000516 seconds, Stopping threads took: 0.0000063 seconds
2018-01-04T20:31:15.096+0800: 702.910: Total time for which application threads were stopped: 0.0002211 seconds, Stopping threads took: 0.0001263 seconds
2018-01-04T20:31:15.096+0800: 702.910: Total time for which application threads were stopped: 0.0000892 seconds, Stopping threads took: 0.0000217 seconds
2018-01-04T20:31:15.096+0800: 702.910: Total time for which application threads were stopped: 0.0000736 seconds, Stopping threads took: 0.0000205 seconds
2018-01-04T20:31:15.096+0800: 702.910: Total time for which application threads were stopped: 0.0000722 seconds, Stopping threads took: 0.0000063 seconds
2018-01-04T20:31:15.096+0800: 702.910: Total time for which application threads were stopped: 0.0000830 seconds, Stopping threads took: 0.0000243 seconds
2018-01-04T20:31:15.096+0800: 702.910: Total time for which application threads were stopped: 0.0000706 seconds, Stopping threads took: 0.0000058 seconds
2018-01-04T20:31:15.097+0800: 702.910: Total time for which application threads were stopped: 0.0000643 seconds, Stopping threads took: 0.0000058 seconds
2018-01-04T20:31:15.097+0800: 702.910: Total time for which application threads were stopped: 0.0000938 seconds, Stopping threads took: 0.0000238 seconds
2018-01-04T20:31:15.097+0800: 702.911: Total time for which application threads were stopped: 0.0000963 seconds, Stopping threads took: 0.0000242 seconds
2018-01-04T20:31:15.097+0800: 702.911: Total time for which application threads were stopped: 0.0000945 seconds, Stopping threads took: 0.0000236 seconds
2018-01-04T20:31:15.097+0800: 702.911: Total time for which application threads were stopped: 0.0000936 seconds, Stopping threads took: 0.0000237 seconds
2018-01-04T20:31:15.097+0800: 702.911: Total time for which application threads were stopped: 0.0000927 seconds, Stopping threads took: 0.0000238 seconds
2018-01-04T20:31:15.097+0800: 702.911: Total time for which application threads were stopped: 0.0000699 seconds, Stopping threads took: 0.0000228 seconds
2018-01-04T20:31:15.097+0800: 702.911: Total time for which application threads were stopped: 0.0000697 seconds, Stopping threads took: 0.0000075 seconds
2018-01-04T20:31:15.097+0800: 702.911: Total time for which application threads were stopped: 0.0000664 seconds, Stopping threads took: 0.0000213 seconds
2018-01-04T20:31:15.098+0800: 702.911: Total time for which application threads were stopped: 0.0000718 seconds, Stopping threads took: 0.0000291 seconds
2018-01-04T20:31:15.098+0800: 702.911: Total time for which application threads were stopped: 0.0000813 seconds, Stopping threads took: 0.0000237 seconds
2018-01-04T20:31:15.098+0800: 702.912: Total time for which application threads were stopped: 0.0001701 seconds, Stopping threads took: 0.0000057 seconds
2018-01-04T20:31:15.098+0800: 702.912: Total time for which application threads were stopped: 0.0000473 seconds, Stopping threads took: 0.0000055 seconds
2018-01-04T20:31:15.099+0800: 702.913: Total time for which application threads were stopped: 0.0002032 seconds, Stopping threads took: 0.0000064 seconds
2018-01-04T20:31:15.099+0800: 702.913: Total time for which application threads were stopped: 0.0000806 seconds, Stopping threads took: 0.0000202 seconds
2018-01-04T20:31:15.100+0800: 702.914: Total time for which application threads were stopped: 0.0000994 seconds, Stopping threads took: 0.0000163 seconds
2018-01-04T20:31:15.102+0800: 702.915: Total time for which application threads were stopped: 0.0000901 seconds, Stopping threads took: 0.0000132 seconds
2018-01-04T20:31:15.103+0800: 702.917: Total time for which application threads were stopped: 0.0001420 seconds, Stopping threads took: 0.0000224 seconds
2018-01-04T20:31:15.133+0800: 702.947: Total time for which application threads were stopped: 0.0006791 seconds, Stopping threads took: 0.0000635 seconds
2018-01-04T20:31:15.187+0800: 703.001: Total time for which application threads were stopped: 0.0001815 seconds, Stopping threads took: 0.0000210 seconds
2018-01-04T20:31:15.191+0800: 703.005: Total time for which application threads were stopped: 0.0001326 seconds, Stopping threads took: 0.0000201 seconds
2018-01-04T20:31:15.192+0800: 703.006: Total time for which application threads were stopped: 0.0001243 seconds, Stopping threads took: 0.0000180 seconds
2018-01-04T20:31:15.193+0800: 703.006: Total time for which application threads were stopped: 0.0001152 seconds, Stopping threads took: 0.0000141 seconds
2018-01-04T20:31:15.198+0800: 703.012: Total time for which application threads were stopped: 0.0000974 seconds, Stopping threads took: 0.0000152 seconds
2018-01-04T20:31:15.199+0800: 703.012: Total time for which application threads were stopped: 0.0001154 seconds, Stopping threads took: 0.0000150 seconds
2018-01-04T20:31:15.200+0800: 703.014: Total time for which application threads were stopped: 0.0001149 seconds, Stopping threads took: 0.0000148 seconds
2018-01-04T20:31:15.200+0800: 703.014: Total time for which application threads were stopped: 0.0000993 seconds, Stopping threads took: 0.0000112 seconds
2018-01-04T20:31:15.202+0800: 703.015: Total time for which application threads were stopped: 0.0001126 seconds, Stopping threads took: 0.0000148 seconds
2018-01-04T20:31:15.202+0800: 703.016: Total time for which application threads were stopped: 0.0001028 seconds, Stopping threads took: 0.0000118 seconds
2018-01-04T20:31:15.238+0800: 703.052: Total time for which application threads were stopped: 0.0001328 seconds, Stopping threads took: 0.0000182 seconds
2018-01-04T20:31:15.247+0800: 703.060: Total time for which application threads were stopped: 0.0006490 seconds, Stopping threads took: 0.0000147 seconds
2018-01-04T20:31:15.248+0800: 703.061: Total time for which application threads were stopped: 0.0001268 seconds, Stopping threads took: 0.0000296 seconds
2018-01-04T20:31:15.248+0800: 703.062: Total time for which application threads were stopped: 0.0000860 seconds, Stopping threads took: 0.0000104 seconds
2018-01-04T20:31:15.251+0800: 703.065: Total time for which application threads were stopped: 0.0001103 seconds, Stopping threads took: 0.0000273 seconds
2018-01-04T20:31:15.252+0800: 703.066: Total time for which application threads were stopped: 0.0001308 seconds, Stopping threads took: 0.0000300 seconds
2018-01-04T20:31:15.278+0800: 703.092: Total time for which application threads were stopped: 0.0001425 seconds, Stopping threads took: 0.0000330 seconds
2018-01-04T20:31:15.279+0800: 703.093: Total time for which application threads were stopped: 0.0000996 seconds, Stopping threads took: 0.0000157 seconds
2018-01-04T20:31:15.282+0800: 703.096: Total time for which application threads were stopped: 0.0000973 seconds, Stopping threads took: 0.0000153 seconds
2018-01-04T20:31:15.283+0800: 703.097: Total time for which application threads were stopped: 0.0000939 seconds, Stopping threads took: 0.0000136 seconds
2018-01-04T20:31:15.287+0800: 703.101: Total time for which application threads were stopped: 0.0001362 seconds, Stopping threads took: 0.0000498 seconds
2018-01-04T20:31:15.288+0800: 703.101: Total time for which application threads were stopped: 0.0001081 seconds, Stopping threads took: 0.0000168 seconds
2018-01-04T20:31:15.306+0800: 703.119: Total time for which application threads were stopped: 0.0001240 seconds, Stopping threads took: 0.0000288 seconds
2018-01-04T20:31:15.306+0800: 703.120: Total time for which application threads were stopped: 0.0001148 seconds, Stopping threads took: 0.0000148 seconds
2018-01-04T20:31:15.326+0800: 703.140: Total time for which application threads were stopped: 0.0002315 seconds, Stopping threads took: 0.0000157 seconds
2018-01-04T20:31:15.328+0800: 703.141: Total time for which application threads were stopped: 0.0001243 seconds, Stopping threads took: 0.0000329 seconds
2018-01-04T20:31:15.329+0800: 703.143: Total time for which application threads were stopped: 0.0000987 seconds, Stopping threads took: 0.0000158 seconds
2018-01-04T20:31:15.337+0800: 703.151: Total time for which application threads were stopped: 0.0000957 seconds, Stopping threads took: 0.0000154 seconds
2018-01-04T20:31:15.338+0800: 703.152: Total time for which application threads were stopped: 0.0000874 seconds, Stopping threads took: 0.0000116 seconds
2018-01-04T20:31:15.360+0800: 703.174: Total time for which application threads were stopped: 0.0001294 seconds, Stopping threads took: 0.0000168 seconds
2018-01-04T20:31:15.439+0800: 703.253: Total time for which application threads were stopped: 0.0001917 seconds, Stopping threads took: 0.0000635 seconds
2018-01-04T20:31:15.458+0800: 703.271: Total time for which application threads were stopped: 0.0001068 seconds, Stopping threads took: 0.0000155 seconds
2018-01-04T20:31:15.517+0800: 703.331: Total time for which application threads were stopped: 0.0008506 seconds, Stopping threads took: 0.0000215 seconds
2018-01-04T20:31:15.618+0800: 703.432: Total time for which application threads were stopped: 0.0002389 seconds, Stopping threads took: 0.0000674 seconds
2018-01-04T20:31:15.629+0800: 703.443: Total time for which application threads were stopped: 0.0004521 seconds, Stopping threads took: 0.0000245 seconds
2018-01-04T20:31:15.718+0800: 703.532: Total time for which application threads were stopped: 0.0003879 seconds, Stopping threads took: 0.0000251 seconds
2018-01-04T20:31:15.718+0800: 703.532: Total time for which application threads were stopped: 0.0000938 seconds, Stopping threads took: 0.0000121 seconds
2018-01-04T20:31:15.738+0800: 703.552: Total time for which application threads were stopped: 0.0001589 seconds, Stopping threads took: 0.0000223 seconds
2018-01-04T20:31:15.738+0800: 703.552: Total time for which application threads were stopped: 0.0001114 seconds, Stopping threads took: 0.0000138 seconds
2018-01-04T20:31:15.739+0800: 703.552: Total time for which application threads were stopped: 0.0000960 seconds, Stopping threads took: 0.0000104 seconds
2018-01-04T20:31:15.739+0800: 703.552: Total time for which application threads were stopped: 0.0000913 seconds, Stopping threads took: 0.0000102 seconds
2018-01-04T20:31:15.739+0800: 703.553: Total time for which application threads were stopped: 0.0000835 seconds, Stopping threads took: 0.0000087 seconds
2018-01-04T20:31:15.739+0800: 703.553: Total time for which application threads were stopped: 0.0000829 seconds, Stopping threads took: 0.0000091 seconds
2018-01-04T20:31:15.739+0800: 703.553: Total time for which application threads were stopped: 0.0000840 seconds, Stopping threads took: 0.0000093 seconds
2018-01-04T20:31:15.739+0800: 703.553: Total time for which application threads were stopped: 0.0000827 seconds, Stopping threads took: 0.0000094 seconds
2018-01-04T20:31:15.739+0800: 703.553: Total time for which application threads were stopped: 0.0000797 seconds, Stopping threads took: 0.0000089 seconds
2018-01-04T20:31:15.739+0800: 703.553: Total time for which application threads were stopped: 0.0000888 seconds, Stopping threads took: 0.0000075 seconds
2018-01-04T20:31:15.739+0800: 703.553: Total time for which application threads were stopped: 0.0001006 seconds, Stopping threads took: 0.0000073 seconds
2018-01-04T20:31:15.740+0800: 703.553: Total time for which application threads were stopped: 0.0000979 seconds, Stopping threads took: 0.0000106 seconds
2018-01-04T20:31:15.740+0800: 703.554: Total time for which application threads were stopped: 0.0003181 seconds, Stopping threads took: 0.0000228 seconds
2018-01-04T20:31:15.740+0800: 703.554: Total time for which application threads were stopped: 0.0000947 seconds, Stopping threads took: 0.0000098 seconds
2018-01-04T20:31:15.740+0800: 703.554: Total time for which application threads were stopped: 0.0001077 seconds, Stopping threads took: 0.0000095 seconds
2018-01-04T20:31:15.740+0800: 703.554: Total time for which application threads were stopped: 0.0001032 seconds, Stopping threads took: 0.0000093 seconds
2018-01-04T20:31:15.740+0800: 703.554: Total time for which application threads were stopped: 0.0000556 seconds, Stopping threads took: 0.0000072 seconds
2018-01-04T20:31:15.741+0800: 703.554: Total time for which application threads were stopped: 0.0000762 seconds, Stopping threads took: 0.0000119 seconds
2018-01-04T20:31:15.741+0800: 703.555: Total time for which application threads were stopped: 0.0000592 seconds, Stopping threads took: 0.0000076 seconds
2018-01-04T20:31:15.741+0800: 703.555: Total time for which application threads were stopped: 0.0003611 seconds, Stopping threads took: 0.0000132 seconds
2018-01-04T20:31:15.743+0800: 703.556: Total time for which application threads were stopped: 0.0001214 seconds, Stopping threads took: 0.0000164 seconds
2018-01-04T20:31:15.743+0800: 703.557: Total time for which application threads were stopped: 0.0000942 seconds, Stopping threads took: 0.0000130 seconds
2018-01-04T20:31:15.743+0800: 703.557: Total time for which application threads were stopped: 0.0000883 seconds, Stopping threads took: 0.0000096 seconds
2018-01-04T20:31:15.743+0800: 703.557: Total time for which application threads were stopped: 0.0000835 seconds, Stopping threads took: 0.0000098 seconds
2018-01-04T20:31:15.743+0800: 703.557: Total time for which application threads were stopped: 0.0000817 seconds, Stopping threads took: 0.0000086 seconds
2018-01-04T20:31:15.743+0800: 703.557: Total time for which application threads were stopped: 0.0000800 seconds, Stopping threads took: 0.0000080 seconds
2018-01-04T20:31:15.743+0800: 703.557: Total time for which application threads were stopped: 0.0000625 seconds, Stopping threads took: 0.0000091 seconds
2018-01-04T20:31:15.744+0800: 703.557: Total time for which application threads were stopped: 0.0000754 seconds, Stopping threads took: 0.0000087 seconds
2018-01-04T20:31:15.744+0800: 703.557: Total time for which application threads were stopped: 0.0000650 seconds, Stopping threads took: 0.0000088 seconds
2018-01-04T20:31:15.744+0800: 703.557: Total time for which application threads were stopped: 0.0000773 seconds, Stopping threads took: 0.0000081 seconds
2018-01-04T20:31:15.744+0800: 703.558: Total time for which application threads were stopped: 0.0000719 seconds, Stopping threads took: 0.0000067 seconds
2018-01-04T20:31:15.744+0800: 703.558: Total time for which application threads were stopped: 0.0000795 seconds, Stopping threads took: 0.0000086 seconds
2018-01-04T20:31:15.746+0800: 703.560: Total time for which application threads were stopped: 0.0005556 seconds, Stopping threads took: 0.0000148 seconds
2018-01-04T20:31:15.746+0800: 703.560: Total time for which application threads were stopped: 0.0001248 seconds, Stopping threads took: 0.0000160 seconds
2018-01-04T20:31:15.750+0800: 703.563: Total time for which application threads were stopped: 0.0001277 seconds, Stopping threads took: 0.0000361 seconds
2018-01-04T20:31:15.752+0800: 703.566: Total time for which application threads were stopped: 0.0007466 seconds, Stopping threads took: 0.0006467 seconds
2018-01-04T20:31:15.752+0800: 703.566: Total time for which application threads were stopped: 0.0001143 seconds, Stopping threads took: 0.0000215 seconds
2018-01-04T20:31:15.752+0800: 703.566: Total time for which application threads were stopped: 0.0000924 seconds, Stopping threads took: 0.0000185 seconds
2018-01-04T20:31:15.753+0800: 703.567: Total time for which application threads were stopped: 0.0001417 seconds, Stopping threads took: 0.0000315 seconds
2018-01-04T20:31:15.754+0800: 703.568: Total time for which application threads were stopped: 0.0001349 seconds, Stopping threads took: 0.0000172 seconds
2018-01-04T20:31:16.078+0800: 703.892: Total time for which application threads were stopped: 0.0004080 seconds, Stopping threads took: 0.0002279 seconds
2018-01-04T20:31:16.084+0800: 703.898: Total time for which application threads were stopped: 0.0001429 seconds, Stopping threads took: 0.0000357 seconds
2018-01-04T20:31:16.091+0800: 703.905: Total time for which application threads were stopped: 0.0001027 seconds, Stopping threads took: 0.0000164 seconds
2018-01-04T20:31:16.100+0800: 703.914: Total time for which application threads were stopped: 0.0003862 seconds, Stopping threads took: 0.0002924 seconds
2018-01-04T20:31:16.100+0800: 703.914: Total time for which application threads were stopped: 0.0000828 seconds, Stopping threads took: 0.0000212 seconds
2018-01-04T20:31:16.100+0800: 703.914: Total time for which application threads were stopped: 0.0000569 seconds, Stopping threads took: 0.0000093 seconds
2018-01-04T20:31:16.100+0800: 703.914: Total time for which application threads were stopped: 0.0000538 seconds, Stopping threads took: 0.0000078 seconds
2018-01-04T20:31:16.101+0800: 703.914: Total time for which application threads were stopped: 0.0000665 seconds, Stopping threads took: 0.0000200 seconds
2018-01-04T20:31:16.101+0800: 703.914: Total time for which application threads were stopped: 0.0000647 seconds, Stopping threads took: 0.0000184 seconds
2018-01-04T20:31:16.101+0800: 703.915: Total time for which application threads were stopped: 0.0000516 seconds, Stopping threads took: 0.0000073 seconds
2018-01-04T20:31:16.101+0800: 703.915: Total time for which application threads were stopped: 0.0000636 seconds, Stopping threads took: 0.0000182 seconds
2018-01-04T20:31:16.101+0800: 703.915: Total time for which application threads were stopped: 0.0000622 seconds, Stopping threads took: 0.0000169 seconds
2018-01-04T20:31:16.101+0800: 703.915: Total time for which application threads were stopped: 0.0000541 seconds, Stopping threads took: 0.0000077 seconds
2018-01-04T20:31:16.101+0800: 703.915: Total time for which application threads were stopped: 0.0000757 seconds, Stopping threads took: 0.0000079 seconds
2018-01-04T20:31:16.101+0800: 703.915: Total time for which application threads were stopped: 0.0000518 seconds, Stopping threads took: 0.0000066 seconds
2018-01-04T20:31:16.101+0800: 703.915: Total time for which application threads were stopped: 0.0000518 seconds, Stopping threads took: 0.0000069 seconds
2018-01-04T20:31:16.101+0800: 703.915: Total time for which application threads were stopped: 0.0000562 seconds, Stopping threads took: 0.0000101 seconds
2018-01-04T20:31:16.101+0800: 703.915: Total time for which application threads were stopped: 0.0000530 seconds, Stopping threads took: 0.0000073 seconds
2018-01-04T20:31:16.101+0800: 703.915: Total time for which application threads were stopped: 0.0000531 seconds, Stopping threads took: 0.0000079 seconds
2018-01-04T20:31:16.102+0800: 703.915: Total time for which application threads were stopped: 0.0000545 seconds, Stopping threads took: 0.0000076 seconds
2018-01-04T20:31:16.102+0800: 703.915: Total time for which application threads were stopped: 0.0000613 seconds, Stopping threads took: 0.0000166 seconds
2018-01-04T20:31:16.102+0800: 703.915: Total time for which application threads were stopped: 0.0000533 seconds, Stopping threads took: 0.0000078 seconds
2018-01-04T20:31:16.102+0800: 703.916: Total time for which application threads were stopped: 0.0002003 seconds, Stopping threads took: 0.0000136 seconds
2018-01-04T20:31:16.104+0800: 703.918: Total time for which application threads were stopped: 0.0001062 seconds, Stopping threads took: 0.0000175 seconds
2018-01-04T20:31:16.104+0800: 703.918: Total time for which application threads were stopped: 0.0000727 seconds, Stopping threads took: 0.0000094 seconds
{Heap before GC invocations=16 (full 2):
 par new generation   total 109248K, used 104219K [0x00000007a0000000, 0x00000007a8000000, 0x00000007a8000000)
  eden space 87424K, 100% used [0x00000007a0000000, 0x00000007a5560000, 0x00000007a5560000)
  from space 21824K,  76% used [0x00000007a5560000, 0x00000007a65c6e20, 0x00000007a6ab0000)
  to   space 21824K,   0% used [0x00000007a6ab0000, 0x00000007a6ab0000, 0x00000007a8000000)
 concurrent mark-sweep generation total 393216K, used 13166K [0x00000007a8000000, 0x00000007c0000000, 0x00000007c0000000)
 Metaspace       used 45972K, capacity 47307K, committed 47400K, reserved 1091584K
  class space    used 5347K, capacity 5670K, committed 5676K, reserved 1048576K
2018-01-04T20:31:16.122+0800: 703.936: [GC (Allocation Failure) 2018-01-04T20:31:16.122+0800: 703.936: [ParNew
Desired survivor size 20112992 bytes, new threshold 8 (max 8)
- age   1:    8916520 bytes,    8916520 total
- age   2:    4269984 bytes,   13186504 total
- age   3:    1176344 bytes,   14362848 total
- age   4:      85176 bytes,   14448024 total
- age   5:      91688 bytes,   14539712 total
- age   6:     146752 bytes,   14686464 total
- age   7:    4548928 bytes,   19235392 total
- age   8:     854512 bytes,   20089904 total
: 104219K->21824K(109248K), 0.0169163 secs] 117385K->37397K(502464K), 0.0169927 secs] [Times: user=0.06 sys=0.00, real=0.01 secs] 
Heap after GC invocations=17 (full 2):
 par new generation   total 109248K, used 21824K [0x00000007a0000000, 0x00000007a8000000, 0x00000007a8000000)
  eden space 87424K,   0% used [0x00000007a0000000, 0x00000007a0000000, 0x00000007a5560000)
  from space 21824K, 100% used [0x00000007a6ab0000, 0x00000007a8000000, 0x00000007a8000000)
  to   space 21824K,   0% used [0x00000007a5560000, 0x00000007a5560000, 0x00000007a6ab0000)
 concurrent mark-sweep generation total 393216K, used 15573K [0x00000007a8000000, 0x00000007c0000000, 0x00000007c0000000)
 Metaspace       used 45972K, capacity 47307K, committed 47400K, reserved 1091584K
  class space    used 5347K, capacity 5670K, committed 5676K, reserved 1048576K
}
2018-01-04T20:31:16.139+0800: 703.953: Total time for which application threads were stopped: 0.0172054 seconds, Stopping threads took: 0.0000161 seconds
2018-01-04T20:31:16.616+0800: 704.429: Total time for which application threads were stopped: 0.0007876 seconds, Stopping threads took: 0.0000218 seconds
2018-01-04T20:31:16.638+0800: 704.451: Total time for which application threads were stopped: 0.0001703 seconds, Stopping threads took: 0.0000208 seconds
2018-01-04T20:31:16.648+0800: 704.462: Total time for which application threads were stopped: 0.0006865 seconds, Stopping threads took: 0.0000201 seconds
2018-01-04T20:31:16.671+0800: 704.484: Total time for which application threads were stopped: 0.0001119 seconds, Stopping threads took: 0.0000166 seconds
2018-01-04T20:31:16.673+0800: 704.487: Total time for which application threads were stopped: 0.0001214 seconds, Stopping threads took: 0.0000330 seconds
2018-01-04T20:31:16.674+0800: 704.487: Total time for which application threads were stopped: 0.0000892 seconds, Stopping threads took: 0.0000250 seconds
2018-01-04T20:31:16.720+0800: 704.534: Total time for which application threads were stopped: 0.0007166 seconds, Stopping threads took: 0.0000218 seconds
2018-01-04T20:31:17.107+0800: 704.921: Total time for which application threads were stopped: 0.0003504 seconds, Stopping threads took: 0.0001504 seconds
2018-01-04T20:31:17.117+0800: 704.931: Total time for which application threads were stopped: 0.0001513 seconds, Stopping threads took: 0.0000338 seconds
2018-01-04T20:31:17.124+0800: 704.938: Total time for which application threads were stopped: 0.0001370 seconds, Stopping threads took: 0.0000204 seconds
2018-01-04T20:31:17.138+0800: 704.952: Total time for which application threads were stopped: 0.0001440 seconds, Stopping threads took: 0.0000207 seconds
2018-01-04T20:31:17.138+0800: 704.952: Total time for which application threads were stopped: 0.0001123 seconds, Stopping threads took: 0.0000146 seconds
2018-01-04T20:31:17.139+0800: 704.953: Total time for which application threads were stopped: 0.0001071 seconds, Stopping threads took: 0.0000106 seconds
2018-01-04T20:31:17.199+0800: 705.012: Total time for which application threads were stopped: 0.0004747 seconds, Stopping threads took: 0.0003614 seconds
2018-01-04T20:31:17.202+0800: 705.016: Total time for which application threads were stopped: 0.0001439 seconds, Stopping threads took: 0.0000304 seconds
2018-01-04T20:31:17.212+0800: 705.026: Total time for which application threads were stopped: 0.0001819 seconds, Stopping threads took: 0.0000195 seconds
2018-01-04T20:31:17.220+0800: 705.034: Total time for which application threads were stopped: 0.0001878 seconds, Stopping threads took: 0.0000455 seconds
2018-01-04T20:31:17.229+0800: 705.043: Total time for which application threads were stopped: 0.0002238 seconds, Stopping threads took: 0.0000819 seconds
2018-01-04T20:31:17.237+0800: 705.051: Total time for which application threads were stopped: 0.0001318 seconds, Stopping threads took: 0.0000211 seconds
2018-01-04T20:31:17.241+0800: 705.055: Total time for which application threads were stopped: 0.0001435 seconds, Stopping threads took: 0.0000193 seconds
2018-01-04T20:31:17.257+0800: 705.071: Total time for which application threads were stopped: 0.0001958 seconds, Stopping threads took: 0.0000339 seconds
2018-01-04T20:31:17.258+0800: 705.071: Total time for which application threads were stopped: 0.0001588 seconds, Stopping threads took: 0.0000366 seconds
2018-01-04T20:31:17.258+0800: 705.072: Total time for which application threads were stopped: 0.0001944 seconds, Stopping threads took: 0.0000823 seconds
2018-01-04T20:31:17.258+0800: 705.072: Total time for which application threads were stopped: 0.0001300 seconds, Stopping threads took: 0.0000313 seconds
2018-01-04T20:31:17.258+0800: 705.072: Total time for which application threads were stopped: 0.0001293 seconds, Stopping threads took: 0.0000290 seconds
2018-01-04T20:31:17.258+0800: 705.072: Total time for which application threads were stopped: 0.0001163 seconds, Stopping threads took: 0.0000284 seconds
2018-01-04T20:31:17.259+0800: 705.072: Total time for which application threads were stopped: 0.0002934 seconds, Stopping threads took: 0.0000289 seconds
2018-01-04T20:31:17.259+0800: 705.073: Total time for which application threads were stopped: 0.0001569 seconds, Stopping threads took: 0.0000250 seconds
2018-01-04T20:31:17.262+0800: 705.075: Total time for which application threads were stopped: 0.0001615 seconds, Stopping threads took: 0.0000319 seconds
2018-01-04T20:31:17.262+0800: 705.076: Total time for which application threads were stopped: 0.0001524 seconds, Stopping threads took: 0.0000349 seconds
2018-01-04T20:31:17.262+0800: 705.076: Total time for which application threads were stopped: 0.0001454 seconds, Stopping threads took: 0.0000281 seconds
2018-01-04T20:31:17.265+0800: 705.078: Total time for which application threads were stopped: 0.0012905 seconds, Stopping threads took: 0.0010981 seconds
2018-01-04T20:31:17.267+0800: 705.081: Total time for which application threads were stopped: 0.0011254 seconds, Stopping threads took: 0.0009788 seconds
2018-01-04T20:31:17.267+0800: 705.081: Total time for which application threads were stopped: 0.0001934 seconds, Stopping threads took: 0.0000411 seconds
2018-01-04T20:31:17.295+0800: 705.109: Total time for which application threads were stopped: 0.0003388 seconds, Stopping threads took: 0.0001889 seconds
2018-01-04T20:31:17.295+0800: 705.109: Total time for which application threads were stopped: 0.0001412 seconds, Stopping threads took: 0.0000232 seconds
2018-01-04T20:31:17.356+0800: 705.169: Total time for which application threads were stopped: 0.0002360 seconds, Stopping threads took: 0.0000406 seconds
2018-01-04T20:31:17.356+0800: 705.170: Total time for which application threads were stopped: 0.0001563 seconds, Stopping threads took: 0.0000255 seconds
2018-01-04T20:31:17.372+0800: 705.185: Total time for which application threads were stopped: 0.0001977 seconds, Stopping threads took: 0.0000387 seconds
2018-01-04T20:31:17.373+0800: 705.186: Total time for which application threads were stopped: 0.0001844 seconds, Stopping threads took: 0.0000298 seconds
2018-01-04T20:31:17.373+0800: 705.186: Total time for which application threads were stopped: 0.0001623 seconds, Stopping threads took: 0.0000269 seconds
2018-01-04T20:31:17.419+0800: 705.232: Total time for which application threads were stopped: 0.0002125 seconds, Stopping threads took: 0.0000413 seconds
2018-01-04T20:31:17.419+0800: 705.233: Total time for which application threads were stopped: 0.0001772 seconds, Stopping threads took: 0.0000494 seconds
2018-01-04T20:31:17.420+0800: 705.234: Total time for which application threads were stopped: 0.0001539 seconds, Stopping threads took: 0.0000289 seconds
2018-01-04T20:31:17.420+0800: 705.234: Total time for which application threads were stopped: 0.0001448 seconds, Stopping threads took: 0.0000332 seconds
2018-01-04T20:31:17.426+0800: 705.240: Total time for which application threads were stopped: 0.0001787 seconds, Stopping threads took: 0.0000317 seconds
2018-01-04T20:31:17.427+0800: 705.241: Total time for which application threads were stopped: 0.0001475 seconds, Stopping threads took: 0.0000186 seconds
2018-01-04T20:31:17.434+0800: 705.248: Total time for which application threads were stopped: 0.0009843 seconds, Stopping threads took: 0.0000334 seconds
2018-01-04T20:31:17.447+0800: 705.260: Total time for which application threads were stopped: 0.0062218 seconds, Stopping threads took: 0.0060224 seconds
2018-01-04T20:31:17.457+0800: 705.271: Total time for which application threads were stopped: 0.0004854 seconds, Stopping threads took: 0.0002315 seconds
2018-01-04T20:31:17.581+0800: 705.395: Total time for which application threads were stopped: 0.0003439 seconds, Stopping threads took: 0.0000564 seconds
2018-01-04T20:31:17.581+0800: 705.395: Total time for which application threads were stopped: 0.0001552 seconds, Stopping threads took: 0.0000330 seconds
2018-01-04T20:31:17.583+0800: 705.397: Total time for which application threads were stopped: 0.0002480 seconds, Stopping threads took: 0.0001133 seconds
2018-01-04T20:31:18.969+0800: 706.782: Total time for which application threads were stopped: 0.0001636 seconds, Stopping threads took: 0.0000316 seconds
2018-01-04T20:31:18.969+0800: 706.782: Total time for which application threads were stopped: 0.0000911 seconds, Stopping threads took: 0.0000104 seconds
2018-01-04T20:31:18.969+0800: 706.783: Total time for which application threads were stopped: 0.0000557 seconds, Stopping threads took: 0.0000066 seconds
2018-01-04T20:31:18.969+0800: 706.783: Total time for which application threads were stopped: 0.0000790 seconds, Stopping threads took: 0.0000084 seconds
2018-01-04T20:31:18.969+0800: 706.783: Total time for which application threads were stopped: 0.0000601 seconds, Stopping threads took: 0.0000064 seconds
2018-01-04T20:31:22.742+0800: 710.555: Total time for which application threads were stopped: 0.0002779 seconds, Stopping threads took: 0.0000477 seconds
2018-01-04T20:31:43.799+0800: 731.612: Total time for which application threads were stopped: 0.0002428 seconds, Stopping threads took: 0.0000454 seconds
2018-01-04T20:32:54.314+0800: 802.124: Total time for which application threads were stopped: 0.0003183 seconds, Stopping threads took: 0.0000735 seconds
2018-01-04T20:32:54.315+0800: 802.125: Total time for which application threads were stopped: 0.0002437 seconds, Stopping threads took: 0.0000319 seconds
2018-01-04T20:32:54.315+0800: 802.126: Total time for which application threads were stopped: 0.0002012 seconds, Stopping threads took: 0.0000240 seconds
2018-01-04T20:33:01.327+0800: 809.137: Total time for which application threads were stopped: 0.0001680 seconds, Stopping threads took: 0.0000378 seconds
2018-01-04T20:33:32.416+0800: 840.225: Total time for which application threads were stopped: 0.0001661 seconds, Stopping threads took: 0.0000289 seconds
2018-01-04T20:33:50.439+0800: 858.247: Total time for which application threads were stopped: 0.0001945 seconds, Stopping threads took: 0.0000531 seconds
2018-01-04T20:34:07.477+0800: 875.285: Total time for which application threads were stopped: 0.0004695 seconds, Stopping threads took: 0.0000706 seconds
2018-01-04T20:34:26.520+0800: 894.328: Total time for which application threads were stopped: 0.0002041 seconds, Stopping threads took: 0.0000377 seconds
2018-01-04T20:34:50.573+0800: 918.380: Total time for which application threads were stopped: 0.0003150 seconds, Stopping threads took: 0.0000688 seconds
2018-01-04T20:34:54.579+0800: 922.386: Total time for which application threads were stopped: 0.0005757 seconds, Stopping threads took: 0.0000497 seconds
2018-01-04T20:35:24.661+0800: 952.466: Total time for which application threads were stopped: 0.0003041 seconds, Stopping threads took: 0.0000438 seconds
2018-01-04T20:35:26.667+0800: 954.472: Total time for which application threads were stopped: 0.0002296 seconds, Stopping threads took: 0.0000418 seconds
2018-01-04T20:36:18.777+0800: 1006.581: Total time for which application threads were stopped: 0.0003046 seconds, Stopping threads took: 0.0000267 seconds
2018-01-04T20:36:43.846+0800: 1031.649: Total time for which application threads were stopped: 0.0002624 seconds, Stopping threads took: 0.0000485 seconds
2018-01-04T20:36:44.849+0800: 1032.654: Total time for which application threads were stopped: 0.0020665 seconds, Stopping threads took: 0.0000408 seconds
2018-01-04T20:38:22.579+0800: 1125.709: Total time for which application threads were stopped: 0.0001929 seconds, Stopping threads took: 0.0000259 seconds
2018-01-04T20:38:22.580+0800: 1125.709: Total time for which application threads were stopped: 0.0001277 seconds, Stopping threads took: 0.0000302 seconds
2018-01-04T20:38:22.592+0800: 1125.722: Total time for which application threads were stopped: 0.0002227 seconds, Stopping threads took: 0.0000873 seconds
2018-01-04T20:38:22.593+0800: 1125.722: Total time for which application threads were stopped: 0.0001436 seconds, Stopping threads took: 0.0000225 seconds
2018-01-04T20:38:22.597+0800: 1125.726: Total time for which application threads were stopped: 0.0001821 seconds, Stopping threads took: 0.0000379 seconds
2018-01-04T20:38:22.597+0800: 1125.727: Total time for which application threads were stopped: 0.0001497 seconds, Stopping threads took: 0.0000333 seconds
2018-01-04T20:38:22.597+0800: 1125.727: Total time for which application threads were stopped: 0.0001418 seconds, Stopping threads took: 0.0000512 seconds
2018-01-04T20:38:22.597+0800: 1125.727: Total time for which application threads were stopped: 0.0000902 seconds, Stopping threads took: 0.0000197 seconds
2018-01-04T20:38:22.598+0800: 1125.727: Total time for which application threads were stopped: 0.0001202 seconds, Stopping threads took: 0.0000233 seconds
2018-01-04T20:38:22.599+0800: 1125.728: Total time for which application threads were stopped: 0.0001728 seconds, Stopping threads took: 0.0000291 seconds
2018-01-04T20:38:22.600+0800: 1125.730: Total time for which application threads were stopped: 0.0001688 seconds, Stopping threads took: 0.0000256 seconds
2018-01-04T20:38:22.601+0800: 1125.731: Total time for which application threads were stopped: 0.0002241 seconds, Stopping threads took: 0.0000312 seconds
2018-01-04T20:38:22.601+0800: 1125.731: Total time for which application threads were stopped: 0.0001293 seconds, Stopping threads took: 0.0000146 seconds
2018-01-04T20:38:22.601+0800: 1125.731: Total time for which application threads were stopped: 0.0001074 seconds, Stopping threads took: 0.0000224 seconds
2018-01-04T20:38:22.602+0800: 1125.731: Total time for which application threads were stopped: 0.0001043 seconds, Stopping threads took: 0.0000194 seconds
2018-01-04T20:38:22.602+0800: 1125.731: Total time for which application threads were stopped: 0.0000977 seconds, Stopping threads took: 0.0000209 seconds
2018-01-04T20:38:22.602+0800: 1125.732: Total time for which application threads were stopped: 0.0004862 seconds, Stopping threads took: 0.0000201 seconds
2018-01-04T20:38:22.611+0800: 1125.741: Total time for which application threads were stopped: 0.0002091 seconds, Stopping threads took: 0.0000408 seconds
2018-01-04T20:38:22.611+0800: 1125.741: Total time for which application threads were stopped: 0.0001519 seconds, Stopping threads took: 0.0000220 seconds
2018-01-04T20:38:22.620+0800: 1125.750: Total time for which application threads were stopped: 0.0001611 seconds, Stopping threads took: 0.0000242 seconds
2018-01-04T20:38:22.621+0800: 1125.751: Total time for which application threads were stopped: 0.0001173 seconds, Stopping threads took: 0.0000155 seconds
2018-01-04T20:38:26.632+0800: 1129.762: Total time for which application threads were stopped: 0.0001939 seconds, Stopping threads took: 0.0000291 seconds
2018-01-04T20:38:26.665+0800: 1129.795: Total time for which application threads were stopped: 0.0003351 seconds, Stopping threads took: 0.0000445 seconds
2018-01-04T20:38:26.674+0800: 1129.803: Total time for which application threads were stopped: 0.0009231 seconds, Stopping threads took: 0.0000823 seconds
2018-01-04T20:38:26.674+0800: 1129.804: Total time for which application threads were stopped: 0.0002142 seconds, Stopping threads took: 0.0001069 seconds
2018-01-04T20:38:26.683+0800: 1129.812: Total time for which application threads were stopped: 0.0010943 seconds, Stopping threads took: 0.0009385 seconds
2018-01-04T20:38:26.683+0800: 1129.813: Total time for which application threads were stopped: 0.0003913 seconds, Stopping threads took: 0.0000562 seconds
2018-01-04T20:38:26.706+0800: 1129.835: Total time for which application threads were stopped: 0.0002738 seconds, Stopping threads took: 0.0000515 seconds
2018-01-04T20:38:26.706+0800: 1129.836: Total time for which application threads were stopped: 0.0002122 seconds, Stopping threads took: 0.0000798 seconds
2018-01-04T20:38:26.720+0800: 1129.849: Total time for which application threads were stopped: 0.0002132 seconds, Stopping threads took: 0.0000396 seconds
2018-01-04T20:38:26.720+0800: 1129.849: Total time for which application threads were stopped: 0.0002796 seconds, Stopping threads took: 0.0000271 seconds
2018-01-04T20:38:27.725+0800: 1130.855: Total time for which application threads were stopped: 0.0002389 seconds, Stopping threads took: 0.0000405 seconds
2018-01-04T20:38:28.146+0800: 1131.275: Total time for which application threads were stopped: 0.0001869 seconds, Stopping threads took: 0.0000410 seconds
2018-01-04T20:38:28.146+0800: 1131.276: Total time for which application threads were stopped: 0.0001529 seconds, Stopping threads took: 0.0000166 seconds
2018-01-04T20:38:28.159+0800: 1131.288: Total time for which application threads were stopped: 0.0003983 seconds, Stopping threads took: 0.0002469 seconds
2018-01-04T20:38:28.159+0800: 1131.288: Total time for which application threads were stopped: 0.0001180 seconds, Stopping threads took: 0.0000123 seconds
2018-01-04T20:38:29.572+0800: 1132.701: Total time for which application threads were stopped: 0.0002264 seconds, Stopping threads took: 0.0000488 seconds
2018-01-04T20:38:29.572+0800: 1132.702: Total time for which application threads were stopped: 0.0002871 seconds, Stopping threads took: 0.0000827 seconds
2018-01-04T20:38:29.588+0800: 1132.717: Total time for which application threads were stopped: 0.0005239 seconds, Stopping threads took: 0.0000438 seconds
2018-01-04T20:38:29.588+0800: 1132.718: Total time for which application threads were stopped: 0.0003444 seconds, Stopping threads took: 0.0000204 seconds
2018-01-04T20:38:29.589+0800: 1132.718: Total time for which application threads were stopped: 0.0004469 seconds, Stopping threads took: 0.0001008 seconds
2018-01-04T20:38:30.592+0800: 1133.721: Total time for which application threads were stopped: 0.0003314 seconds, Stopping threads took: 0.0000462 seconds
2018-01-04T20:38:30.770+0800: 1133.899: Total time for which application threads were stopped: 0.0001763 seconds, Stopping threads took: 0.0000221 seconds
2018-01-04T20:38:30.770+0800: 1133.900: Total time for which application threads were stopped: 0.0001932 seconds, Stopping threads took: 0.0000158 seconds
2018-01-04T20:38:30.783+0800: 1133.912: Total time for which application threads were stopped: 0.0001665 seconds, Stopping threads took: 0.0000250 seconds
2018-01-04T20:38:30.783+0800: 1133.913: Total time for which application threads were stopped: 0.0001508 seconds, Stopping threads took: 0.0000169 seconds
{Heap before GC invocations=17 (full 2):
 par new generation   total 109248K, used 109233K [0x00000007a0000000, 0x00000007a8000000, 0x00000007a8000000)
  eden space 87424K,  99% used [0x00000007a0000000, 0x00000007a555c5a8, 0x00000007a5560000)
  from space 21824K, 100% used [0x00000007a6ab0000, 0x00000007a8000000, 0x00000007a8000000)
  to   space 21824K,   0% used [0x00000007a5560000, 0x00000007a5560000, 0x00000007a6ab0000)
 concurrent mark-sweep generation total 393216K, used 15573K [0x00000007a8000000, 0x00000007c0000000, 0x00000007c0000000)
 Metaspace       used 49655K, capacity 51029K, committed 51112K, reserved 1093632K
  class space    used 5711K, capacity 6043K, committed 6060K, reserved 1048576K
2018-01-04T20:38:30.818+0800: 1133.947: [GC (Allocation Failure) 2018-01-04T20:38:30.818+0800: 1133.948: [ParNew
Desired survivor size 20112992 bytes, new threshold 8 (max 8)
- age   1:    6769224 bytes,    6769224 total
- age   2:    3651664 bytes,   10420888 total
- age   3:    3975536 bytes,   14396424 total
- age   4:    1176104 bytes,   15572528 total
- age   5:      85176 bytes,   15657704 total
- age   6:      91624 bytes,   15749328 total
- age   7:     146752 bytes,   15896080 total
- age   8:    4543288 bytes,   20439368 total
: 109233K->21824K(109248K), 0.1417461 secs] 124807K->39483K(502464K), 0.1419297 secs] [Times: user=0.11 sys=0.23, real=0.15 secs] 
Heap after GC invocations=18 (full 2):
 par new generation   total 109248K, used 21824K [0x00000007a0000000, 0x00000007a8000000, 0x00000007a8000000)
  eden space 87424K,   0% used [0x00000007a0000000, 0x00000007a0000000, 0x00000007a5560000)
  from space 21824K, 100% used [0x00000007a5560000, 0x00000007a6ab0000, 0x00000007a6ab0000)
  to   space 21824K,   0% used [0x00000007a6ab0000, 0x00000007a6ab0000, 0x00000007a8000000)
 concurrent mark-sweep generation total 393216K, used 17659K [0x00000007a8000000, 0x00000007c0000000, 0x00000007c0000000)
 Metaspace       used 49655K, capacity 51029K, committed 51112K, reserved 1093632K
  class space    used 5711K, capacity 6043K, committed 6060K, reserved 1048576K
}
2018-01-04T20:38:30.960+0800: 1134.089: Total time for which application threads were stopped: 0.1422389 seconds, Stopping threads took: 0.0000261 seconds
2018-01-04T20:38:30.961+0800: 1134.091: Total time for which application threads were stopped: 0.0001704 seconds, Stopping threads took: 0.0000446 seconds
2018-01-04T20:38:31.967+0800: 1135.096: Total time for which application threads were stopped: 0.0002992 seconds, Stopping threads took: 0.0000401 seconds
2018-01-04T20:38:45.841+0800: 1148.970: Total time for which application threads were stopped: 0.0001861 seconds, Stopping threads took: 0.0000422 seconds
2018-01-04T20:38:45.841+0800: 1148.970: Total time for which application threads were stopped: 0.0000822 seconds, Stopping threads took: 0.0000059 seconds
2018-01-04T20:38:45.850+0800: 1148.979: Total time for which application threads were stopped: 0.0001548 seconds, Stopping threads took: 0.0000211 seconds
2018-01-04T20:38:45.850+0800: 1148.979: Total time for which application threads were stopped: 0.0001012 seconds, Stopping threads took: 0.0000126 seconds
2018-01-04T20:38:46.851+0800: 1149.979: Total time for which application threads were stopped: 0.0002048 seconds, Stopping threads took: 0.0000365 seconds
2018-01-04T20:38:52.939+0800: 1156.068: Total time for which application threads were stopped: 0.0001701 seconds, Stopping threads took: 0.0000474 seconds
2018-01-04T20:38:52.940+0800: 1156.068: Total time for which application threads were stopped: 0.0002400 seconds, Stopping threads took: 0.0001343 seconds
2018-01-04T20:38:52.940+0800: 1156.068: Total time for which application threads were stopped: 0.0001829 seconds, Stopping threads took: 0.0000648 seconds
2018-01-04T20:38:52.940+0800: 1156.069: Total time for which application threads were stopped: 0.0000930 seconds, Stopping threads took: 0.0000217 seconds
2018-01-04T20:38:52.940+0800: 1156.069: Total time for which application threads were stopped: 0.0000997 seconds, Stopping threads took: 0.0000256 seconds
2018-01-04T20:38:52.941+0800: 1156.070: Total time for which application threads were stopped: 0.0001670 seconds, Stopping threads took: 0.0000223 seconds
2018-01-04T20:38:52.941+0800: 1156.070: Total time for which application threads were stopped: 0.0001357 seconds, Stopping threads took: 0.0000139 seconds
2018-01-04T20:38:52.942+0800: 1156.070: Total time for which application threads were stopped: 0.0001457 seconds, Stopping threads took: 0.0000273 seconds
2018-01-04T20:38:52.942+0800: 1156.070: Total time for which application threads were stopped: 0.0000935 seconds, Stopping threads took: 0.0000112 seconds
2018-01-04T20:38:52.942+0800: 1156.071: Total time for which application threads were stopped: 0.0001316 seconds, Stopping threads took: 0.0000123 seconds
2018-01-04T20:38:52.942+0800: 1156.071: Total time for which application threads were stopped: 0.0000999 seconds, Stopping threads took: 0.0000107 seconds
2018-01-04T20:38:52.942+0800: 1156.071: Total time for which application threads were stopped: 0.0000847 seconds, Stopping threads took: 0.0000114 seconds
2018-01-04T20:38:52.942+0800: 1156.071: Total time for which application threads were stopped: 0.0000919 seconds, Stopping threads took: 0.0000099 seconds
2018-01-04T20:38:52.944+0800: 1156.072: Total time for which application threads were stopped: 0.0001405 seconds, Stopping threads took: 0.0000347 seconds
2018-01-04T20:38:52.944+0800: 1156.073: Total time for which application threads were stopped: 0.0001289 seconds, Stopping threads took: 0.0000287 seconds
2018-01-04T20:38:52.955+0800: 1156.084: Total time for which application threads were stopped: 0.0001721 seconds, Stopping threads took: 0.0000391 seconds
2018-01-04T20:38:52.956+0800: 1156.084: Total time for which application threads were stopped: 0.0001055 seconds, Stopping threads took: 0.0000228 seconds
2018-01-04T20:38:52.966+0800: 1156.094: Total time for which application threads were stopped: 0.0001624 seconds, Stopping threads took: 0.0000290 seconds
2018-01-04T20:38:52.966+0800: 1156.095: Total time for which application threads were stopped: 0.0001093 seconds, Stopping threads took: 0.0000106 seconds
2018-01-04T20:38:53.968+0800: 1157.096: Total time for which application threads were stopped: 0.0002705 seconds, Stopping threads took: 0.0000445 seconds
2018-01-04T20:39:10.298+0800: 1173.426: Total time for which application threads were stopped: 0.0009016 seconds, Stopping threads took: 0.0000237 seconds
2018-01-04T20:39:10.301+0800: 1173.429: Total time for which application threads were stopped: 0.0002256 seconds, Stopping threads took: 0.0000316 seconds
2018-01-04T20:39:10.310+0800: 1173.438: Total time for which application threads were stopped: 0.0001918 seconds, Stopping threads took: 0.0000238 seconds
2018-01-04T20:39:10.310+0800: 1173.438: Total time for which application threads were stopped: 0.0001943 seconds, Stopping threads took: 0.0000329 seconds
2018-01-04T20:39:10.336+0800: 1173.464: Total time for which application threads were stopped: 0.0001880 seconds, Stopping threads took: 0.0000248 seconds
2018-01-04T20:39:10.336+0800: 1173.464: Total time for which application threads were stopped: 0.0001396 seconds, Stopping threads took: 0.0000143 seconds
2018-01-04T20:39:10.337+0800: 1173.465: Total time for which application threads were stopped: 0.0001774 seconds, Stopping threads took: 0.0000228 seconds
2018-01-04T20:39:10.339+0800: 1173.467: Total time for which application threads were stopped: 0.0002437 seconds, Stopping threads took: 0.0000809 seconds
2018-01-04T20:39:10.340+0800: 1173.468: Total time for which application threads were stopped: 0.0002299 seconds, Stopping threads took: 0.0000184 seconds
2018-01-04T20:39:10.341+0800: 1173.468: Total time for which application threads were stopped: 0.0002792 seconds, Stopping threads took: 0.0001300 seconds
2018-01-04T20:39:10.341+0800: 1173.469: Total time for which application threads were stopped: 0.0002644 seconds, Stopping threads took: 0.0001218 seconds
2018-01-04T20:39:10.342+0800: 1173.470: Total time for which application threads were stopped: 0.0001742 seconds, Stopping threads took: 0.0000413 seconds
2018-01-04T20:39:10.342+0800: 1173.470: Total time for which application threads were stopped: 0.0001213 seconds, Stopping threads took: 0.0000119 seconds
2018-01-04T20:39:10.343+0800: 1173.471: Total time for which application threads were stopped: 0.0001274 seconds, Stopping threads took: 0.0000110 seconds
2018-01-04T20:39:10.343+0800: 1173.471: Total time for which application threads were stopped: 0.0001398 seconds, Stopping threads took: 0.0000264 seconds
2018-01-04T20:39:10.344+0800: 1173.472: Total time for which application threads were stopped: 0.0001724 seconds, Stopping threads took: 0.0000223 seconds
2018-01-04T20:39:11.349+0800: 1174.477: Total time for which application threads were stopped: 0.0001679 seconds, Stopping threads took: 0.0000299 seconds
2018-01-04T20:39:15.360+0800: 1178.487: Total time for which application threads were stopped: 0.0003356 seconds, Stopping threads took: 0.0000526 seconds
2018-01-04T20:39:40.734+0800: 1203.860: Total time for which application threads were stopped: 0.0001498 seconds, Stopping threads took: 0.0000214 seconds
2018-01-04T20:39:41.738+0800: 1204.864: Total time for which application threads were stopped: 0.0003153 seconds, Stopping threads took: 0.0000922 seconds
2018-01-04T20:40:01.399+0800: 1224.525: Total time for which application threads were stopped: 0.0001691 seconds, Stopping threads took: 0.0000364 seconds
2018-01-04T20:40:01.402+0800: 1224.528: Total time for which application threads were stopped: 0.0001553 seconds, Stopping threads took: 0.0000216 seconds
2018-01-04T20:40:01.403+0800: 1224.528: Total time for which application threads were stopped: 0.0002230 seconds, Stopping threads took: 0.0000978 seconds
2018-01-04T20:40:01.405+0800: 1224.531: Total time for which application threads were stopped: 0.0001559 seconds, Stopping threads took: 0.0000298 seconds
2018-01-04T20:40:01.407+0800: 1224.533: Total time for which application threads were stopped: 0.0001668 seconds, Stopping threads took: 0.0000591 seconds
2018-01-04T20:40:02.411+0800: 1225.536: Total time for which application threads were stopped: 0.0001625 seconds, Stopping threads took: 0.0000314 seconds
2018-01-04T20:41:03.553+0800: 1286.676: Total time for which application threads were stopped: 0.0002849 seconds, Stopping threads took: 0.0000613 seconds
2018-01-04T20:41:19.020+0800: 1302.143: Total time for which application threads were stopped: 0.0002855 seconds, Stopping threads took: 0.0000442 seconds
2018-01-04T20:41:19.021+0800: 1302.144: Total time for which application threads were stopped: 0.0003059 seconds, Stopping threads took: 0.0001003 seconds
2018-01-04T20:43:20.453+0800: 1423.571: Total time for which application threads were stopped: 0.0002843 seconds, Stopping threads took: 0.0000435 seconds
2018-01-04T20:45:49.918+0800: 1573.029: Total time for which application threads were stopped: 0.0003395 seconds, Stopping threads took: 0.0000472 seconds
2018-01-04T20:46:00.943+0800: 1584.055: Total time for which application threads were stopped: 0.0002026 seconds, Stopping threads took: 0.0000392 seconds
2018-01-04T20:46:00.971+0800: 1584.082: Total time for which application threads were stopped: 0.0001765 seconds, Stopping threads took: 0.0000281 seconds
2018-01-04T20:46:01.972+0800: 1585.083: Total time for which application threads were stopped: 0.0003679 seconds, Stopping threads took: 0.0000890 seconds
2018-01-04T20:46:44.081+0800: 1627.190: Total time for which application threads were stopped: 0.0002111 seconds, Stopping threads took: 0.0000372 seconds
2018-01-04T20:46:45.082+0800: 1628.192: Total time for which application threads were stopped: 0.0001482 seconds, Stopping threads took: 0.0000277 seconds
2018-01-04T20:47:09.064+0800: 1652.172: Total time for which application threads were stopped: 0.0004364 seconds, Stopping threads took: 0.0000635 seconds
2018-01-04T20:47:09.064+0800: 1652.173: Total time for which application threads were stopped: 0.0002466 seconds, Stopping threads took: 0.0000359 seconds
2018-01-04T20:47:37.989+0800: 1681.096: Total time for which application threads were stopped: 0.0004550 seconds, Stopping threads took: 0.0000564 seconds
2018-01-04T20:47:38.004+0800: 1681.111: Total time for which application threads were stopped: 0.0002950 seconds, Stopping threads took: 0.0000908 seconds
2018-01-04T20:47:39.004+0800: 1682.111: Total time for which application threads were stopped: 0.0003698 seconds, Stopping threads took: 0.0000411 seconds
2018-01-04T20:47:55.661+0800: 1698.768: Total time for which application threads were stopped: 0.0003205 seconds, Stopping threads took: 0.0000325 seconds
2018-01-04T20:47:55.664+0800: 1698.771: Total time for which application threads were stopped: 0.0001958 seconds, Stopping threads took: 0.0000270 seconds
2018-01-04T20:47:56.664+0800: 1699.771: Total time for which application threads were stopped: 0.0002382 seconds, Stopping threads took: 0.0000537 seconds
2018-01-04T20:48:46.816+0800: 1749.921: Total time for which application threads were stopped: 0.0002424 seconds, Stopping threads took: 0.0000615 seconds
2018-01-04T20:48:49.073+0800: 1752.177: Total time for which application threads were stopped: 0.0003391 seconds, Stopping threads took: 0.0000883 seconds
2018-01-04T20:50:36.394+0800: 1859.495: Total time for which application threads were stopped: 0.0003180 seconds, Stopping threads took: 0.0000699 seconds
2018-01-04T20:51:47.567+0800: 1930.664: Total time for which application threads were stopped: 0.0001575 seconds, Stopping threads took: 0.0000330 seconds
2018-01-04T20:54:12.020+0800: 2075.112: Total time for which application threads were stopped: 0.0003353 seconds, Stopping threads took: 0.0000500 seconds
2018-01-04T20:56:33.691+0800: 2216.776: Total time for which application threads were stopped: 0.0001854 seconds, Stopping threads took: 0.0000264 seconds
2018-01-04T20:56:34.692+0800: 2217.778: Total time for which application threads were stopped: 0.0002328 seconds, Stopping threads took: 0.0000449 seconds
2018-01-04T20:56:48.735+0800: 2231.820: Total time for which application threads were stopped: 0.0002638 seconds, Stopping threads took: 0.0000769 seconds
2018-01-04T20:57:59.136+0800: 2302.218: Total time for which application threads were stopped: 0.0003248 seconds, Stopping threads took: 0.0000513 seconds
2018-01-04T20:57:59.136+0800: 2302.219: Total time for which application threads were stopped: 0.0002413 seconds, Stopping threads took: 0.0000414 seconds
2018-01-04T20:58:20.218+0800: 2323.300: Total time for which application threads were stopped: 0.0003134 seconds, Stopping threads took: 0.0000469 seconds
2018-01-04T20:58:38.269+0800: 2341.350: Total time for which application threads were stopped: 0.0002480 seconds, Stopping threads took: 0.0000403 seconds
2018-01-04T20:58:52.320+0800: 2355.400: Total time for which application threads were stopped: 0.0002261 seconds, Stopping threads took: 0.0000386 seconds
2018-01-04T21:01:03.726+0800: 2486.800: Total time for which application threads were stopped: 0.0002333 seconds, Stopping threads took: 0.0000471 seconds
2018-01-04T21:01:13.744+0800: 2496.819: Total time for which application threads were stopped: 0.0002599 seconds, Stopping threads took: 0.0000442 seconds
2018-01-04T21:01:14.749+0800: 2497.823: Total time for which application threads were stopped: 0.0002281 seconds, Stopping threads took: 0.0000382 seconds
2018-01-04T21:01:20.775+0800: 2503.849: Total time for which application threads were stopped: 0.0002996 seconds, Stopping threads took: 0.0000444 seconds
2018-01-04T21:02:58.063+0800: 2601.133: Total time for which application threads were stopped: 0.0002214 seconds, Stopping threads took: 0.0000386 seconds
2018-01-04T21:04:01.113+0800: 2664.181: Total time for which application threads were stopped: 0.0002288 seconds, Stopping threads took: 0.0000382 seconds
2018-01-04T21:04:01.118+0800: 2664.185: Total time for which application threads were stopped: 0.0001798 seconds, Stopping threads took: 0.0000236 seconds
2018-01-04T21:04:01.121+0800: 2664.189: Total time for which application threads were stopped: 0.0001924 seconds, Stopping threads took: 0.0000302 seconds
2018-01-04T21:04:01.123+0800: 2664.191: Total time for which application threads were stopped: 0.0001858 seconds, Stopping threads took: 0.0000219 seconds
2018-01-04T21:04:01.125+0800: 2664.193: Total time for which application threads were stopped: 0.0001905 seconds, Stopping threads took: 0.0000302 seconds
2018-01-04T21:04:01.126+0800: 2664.194: Total time for which application threads were stopped: 0.0001440 seconds, Stopping threads took: 0.0000180 seconds
2018-01-04T21:04:01.126+0800: 2664.194: Total time for which application threads were stopped: 0.0001228 seconds, Stopping threads took: 0.0000127 seconds
2018-01-04T21:04:01.128+0800: 2664.196: Total time for which application threads were stopped: 0.0002115 seconds, Stopping threads took: 0.0000459 seconds
2018-01-04T21:04:01.129+0800: 2664.197: Total time for which application threads were stopped: 0.0001678 seconds, Stopping threads took: 0.0000230 seconds
2018-01-04T21:04:01.130+0800: 2664.198: Total time for which application threads were stopped: 0.0002044 seconds, Stopping threads took: 0.0000645 seconds
2018-01-04T21:04:02.131+0800: 2665.198: Total time for which application threads were stopped: 0.0002097 seconds, Stopping threads took: 0.0000393 seconds
2018-01-04T21:04:13.161+0800: 2676.230: Total time for which application threads were stopped: 0.0019206 seconds, Stopping threads took: 0.0000387 seconds
2018-01-04T21:04:22.185+0800: 2685.252: Total time for which application threads were stopped: 0.0003565 seconds, Stopping threads took: 0.0000571 seconds
2018-01-04T21:04:34.238+0800: 2697.304: Total time for which application threads were stopped: 0.0002079 seconds, Stopping threads took: 0.0000403 seconds
2018-01-04T21:04:34.245+0800: 2697.311: Total time for which application threads were stopped: 0.0001405 seconds, Stopping threads took: 0.0000298 seconds
2018-01-04T21:04:35.248+0800: 2698.314: Total time for which application threads were stopped: 0.0002195 seconds, Stopping threads took: 0.0000462 seconds
2018-01-04T21:04:36.197+0800: 2699.264: Total time for which application threads were stopped: 0.0003224 seconds, Stopping threads took: 0.0000252 seconds
2018-01-04T21:04:37.198+0800: 2700.265: Total time for which application threads were stopped: 0.0001659 seconds, Stopping threads took: 0.0000273 seconds
2018-01-04T21:05:05.260+0800: 2728.325: Total time for which application threads were stopped: 0.0002092 seconds, Stopping threads took: 0.0000370 seconds
2018-01-04T21:05:29.175+0800: 2752.239: Total time for which application threads were stopped: 0.0002448 seconds, Stopping threads took: 0.0000488 seconds
2018-01-04T21:05:30.178+0800: 2753.242: Total time for which application threads were stopped: 0.0002131 seconds, Stopping threads took: 0.0000379 seconds
2018-01-04T21:05:30.931+0800: 2753.995: Total time for which application threads were stopped: 0.0001354 seconds, Stopping threads took: 0.0000200 seconds
2018-01-04T21:05:55.817+0800: 2778.880: Total time for which application threads were stopped: 0.0006758 seconds, Stopping threads took: 0.0001491 seconds
2018-01-04T21:05:55.830+0800: 2778.893: Total time for which application threads were stopped: 0.0001762 seconds, Stopping threads took: 0.0000433 seconds
2018-01-04T21:05:55.830+0800: 2778.893: Total time for which application threads were stopped: 0.0001553 seconds, Stopping threads took: 0.0000269 seconds
2018-01-04T21:05:55.831+0800: 2778.894: Total time for which application threads were stopped: 0.0001558 seconds, Stopping threads took: 0.0000158 seconds
2018-01-04T21:05:55.832+0800: 2778.895: Total time for which application threads were stopped: 0.0001491 seconds, Stopping threads took: 0.0000148 seconds
2018-01-04T21:05:55.834+0800: 2778.897: Total time for which application threads were stopped: 0.0001769 seconds, Stopping threads took: 0.0000386 seconds
2018-01-04T21:07:09.186+0800: 2852.246: Total time for which application threads were stopped: 0.0002284 seconds, Stopping threads took: 0.0000464 seconds
2018-01-04T21:07:09.187+0800: 2852.247: Total time for which application threads were stopped: 0.0003159 seconds, Stopping threads took: 0.0000743 seconds
2018-01-04T21:07:09.187+0800: 2852.248: Total time for which application threads were stopped: 0.0002485 seconds, Stopping threads took: 0.0000546 seconds
2018-01-04T21:07:09.188+0800: 2852.248: Total time for which application threads were stopped: 0.0002572 seconds, Stopping threads took: 0.0000648 seconds
2018-01-04T21:12:48.804+0800: 3191.850: Total time for which application threads were stopped: 0.0002839 seconds, Stopping threads took: 0.0001014 seconds
2018-01-04T21:12:48.815+0800: 3191.861: Total time for which application threads were stopped: 0.0002771 seconds, Stopping threads took: 0.0000793 seconds
2018-01-04T21:12:48.816+0800: 3191.863: Total time for which application threads were stopped: 0.0003241 seconds, Stopping threads took: 0.0000381 seconds
2018-01-04T21:12:48.819+0800: 3191.865: Total time for which application threads were stopped: 0.0005085 seconds, Stopping threads took: 0.0000418 seconds
2018-01-04T21:12:48.826+0800: 3191.873: Total time for which application threads were stopped: 0.0002038 seconds, Stopping threads took: 0.0000474 seconds
2018-01-04T21:12:49.831+0800: 3192.877: Total time for which application threads were stopped: 0.0002192 seconds, Stopping threads took: 0.0000389 seconds
2018-01-04T21:13:28.878+0800: 3231.923: Total time for which application threads were stopped: 0.0002127 seconds, Stopping threads took: 0.0000453 seconds
2018-01-04T21:13:28.882+0800: 3231.927: Total time for which application threads were stopped: 0.0002339 seconds, Stopping threads took: 0.0000431 seconds
2018-01-04T21:13:28.896+0800: 3231.941: Total time for which application threads were stopped: 0.0001815 seconds, Stopping threads took: 0.0000420 seconds
2018-01-04T21:13:28.905+0800: 3231.950: Total time for which application threads were stopped: 0.0001955 seconds, Stopping threads took: 0.0000256 seconds
2018-01-04T21:13:33.165+0800: 3236.210: Total time for which application threads were stopped: 0.0002377 seconds, Stopping threads took: 0.0000441 seconds
2018-01-04T21:13:33.187+0800: 3236.232: Total time for which application threads were stopped: 0.0001944 seconds, Stopping threads took: 0.0000297 seconds
2018-01-04T21:13:34.188+0800: 3237.232: Total time for which application threads were stopped: 0.0002165 seconds, Stopping threads took: 0.0000387 seconds
2018-01-04T21:13:38.277+0800: 3241.321: Total time for which application threads were stopped: 0.0002312 seconds, Stopping threads took: 0.0000277 seconds
2018-01-04T21:13:49.244+0800: 3252.288: Total time for which application threads were stopped: 0.0002677 seconds, Stopping threads took: 0.0000550 seconds
2018-01-04T21:14:21.486+0800: 3284.529: Total time for which application threads were stopped: 0.0002132 seconds, Stopping threads took: 0.0000271 seconds
2018-01-04T21:14:22.487+0800: 3285.529: Total time for which application threads were stopped: 0.0003126 seconds, Stopping threads took: 0.0000429 seconds
2018-01-04T21:14:39.529+0800: 3302.571: Total time for which application threads were stopped: 0.0002207 seconds, Stopping threads took: 0.0000391 seconds
2018-01-04T21:15:29.256+0800: 3352.296: Total time for which application threads were stopped: 0.0003139 seconds, Stopping threads took: 0.0000393 seconds
2018-01-04T21:16:40.468+0800: 3423.506: Total time for which application threads were stopped: 0.0002156 seconds, Stopping threads took: 0.0000390 seconds
2018-01-04T21:18:49.808+0800: 3552.840: Total time for which application threads were stopped: 0.0002703 seconds, Stopping threads took: 0.0000386 seconds
2018-01-04T21:18:54.822+0800: 3557.854: Total time for which application threads were stopped: 0.0001559 seconds, Stopping threads took: 0.0000349 seconds
2018-01-04T21:18:55.827+0800: 3558.859: Total time for which application threads were stopped: 0.0003922 seconds, Stopping threads took: 0.0000440 seconds
{Heap before GC invocations=18 (full 2):
 par new generation   total 109248K, used 109248K [0x00000007a0000000, 0x00000007a8000000, 0x00000007a8000000)
  eden space 87424K, 100% used [0x00000007a0000000, 0x00000007a5560000, 0x00000007a5560000)
  from space 21824K, 100% used [0x00000007a5560000, 0x00000007a6ab0000, 0x00000007a6ab0000)
  to   space 21824K,   0% used [0x00000007a6ab0000, 0x00000007a6ab0000, 0x00000007a8000000)
 concurrent mark-sweep generation total 393216K, used 17659K [0x00000007a8000000, 0x00000007c0000000, 0x00000007c0000000)
 Metaspace       used 50689K, capacity 52169K, committed 52520K, reserved 1095680K
  class space    used 5805K, capacity 6145K, committed 6188K, reserved 1048576K
2018-01-04T21:18:56.425+0800: 3559.457: [GC (Allocation Failure) 2018-01-04T21:18:56.425+0800: 3559.457: [ParNew
Desired survivor size 20112992 bytes, new threshold 8 (max 8)
- age   1:    3913472 bytes,    3913472 total
- age   2:    3807640 bytes,    7721112 total
- age   3:    3650448 bytes,   11371560 total
- age   4:    3961936 bytes,   15333496 total
- age   5:    1175944 bytes,   16509440 total
- age   6:      85176 bytes,   16594616 total
- age   7:      91384 bytes,   16686000 total
- age   8:     146240 bytes,   16832240 total
: 109248K->21824K(109248K), 0.0865163 secs] 126907K->43920K(502464K), 0.0866131 secs] [Times: user=0.11 sys=0.01, real=0.09 secs] 
Heap after GC invocations=19 (full 2):
 par new generation   total 109248K, used 21824K [0x00000007a0000000, 0x00000007a8000000, 0x00000007a8000000)
  eden space 87424K,   0% used [0x00000007a0000000, 0x00000007a0000000, 0x00000007a5560000)
  from space 21824K, 100% used [0x00000007a6ab0000, 0x00000007a8000000, 0x00000007a8000000)
  to   space 21824K,   0% used [0x00000007a5560000, 0x00000007a5560000, 0x00000007a6ab0000)
 concurrent mark-sweep generation total 393216K, used 22096K [0x00000007a8000000, 0x00000007c0000000, 0x00000007c0000000)
 Metaspace       used 50689K, capacity 52169K, committed 52520K, reserved 1095680K
  class space    used 5805K, capacity 6145K, committed 6188K, reserved 1048576K
}
2018-01-04T21:18:56.512+0800: 3559.544: Total time for which application threads were stopped: 0.0880241 seconds, Stopping threads took: 0.0010710 seconds
2018-01-04T21:18:56.514+0800: 3559.545: Total time for which application threads were stopped: 0.0002971 seconds, Stopping threads took: 0.0000443 seconds
2018-01-04T21:18:56.514+0800: 3559.546: Total time for which application threads were stopped: 0.0004896 seconds, Stopping threads took: 0.0002647 seconds
2018-01-04T21:18:56.522+0800: 3559.554: Total time for which application threads were stopped: 0.0003132 seconds, Stopping threads took: 0.0000917 seconds
{Heap before GC invocations=19 (full 2):
 par new generation   total 109248K, used 109245K [0x00000007a0000000, 0x00000007a8000000, 0x00000007a8000000)
  eden space 87424K,  99% used [0x00000007a0000000, 0x00000007a555f418, 0x00000007a5560000)
  from space 21824K, 100% used [0x00000007a6ab0000, 0x00000007a8000000, 0x00000007a8000000)
  to   space 21824K,   0% used [0x00000007a5560000, 0x00000007a5560000, 0x00000007a6ab0000)
 concurrent mark-sweep generation total 393216K, used 22096K [0x00000007a8000000, 0x00000007c0000000, 0x00000007c0000000)
 Metaspace       used 50708K, capacity 52169K, committed 52520K, reserved 1095680K
  class space    used 5805K, capacity 6145K, committed 6188K, reserved 1048576K
2018-01-04T21:18:56.625+0800: 3559.656: [GC (Allocation Failure) 2018-01-04T21:18:56.625+0800: 3559.656: [ParNew
Desired survivor size 20112992 bytes, new threshold 8 (max 8)
- age   1:    1651208 bytes,    1651208 total
- age   2:    2782288 bytes,    4433496 total
- age   3:    3790856 bytes,    8224352 total
- age   4:    3355016 bytes,   11579368 total
- age   5:    3961040 bytes,   15540408 total
- age   6:    1175944 bytes,   16716352 total
- age   7:      85176 bytes,   16801528 total
- age   8:      91384 bytes,   16892912 total
: 109245K->21824K(109248K), 0.0328538 secs] 131341K->44190K(502464K), 0.0329645 secs] [Times: user=0.07 sys=0.00, real=0.03 secs] 
Heap after GC invocations=20 (full 2):
 par new generation   total 109248K, used 21824K [0x00000007a0000000, 0x00000007a8000000, 0x00000007a8000000)
  eden space 87424K,   0% used [0x00000007a0000000, 0x00000007a0000000, 0x00000007a5560000)
  from space 21824K, 100% used [0x00000007a5560000, 0x00000007a6ab0000, 0x00000007a6ab0000)
  to   space 21824K,   0% used [0x00000007a6ab0000, 0x00000007a6ab0000, 0x00000007a8000000)
 concurrent mark-sweep generation total 393216K, used 22366K [0x00000007a8000000, 0x00000007c0000000, 0x00000007c0000000)
 Metaspace       used 50708K, capacity 52169K, committed 52520K, reserved 1095680K
  class space    used 5805K, capacity 6145K, committed 6188K, reserved 1048576K
}
2018-01-04T21:18:56.658+0800: 3559.689: Total time for which application threads were stopped: 0.0334795 seconds, Stopping threads took: 0.0001445 seconds
{Heap before GC invocations=20 (full 2):
 par new generation   total 109248K, used 109248K [0x00000007a0000000, 0x00000007a8000000, 0x00000007a8000000)
  eden space 87424K, 100% used [0x00000007a0000000, 0x00000007a5560000, 0x00000007a5560000)
  from space 21824K, 100% used [0x00000007a5560000, 0x00000007a6ab0000, 0x00000007a6ab0000)
  to   space 21824K,   0% used [0x00000007a6ab0000, 0x00000007a6ab0000, 0x00000007a8000000)
 concurrent mark-sweep generation total 393216K, used 22366K [0x00000007a8000000, 0x00000007c0000000, 0x00000007c0000000)
 Metaspace       used 50717K, capacity 52175K, committed 52520K, reserved 1095680K
  class space    used 5806K, capacity 6146K, committed 6188K, reserved 1048576K
2018-01-04T21:18:56.831+0800: 3559.863: [GC (Allocation Failure) 2018-01-04T21:18:56.832+0800: 3559.863: [ParNew
Desired survivor size 20112992 bytes, new threshold 8 (max 8)
- age   1:     638840 bytes,     638840 total
- age   2:    1583808 bytes,    2222648 total
- age   3:    2762800 bytes,    4985448 total
- age   4:    3790856 bytes,    8776304 total
- age   5:    3355016 bytes,   12131320 total
- age   6:    3961040 bytes,   16092360 total
- age   7:    1241512 bytes,   17333872 total
- age   8:      85176 bytes,   17419048 total
: 109248K->20039K(109248K), 0.0665893 secs] 131614K->42498K(502464K), 0.0670957 secs] [Times: user=0.08 sys=0.01, real=0.06 secs] 
Heap after GC invocations=21 (full 2):
 par new generation   total 109248K, used 20039K [0x00000007a0000000, 0x00000007a8000000, 0x00000007a8000000)
  eden space 87424K,   0% used [0x00000007a0000000, 0x00000007a0000000, 0x00000007a5560000)
  from space 21824K,  91% used [0x00000007a6ab0000, 0x00000007a7e41fa0, 0x00000007a8000000)
  to   space 21824K,   0% used [0x00000007a5560000, 0x00000007a5560000, 0x00000007a6ab0000)
 concurrent mark-sweep generation total 393216K, used 22458K [0x00000007a8000000, 0x00000007c0000000, 0x00000007c0000000)
 Metaspace       used 50717K, capacity 52175K, committed 52520K, reserved 1095680K
  class space    used 5806K, capacity 6146K, committed 6188K, reserved 1048576K
}
2018-01-04T21:18:56.899+0800: 3559.930: Total time for which application threads were stopped: 0.0681680 seconds, Stopping threads took: 0.0006962 seconds
{Heap before GC invocations=21 (full 2):
 par new generation   total 109248K, used 107463K [0x00000007a0000000, 0x00000007a8000000, 0x00000007a8000000)
  eden space 87424K, 100% used [0x00000007a0000000, 0x00000007a5560000, 0x00000007a5560000)
  from space 21824K,  91% used [0x00000007a6ab0000, 0x00000007a7e41fa0, 0x00000007a8000000)
  to   space 21824K,   0% used [0x00000007a5560000, 0x00000007a5560000, 0x00000007a6ab0000)
 concurrent mark-sweep generation total 393216K, used 22458K [0x00000007a8000000, 0x00000007c0000000, 0x00000007c0000000)
 Metaspace       used 50724K, capacity 52181K, committed 52520K, reserved 1095680K
  class space    used 5806K, capacity 6147K, committed 6188K, reserved 1048576K
2018-01-04T21:18:57.072+0800: 3560.104: [GC (Allocation Failure) 2018-01-04T21:18:57.072+0800: 3560.104: [ParNew
Desired survivor size 20112992 bytes, new threshold 8 (max 8)
- age   1:     656288 bytes,     656288 total
- age   2:      93640 bytes,     749928 total
- age   3:    1583808 bytes,    2333736 total
- age   4:    2761872 bytes,    5095608 total
- age   5:    3790856 bytes,    8886464 total
- age   6:    3355016 bytes,   12241480 total
- age   7:    3961040 bytes,   16202520 total
- age   8:    1175944 bytes,   17378464 total
: 107463K->21824K(109248K), 0.0434185 secs] 129922K->44367K(502464K), 0.0436429 secs] [Times: user=0.08 sys=0.01, real=0.04 secs] 
Heap after GC invocations=22 (full 2):
 par new generation   total 109248K, used 21824K [0x00000007a0000000, 0x00000007a8000000, 0x00000007a8000000)
  eden space 87424K,   0% used [0x00000007a0000000, 0x00000007a0000000, 0x00000007a5560000)
  from space 21824K, 100% used [0x00000007a5560000, 0x00000007a6ab0000, 0x00000007a6ab0000)
  to   space 21824K,   0% used [0x00000007a6ab0000, 0x00000007a6ab0000, 0x00000007a8000000)
 concurrent mark-sweep generation total 393216K, used 22543K [0x00000007a8000000, 0x00000007c0000000, 0x00000007c0000000)
 Metaspace       used 50724K, capacity 52181K, committed 52520K, reserved 1095680K
  class space    used 5806K, capacity 6147K, committed 6188K, reserved 1048576K
}
2018-01-04T21:18:57.116+0800: 3560.148: Total time for which application threads were stopped: 0.0771556 seconds, Stopping threads took: 0.0326346 seconds
{Heap before GC invocations=22 (full 2):
 par new generation   total 109248K, used 109248K [0x00000007a0000000, 0x00000007a8000000, 0x00000007a8000000)
  eden space 87424K, 100% used [0x00000007a0000000, 0x00000007a5560000, 0x00000007a5560000)
  from space 21824K, 100% used [0x00000007a5560000, 0x00000007a6ab0000, 0x00000007a6ab0000)
  to   space 21824K,   0% used [0x00000007a6ab0000, 0x00000007a6ab0000, 0x00000007a8000000)
 concurrent mark-sweep generation total 393216K, used 22543K [0x00000007a8000000, 0x00000007c0000000, 0x00000007c0000000)
 Metaspace       used 50814K, capacity 52307K, committed 52520K, reserved 1095680K
  class space    used 5817K, capacity 6158K, committed 6188K, reserved 1048576K
2018-01-04T21:18:57.329+0800: 3560.361: [GC (Allocation Failure) 2018-01-04T21:18:57.329+0800: 3560.361: [ParNew
Desired survivor size 20112992 bytes, new threshold 8 (max 8)
- age   1:    1151584 bytes,    1151584 total
- age   2:      85376 bytes,    1236960 total
- age   3:      92616 bytes,    1329576 total
- age   4:     180600 bytes,    1510176 total
- age   5:    2759104 bytes,    4269280 total
- age   6:    3790592 bytes,    8059872 total
- age   7:    3355016 bytes,   11414888 total
- age   8:    3960960 bytes,   15375848 total
: 109248K->17672K(109248K), 0.0813110 secs] 131791K->41372K(502464K), 0.0813876 secs] [Times: user=0.09 sys=0.01, real=0.09 secs] 
Heap after GC invocations=23 (full 2):
 par new generation   total 109248K, used 17672K [0x00000007a0000000, 0x00000007a8000000, 0x00000007a8000000)
  eden space 87424K,   0% used [0x00000007a0000000, 0x00000007a0000000, 0x00000007a5560000)
  from space 21824K,  80% used [0x00000007a6ab0000, 0x00000007a7bf20a0, 0x00000007a8000000)
  to   space 21824K,   0% used [0x00000007a5560000, 0x00000007a5560000, 0x00000007a6ab0000)
 concurrent mark-sweep generation total 393216K, used 23700K [0x00000007a8000000, 0x00000007c0000000, 0x00000007c0000000)
 Metaspace       used 50814K, capacity 52307K, committed 52520K, reserved 1095680K
  class space    used 5817K, capacity 6158K, committed 6188K, reserved 1048576K
}
2018-01-04T21:18:57.410+0800: 3560.442: Total time for which application threads were stopped: 0.0818318 seconds, Stopping threads took: 0.0000390 seconds
2018-01-04T21:18:57.481+0800: 3560.513: Total time for which application threads were stopped: 0.0003300 seconds, Stopping threads took: 0.0000531 seconds
2018-01-04T21:18:57.510+0800: 3560.542: Total time for which application threads were stopped: 0.0003057 seconds, Stopping threads took: 0.0000267 seconds
2018-01-04T21:18:58.513+0800: 3561.545: Total time for which application threads were stopped: 0.0002617 seconds, Stopping threads took: 0.0000305 seconds
2018-01-04T21:19:02.690+0800: 3565.721: Total time for which application threads were stopped: 0.0003242 seconds, Stopping threads took: 0.0000845 seconds
2018-01-04T21:19:02.698+0800: 3565.729: Total time for which application threads were stopped: 0.0001925 seconds, Stopping threads took: 0.0000232 seconds
2018-01-04T21:19:03.202+0800: 3566.234: Total time for which application threads were stopped: 0.0003248 seconds, Stopping threads took: 0.0000383 seconds
2018-01-04T21:19:03.203+0800: 3566.235: Total time for which application threads were stopped: 0.0002330 seconds, Stopping threads took: 0.0000193 seconds
2018-01-04T21:19:04.203+0800: 3567.235: Total time for which application threads were stopped: 0.0002584 seconds, Stopping threads took: 0.0000298 seconds
2018-01-04T21:19:07.688+0800: 3570.719: Total time for which application threads were stopped: 0.0002518 seconds, Stopping threads took: 0.0000898 seconds
2018-01-04T21:19:08.200+0800: 3571.232: Total time for which application threads were stopped: 0.0004055 seconds, Stopping threads took: 0.0000411 seconds
2018-01-04T21:19:09.203+0800: 3572.235: Total time for which application threads were stopped: 0.0002257 seconds, Stopping threads took: 0.0000378 seconds
2018-01-04T21:19:10.205+0800: 3573.237: Total time for which application threads were stopped: 0.0002951 seconds, Stopping threads took: 0.0000677 seconds
2018-01-04T21:19:45.996+0800: 3609.026: Total time for which application threads were stopped: 0.0003160 seconds, Stopping threads took: 0.0000674 seconds
2018-01-04T21:19:45.996+0800: 3609.026: Total time for which application threads were stopped: 0.0001974 seconds, Stopping threads took: 0.0000137 seconds
2018-01-04T21:19:46.011+0800: 3609.041: Total time for which application threads were stopped: 0.0011547 seconds, Stopping threads took: 0.0000939 seconds
2018-01-04T21:19:46.012+0800: 3609.042: Total time for which application threads were stopped: 0.0008022 seconds, Stopping threads took: 0.0000268 seconds
2018-01-04T21:19:47.014+0800: 3610.044: Total time for which application threads were stopped: 0.0003420 seconds, Stopping threads took: 0.0000490 seconds
2018-01-04T21:19:56.037+0800: 3619.066: Total time for which application threads were stopped: 0.0002445 seconds, Stopping threads took: 0.0000412 seconds
2018-01-04T21:20:09.069+0800: 3632.098: Total time for which application threads were stopped: 0.0001534 seconds, Stopping threads took: 0.0000239 seconds
2018-01-04T21:20:29.281+0800: 3652.309: Total time for which application threads were stopped: 0.0002715 seconds, Stopping threads took: 0.0000494 seconds
2018-01-04T21:20:29.281+0800: 3652.310: Total time for which application threads were stopped: 0.0004032 seconds, Stopping threads took: 0.0000474 seconds
2018-01-04T21:20:29.284+0800: 3652.312: Total time for which application threads were stopped: 0.0004028 seconds, Stopping threads took: 0.0000508 seconds
2018-01-04T21:20:29.285+0800: 3652.313: Total time for which application threads were stopped: 0.0003216 seconds, Stopping threads took: 0.0000614 seconds
2018-01-04T21:20:49.338+0800: 3672.365: Total time for which application threads were stopped: 0.0002366 seconds, Stopping threads took: 0.0000423 seconds
2018-01-04T21:20:51.340+0800: 3674.367: Total time for which application threads were stopped: 0.0002520 seconds, Stopping threads took: 0.0000548 seconds
2018-01-04T21:21:55.502+0800: 3738.527: Total time for which application threads were stopped: 0.0003292 seconds, Stopping threads took: 0.0000524 seconds
2018-01-04T21:21:56.506+0800: 3739.531: Total time for which application threads were stopped: 0.0002239 seconds, Stopping threads took: 0.0000384 seconds
2018-01-04T21:25:22.052+0800: 3945.069: Total time for which application threads were stopped: 0.0002545 seconds, Stopping threads took: 0.0000409 seconds
2018-01-04T21:29:16.731+0800: 4179.738: Total time for which application threads were stopped: 0.0002510 seconds, Stopping threads took: 0.0000458 seconds
2018-01-04T21:29:39.803+0800: 4202.808: Total time for which application threads were stopped: 0.0002498 seconds, Stopping threads took: 0.0000430 seconds
2018-01-04T21:31:20.091+0800: 4303.093: Total time for which application threads were stopped: 0.0007750 seconds, Stopping threads took: 0.0001471 seconds
2018-01-04T21:31:35.119+0800: 4318.120: Total time for which application threads were stopped: 0.0001764 seconds, Stopping threads took: 0.0000229 seconds
2018-01-04T21:32:32.172+0800: 4375.170: Total time for which application threads were stopped: 0.0002050 seconds, Stopping threads took: 0.0000199 seconds
2018-01-04T21:32:32.202+0800: 4375.201: Total time for which application threads were stopped: 0.0002413 seconds, Stopping threads took: 0.0000251 seconds
2018-01-04T21:32:32.208+0800: 4375.207: Total time for which application threads were stopped: 0.0001836 seconds, Stopping threads took: 0.0000226 seconds
2018-01-04T21:32:32.209+0800: 4375.208: Total time for which application threads were stopped: 0.0001961 seconds, Stopping threads took: 0.0000579 seconds
2018-01-04T21:32:32.210+0800: 4375.209: Total time for which application threads were stopped: 0.0001644 seconds, Stopping threads took: 0.0000230 seconds
2018-01-04T21:32:32.211+0800: 4375.210: Total time for which application threads were stopped: 0.0002287 seconds, Stopping threads took: 0.0000158 seconds
2018-01-04T21:32:32.213+0800: 4375.212: Total time for which application threads were stopped: 0.0001841 seconds, Stopping threads took: 0.0000350 seconds
{Heap before GC invocations=23 (full 2):
 par new generation   total 109248K, used 105076K [0x00000007a0000000, 0x00000007a8000000, 0x00000007a8000000)
  eden space 87424K,  99% used [0x00000007a0000000, 0x00000007a555b170, 0x00000007a5560000)
  from space 21824K,  80% used [0x00000007a6ab0000, 0x00000007a7bf20a0, 0x00000007a8000000)
  to   space 21824K,   0% used [0x00000007a5560000, 0x00000007a5560000, 0x00000007a6ab0000)
 concurrent mark-sweep generation total 393216K, used 23700K [0x00000007a8000000, 0x00000007c0000000, 0x00000007c0000000)
 Metaspace       used 51193K, capacity 52761K, committed 52904K, reserved 1095680K
  class space    used 5862K, capacity 6235K, committed 6316K, reserved 1048576K
2018-01-04T21:32:32.222+0800: 4375.221: [GC (Allocation Failure) 2018-01-04T21:32:32.222+0800: 4375.221: [ParNew
Desired survivor size 20112992 bytes, new threshold 8 (max 8)
- age   1:    6412768 bytes,    6412768 total
- age   2:    1093728 bytes,    7506496 total
- age   3:      84448 bytes,    7590944 total
- age   4:      92584 bytes,    7683528 total
- age   5:     178776 bytes,    7862304 total
- age   6:    2397368 bytes,   10259672 total
- age   7:    3779520 bytes,   14039192 total
- age   8:    3344832 bytes,   17384024 total
: 105076K->21824K(109248K), 0.0794035 secs] 128776K->50472K(502464K), 0.0800232 secs] [Times: user=0.11 sys=0.15, real=0.08 secs] 
Heap after GC invocations=24 (full 2):
 par new generation   total 109248K, used 21824K [0x00000007a0000000, 0x00000007a8000000, 0x00000007a8000000)
  eden space 87424K,   0% used [0x00000007a0000000, 0x00000007a0000000, 0x00000007a5560000)
  from space 21824K, 100% used [0x00000007a5560000, 0x00000007a6ab0000, 0x00000007a6ab0000)
  to   space 21824K,   0% used [0x00000007a6ab0000, 0x00000007a6ab0000, 0x00000007a8000000)
 concurrent mark-sweep generation total 393216K, used 28648K [0x00000007a8000000, 0x00000007c0000000, 0x00000007c0000000)
 Metaspace       used 51193K, capacity 52761K, committed 52904K, reserved 1095680K
  class space    used 5862K, capacity 6235K, committed 6316K, reserved 1048576K
}
2018-01-04T21:32:32.302+0800: 4375.301: Total time for which application threads were stopped: 0.0803213 seconds, Stopping threads took: 0.0000421 seconds
{Heap before GC invocations=24 (full 2):
 par new generation   total 109248K, used 109248K [0x00000007a0000000, 0x00000007a8000000, 0x00000007a8000000)
  eden space 87424K, 100% used [0x00000007a0000000, 0x00000007a5560000, 0x00000007a5560000)
  from space 21824K, 100% used [0x00000007a5560000, 0x00000007a6ab0000, 0x00000007a6ab0000)
  to   space 21824K,   0% used [0x00000007a6ab0000, 0x00000007a6ab0000, 0x00000007a8000000)
 concurrent mark-sweep generation total 393216K, used 28648K [0x00000007a8000000, 0x00000007c0000000, 0x00000007c0000000)
 Metaspace       used 51196K, capacity 52761K, committed 52904K, reserved 1095680K
  class space    used 5862K, capacity 6235K, committed 6316K, reserved 1048576K
2018-01-04T21:32:32.453+0800: 4375.452: [GC (Allocation Failure) 2018-01-04T21:32:32.453+0800: 4375.452: [ParNew
Desired survivor size 20112992 bytes, new threshold 8 (max 8)
- age   1:     254560 bytes,     254560 total
- age   2:    6001344 bytes,    6255904 total
- age   3:    1089376 bytes,    7345280 total
- age   4:      84368 bytes,    7429648 total
- age   5:      92504 bytes,    7522152 total
- age   6:     178704 bytes,    7700856 total
- age   7:    2363760 bytes,   10064616 total
- age   8:    3763336 bytes,   13827952 total
: 109248K->21824K(109248K), 0.0402554 secs] 137896K->54093K(502464K), 0.0403466 secs] [Times: user=0.14 sys=0.01, real=0.04 secs] 
Heap after GC invocations=25 (full 2):
 par new generation   total 109248K, used 21824K [0x00000007a0000000, 0x00000007a8000000, 0x00000007a8000000)
  eden space 87424K,   0% used [0x00000007a0000000, 0x00000007a0000000, 0x00000007a5560000)
  from space 21824K, 100% used [0x00000007a6ab0000, 0x00000007a8000000, 0x00000007a8000000)
  to   space 21824K,   0% used [0x00000007a5560000, 0x00000007a5560000, 0x00000007a6ab0000)
 concurrent mark-sweep generation total 393216K, used 32269K [0x00000007a8000000, 0x00000007c0000000, 0x00000007c0000000)
 Metaspace       used 51196K, capacity 52761K, committed 52904K, reserved 1095680K
  class space    used 5862K, capacity 6235K, committed 6316K, reserved 1048576K
}
2018-01-04T21:32:32.494+0800: 4375.492: Total time for which application threads were stopped: 0.0406336 seconds, Stopping threads took: 0.0000255 seconds
2018-01-04T21:32:32.510+0800: 4375.509: Total time for which application threads were stopped: 0.0001899 seconds, Stopping threads took: 0.0000298 seconds
2018-01-04T21:32:32.525+0800: 4375.524: Total time for which application threads were stopped: 0.0002158 seconds, Stopping threads took: 0.0000276 seconds
2018-01-04T21:32:32.562+0800: 4375.561: Total time for which application threads were stopped: 0.0001677 seconds, Stopping threads took: 0.0000209 seconds
2018-01-04T21:32:32.623+0800: 4375.622: Total time for which application threads were stopped: 0.0017431 seconds, Stopping threads took: 0.0015222 seconds
{Heap before GC invocations=25 (full 2):
 par new generation   total 109248K, used 109248K [0x00000007a0000000, 0x00000007a8000000, 0x00000007a8000000)
  eden space 87424K, 100% used [0x00000007a0000000, 0x00000007a5560000, 0x00000007a5560000)
  from space 21824K, 100% used [0x00000007a6ab0000, 0x00000007a8000000, 0x00000007a8000000)
  to   space 21824K,   0% used [0x00000007a5560000, 0x00000007a5560000, 0x00000007a6ab0000)
 concurrent mark-sweep generation total 393216K, used 32269K [0x00000007a8000000, 0x00000007c0000000, 0x00000007c0000000)
 Metaspace       used 51337K, capacity 52931K, committed 53160K, reserved 1095680K
  class space    used 5886K, capacity 6258K, committed 6316K, reserved 1048576K
2018-01-04T21:32:32.698+0800: 4375.697: [GC (Allocation Failure) 2018-01-04T21:32:32.698+0800: 4375.697: [ParNew
Desired survivor size 20112992 bytes, new threshold 8 (max 8)
- age   1:    2229120 bytes,    2229120 total
- age   2:      81944 bytes,    2311064 total
- age   3:    5098320 bytes,    7409384 total
- age   4:    1089376 bytes,    8498760 total
- age   5:      84368 bytes,    8583128 total
- age   6:      92504 bytes,    8675632 total
- age   7:     178704 bytes,    8854336 total
- age   8:    2363760 bytes,   11218096 total
: 109248K->14841K(109248K), 0.0299681 secs] 141517K->51040K(502464K), 0.0300625 secs] [Times: user=0.07 sys=0.00, real=0.03 secs] 
Heap after GC invocations=26 (full 2):
 par new generation   total 109248K, used 14841K [0x00000007a0000000, 0x00000007a8000000, 0x00000007a8000000)
  eden space 87424K,   0% used [0x00000007a0000000, 0x00000007a0000000, 0x00000007a5560000)
  from space 21824K,  68% used [0x00000007a5560000, 0x00000007a63de580, 0x00000007a6ab0000)
  to   space 21824K,   0% used [0x00000007a6ab0000, 0x00000007a6ab0000, 0x00000007a8000000)
 concurrent mark-sweep generation total 393216K, used 36199K [0x00000007a8000000, 0x00000007c0000000, 0x00000007c0000000)
 Metaspace       used 51337K, capacity 52931K, committed 53160K, reserved 1095680K
  class space    used 5886K, capacity 6258K, committed 6316K, reserved 1048576K
}
2018-01-04T21:32:32.728+0800: 4375.727: Total time for which application threads were stopped: 0.0519842 seconds, Stopping threads took: 0.0215782 seconds
{Heap before GC invocations=26 (full 2):
 par new generation   total 109248K, used 102265K [0x00000007a0000000, 0x00000007a8000000, 0x00000007a8000000)
  eden space 87424K, 100% used [0x00000007a0000000, 0x00000007a5560000, 0x00000007a5560000)
  from space 21824K,  68% used [0x00000007a5560000, 0x00000007a63de580, 0x00000007a6ab0000)
  to   space 21824K,   0% used [0x00000007a6ab0000, 0x00000007a6ab0000, 0x00000007a8000000)
 concurrent mark-sweep generation total 393216K, used 36199K [0x00000007a8000000, 0x00000007c0000000, 0x00000007c0000000)
 Metaspace       used 51381K, capacity 52967K, committed 53160K, reserved 1095680K
  class space    used 5889K, capacity 6264K, committed 6316K, reserved 1048576K
2018-01-04T21:32:32.812+0800: 4375.811: [GC (Allocation Failure) 2018-01-04T21:32:32.812+0800: 4375.811: [ParNew
Desired survivor size 20112992 bytes, new threshold 8 (max 8)
- age   1:    1717496 bytes,    1717496 total
- age   2:    1868352 bytes,    3585848 total
- age   3:      81944 bytes,    3667792 total
- age   4:    5098280 bytes,    8766072 total
- age   5:    1088328 bytes,    9854400 total
- age   6:      84368 bytes,    9938768 total
- age   7:      92504 bytes,   10031272 total
- age   8:     178704 bytes,   10209976 total
: 102265K->13417K(109248K), 0.0979837 secs] 138464K->51923K(502464K), 0.0980760 secs] [Times: user=0.12 sys=0.01, real=0.10 secs] 
Heap after GC invocations=27 (full 2):
 par new generation   total 109248K, used 13417K [0x00000007a0000000, 0x00000007a8000000, 0x00000007a8000000)
  eden space 87424K,   0% used [0x00000007a0000000, 0x00000007a0000000, 0x00000007a5560000)
  from space 21824K,  61% used [0x00000007a6ab0000, 0x00000007a77ca618, 0x00000007a8000000)
  to   space 21824K,   0% used [0x00000007a5560000, 0x00000007a5560000, 0x00000007a6ab0000)
 concurrent mark-sweep generation total 393216K, used 38505K [0x00000007a8000000, 0x00000007c0000000, 0x00000007c0000000)
 Metaspace       used 51381K, capacity 52967K, committed 53160K, reserved 1095680K
  class space    used 5889K, capacity 6264K, committed 6316K, reserved 1048576K
}
2018-01-04T21:32:32.910+0800: 4375.909: Total time for which application threads were stopped: 0.0995545 seconds, Stopping threads took: 0.0011252 seconds
2018-01-04T21:32:32.932+0800: 4375.931: Total time for which application threads were stopped: 0.0222409 seconds, Stopping threads took: 0.0215831 seconds
2018-01-04T21:32:32.933+0800: 4375.932: Total time for which application threads were stopped: 0.0007526 seconds, Stopping threads took: 0.0002498 seconds
2018-01-04T21:32:32.963+0800: 4375.962: Total time for which application threads were stopped: 0.0004119 seconds, Stopping threads took: 0.0001016 seconds
{Heap before GC invocations=27 (full 2):
 par new generation   total 109248K, used 100841K [0x00000007a0000000, 0x00000007a8000000, 0x00000007a8000000)
  eden space 87424K, 100% used [0x00000007a0000000, 0x00000007a5560000, 0x00000007a5560000)
  from space 21824K,  61% used [0x00000007a6ab0000, 0x00000007a77ca618, 0x00000007a8000000)
  to   space 21824K,   0% used [0x00000007a5560000, 0x00000007a5560000, 0x00000007a6ab0000)
 concurrent mark-sweep generation total 393216K, used 38505K [0x00000007a8000000, 0x00000007c0000000, 0x00000007c0000000)
 Metaspace       used 51389K, capacity 52973K, committed 53160K, reserved 1095680K
  class space    used 5890K, capacity 6265K, committed 6316K, reserved 1048576K
2018-01-04T21:32:33.005+0800: 4376.004: [GC (Allocation Failure) 2018-01-04T21:32:33.005+0800: 4376.004: [ParNew
Desired survivor size 20112992 bytes, new threshold 8 (max 8)
- age   1:    1269192 bytes,    1269192 total
- age   2:     867744 bytes,    2136936 total
- age   3:    1868352 bytes,    4005288 total
- age   4:      81944 bytes,    4087232 total
- age   5:    5098280 bytes,    9185512 total
- age   6:    1088328 bytes,   10273840 total
- age   7:      84368 bytes,   10358208 total
- age   8:      92504 bytes,   10450712 total
: 100841K->11767K(109248K), 0.0639023 secs] 139347K->50449K(502464K), 0.0640048 secs] [Times: user=0.06 sys=0.00, real=0.06 secs] 
Heap after GC invocations=28 (full 2):
 par new generation   total 109248K, used 11767K [0x00000007a0000000, 0x00000007a8000000, 0x00000007a8000000)
  eden space 87424K,   0% used [0x00000007a0000000, 0x00000007a0000000, 0x00000007a5560000)
  from space 21824K,  53% used [0x00000007a5560000, 0x00000007a60ddc98, 0x00000007a6ab0000)
  to   space 21824K,   0% used [0x00000007a6ab0000, 0x00000007a6ab0000, 0x00000007a8000000)
 concurrent mark-sweep generation total 393216K, used 38682K [0x00000007a8000000, 0x00000007c0000000, 0x00000007c0000000)
 Metaspace       used 51389K, capacity 52973K, committed 53160K, reserved 1095680K
  class space    used 5890K, capacity 6265K, committed 6316K, reserved 1048576K
}
2018-01-04T21:32:33.069+0800: 4376.068: Total time for which application threads were stopped: 0.0654546 seconds, Stopping threads took: 0.0011277 seconds
{Heap before GC invocations=28 (full 2):
 par new generation   total 109248K, used 99191K [0x00000007a0000000, 0x00000007a8000000, 0x00000007a8000000)
  eden space 87424K, 100% used [0x00000007a0000000, 0x00000007a5560000, 0x00000007a5560000)
  from space 21824K,  53% used [0x00000007a5560000, 0x00000007a60ddc98, 0x00000007a6ab0000)
  to   space 21824K,   0% used [0x00000007a6ab0000, 0x00000007a6ab0000, 0x00000007a8000000)
 concurrent mark-sweep generation total 393216K, used 38682K [0x00000007a8000000, 0x00000007c0000000, 0x00000007c0000000)
 Metaspace       used 51396K, capacity 52979K, committed 53160K, reserved 1095680K
  class space    used 5890K, capacity 6266K, committed 6316K, reserved 1048576K
2018-01-04T21:32:33.117+0800: 4376.116: [GC (Allocation Failure) 2018-01-04T21:32:33.117+0800: 4376.116: [ParNew
Desired survivor size 20112992 bytes, new threshold 8 (max 8)
- age   1:    1491864 bytes,    1491864 total
- age   2:     717200 bytes,    2209064 total
- age   3:     845968 bytes,    3055032 total
- age   4:    1867624 bytes,    4922656 total
- age   5:      81944 bytes,    5004600 total
- age   6:    5098248 bytes,   10102848 total
- age   7:    1088328 bytes,   11191176 total
- age   8:      84368 bytes,   11275544 total
: 99191K->15683K(109248K), 0.0390706 secs] 137873K->54458K(502464K), 0.0391679 secs] [Times: user=0.05 sys=0.00, real=0.04 secs] 
Heap after GC invocations=29 (full 2):
 par new generation   total 109248K, used 15683K [0x00000007a0000000, 0x00000007a8000000, 0x00000007a8000000)
  eden space 87424K,   0% used [0x00000007a0000000, 0x00000007a0000000, 0x00000007a5560000)
  from space 21824K,  71% used [0x00000007a6ab0000, 0x00000007a7a00cb0, 0x00000007a8000000)
  to   space 21824K,   0% used [0x00000007a5560000, 0x00000007a5560000, 0x00000007a6ab0000)
 concurrent mark-sweep generation total 393216K, used 38775K [0x00000007a8000000, 0x00000007c0000000, 0x00000007c0000000)
 Metaspace       used 51396K, capacity 52979K, committed 53160K, reserved 1095680K
  class space    used 5890K, capacity 6266K, committed 6316K, reserved 1048576K
}
2018-01-04T21:32:33.156+0800: 4376.155: Total time for which application threads were stopped: 0.0395805 seconds, Stopping threads took: 0.0000824 seconds
2018-01-04T21:32:33.177+0800: 4376.176: Total time for which application threads were stopped: 0.0003048 seconds, Stopping threads took: 0.0001020 seconds
{Heap before GC invocations=29 (full 2):
 par new generation   total 109248K, used 103107K [0x00000007a0000000, 0x00000007a8000000, 0x00000007a8000000)
  eden space 87424K, 100% used [0x00000007a0000000, 0x00000007a5560000, 0x00000007a5560000)
  from space 21824K,  71% used [0x00000007a6ab0000, 0x00000007a7a00cb0, 0x00000007a8000000)
  to   space 21824K,   0% used [0x00000007a5560000, 0x00000007a5560000, 0x00000007a6ab0000)
 concurrent mark-sweep generation total 393216K, used 38775K [0x00000007a8000000, 0x00000007c0000000, 0x00000007c0000000)
 Metaspace       used 51402K, capacity 52979K, committed 53160K, reserved 1095680K
  class space    used 5890K, capacity 6266K, committed 6316K, reserved 1048576K
2018-01-04T21:32:33.223+0800: 4376.222: [GC (Allocation Failure) 2018-01-04T21:32:33.223+0800: 4376.222: [ParNew
Desired survivor size 20112992 bytes, new threshold 8 (max 8)
- age   1:     514984 bytes,     514984 total
- age   2:     908824 bytes,    1423808 total
- age   3:     717200 bytes,    2141008 total
- age   4:     845968 bytes,    2986976 total
- age   5:    1329960 bytes,    4316936 total
- age   6:      81944 bytes,    4398880 total
- age   7:    5098248 bytes,    9497128 total
- age   8:    1088328 bytes,   10585456 total
: 103107K->14331K(109248K), 0.0460906 secs] 141882K->53191K(502464K), 0.0462207 secs] [Times: user=0.05 sys=0.00, real=0.04 secs] 
Heap after GC invocations=30 (full 2):
 par new generation   total 109248K, used 14331K [0x00000007a0000000, 0x00000007a8000000, 0x00000007a8000000)
  eden space 87424K,   0% used [0x00000007a0000000, 0x00000007a0000000, 0x00000007a5560000)
  from space 21824K,  65% used [0x00000007a5560000, 0x00000007a635ef30, 0x00000007a6ab0000)
  to   space 21824K,   0% used [0x00000007a6ab0000, 0x00000007a6ab0000, 0x00000007a8000000)
 concurrent mark-sweep generation total 393216K, used 38859K [0x00000007a8000000, 0x00000007c0000000, 0x00000007c0000000)
 Metaspace       used 51402K, capacity 52979K, committed 53160K, reserved 1095680K
  class space    used 5890K, capacity 6266K, committed 6316K, reserved 1048576K
}
2018-01-04T21:32:33.269+0800: 4376.268: Total time for which application threads were stopped: 0.0465379 seconds, Stopping threads took: 0.0000411 seconds
2018-01-04T21:32:33.389+0800: 4376.387: Total time for which application threads were stopped: 0.0002909 seconds, Stopping threads took: 0.0000378 seconds
2018-01-04T21:32:33.389+0800: 4376.388: Total time for which application threads were stopped: 0.0001919 seconds, Stopping threads took: 0.0000252 seconds
{Heap before GC invocations=30 (full 2):
 par new generation   total 109248K, used 101755K [0x00000007a0000000, 0x00000007a8000000, 0x00000007a8000000)
  eden space 87424K, 100% used [0x00000007a0000000, 0x00000007a5560000, 0x00000007a5560000)
  from space 21824K,  65% used [0x00000007a5560000, 0x00000007a635ef30, 0x00000007a6ab0000)
  to   space 21824K,   0% used [0x00000007a6ab0000, 0x00000007a6ab0000, 0x00000007a8000000)
 concurrent mark-sweep generation total 393216K, used 38859K [0x00000007a8000000, 0x00000007c0000000, 0x00000007c0000000)
 Metaspace       used 51460K, capacity 53057K, committed 53160K, reserved 1095680K
  class space    used 5898K, capacity 6279K, committed 6316K, reserved 1048576K
2018-01-04T21:32:33.406+0800: 4376.404: [GC (Allocation Failure) 2018-01-04T21:32:33.406+0800: 4376.404: [ParNew
Desired survivor size 20112992 bytes, new threshold 8 (max 8)
- age   1:    1030592 bytes,    1030592 total
- age   2:     340736 bytes,    1371328 total
- age   3:     907712 bytes,    2279040 total
- age   4:     166280 bytes,    2445320 total
- age   5:     843048 bytes,    3288368 total
- age   6:    1329960 bytes,    4618328 total
- age   7:      81688 bytes,    4700016 total
- age   8:    5095920 bytes,    9795936 total
: 101755K->12305K(109248K), 0.0865549 secs] 140615K->52233K(502464K), 0.0869692 secs] [Times: user=0.08 sys=0.00, real=0.09 secs] 
Heap after GC invocations=31 (full 2):
 par new generation   total 109248K, used 12305K [0x00000007a0000000, 0x00000007a8000000, 0x00000007a8000000)
  eden space 87424K,   0% used [0x00000007a0000000, 0x00000007a0000000, 0x00000007a5560000)
  from space 21824K,  56% used [0x00000007a6ab0000, 0x00000007a76b4470, 0x00000007a8000000)
  to   space 21824K,   0% used [0x00000007a5560000, 0x00000007a5560000, 0x00000007a6ab0000)
 concurrent mark-sweep generation total 393216K, used 39928K [0x00000007a8000000, 0x00000007c0000000, 0x00000007c0000000)
 Metaspace       used 51460K, capacity 53057K, committed 53160K, reserved 1095680K
  class space    used 5898K, capacity 6279K, committed 6316K, reserved 1048576K
}
2018-01-04T21:32:33.493+0800: 4376.491: Total time for which application threads were stopped: 0.0873402 seconds, Stopping threads took: 0.0000337 seconds
2018-01-04T21:32:33.643+0800: 4376.642: Total time for which application threads were stopped: 0.0002231 seconds, Stopping threads took: 0.0000254 seconds
2018-01-04T21:32:33.643+0800: 4376.642: Total time for which application threads were stopped: 0.0001546 seconds, Stopping threads took: 0.0000283 seconds
2018-01-04T21:32:34.644+0800: 4377.642: Total time for which application threads were stopped: 0.0003017 seconds, Stopping threads took: 0.0000655 seconds
2018-01-04T21:32:38.608+0800: 4381.607: Total time for which application threads were stopped: 0.0003217 seconds, Stopping threads took: 0.0000870 seconds
2018-01-04T21:32:38.609+0800: 4381.607: Total time for which application threads were stopped: 0.0001722 seconds, Stopping threads took: 0.0000246 seconds
2018-01-04T21:32:38.609+0800: 4381.607: Total time for which application threads were stopped: 0.0001205 seconds, Stopping threads took: 0.0000269 seconds
2018-01-04T21:32:38.609+0800: 4381.608: Total time for which application threads were stopped: 0.0002202 seconds, Stopping threads took: 0.0001280 seconds
2018-01-04T21:32:38.609+0800: 4381.608: Total time for which application threads were stopped: 0.0001714 seconds, Stopping threads took: 0.0000535 seconds
2018-01-04T21:32:38.609+0800: 4381.608: Total time for which application threads were stopped: 0.0001302 seconds, Stopping threads took: 0.0000292 seconds
2018-01-04T21:32:38.610+0800: 4381.608: Total time for which application threads were stopped: 0.0001994 seconds, Stopping threads took: 0.0001063 seconds
2018-01-04T21:32:38.610+0800: 4381.608: Total time for which application threads were stopped: 0.0001011 seconds, Stopping threads took: 0.0000201 seconds
2018-01-04T21:32:38.615+0800: 4381.614: Total time for which application threads were stopped: 0.0001906 seconds, Stopping threads took: 0.0000381 seconds
2018-01-04T21:32:38.618+0800: 4381.616: Total time for which application threads were stopped: 0.0001835 seconds, Stopping threads took: 0.0000189 seconds
2018-01-04T21:32:38.618+0800: 4381.616: Total time for which application threads were stopped: 0.0001288 seconds, Stopping threads took: 0.0000146 seconds
2018-01-04T21:32:38.621+0800: 4381.619: Total time for which application threads were stopped: 0.0004426 seconds, Stopping threads took: 0.0001083 seconds
2018-01-04T21:32:39.622+0800: 4382.621: Total time for which application threads were stopped: 0.0003380 seconds, Stopping threads took: 0.0000633 seconds
2018-01-04T21:32:43.593+0800: 4386.592: Total time for which application threads were stopped: 0.0002741 seconds, Stopping threads took: 0.0001121 seconds
2018-01-04T21:32:43.594+0800: 4386.592: Total time for which application threads were stopped: 0.0001632 seconds, Stopping threads took: 0.0000392 seconds
2018-01-04T21:32:43.594+0800: 4386.592: Total time for which application threads were stopped: 0.0001383 seconds, Stopping threads took: 0.0000340 seconds
2018-01-04T21:32:43.594+0800: 4386.592: Total time for which application threads were stopped: 0.0001254 seconds, Stopping threads took: 0.0000327 seconds
2018-01-04T21:32:43.594+0800: 4386.592: Total time for which application threads were stopped: 0.0001362 seconds, Stopping threads took: 0.0000316 seconds
2018-01-04T21:32:43.594+0800: 4386.593: Total time for which application threads were stopped: 0.0001356 seconds, Stopping threads took: 0.0000309 seconds
2018-01-04T21:32:43.594+0800: 4386.593: Total time for which application threads were stopped: 0.0001174 seconds, Stopping threads took: 0.0000263 seconds
2018-01-04T21:32:43.595+0800: 4386.593: Total time for which application threads were stopped: 0.0001118 seconds, Stopping threads took: 0.0000276 seconds
2018-01-04T21:32:43.599+0800: 4386.598: Total time for which application threads were stopped: 0.0002241 seconds, Stopping threads took: 0.0000706 seconds
2018-01-04T21:32:43.602+0800: 4386.600: Total time for which application threads were stopped: 0.0001512 seconds, Stopping threads took: 0.0000164 seconds
2018-01-04T21:32:43.602+0800: 4386.600: Total time for which application threads were stopped: 0.0001525 seconds, Stopping threads took: 0.0000148 seconds
2018-01-04T21:32:43.605+0800: 4386.603: Total time for which application threads were stopped: 0.0002019 seconds, Stopping threads took: 0.0000405 seconds
{Heap before GC invocations=31 (full 2):
 par new generation   total 109248K, used 99729K [0x00000007a0000000, 0x00000007a8000000, 0x00000007a8000000)
  eden space 87424K, 100% used [0x00000007a0000000, 0x00000007a5560000, 0x00000007a5560000)
  from space 21824K,  56% used [0x00000007a6ab0000, 0x00000007a76b4470, 0x00000007a8000000)
  to   space 21824K,   0% used [0x00000007a5560000, 0x00000007a5560000, 0x00000007a6ab0000)
 concurrent mark-sweep generation total 393216K, used 39928K [0x00000007a8000000, 0x00000007c0000000, 0x00000007c0000000)
 Metaspace       used 51495K, capacity 53087K, committed 53160K, reserved 1095680K
  class space    used 5900K, capacity 6282K, committed 6316K, reserved 1048576K
2018-01-04T21:32:43.644+0800: 4386.643: [GC (Allocation Failure) 2018-01-04T21:32:43.644+0800: 4386.643: [ParNew
Desired survivor size 20112992 bytes, new threshold 8 (max 8)
- age   1:    2156504 bytes,    2156504 total
- age   2:     730304 bytes,    2886808 total
- age   3:     340704 bytes,    3227512 total
- age   4:     357816 bytes,    3585328 total
- age   5:     163592 bytes,    3748920 total
- age   6:     842808 bytes,    4591728 total
- age   7:    1207112 bytes,    5798840 total
- age   8:      81656 bytes,    5880496 total
: 99729K->8670K(109248K), 0.0206250 secs] 139657K->53569K(502464K), 0.0207143 secs] [Times: user=0.06 sys=0.00, real=0.02 secs] 
Heap after GC invocations=32 (full 2):
 par new generation   total 109248K, used 8670K [0x00000007a0000000, 0x00000007a8000000, 0x00000007a8000000)
  eden space 87424K,   0% used [0x00000007a0000000, 0x00000007a0000000, 0x00000007a5560000)
  from space 21824K,  39% used [0x00000007a5560000, 0x00000007a5dd7a60, 0x00000007a6ab0000)
  to   space 21824K,   0% used [0x00000007a6ab0000, 0x00000007a6ab0000, 0x00000007a8000000)
 concurrent mark-sweep generation total 393216K, used 44899K [0x00000007a8000000, 0x00000007c0000000, 0x00000007c0000000)
 Metaspace       used 51495K, capacity 53087K, committed 53160K, reserved 1095680K
  class space    used 5900K, capacity 6282K, committed 6316K, reserved 1048576K
}
2018-01-04T21:32:43.665+0800: 4386.663: Total time for which application threads were stopped: 0.0211158 seconds, Stopping threads took: 0.0000396 seconds
2018-01-04T21:32:43.667+0800: 4386.665: Total time for which application threads were stopped: 0.0006450 seconds, Stopping threads took: 0.0000910 seconds
2018-01-04T21:32:43.673+0800: 4386.672: Total time for which application threads were stopped: 0.0002928 seconds, Stopping threads took: 0.0001040 seconds
{Heap before GC invocations=32 (full 2):
 par new generation   total 109248K, used 96094K [0x00000007a0000000, 0x00000007a8000000, 0x00000007a8000000)
  eden space 87424K, 100% used [0x00000007a0000000, 0x00000007a5560000, 0x00000007a5560000)
  from space 21824K,  39% used [0x00000007a5560000, 0x00000007a5dd7a60, 0x00000007a6ab0000)
  to   space 21824K,   0% used [0x00000007a6ab0000, 0x00000007a6ab0000, 0x00000007a8000000)
 concurrent mark-sweep generation total 393216K, used 44899K [0x00000007a8000000, 0x00000007c0000000, 0x00000007c0000000)
 Metaspace       used 51499K, capacity 53087K, committed 53160K, reserved 1095680K
  class space    used 5900K, capacity 6282K, committed 6316K, reserved 1048576K
2018-01-04T21:32:43.721+0800: 4386.720: [GC (Allocation Failure) 2018-01-04T21:32:43.722+0800: 4386.720: [ParNew
Desired survivor size 20112992 bytes, new threshold 8 (max 8)
- age   1:    1216376 bytes,    1216376 total
- age   2:    1790288 bytes,    3006664 total
- age   3:     684360 bytes,    3691024 total
- age   4:     340704 bytes,    4031728 total
- age   5:     357816 bytes,    4389544 total
- age   6:     156664 bytes,    4546208 total
- age   7:     842016 bytes,    5388224 total
- age   8:    1207088 bytes,    6595312 total
: 96094K->7354K(109248K), 0.0122671 secs] 140993K->52335K(502464K), 0.0128895 secs] [Times: user=0.04 sys=0.00, real=0.01 secs] 
Heap after GC invocations=33 (full 2):
 par new generation   total 109248K, used 7354K [0x00000007a0000000, 0x00000007a8000000, 0x00000007a8000000)
  eden space 87424K,   0% used [0x00000007a0000000, 0x00000007a0000000, 0x00000007a5560000)
  from space 21824K,  33% used [0x00000007a6ab0000, 0x00000007a71de970, 0x00000007a8000000)
  to   space 21824K,   0% used [0x00000007a5560000, 0x00000007a5560000, 0x00000007a6ab0000)
 concurrent mark-sweep generation total 393216K, used 44981K [0x00000007a8000000, 0x00000007c0000000, 0x00000007c0000000)
 Metaspace       used 51499K, capacity 53087K, committed 53160K, reserved 1095680K
  class space    used 5900K, capacity 6282K, committed 6316K, reserved 1048576K
}
2018-01-04T21:32:43.734+0800: 4386.733: Total time for which application threads were stopped: 0.0144494 seconds, Stopping threads took: 0.0012978 seconds
2018-01-04T21:32:43.736+0800: 4386.734: Total time for which application threads were stopped: 0.0002908 seconds, Stopping threads took: 0.0001047 seconds
{Heap before GC invocations=33 (full 2):
 par new generation   total 109248K, used 94778K [0x00000007a0000000, 0x00000007a8000000, 0x00000007a8000000)
  eden space 87424K, 100% used [0x00000007a0000000, 0x00000007a5560000, 0x00000007a5560000)
  from space 21824K,  33% used [0x00000007a6ab0000, 0x00000007a71de970, 0x00000007a8000000)
  to   space 21824K,   0% used [0x00000007a5560000, 0x00000007a5560000, 0x00000007a6ab0000)
 concurrent mark-sweep generation total 393216K, used 44981K [0x00000007a8000000, 0x00000007c0000000, 0x00000007c0000000)
 Metaspace       used 51502K, capacity 53151K, committed 53416K, reserved 1095680K
  class space    used 5900K, capacity 6282K, committed 6316K, reserved 1048576K
2018-01-04T21:32:43.770+0800: 4386.769: [GC (Allocation Failure) 2018-01-04T21:32:43.771+0800: 4386.769: [ParNew
Desired survivor size 20112992 bytes, new threshold 8 (max 8)
- age   1:     879168 bytes,     879168 total
- age   2:     657032 bytes,    1536200 total
- age   3:    1483992 bytes,    3020192 total
- age   4:     684360 bytes,    3704552 total
- age   5:     340704 bytes,    4045256 total
- age   6:     357816 bytes,    4403072 total
- age   7:     156664 bytes,    4559736 total
- age   8:     842016 bytes,    5401752 total
: 94778K->8248K(109248K), 0.0163111 secs] 139759K->54417K(502464K), 0.0163970 secs] [Times: user=0.04 sys=0.00, real=0.01 secs] 
Heap after GC invocations=34 (full 2):
 par new generation   total 109248K, used 8248K [0x00000007a0000000, 0x00000007a8000000, 0x00000007a8000000)
  eden space 87424K,   0% used [0x00000007a0000000, 0x00000007a0000000, 0x00000007a5560000)
  from space 21824K,  37% used [0x00000007a5560000, 0x00000007a5d6e2f0, 0x00000007a6ab0000)
  to   space 21824K,   0% used [0x00000007a6ab0000, 0x00000007a6ab0000, 0x00000007a8000000)
 concurrent mark-sweep generation total 393216K, used 46168K [0x00000007a8000000, 0x00000007c0000000, 0x00000007c0000000)
 Metaspace       used 51502K, capacity 53151K, committed 53416K, reserved 1095680K
  class space    used 5900K, capacity 6282K, committed 6316K, reserved 1048576K
}
2018-01-04T21:32:43.787+0800: 4386.785: Total time for which application threads were stopped: 0.0167274 seconds, Stopping threads took: 0.0000951 seconds
2018-01-04T21:32:43.816+0800: 4386.814: Total time for which application threads were stopped: 0.0002501 seconds, Stopping threads took: 0.0000890 seconds
{Heap before GC invocations=34 (full 2):
 par new generation   total 109248K, used 95672K [0x00000007a0000000, 0x00000007a8000000, 0x00000007a8000000)
  eden space 87424K, 100% used [0x00000007a0000000, 0x00000007a5560000, 0x00000007a5560000)
  from space 21824K,  37% used [0x00000007a5560000, 0x00000007a5d6e2f0, 0x00000007a6ab0000)
  to   space 21824K,   0% used [0x00000007a6ab0000, 0x00000007a6ab0000, 0x00000007a8000000)
 concurrent mark-sweep generation total 393216K, used 46168K [0x00000007a8000000, 0x00000007c0000000, 0x00000007c0000000)
 Metaspace       used 51515K, capacity 53157K, committed 53416K, reserved 1095680K
  class space    used 5900K, capacity 6283K, committed 6316K, reserved 1048576K
2018-01-04T21:32:43.928+0800: 4386.926: [GC (Allocation Failure) 2018-01-04T21:32:43.928+0800: 4386.926: [ParNew
Desired survivor size 20112992 bytes, new threshold 8 (max 8)
- age   1:    1413072 bytes,    1413072 total
- age   2:     179456 bytes,    1592528 total
- age   3:     643840 bytes,    2236368 total
- age   4:     945760 bytes,    3182128 total
- age   5:     684360 bytes,    3866488 total
- age   6:     340704 bytes,    4207192 total
- age   7:     357816 bytes,    4565008 total
- age   8:     156664 bytes,    4721672 total
: 95672K->6060K(109248K), 0.0110891 secs] 141841K->53054K(502464K), 0.0111853 secs] [Times: user=0.04 sys=0.00, real=0.01 secs] 
Heap after GC invocations=35 (full 2):
 par new generation   total 109248K, used 6060K [0x00000007a0000000, 0x00000007a8000000, 0x00000007a8000000)
  eden space 87424K,   0% used [0x00000007a0000000, 0x00000007a0000000, 0x00000007a5560000)
  from space 21824K,  27% used [0x00000007a6ab0000, 0x00000007a709b210, 0x00000007a8000000)
  to   space 21824K,   0% used [0x00000007a5560000, 0x00000007a5560000, 0x00000007a6ab0000)
 concurrent mark-sweep generation total 393216K, used 46994K [0x00000007a8000000, 0x00000007c0000000, 0x00000007c0000000)
 Metaspace       used 51515K, capacity 53157K, committed 53416K, reserved 1095680K
  class space    used 5900K, capacity 6283K, committed 6316K, reserved 1048576K
}
2018-01-04T21:32:43.939+0800: 4386.937: Total time for which application threads were stopped: 0.0115519 seconds, Stopping threads took: 0.0000300 seconds
2018-01-04T21:32:44.944+0800: 4387.942: Total time for which application threads were stopped: 0.0002527 seconds, Stopping threads took: 0.0000409 seconds
2018-01-04T21:32:48.952+0800: 4391.950: Total time for which application threads were stopped: 0.0001916 seconds, Stopping threads took: 0.0000383 seconds
2018-01-04T21:32:48.952+0800: 4391.950: Total time for which application threads were stopped: 0.0001524 seconds, Stopping threads took: 0.0000424 seconds
2018-01-04T21:32:48.952+0800: 4391.951: Total time for which application threads were stopped: 0.0001193 seconds, Stopping threads took: 0.0000169 seconds
2018-01-04T21:32:48.953+0800: 4391.951: Total time for which application threads were stopped: 0.0001113 seconds, Stopping threads took: 0.0000167 seconds
2018-01-04T21:32:48.953+0800: 4391.951: Total time for which application threads were stopped: 0.0000937 seconds, Stopping threads took: 0.0000104 seconds
2018-01-04T21:32:48.953+0800: 4391.951: Total time for which application threads were stopped: 0.0000915 seconds, Stopping threads took: 0.0000105 seconds
2018-01-04T21:32:48.953+0800: 4391.951: Total time for which application threads were stopped: 0.0001221 seconds, Stopping threads took: 0.0000159 seconds
2018-01-04T21:32:48.953+0800: 4391.951: Total time for which application threads were stopped: 0.0000915 seconds, Stopping threads took: 0.0000092 seconds
2018-01-04T21:32:48.960+0800: 4391.958: Total time for which application threads were stopped: 0.0001836 seconds, Stopping threads took: 0.0000220 seconds
2018-01-04T21:32:48.960+0800: 4391.958: Total time for which application threads were stopped: 0.0001253 seconds, Stopping threads took: 0.0000128 seconds
2018-01-04T21:32:49.961+0800: 4392.959: Total time for which application threads were stopped: 0.0002733 seconds, Stopping threads took: 0.0000631 seconds
2018-01-04T21:34:36.592+0800: 4499.586: Total time for which application threads were stopped: 0.0002371 seconds, Stopping threads took: 0.0000416 seconds
2018-01-04T21:34:36.596+0800: 4499.590: Total time for which application threads were stopped: 0.0002499 seconds, Stopping threads took: 0.0000497 seconds
2018-01-04T21:34:36.599+0800: 4499.593: Total time for which application threads were stopped: 0.0008146 seconds, Stopping threads took: 0.0005711 seconds
2018-01-04T21:34:36.620+0800: 4499.614: Total time for which application threads were stopped: 0.0012386 seconds, Stopping threads took: 0.0000274 seconds
2018-01-04T21:34:36.631+0800: 4499.625: Total time for which application threads were stopped: 0.0003360 seconds, Stopping threads took: 0.0000756 seconds
2018-01-04T21:34:36.631+0800: 4499.625: Total time for which application threads were stopped: 0.0001812 seconds, Stopping threads took: 0.0000293 seconds
2018-01-04T21:34:36.651+0800: 4499.645: Total time for which application threads were stopped: 0.0002893 seconds, Stopping threads took: 0.0000664 seconds
2018-01-04T21:34:36.651+0800: 4499.645: Total time for which application threads were stopped: 0.0001713 seconds, Stopping threads took: 0.0000308 seconds
2018-01-04T21:34:36.707+0800: 4499.701: Total time for which application threads were stopped: 0.0001504 seconds, Stopping threads took: 0.0000220 seconds
2018-01-04T21:34:36.708+0800: 4499.701: Total time for which application threads were stopped: 0.0000986 seconds, Stopping threads took: 0.0000120 seconds
2018-01-04T21:34:54.787+0800: 4517.780: Total time for which application threads were stopped: 0.0004028 seconds, Stopping threads took: 0.0000297 seconds
2018-01-04T21:34:54.798+0800: 4517.791: Total time for which application threads were stopped: 0.0002083 seconds, Stopping threads took: 0.0000431 seconds
{Heap before GC invocations=35 (full 2):
 par new generation   total 109248K, used 93484K [0x00000007a0000000, 0x00000007a8000000, 0x00000007a8000000)
  eden space 87424K, 100% used [0x00000007a0000000, 0x00000007a5560000, 0x00000007a5560000)
  from space 21824K,  27% used [0x00000007a6ab0000, 0x00000007a709b210, 0x00000007a8000000)
  to   space 21824K,   0% used [0x00000007a5560000, 0x00000007a5560000, 0x00000007a6ab0000)
 concurrent mark-sweep generation total 393216K, used 46994K [0x00000007a8000000, 0x00000007c0000000, 0x00000007c0000000)
 Metaspace       used 51558K, capacity 53235K, committed 53416K, reserved 1095680K
  class space    used 5907K, capacity 6286K, committed 6316K, reserved 1048576K
2018-01-04T21:34:54.839+0800: 4517.832: [GC (Allocation Failure) 2018-01-04T21:34:54.839+0800: 4517.832: [ParNew
Desired survivor size 20112992 bytes, new threshold 8 (max 8)
- age   1:    1525664 bytes,    1525664 total
- age   2:    1169536 bytes,    2695200 total
- age   3:     179280 bytes,    2874480 total
- age   4:     630064 bytes,    3504544 total
- age   5:     925176 bytes,    4429720 total
- age   6:     684360 bytes,    5114080 total
- age   7:     340672 bytes,    5454752 total
- age   8:     357816 bytes,    5812568 total
: 93484K->7207K(109248K), 0.0105644 secs] 140478K->54358K(502464K), 0.0106579 secs] [Times: user=0.03 sys=0.00, real=0.01 secs] 
Heap after GC invocations=36 (full 2):
 par new generation   total 109248K, used 7207K [0x00000007a0000000, 0x00000007a8000000, 0x00000007a8000000)
  eden space 87424K,   0% used [0x00000007a0000000, 0x00000007a0000000, 0x00000007a5560000)
  from space 21824K,  33% used [0x00000007a5560000, 0x00000007a5c69e60, 0x00000007a6ab0000)
  to   space 21824K,   0% used [0x00000007a6ab0000, 0x00000007a6ab0000, 0x00000007a8000000)
 concurrent mark-sweep generation total 393216K, used 47150K [0x00000007a8000000, 0x00000007c0000000, 0x00000007c0000000)
 Metaspace       used 51558K, capacity 53235K, committed 53416K, reserved 1095680K
  class space    used 5907K, capacity 6286K, committed 6316K, reserved 1048576K
}
2018-01-04T21:34:54.849+0800: 4517.843: Total time for which application threads were stopped: 0.0109098 seconds, Stopping threads took: 0.0000286 seconds
2018-01-04T21:34:54.924+0800: 4517.917: Total time for which application threads were stopped: 0.0001841 seconds, Stopping threads took: 0.0000266 seconds
2018-01-04T21:34:54.974+0800: 4517.968: Total time for which application threads were stopped: 0.0002250 seconds, Stopping threads took: 0.0000268 seconds
{Heap before GC invocations=36 (full 2):
 par new generation   total 109248K, used 94599K [0x00000007a0000000, 0x00000007a8000000, 0x00000007a8000000)
  eden space 87424K,  99% used [0x00000007a0000000, 0x00000007a5558160, 0x00000007a5560000)
  from space 21824K,  33% used [0x00000007a5560000, 0x00000007a5c69e60, 0x00000007a6ab0000)
  to   space 21824K,   0% used [0x00000007a6ab0000, 0x00000007a6ab0000, 0x00000007a8000000)
 concurrent mark-sweep generation total 393216K, used 47150K [0x00000007a8000000, 0x00000007c0000000, 0x00000007c0000000)
 Metaspace       used 51560K, capacity 53235K, committed 53416K, reserved 1095680K
  class space    used 5907K, capacity 6286K, committed 6316K, reserved 1048576K
2018-01-04T21:34:54.987+0800: 4517.980: [GC (Allocation Failure) 2018-01-04T21:34:54.987+0800: 4517.980: [ParNew
Desired survivor size 20112992 bytes, new threshold 8 (max 8)
- age   1:    1513848 bytes,    1513848 total
- age   2:     439992 bytes,    1953840 total
- age   3:    1062120 bytes,    3015960 total
- age   4:     179280 bytes,    3195240 total
- age   5:     630064 bytes,    3825304 total
- age   6:     918816 bytes,    4744120 total
- age   7:     682688 bytes,    5426808 total
- age   8:     340672 bytes,    5767480 total
: 94599K->9715K(109248K), 0.0241433 secs] 141750K->57218K(502464K), 0.0242225 secs] [Times: user=0.03 sys=0.00, real=0.03 secs] 
Heap after GC invocations=37 (full 2):
 par new generation   total 109248K, used 9715K [0x00000007a0000000, 0x00000007a8000000, 0x00000007a8000000)
  eden space 87424K,   0% used [0x00000007a0000000, 0x00000007a0000000, 0x00000007a5560000)
  from space 21824K,  44% used [0x00000007a6ab0000, 0x00000007a742cec0, 0x00000007a8000000)
  to   space 21824K,   0% used [0x00000007a5560000, 0x00000007a5560000, 0x00000007a6ab0000)
 concurrent mark-sweep generation total 393216K, used 47503K [0x00000007a8000000, 0x00000007c0000000, 0x00000007c0000000)
 Metaspace       used 51560K, capacity 53235K, committed 53416K, reserved 1095680K
  class space    used 5907K, capacity 6286K, committed 6316K, reserved 1048576K
}
2018-01-04T21:34:55.011+0800: 4518.004: Total time for which application threads were stopped: 0.0245696 seconds, Stopping threads took: 0.0000678 seconds
{Heap before GC invocations=37 (full 2):
 par new generation   total 109248K, used 97139K [0x00000007a0000000, 0x00000007a8000000, 0x00000007a8000000)
  eden space 87424K, 100% used [0x00000007a0000000, 0x00000007a5560000, 0x00000007a5560000)
  from space 21824K,  44% used [0x00000007a6ab0000, 0x00000007a742cec0, 0x00000007a8000000)
  to   space 21824K,   0% used [0x00000007a5560000, 0x00000007a5560000, 0x00000007a6ab0000)
 concurrent mark-sweep generation total 393216K, used 47503K [0x00000007a8000000, 0x00000007c0000000, 0x00000007c0000000)
 Metaspace       used 51566K, capacity 53235K, committed 53416K, reserved 1095680K
  class space    used 5907K, capacity 6286K, committed 6316K, reserved 1048576K
2018-01-04T21:34:55.127+0800: 4518.120: [GC (Allocation Failure) 2018-01-04T21:34:55.127+0800: 4518.120: [ParNew
Desired survivor size 20112992 bytes, new threshold 8 (max 8)
- age   1:     878128 bytes,     878128 total
- age   2:    1388704 bytes,    2266832 total
- age   3:     377776 bytes,    2644608 total
- age   4:    1058016 bytes,    3702624 total
- age   5:     179280 bytes,    3881904 total
- age   6:     630064 bytes,    4511968 total
- age   7:     918816 bytes,    5430784 total
- age   8:     682688 bytes,    6113472 total
: 97139K->6556K(109248K), 0.0109604 secs] 144642K->54394K(502464K), 0.0110492 secs] [Times: user=0.02 sys=0.00, real=0.01 secs] 
Heap after GC invocations=38 (full 2):
 par new generation   total 109248K, used 6556K [0x00000007a0000000, 0x00000007a8000000, 0x00000007a8000000)
  eden space 87424K,   0% used [0x00000007a0000000, 0x00000007a0000000, 0x00000007a5560000)
  from space 21824K,  30% used [0x00000007a5560000, 0x00000007a5bc7150, 0x00000007a6ab0000)
  to   space 21824K,   0% used [0x00000007a6ab0000, 0x00000007a6ab0000, 0x00000007a8000000)
 concurrent mark-sweep generation total 393216K, used 47838K [0x00000007a8000000, 0x00000007c0000000, 0x00000007c0000000)
 Metaspace       used 51566K, capacity 53235K, committed 53416K, reserved 1095680K
  class space    used 5907K, capacity 6286K, committed 6316K, reserved 1048576K
}
2018-01-04T21:34:55.138+0800: 4518.131: Total time for which application threads were stopped: 0.0115263 seconds, Stopping threads took: 0.0000419 seconds
2018-01-04T21:34:55.251+0800: 4518.244: Total time for which application threads were stopped: 0.0002951 seconds, Stopping threads took: 0.0000492 seconds
2018-01-04T21:34:55.251+0800: 4518.244: Total time for which application threads were stopped: 0.0002093 seconds, Stopping threads took: 0.0000712 seconds
{Heap before GC invocations=38 (full 2):
 par new generation   total 109248K, used 93980K [0x00000007a0000000, 0x00000007a8000000, 0x00000007a8000000)
  eden space 87424K, 100% used [0x00000007a0000000, 0x00000007a5560000, 0x00000007a5560000)
  from space 21824K,  30% used [0x00000007a5560000, 0x00000007a5bc7150, 0x00000007a6ab0000)
  to   space 21824K,   0% used [0x00000007a6ab0000, 0x00000007a6ab0000, 0x00000007a8000000)
 concurrent mark-sweep generation total 393216K, used 47838K [0x00000007a8000000, 0x00000007c0000000, 0x00000007c0000000)
 Metaspace       used 51568K, capacity 53235K, committed 53416K, reserved 1095680K
  class space    used 5907K, capacity 6286K, committed 6316K, reserved 1048576K
2018-01-04T21:34:55.255+0800: 4518.248: [GC (Allocation Failure) 2018-01-04T21:34:55.255+0800: 4518.248: [ParNew
Desired survivor size 20112992 bytes, new threshold 8 (max 8)
- age   1:    1485344 bytes,    1485344 total
- age   2:     552184 bytes,    2037528 total
- age   3:     849120 bytes,    2886648 total
- age   4:     377776 bytes,    3264424 total
- age   5:    1057992 bytes,    4322416 total
- age   6:     179280 bytes,    4501696 total
- age   7:     622344 bytes,    5124040 total
- age   8:     918816 bytes,    6042856 total
: 93980K->7699K(109248K), 0.0530069 secs] 141818K->56211K(502464K), 0.0530888 secs] [Times: user=0.03 sys=0.00, real=0.05 secs] 
Heap after GC invocations=39 (full 2):
 par new generation   total 109248K, used 7699K [0x00000007a0000000, 0x00000007a8000000, 0x00000007a8000000)
  eden space 87424K,   0% used [0x00000007a0000000, 0x00000007a0000000, 0x00000007a5560000)
  from space 21824K,  35% used [0x00000007a6ab0000, 0x00000007a7234fb0, 0x00000007a8000000)
  to   space 21824K,   0% used [0x00000007a5560000, 0x00000007a5560000, 0x00000007a6ab0000)
 concurrent mark-sweep generation total 393216K, used 48511K [0x00000007a8000000, 0x00000007c0000000, 0x00000007c0000000)
 Metaspace       used 51568K, capacity 53235K, committed 53416K, reserved 1095680K
  class space    used 5907K, capacity 6286K, committed 6316K, reserved 1048576K
}
2018-01-04T21:34:55.308+0800: 4518.301: Total time for which application threads were stopped: 0.0533880 seconds, Stopping threads took: 0.0000222 seconds
2018-01-04T21:34:55.320+0800: 4518.313: Total time for which application threads were stopped: 0.0118224 seconds, Stopping threads took: 0.0115616 seconds
{Heap before GC invocations=39 (full 2):
 par new generation   total 109248K, used 95123K [0x00000007a0000000, 0x00000007a8000000, 0x00000007a8000000)
  eden space 87424K, 100% used [0x00000007a0000000, 0x00000007a5560000, 0x00000007a5560000)
  from space 21824K,  35% used [0x00000007a6ab0000, 0x00000007a7234fb0, 0x00000007a8000000)
  to   space 21824K,   0% used [0x00000007a5560000, 0x00000007a5560000, 0x00000007a6ab0000)
 concurrent mark-sweep generation total 393216K, used 48511K [0x00000007a8000000, 0x00000007c0000000, 0x00000007c0000000)
 Metaspace       used 51568K, capacity 53235K, committed 53416K, reserved 1095680K
  class space    used 5907K, capacity 6286K, committed 6316K, reserved 1048576K
2018-01-04T21:34:55.431+0800: 4518.424: [GC (Allocation Failure) 2018-01-04T21:34:55.431+0800: 4518.424: [ParNew
Desired survivor size 20112992 bytes, new threshold 8 (max 8)
- age   1:     408640 bytes,     408640 total
- age   2:    1301504 bytes,    1710144 total
- age   3:     552184 bytes,    2262328 total
- age   4:     849120 bytes,    3111448 total
- age   5:     377776 bytes,    3489224 total
- age   6:    1057992 bytes,    4547216 total
- age   7:     179280 bytes,    4726496 total
- age   8:     622344 bytes,    5348840 total
: 95123K->6992K(109248K), 0.0486283 secs] 143635K->56409K(502464K), 0.0487299 secs] [Times: user=0.07 sys=0.00, real=0.05 secs] 
Heap after GC invocations=40 (full 2):
 par new generation   total 109248K, used 6992K [0x00000007a0000000, 0x00000007a8000000, 0x00000007a8000000)
  eden space 87424K,   0% used [0x00000007a0000000, 0x00000007a0000000, 0x00000007a5560000)
  from space 21824K,  32% used [0x00000007a5560000, 0x00000007a5c34240, 0x00000007a6ab0000)
  to   space 21824K,   0% used [0x00000007a6ab0000, 0x00000007a6ab0000, 0x00000007a8000000)
 concurrent mark-sweep generation total 393216K, used 49416K [0x00000007a8000000, 0x00000007c0000000, 0x00000007c0000000)
 Metaspace       used 51568K, capacity 53235K, committed 53416K, reserved 1095680K
  class space    used 5907K, capacity 6286K, committed 6316K, reserved 1048576K
}
2018-01-04T21:34:55.480+0800: 4518.473: Total time for which application threads were stopped: 0.0490441 seconds, Stopping threads took: 0.0000316 seconds
2018-01-04T21:34:56.481+0800: 4519.474: Total time for which application threads were stopped: 0.0003469 seconds, Stopping threads took: 0.0000425 seconds
2018-01-04T21:35:00.649+0800: 4523.642: Total time for which application threads were stopped: 0.0001920 seconds, Stopping threads took: 0.0000252 seconds
2018-01-04T21:35:00.649+0800: 4523.642: Total time for which application threads were stopped: 0.0001483 seconds, Stopping threads took: 0.0000163 seconds
2018-01-04T21:35:00.649+0800: 4523.642: Total time for which application threads were stopped: 0.0001073 seconds, Stopping threads took: 0.0000088 seconds
2018-01-04T21:35:00.649+0800: 4523.642: Total time for which application threads were stopped: 0.0001040 seconds, Stopping threads took: 0.0000080 seconds
2018-01-04T21:35:00.650+0800: 4523.643: Total time for which application threads were stopped: 0.0001017 seconds, Stopping threads took: 0.0000084 seconds
2018-01-04T21:35:00.650+0800: 4523.643: Total time for which application threads were stopped: 0.0000997 seconds, Stopping threads took: 0.0000078 seconds
2018-01-04T21:35:00.657+0800: 4523.650: Total time for which application threads were stopped: 0.0002174 seconds, Stopping threads took: 0.0000384 seconds
2018-01-04T21:35:00.657+0800: 4523.650: Total time for which application threads were stopped: 0.0001614 seconds, Stopping threads took: 0.0000166 seconds
2018-01-04T21:35:00.681+0800: 4523.673: Total time for which application threads were stopped: 0.0002933 seconds, Stopping threads took: 0.0001022 seconds
2018-01-04T21:35:00.686+0800: 4523.679: Total time for which application threads were stopped: 0.0006157 seconds, Stopping threads took: 0.0003429 seconds
{Heap before GC invocations=40 (full 2):
 par new generation   total 109248K, used 94390K [0x00000007a0000000, 0x00000007a8000000, 0x00000007a8000000)
  eden space 87424K,  99% used [0x00000007a0000000, 0x00000007a55597c0, 0x00000007a5560000)
  from space 21824K,  32% used [0x00000007a5560000, 0x00000007a5c34240, 0x00000007a6ab0000)
  to   space 21824K,   0% used [0x00000007a6ab0000, 0x00000007a6ab0000, 0x00000007a8000000)
 concurrent mark-sweep generation total 393216K, used 49416K [0x00000007a8000000, 0x00000007c0000000, 0x00000007c0000000)
 Metaspace       used 51614K, capacity 53265K, committed 53416K, reserved 1095680K
  class space    used 5910K, capacity 6291K, committed 6316K, reserved 1048576K
2018-01-04T21:35:00.690+0800: 4523.683: [GC (Allocation Failure) 2018-01-04T21:35:00.691+0800: 4523.683: [ParNew
Desired survivor size 20112992 bytes, new threshold 8 (max 8)
- age   1:    3115064 bytes,    3115064 total
- age   2:      89912 bytes,    3204976 total
- age   3:     735360 bytes,    3940336 total
- age   4:     550496 bytes,    4490832 total
- age   5:     725216 bytes,    5216048 total
- age   6:     375816 bytes,    5591864 total
- age   7:    1057992 bytes,    6649856 total
- age   8:     179280 bytes,    6829136 total
: 94390K->8498K(109248K), 0.0097694 secs] 143807K->58526K(502464K), 0.0098732 secs] [Times: user=0.03 sys=0.00, real=0.01 secs] 
Heap after GC invocations=41 (full 2):
 par new generation   total 109248K, used 8498K [0x00000007a0000000, 0x00000007a8000000, 0x00000007a8000000)
  eden space 87424K,   0% used [0x00000007a0000000, 0x00000007a0000000, 0x00000007a5560000)
  from space 21824K,  38% used [0x00000007a6ab0000, 0x00000007a72fca80, 0x00000007a8000000)
  to   space 21824K,   0% used [0x00000007a5560000, 0x00000007a5560000, 0x00000007a6ab0000)
 concurrent mark-sweep generation total 393216K, used 50028K [0x00000007a8000000, 0x00000007c0000000, 0x00000007c0000000)
 Metaspace       used 51614K, capacity 53265K, committed 53416K, reserved 1095680K
  class space    used 5910K, capacity 6291K, committed 6316K, reserved 1048576K
}
2018-01-04T21:35:00.700+0800: 4523.693: Total time for which application threads were stopped: 0.0102928 seconds, Stopping threads took: 0.0001411 seconds
2018-01-04T21:35:00.701+0800: 4523.694: Total time for which application threads were stopped: 0.0002044 seconds, Stopping threads took: 0.0000284 seconds
2018-01-04T21:35:00.719+0800: 4523.712: Total time for which application threads were stopped: 0.0012580 seconds, Stopping threads took: 0.0010706 seconds
{Heap before GC invocations=41 (full 2):
 par new generation   total 109248K, used 95913K [0x00000007a0000000, 0x00000007a8000000, 0x00000007a8000000)
  eden space 87424K,  99% used [0x00000007a0000000, 0x00000007a555dcf8, 0x00000007a5560000)
  from space 21824K,  38% used [0x00000007a6ab0000, 0x00000007a72fca80, 0x00000007a8000000)
  to   space 21824K,   0% used [0x00000007a5560000, 0x00000007a5560000, 0x00000007a6ab0000)
 concurrent mark-sweep generation total 393216K, used 50028K [0x00000007a8000000, 0x00000007c0000000, 0x00000007c0000000)
 Metaspace       used 51675K, capacity 53349K, committed 53416K, reserved 1095680K
  class space    used 5918K, capacity 6305K, committed 6316K, reserved 1048576K
2018-01-04T21:35:00.744+0800: 4523.737: [GC (Allocation Failure) 2018-01-04T21:35:00.745+0800: 4523.737: [ParNew
Desired survivor size 20112992 bytes, new threshold 8 (max 8)
- age   1:    1258568 bytes,    1258568 total
- age   2:    2123360 bytes,    3381928 total
- age   3:      89912 bytes,    3471840 total
- age   4:     729120 bytes,    4200960 total
- age   5:     550496 bytes,    4751456 total
- age   6:     187272 bytes,    4938728 total
- age   7:     253904 bytes,    5192632 total
- age   8:    1057992 bytes,    6250624 total
: 95913K->9992K(109248K), 0.0129400 secs] 145941K->60198K(502464K), 0.0130430 secs] [Times: user=0.04 sys=0.00, real=0.01 secs] 
Heap after GC invocations=42 (full 2):
 par new generation   total 109248K, used 9992K [0x00000007a0000000, 0x00000007a8000000, 0x00000007a8000000)
  eden space 87424K,   0% used [0x00000007a0000000, 0x00000007a0000000, 0x00000007a5560000)
  from space 21824K,  45% used [0x00000007a5560000, 0x00000007a5f22238, 0x00000007a6ab0000)
  to   space 21824K,   0% used [0x00000007a6ab0000, 0x00000007a6ab0000, 0x00000007a8000000)
 concurrent mark-sweep generation total 393216K, used 50206K [0x00000007a8000000, 0x00000007c0000000, 0x00000007c0000000)
 Metaspace       used 51675K, capacity 53349K, committed 53416K, reserved 1095680K
  class space    used 5918K, capacity 6305K, committed 6316K, reserved 1048576K
}
2018-01-04T21:35:00.758+0800: 4523.750: Total time for which application threads were stopped: 0.0134283 seconds, Stopping threads took: 0.0000874 seconds
{Heap before GC invocations=42 (full 2):
 par new generation   total 109248K, used 97416K [0x00000007a0000000, 0x00000007a8000000, 0x00000007a8000000)
  eden space 87424K, 100% used [0x00000007a0000000, 0x00000007a5560000, 0x00000007a5560000)
  from space 21824K,  45% used [0x00000007a5560000, 0x00000007a5f22238, 0x00000007a6ab0000)
  to   space 21824K,   0% used [0x00000007a6ab0000, 0x00000007a6ab0000, 0x00000007a8000000)
 concurrent mark-sweep generation total 393216K, used 50206K [0x00000007a8000000, 0x00000007c0000000, 0x00000007c0000000)
 Metaspace       used 51716K, capacity 53409K, committed 53416K, reserved 1095680K
  class space    used 5925K, capacity 6315K, committed 6316K, reserved 1048576K
2018-01-04T21:35:00.785+0800: 4523.778: [GC (Allocation Failure) 2018-01-04T21:35:00.785+0800: 4523.778: [ParNew
Desired survivor size 20112992 bytes, new threshold 8 (max 8)
- age   1:     375136 bytes,     375136 total
- age   2:     743808 bytes,    1118944 total
- age   3:    1940152 bytes,    3059096 total
- age   4:      89912 bytes,    3149008 total
- age   5:     729120 bytes,    3878128 total
- age   6:     550496 bytes,    4428624 total
- age   7:     187272 bytes,    4615896 total
- age   8:     253904 bytes,    4869800 total
: 97416K->5907K(109248K), 0.0135980 secs] 147622K->57152K(502464K), 0.0136805 secs] [Times: user=0.03 sys=0.00, real=0.01 secs] 
Heap after GC invocations=43 (full 2):
 par new generation   total 109248K, used 5907K [0x00000007a0000000, 0x00000007a8000000, 0x00000007a8000000)
  eden space 87424K,   0% used [0x00000007a0000000, 0x00000007a0000000, 0x00000007a5560000)
  from space 21824K,  27% used [0x00000007a6ab0000, 0x00000007a7074c40, 0x00000007a8000000)
  to   space 21824K,   0% used [0x00000007a5560000, 0x00000007a5560000, 0x00000007a6ab0000)
 concurrent mark-sweep generation total 393216K, used 51245K [0x00000007a8000000, 0x00000007c0000000, 0x00000007c0000000)
 Metaspace       used 51716K, capacity 53409K, committed 53416K, reserved 1095680K
  class space    used 5925K, capacity 6315K, committed 6316K, reserved 1048576K
}
2018-01-04T21:35:00.799+0800: 4523.792: Total time for which application threads were stopped: 0.0142197 seconds, Stopping threads took: 0.0002911 seconds
{Heap before GC invocations=43 (full 2):
 par new generation   total 109248K, used 93331K [0x00000007a0000000, 0x00000007a8000000, 0x00000007a8000000)
  eden space 87424K, 100% used [0x00000007a0000000, 0x00000007a5560000, 0x00000007a5560000)
  from space 21824K,  27% used [0x00000007a6ab0000, 0x00000007a7074c40, 0x00000007a8000000)
  to   space 21824K,   0% used [0x00000007a5560000, 0x00000007a5560000, 0x00000007a6ab0000)
 concurrent mark-sweep generation total 393216K, used 51245K [0x00000007a8000000, 0x00000007c0000000, 0x00000007c0000000)
 Metaspace       used 51740K, capacity 53445K, committed 53800K, reserved 1097728K
  class space    used 5928K, capacity 6321K, committed 6444K, reserved 1048576K
2018-01-04T21:35:00.903+0800: 4523.895: [GC (Allocation Failure) 2018-01-04T21:35:00.903+0800: 4523.895: [ParNew
Desired survivor size 20112992 bytes, new threshold 8 (max 8)
- age   1:    1027728 bytes,    1027728 total
- age   2:      94072 bytes,    1121800 total
- age   3:     220072 bytes,    1341872 total
- age   4:    1401536 bytes,    2743408 total
- age   5:      89912 bytes,    2833320 total
- age   6:     729120 bytes,    3562440 total
- age   7:     550496 bytes,    4112936 total
- age   8:     185816 bytes,    4298752 total
: 93331K->6457K(109248K), 0.0131161 secs] 144576K->57958K(502464K), 0.0131986 secs] [Times: user=0.03 sys=0.00, real=0.01 secs] 
Heap after GC invocations=44 (full 2):
 par new generation   total 109248K, used 6457K [0x00000007a0000000, 0x00000007a8000000, 0x00000007a8000000)
  eden space 87424K,   0% used [0x00000007a0000000, 0x00000007a0000000, 0x00000007a5560000)
  from space 21824K,  29% used [0x00000007a5560000, 0x00000007a5bae6f0, 0x00000007a6ab0000)
  to   space 21824K,   0% used [0x00000007a6ab0000, 0x00000007a6ab0000, 0x00000007a8000000)
 concurrent mark-sweep generation total 393216K, used 51501K [0x00000007a8000000, 0x00000007c0000000, 0x00000007c0000000)
 Metaspace       used 51740K, capacity 53445K, committed 53800K, reserved 1097728K
  class space    used 5928K, capacity 6321K, committed 6444K, reserved 1048576K
}
2018-01-04T21:35:00.916+0800: 4523.909: Total time for which application threads were stopped: 0.0134735 seconds, Stopping threads took: 0.0000262 seconds
2018-01-04T21:35:01.917+0800: 4524.910: Total time for which application threads were stopped: 0.0008616 seconds, Stopping threads took: 0.0000868 seconds
2018-01-04T21:35:02.442+0800: 4525.435: Total time for which application threads were stopped: 0.0004114 seconds, Stopping threads took: 0.0000394 seconds
2018-01-04T21:35:02.443+0800: 4525.436: Total time for which application threads were stopped: 0.0005986 seconds, Stopping threads took: 0.0000287 seconds
2018-01-04T21:35:02.444+0800: 4525.436: Total time for which application threads were stopped: 0.0003677 seconds, Stopping threads took: 0.0000248 seconds
2018-01-04T21:35:03.446+0800: 4526.439: Total time for which application threads were stopped: 0.0002713 seconds, Stopping threads took: 0.0000421 seconds
2018-01-04T21:35:05.941+0800: 4528.934: Total time for which application threads were stopped: 0.0002853 seconds, Stopping threads took: 0.0000617 seconds
2018-01-04T21:35:05.942+0800: 4528.934: Total time for which application threads were stopped: 0.0002168 seconds, Stopping threads took: 0.0000504 seconds
2018-01-04T21:35:05.942+0800: 4528.935: Total time for which application threads were stopped: 0.0001466 seconds, Stopping threads took: 0.0000174 seconds
2018-01-04T21:35:05.942+0800: 4528.935: Total time for which application threads were stopped: 0.0002901 seconds, Stopping threads took: 0.0001365 seconds
2018-01-04T21:35:05.943+0800: 4528.935: Total time for which application threads were stopped: 0.0001936 seconds, Stopping threads took: 0.0000425 seconds
2018-01-04T21:35:05.943+0800: 4528.936: Total time for which application threads were stopped: 0.0002044 seconds, Stopping threads took: 0.0000570 seconds
2018-01-04T21:35:05.954+0800: 4528.947: Total time for which application threads were stopped: 0.0002937 seconds, Stopping threads took: 0.0000467 seconds
2018-01-04T21:35:05.955+0800: 4528.947: Total time for which application threads were stopped: 0.0001264 seconds, Stopping threads took: 0.0000125 seconds
2018-01-04T21:35:39.036+0800: 4562.027: Total time for which application threads were stopped: 0.0002650 seconds, Stopping threads took: 0.0000401 seconds
2018-01-04T21:35:40.434+0800: 4563.425: Total time for which application threads were stopped: 0.0004404 seconds, Stopping threads took: 0.0001467 seconds
2018-01-04T21:35:40.443+0800: 4563.434: Total time for which application threads were stopped: 0.0003148 seconds, Stopping threads took: 0.0000618 seconds
{Heap before GC invocations=44 (full 2):
 par new generation   total 109248K, used 93881K [0x00000007a0000000, 0x00000007a8000000, 0x00000007a8000000)
  eden space 87424K, 100% used [0x00000007a0000000, 0x00000007a5560000, 0x00000007a5560000)
  from space 21824K,  29% used [0x00000007a5560000, 0x00000007a5bae6f0, 0x00000007a6ab0000)
  to   space 21824K,   0% used [0x00000007a6ab0000, 0x00000007a6ab0000, 0x00000007a8000000)
 concurrent mark-sweep generation total 393216K, used 51501K [0x00000007a8000000, 0x00000007c0000000, 0x00000007c0000000)
 Metaspace       used 52204K, capacity 53939K, committed 54056K, reserved 1097728K
  class space    used 5991K, capacity 6394K, committed 6444K, reserved 1048576K
2018-01-04T21:35:40.457+0800: 4563.448: [GC (Allocation Failure) 2018-01-04T21:35:40.457+0800: 4563.449: [ParNew
Desired survivor size 20112992 bytes, new threshold 8 (max 8)
- age   1:    2811448 bytes,    2811448 total
- age   2:     585648 bytes,    3397096 total
- age   3:      93464 bytes,    3490560 total
- age   4:     188504 bytes,    3679064 total
- age   5:    1362016 bytes,    5041080 total
- age   6:      89912 bytes,    5130992 total
- age   7:     729056 bytes,    5860048 total
- age   8:     545792 bytes,    6405840 total
: 93881K->7440K(109248K), 0.0287890 secs] 145382K->59121K(502464K), 0.0294037 secs] [Times: user=0.05 sys=0.00, real=0.03 secs] 
Heap after GC invocations=45 (full 2):
 par new generation   total 109248K, used 7440K [0x00000007a0000000, 0x00000007a8000000, 0x00000007a8000000)
  eden space 87424K,   0% used [0x00000007a0000000, 0x00000007a0000000, 0x00000007a5560000)
  from space 21824K,  34% used [0x00000007a6ab0000, 0x00000007a71f40f0, 0x00000007a8000000)
  to   space 21824K,   0% used [0x00000007a5560000, 0x00000007a5560000, 0x00000007a6ab0000)
 concurrent mark-sweep generation total 393216K, used 51681K [0x00000007a8000000, 0x00000007c0000000, 0x00000007c0000000)
 Metaspace       used 52204K, capacity 53939K, committed 54056K, reserved 1097728K
  class space    used 5991K, capacity 6394K, committed 6444K, reserved 1048576K
}
2018-01-04T21:35:40.486+0800: 4563.478: Total time for which application threads were stopped: 0.0297170 seconds, Stopping threads took: 0.0000440 seconds
2018-01-04T21:35:40.488+0800: 4563.479: Total time for which application threads were stopped: 0.0003188 seconds, Stopping threads took: 0.0001627 seconds
{Heap before GC invocations=45 (full 2):
 par new generation   total 109248K, used 94859K [0x00000007a0000000, 0x00000007a8000000, 0x00000007a8000000)
  eden space 87424K,  99% used [0x00000007a0000000, 0x00000007a555ec68, 0x00000007a5560000)
  from space 21824K,  34% used [0x00000007a6ab0000, 0x00000007a71f40f0, 0x00000007a8000000)
  to   space 21824K,   0% used [0x00000007a5560000, 0x00000007a5560000, 0x00000007a6ab0000)
 concurrent mark-sweep generation total 393216K, used 51681K [0x00000007a8000000, 0x00000007c0000000, 0x00000007c0000000)
 Metaspace       used 52212K, capacity 53939K, committed 54056K, reserved 1097728K
  class space    used 5992K, capacity 6394K, committed 6444K, reserved 1048576K
2018-01-04T21:35:40.519+0800: 4563.510: [GC (Allocation Failure) 2018-01-04T21:35:40.519+0800: 4563.510: [ParNew
Desired survivor size 20112992 bytes, new threshold 8 (max 8)
- age   1:     554280 bytes,     554280 total
- age   2:    2310112 bytes,    2864392 total
- age   3:     585648 bytes,    3450040 total
- age   4:      93464 bytes,    3543504 total
- age   5:     188504 bytes,    3732008 total
- age   6:    1362016 bytes,    5094024 total
- age   7:      89912 bytes,    5183936 total
- age   8:     729056 bytes,    5912992 total
: 94859K->9140K(109248K), 0.0097614 secs] 146541K->61357K(502464K), 0.0098650 secs] [Times: user=0.02 sys=0.00, real=0.01 secs] 
Heap after GC invocations=46 (full 2):
 par new generation   total 109248K, used 9140K [0x00000007a0000000, 0x00000007a8000000, 0x00000007a8000000)
  eden space 87424K,   0% used [0x00000007a0000000, 0x00000007a0000000, 0x00000007a5560000)
  from space 21824K,  41% used [0x00000007a5560000, 0x00000007a5e4d2c0, 0x00000007a6ab0000)
  to   space 21824K,   0% used [0x00000007a6ab0000, 0x00000007a6ab0000, 0x00000007a8000000)
 concurrent mark-sweep generation total 393216K, used 52217K [0x00000007a8000000, 0x00000007c0000000, 0x00000007c0000000)
 Metaspace       used 52212K, capacity 53939K, committed 54056K, reserved 1097728K
  class space    used 5992K, capacity 6394K, committed 6444K, reserved 1048576K
}
2018-01-04T21:35:40.529+0800: 4563.520: Total time for which application threads were stopped: 0.0104948 seconds, Stopping threads took: 0.0002700 seconds
2018-01-04T21:35:40.542+0800: 4563.534: Total time for which application threads were stopped: 0.0002993 seconds, Stopping threads took: 0.0000942 seconds
{Heap before GC invocations=46 (full 2):
 par new generation   total 109248K, used 96564K [0x00000007a0000000, 0x00000007a8000000, 0x00000007a8000000)
  eden space 87424K, 100% used [0x00000007a0000000, 0x00000007a5560000, 0x00000007a5560000)
  from space 21824K,  41% used [0x00000007a5560000, 0x00000007a5e4d2c0, 0x00000007a6ab0000)
  to   space 21824K,   0% used [0x00000007a6ab0000, 0x00000007a6ab0000, 0x00000007a8000000)
 concurrent mark-sweep generation total 393216K, used 52217K [0x00000007a8000000, 0x00000007c0000000, 0x00000007c0000000)
 Metaspace       used 52287K, capacity 54003K, committed 54056K, reserved 1097728K
  class space    used 5993K, capacity 6394K, committed 6444K, reserved 1048576K
2018-01-04T21:35:40.597+0800: 4563.588: [GC (Allocation Failure) 2018-01-04T21:35:40.597+0800: 4563.588: [ParNew
Desired survivor size 20112992 bytes, new threshold 8 (max 8)
- age   1:     939928 bytes,     939928 total
- age   2:     248928 bytes,    1188856 total
- age   3:    2132352 bytes,    3321208 total
- age   4:     585648 bytes,    3906856 total
- age   5:      93464 bytes,    4000320 total
- age   6:     188504 bytes,    4188824 total
- age   7:    1361952 bytes,    5550776 total
- age   8:      89912 bytes,    5640688 total
: 96564K->6873K(109248K), 0.0191421 secs] 148781K->59807K(502464K), 0.0192462 secs] [Times: user=0.04 sys=0.00, real=0.02 secs] 
Heap after GC invocations=47 (full 2):
 par new generation   total 109248K, used 6873K [0x00000007a0000000, 0x00000007a8000000, 0x00000007a8000000)
  eden space 87424K,   0% used [0x00000007a0000000, 0x00000007a0000000, 0x00000007a5560000)
  from space 21824K,  31% used [0x00000007a6ab0000, 0x00000007a71665c0, 0x00000007a8000000)
  to   space 21824K,   0% used [0x00000007a5560000, 0x00000007a5560000, 0x00000007a6ab0000)
 concurrent mark-sweep generation total 393216K, used 52933K [0x00000007a8000000, 0x00000007c0000000, 0x00000007c0000000)
 Metaspace       used 52287K, capacity 54003K, committed 54056K, reserved 1097728K
  class space    used 5993K, capacity 6394K, committed 6444K, reserved 1048576K
}
2018-01-04T21:35:40.616+0800: 4563.607: Total time for which application threads were stopped: 0.0197157 seconds, Stopping threads took: 0.0000917 seconds
2018-01-04T21:35:40.714+0800: 4563.705: Total time for which application threads were stopped: 0.0003025 seconds, Stopping threads took: 0.0000438 seconds
2018-01-04T21:35:40.804+0800: 4563.795: Total time for which application threads were stopped: 0.0004196 seconds, Stopping threads took: 0.0001856 seconds
2018-01-04T21:35:40.804+0800: 4563.795: Total time for which application threads were stopped: 0.0001812 seconds, Stopping threads took: 0.0000339 seconds
2018-01-04T21:35:40.804+0800: 4563.796: Total time for which application threads were stopped: 0.0001635 seconds, Stopping threads took: 0.0000221 seconds
2018-01-04T21:35:40.806+0800: 4563.797: Total time for which application threads were stopped: 0.0002688 seconds, Stopping threads took: 0.0000508 seconds
{Heap before GC invocations=47 (full 2):
 par new generation   total 109248K, used 94297K [0x00000007a0000000, 0x00000007a8000000, 0x00000007a8000000)
  eden space 87424K, 100% used [0x00000007a0000000, 0x00000007a5560000, 0x00000007a5560000)
  from space 21824K,  31% used [0x00000007a6ab0000, 0x00000007a71665c0, 0x00000007a8000000)
  to   space 21824K,   0% used [0x00000007a5560000, 0x00000007a5560000, 0x00000007a6ab0000)
 concurrent mark-sweep generation total 393216K, used 52933K [0x00000007a8000000, 0x00000007c0000000, 0x00000007c0000000)
 Metaspace       used 52399K, capacity 54139K, committed 54312K, reserved 1097728K
  class space    used 5993K, capacity 6394K, committed 6444K, reserved 1048576K
2018-01-04T21:35:41.024+0800: 4564.015: [GC (Allocation Failure) 2018-01-04T21:35:41.024+0800: 4564.015: [ParNew
Desired survivor size 20112992 bytes, new threshold 8 (max 8)
- age   1:    2281672 bytes,    2281672 total
- age   2:     479872 bytes,    2761544 total
- age   3:     247656 bytes,    3009200 total
- age   4:    1043496 bytes,    4052696 total
- age   5:     585648 bytes,    4638344 total
- age   6:      93464 bytes,    4731808 total
- age   7:     188504 bytes,    4920312 total
- age   8:    1361952 bytes,    6282264 total
: 94297K->9637K(109248K), 0.0302433 secs] 147231K->62660K(502464K), 0.0303495 secs] [Times: user=0.04 sys=0.00, real=0.03 secs] 
Heap after GC invocations=48 (full 2):
 par new generation   total 109248K, used 9637K [0x00000007a0000000, 0x00000007a8000000, 0x00000007a8000000)
  eden space 87424K,   0% used [0x00000007a0000000, 0x00000007a0000000, 0x00000007a5560000)
  from space 21824K,  44% used [0x00000007a5560000, 0x00000007a5ec95c0, 0x00000007a6ab0000)
  to   space 21824K,   0% used [0x00000007a6ab0000, 0x00000007a6ab0000, 0x00000007a8000000)
 concurrent mark-sweep generation total 393216K, used 53023K [0x00000007a8000000, 0x00000007c0000000, 0x00000007c0000000)
 Metaspace       used 52399K, capacity 54139K, committed 54312K, reserved 1097728K
  class space    used 5993K, capacity 6394K, committed 6444K, reserved 1048576K
}
2018-01-04T21:35:41.054+0800: 4564.045: Total time for which application threads were stopped: 0.0307483 seconds, Stopping threads took: 0.0000289 seconds
2018-01-04T21:35:42.056+0800: 4565.047: Total time for which application threads were stopped: 0.0003881 seconds, Stopping threads took: 0.0001009 seconds
2018-01-04T21:35:42.344+0800: 4565.336: Total time for which application threads were stopped: 0.0003520 seconds, Stopping threads took: 0.0000277 seconds
2018-01-04T21:35:42.345+0800: 4565.336: Total time for which application threads were stopped: 0.0002444 seconds, Stopping threads took: 0.0000820 seconds
2018-01-04T21:35:42.345+0800: 4565.336: Total time for which application threads were stopped: 0.0001722 seconds, Stopping threads took: 0.0000307 seconds
2018-01-04T21:35:42.346+0800: 4565.337: Total time for which application threads were stopped: 0.0002692 seconds, Stopping threads took: 0.0000350 seconds
2018-01-04T21:35:42.346+0800: 4565.337: Total time for which application threads were stopped: 0.0002457 seconds, Stopping threads took: 0.0000351 seconds
2018-01-04T21:35:42.347+0800: 4565.338: Total time for which application threads were stopped: 0.0002599 seconds, Stopping threads took: 0.0000521 seconds
2018-01-04T21:35:42.348+0800: 4565.339: Total time for which application threads were stopped: 0.0002301 seconds, Stopping threads took: 0.0000475 seconds
2018-01-04T21:35:42.348+0800: 4565.339: Total time for which application threads were stopped: 0.0002071 seconds, Stopping threads took: 0.0000407 seconds
2018-01-04T21:35:42.349+0800: 4565.340: Total time for which application threads were stopped: 0.0002293 seconds, Stopping threads took: 0.0000150 seconds
2018-01-04T21:35:42.349+0800: 4565.341: Total time for which application threads were stopped: 0.0005855 seconds, Stopping threads took: 0.0003829 seconds
2018-01-04T21:35:42.350+0800: 4565.341: Total time for which application threads were stopped: 0.0002123 seconds, Stopping threads took: 0.0000290 seconds
2018-01-04T21:35:42.350+0800: 4565.341: Total time for which application threads were stopped: 0.0002048 seconds, Stopping threads took: 0.0000284 seconds
2018-01-04T21:35:42.351+0800: 4565.342: Total time for which application threads were stopped: 0.0002450 seconds, Stopping threads took: 0.0000349 seconds
2018-01-04T21:35:42.358+0800: 4565.350: Total time for which application threads were stopped: 0.0002591 seconds, Stopping threads took: 0.0000398 seconds
2018-01-04T21:35:42.359+0800: 4565.350: Total time for which application threads were stopped: 0.0002480 seconds, Stopping threads took: 0.0000295 seconds
2018-01-04T21:35:42.397+0800: 4565.389: Total time for which application threads were stopped: 0.0002902 seconds, Stopping threads took: 0.0000413 seconds
2018-01-04T21:35:42.398+0800: 4565.390: Total time for which application threads were stopped: 0.0001875 seconds, Stopping threads took: 0.0000363 seconds
2018-01-04T21:35:42.399+0800: 4565.391: Total time for which application threads were stopped: 0.0002764 seconds, Stopping threads took: 0.0000804 seconds
2018-01-04T21:35:42.400+0800: 4565.391: Total time for which application threads were stopped: 0.0002367 seconds, Stopping threads took: 0.0000639 seconds
2018-01-04T21:35:42.473+0800: 4565.464: Total time for which application threads were stopped: 0.0002887 seconds, Stopping threads took: 0.0000424 seconds
2018-01-04T21:35:42.474+0800: 4565.465: Total time for which application threads were stopped: 0.0002022 seconds, Stopping threads took: 0.0000231 seconds
2018-01-04T21:35:42.491+0800: 4565.482: Total time for which application threads were stopped: 0.0115136 seconds, Stopping threads took: 0.0112545 seconds
2018-01-04T21:35:42.492+0800: 4565.483: Total time for which application threads were stopped: 0.0002233 seconds, Stopping threads took: 0.0000528 seconds
2018-01-04T21:35:42.504+0800: 4565.495: Total time for which application threads were stopped: 0.0083156 seconds, Stopping threads took: 0.0081058 seconds
2018-01-04T21:35:42.515+0800: 4565.506: Total time for which application threads were stopped: 0.0024372 seconds, Stopping threads took: 0.0022018 seconds
2018-01-04T21:35:42.516+0800: 4565.507: Total time for which application threads were stopped: 0.0006603 seconds, Stopping threads took: 0.0004786 seconds
2018-01-04T21:35:42.559+0800: 4565.550: Total time for which application threads were stopped: 0.0072989 seconds, Stopping threads took: 0.0070078 seconds
2018-01-04T21:35:42.570+0800: 4565.561: Total time for which application threads were stopped: 0.0106819 seconds, Stopping threads took: 0.0104067 seconds
2018-01-04T21:35:42.581+0800: 4565.573: Total time for which application threads were stopped: 0.0098633 seconds, Stopping threads took: 0.0095858 seconds
2018-01-04T21:35:42.589+0800: 4565.580: Total time for which application threads were stopped: 0.0049201 seconds, Stopping threads took: 0.0046759 seconds
2018-01-04T21:35:42.603+0800: 4565.594: Total time for which application threads were stopped: 0.0141711 seconds, Stopping threads took: 0.0137129 seconds
2018-01-04T21:35:42.604+0800: 4565.595: Total time for which application threads were stopped: 0.0003294 seconds, Stopping threads took: 0.0000795 seconds
2018-01-04T21:35:42.645+0800: 4565.637: Total time for which application threads were stopped: 0.0159556 seconds, Stopping threads took: 0.0156981 seconds
2018-01-04T21:35:42.646+0800: 4565.637: Total time for which application threads were stopped: 0.0001446 seconds, Stopping threads took: 0.0000155 seconds
2018-01-04T21:36:41.491+0800: 4624.480: Total time for which application threads were stopped: 0.0002455 seconds, Stopping threads took: 0.0000358 seconds
2018-01-04T21:36:41.491+0800: 4624.480: Total time for which application threads were stopped: 0.0002006 seconds, Stopping threads took: 0.0000184 seconds
2018-01-04T21:36:41.502+0800: 4624.491: Total time for which application threads were stopped: 0.0002745 seconds, Stopping threads took: 0.0000278 seconds
2018-01-04T21:36:41.502+0800: 4624.491: Total time for which application threads were stopped: 0.0001440 seconds, Stopping threads took: 0.0000122 seconds
2018-01-04T21:36:42.506+0800: 4625.495: Total time for which application threads were stopped: 0.0001819 seconds, Stopping threads took: 0.0000275 seconds
2018-01-04T21:36:47.519+0800: 4630.507: Total time for which application threads were stopped: 0.0003230 seconds, Stopping threads took: 0.0000482 seconds
2018-01-04T21:37:07.339+0800: 4650.327: Total time for which application threads were stopped: 0.0005948 seconds, Stopping threads took: 0.0000437 seconds
2018-01-04T21:37:07.340+0800: 4650.327: Total time for which application threads were stopped: 0.0002340 seconds, Stopping threads took: 0.0000414 seconds
2018-01-04T21:37:07.346+0800: 4650.334: Total time for which application threads were stopped: 0.0002582 seconds, Stopping threads took: 0.0000376 seconds
2018-01-04T21:37:07.347+0800: 4650.335: Total time for which application threads were stopped: 0.0003760 seconds, Stopping threads took: 0.0000457 seconds
2018-01-04T21:37:08.350+0800: 4651.338: Total time for which application threads were stopped: 0.0003101 seconds, Stopping threads took: 0.0000445 seconds
2018-01-04T21:37:09.355+0800: 4652.343: Total time for which application threads were stopped: 0.0003802 seconds, Stopping threads took: 0.0000528 seconds
2018-01-04T21:37:59.377+0800: 4702.363: Total time for which application threads were stopped: 0.0003971 seconds, Stopping threads took: 0.0000965 seconds
2018-01-04T21:37:59.380+0800: 4702.366: Total time for which application threads were stopped: 0.0005306 seconds, Stopping threads took: 0.0002333 seconds
{Heap before GC invocations=48 (full 2):
 par new generation   total 109248K, used 97061K [0x00000007a0000000, 0x00000007a8000000, 0x00000007a8000000)
  eden space 87424K, 100% used [0x00000007a0000000, 0x00000007a5560000, 0x00000007a5560000)
  from space 21824K,  44% used [0x00000007a5560000, 0x00000007a5ec95c0, 0x00000007a6ab0000)
  to   space 21824K,   0% used [0x00000007a6ab0000, 0x00000007a6ab0000, 0x00000007a8000000)
 concurrent mark-sweep generation total 393216K, used 53023K [0x00000007a8000000, 0x00000007c0000000, 0x00000007c0000000)
 Metaspace       used 52911K, capacity 54659K, committed 54824K, reserved 1097728K
  class space    used 6002K, capacity 6394K, committed 6444K, reserved 1048576K
2018-01-04T21:39:22.509+0800: 4785.491: [GC (Allocation Failure) 2018-01-04T21:39:22.509+0800: 4785.492: [ParNew
Desired survivor size 20112992 bytes, new threshold 8 (max 8)
- age   1:     533056 bytes,     533056 total
- age   2:    1652320 bytes,    2185376 total
- age   3:     175456 bytes,    2360832 total
- age   4:      83696 bytes,    2444528 total
- age   5:     564224 bytes,    3008752 total
- age   6:     492760 bytes,    3501512 total
- age   7:      37368 bytes,    3538880 total
- age   8:     134872 bytes,    3673752 total
: 97061K->4792K(109248K), 0.0128627 secs] 150084K->59151K(502464K), 0.0130900 secs] [Times: user=0.04 sys=0.00, real=0.02 secs] 
Heap after GC invocations=49 (full 2):
 par new generation   total 109248K, used 4792K [0x00000007a0000000, 0x00000007a8000000, 0x00000007a8000000)
  eden space 87424K,   0% used [0x00000007a0000000, 0x00000007a0000000, 0x00000007a5560000)
  from space 21824K,  21% used [0x00000007a6ab0000, 0x00000007a6f5e0d8, 0x00000007a8000000)
  to   space 21824K,   0% used [0x00000007a5560000, 0x00000007a5560000, 0x00000007a6ab0000)
 concurrent mark-sweep generation total 393216K, used 54359K [0x00000007a8000000, 0x00000007c0000000, 0x00000007c0000000)
 Metaspace       used 52911K, capacity 54659K, committed 54824K, reserved 1097728K
  class space    used 6002K, capacity 6394K, committed 6444K, reserved 1048576K
}
2018-01-04T21:39:22.522+0800: 4785.505: Total time for which application threads were stopped: 0.0140159 seconds, Stopping threads took: 0.0001545 seconds
2018-01-04T21:42:17.098+0800: 4960.073: Total time for which application threads were stopped: 0.0003434 seconds, Stopping threads took: 0.0000836 seconds
2018-01-04T21:42:39.158+0800: 4982.133: Total time for which application threads were stopped: 0.0002605 seconds, Stopping threads took: 0.0000424 seconds
2018-01-04T21:42:52.827+0800: 4995.801: Total time for which application threads were stopped: 0.0004594 seconds, Stopping threads took: 0.0000438 seconds
2018-01-04T21:43:39.446+0800: 5042.418: Total time for which application threads were stopped: 0.0001690 seconds, Stopping threads took: 0.0000229 seconds
2018-01-04T21:44:39.425+0800: 5102.395: Total time for which application threads were stopped: 0.0002880 seconds, Stopping threads took: 0.0000409 seconds
2018-01-04T21:44:39.426+0800: 5102.395: Total time for which application threads were stopped: 0.0003546 seconds, Stopping threads took: 0.0000383 seconds
2018-01-04T21:44:51.458+0800: 5114.427: Total time for which application threads were stopped: 0.0002404 seconds, Stopping threads took: 0.0000392 seconds
2018-01-04T21:45:49.720+0800: 5172.687: Total time for which application threads were stopped: 0.0002281 seconds, Stopping threads took: 0.0000389 seconds
2018-01-04T21:45:49.725+0800: 5172.692: Total time for which application threads were stopped: 0.0001791 seconds, Stopping threads took: 0.0000386 seconds
2018-01-04T21:47:09.442+0800: 5252.405: Total time for which application threads were stopped: 0.0002849 seconds, Stopping threads took: 0.0000421 seconds
2018-01-04T21:47:09.442+0800: 5252.406: Total time for which application threads were stopped: 0.0002715 seconds, Stopping threads took: 0.0000367 seconds
2018-01-04T21:47:26.823+0800: 5269.786: Total time for which application threads were stopped: 0.0002116 seconds, Stopping threads took: 0.0000275 seconds
2018-01-04T21:48:28.529+0800: 5331.490: Total time for which application threads were stopped: 0.0002348 seconds, Stopping threads took: 0.0000271 seconds
2018-01-04T21:48:29.534+0800: 5332.494: Total time for which application threads were stopped: 0.0005720 seconds, Stopping threads took: 0.0000507 seconds
2018-01-04T21:48:49.454+0800: 5352.413: Total time for which application threads were stopped: 0.0004102 seconds, Stopping threads took: 0.0000526 seconds
2018-01-04T21:49:29.556+0800: 5392.513: Total time for which application threads were stopped: 0.0003215 seconds, Stopping threads took: 0.0000470 seconds
2018-01-04T21:49:35.568+0800: 5398.525: Total time for which application threads were stopped: 0.0002333 seconds, Stopping threads took: 0.0000431 seconds
2018-01-04T21:49:39.459+0800: 5402.416: Total time for which application threads were stopped: 0.0003877 seconds, Stopping threads took: 0.0000377 seconds
2018-01-04T21:49:39.460+0800: 5402.417: Total time for which application threads were stopped: 0.0003550 seconds, Stopping threads took: 0.0001426 seconds
2018-01-04T21:49:45.477+0800: 5408.434: Total time for which application threads were stopped: 0.0002622 seconds, Stopping threads took: 0.0000461 seconds
2018-01-04T21:50:22.122+0800: 5445.078: Total time for which application threads were stopped: 0.0001863 seconds, Stopping threads took: 0.0000380 seconds
{Heap before GC invocations=49 (full 2):
 par new generation   total 109248K, used 92216K [0x00000007a0000000, 0x00000007a8000000, 0x00000007a8000000)
  eden space 87424K, 100% used [0x00000007a0000000, 0x00000007a5560000, 0x00000007a5560000)
  from space 21824K,  21% used [0x00000007a6ab0000, 0x00000007a6f5e0d8, 0x00000007a8000000)
  to   space 21824K,   0% used [0x00000007a5560000, 0x00000007a5560000, 0x00000007a6ab0000)
 concurrent mark-sweep generation total 393216K, used 54359K [0x00000007a8000000, 0x00000007c0000000, 0x00000007c0000000)
 Metaspace       used 53730K, capacity 55503K, committed 55720K, reserved 1097728K
  class space    used 6071K, capacity 6460K, committed 6572K, reserved 1048576K
2018-01-04T21:50:22.334+0800: 5445.290: [GC (Allocation Failure) 2018-01-04T21:50:22.335+0800: 5445.290: [ParNew
Desired survivor size 20112992 bytes, new threshold 8 (max 8)
- age   1:    6736560 bytes,    6736560 total
- age   2:     481200 bytes,    7217760 total
- age   3:    1651768 bytes,    8869528 total
- age   4:     174352 bytes,    9043880 total
- age   5:      83696 bytes,    9127576 total
- age   6:     562816 bytes,    9690392 total
- age   7:     492760 bytes,   10183152 total
- age   8:      37368 bytes,   10220520 total
: 92216K->10721K(109248K), 0.0181271 secs] 146575K->65215K(502464K), 0.0182116 secs] [Times: user=0.07 sys=0.00, real=0.02 secs] 
Heap after GC invocations=50 (full 2):
 par new generation   total 109248K, used 10721K [0x00000007a0000000, 0x00000007a8000000, 0x00000007a8000000)
  eden space 87424K,   0% used [0x00000007a0000000, 0x00000007a0000000, 0x00000007a5560000)
  from space 21824K,  49% used [0x00000007a5560000, 0x00000007a5fd8568, 0x00000007a6ab0000)
  to   space 21824K,   0% used [0x00000007a6ab0000, 0x00000007a6ab0000, 0x00000007a8000000)
 concurrent mark-sweep generation total 393216K, used 54494K [0x00000007a8000000, 0x00000007c0000000, 0x00000007c0000000)
 Metaspace       used 53730K, capacity 55503K, committed 55720K, reserved 1097728K
  class space    used 6071K, capacity 6460K, committed 6572K, reserved 1048576K
}
2018-01-04T21:50:22.353+0800: 5445.308: Total time for which application threads were stopped: 0.0186152 seconds, Stopping threads took: 0.0000445 seconds
2018-01-04T21:50:22.394+0800: 5445.350: Total time for which application threads were stopped: 0.0003832 seconds, Stopping threads took: 0.0001625 seconds
2018-01-04T21:50:22.526+0800: 5445.482: Total time for which application threads were stopped: 0.0002101 seconds, Stopping threads took: 0.0000403 seconds
2018-01-04T21:50:22.527+0800: 5445.483: Total time for which application threads were stopped: 0.0002167 seconds, Stopping threads took: 0.0000325 seconds
2018-01-04T21:50:22.528+0800: 5445.484: Total time for which application threads were stopped: 0.0002044 seconds, Stopping threads took: 0.0000248 seconds
{Heap before GC invocations=50 (full 2):
 par new generation   total 109248K, used 98145K [0x00000007a0000000, 0x00000007a8000000, 0x00000007a8000000)
  eden space 87424K, 100% used [0x00000007a0000000, 0x00000007a5560000, 0x00000007a5560000)
  from space 21824K,  49% used [0x00000007a5560000, 0x00000007a5fd8568, 0x00000007a6ab0000)
  to   space 21824K,   0% used [0x00000007a6ab0000, 0x00000007a6ab0000, 0x00000007a8000000)
 concurrent mark-sweep generation total 393216K, used 54494K [0x00000007a8000000, 0x00000007c0000000, 0x00000007c0000000)
 Metaspace       used 53845K, capacity 55599K, committed 55720K, reserved 1097728K
  class space    used 6078K, capacity 6492K, committed 6572K, reserved 1048576K
2018-01-04T21:50:22.557+0800: 5445.513: [GC (Allocation Failure) 2018-01-04T21:50:22.557+0800: 5445.513: [ParNew
Desired survivor size 20112992 bytes, new threshold 4 (max 8)
- age   1:   18318920 bytes,   18318920 total
- age   2:     614624 bytes,   18933544 total
- age   3:     477784 bytes,   19411328 total
- age   4:    1651768 bytes,   21063096 total
- age   5:     174352 bytes,   21237448 total
- age   6:      83696 bytes,   21321144 total
- age   7:     534232 bytes,   21855376 total
- age   8:     492280 bytes,   22347656 total
: 98145K->21824K(109248K), 0.0337401 secs] 152639K->77360K(502464K), 0.0338288 secs] [Times: user=0.11 sys=0.00, real=0.04 secs] 
Heap after GC invocations=51 (full 2):
 par new generation   total 109248K, used 21824K [0x00000007a0000000, 0x00000007a8000000, 0x00000007a8000000)
  eden space 87424K,   0% used [0x00000007a0000000, 0x00000007a0000000, 0x00000007a5560000)
  from space 21824K, 100% used [0x00000007a6ab0000, 0x00000007a8000000, 0x00000007a8000000)
  to   space 21824K,   0% used [0x00000007a5560000, 0x00000007a5560000, 0x00000007a6ab0000)
 concurrent mark-sweep generation total 393216K, used 55536K [0x00000007a8000000, 0x00000007c0000000, 0x00000007c0000000)
 Metaspace       used 53845K, capacity 55599K, committed 55720K, reserved 1097728K
  class space    used 6078K, capacity 6492K, committed 6572K, reserved 1048576K
}
2018-01-04T21:50:22.591+0800: 5445.546: Total time for which application threads were stopped: 0.0340797 seconds, Stopping threads took: 0.0000299 seconds
{Heap before GC invocations=51 (full 2):
 par new generation   total 109248K, used 109248K [0x00000007a0000000, 0x00000007a8000000, 0x00000007a8000000)
  eden space 87424K, 100% used [0x00000007a0000000, 0x00000007a5560000, 0x00000007a5560000)
  from space 21824K, 100% used [0x00000007a6ab0000, 0x00000007a8000000, 0x00000007a8000000)
  to   space 21824K,   0% used [0x00000007a5560000, 0x00000007a5560000, 0x00000007a6ab0000)
 concurrent mark-sweep generation total 393216K, used 55536K [0x00000007a8000000, 0x00000007c0000000, 0x00000007c0000000)
 Metaspace       used 53845K, capacity 55599K, committed 55720K, reserved 1097728K
  class space    used 6078K, capacity 6492K, committed 6572K, reserved 1048576K
2018-01-04T21:50:22.609+0800: 5445.565: [GC (Allocation Failure) 2018-01-04T21:50:22.609+0800: 5445.565: [ParNew
Desired survivor size 20112992 bytes, new threshold 8 (max 8)
- age   1:     434568 bytes,     434568 total
- age   2:   17855752 bytes,   18290320 total
- age   3:     614624 bytes,   18904944 total
- age   4:     477704 bytes,   19382648 total
: 109248K->21824K(109248K), 0.0355331 secs] 164784K->80700K(502464K), 0.0356164 secs] [Times: user=0.12 sys=0.01, real=0.04 secs] 
Heap after GC invocations=52 (full 2):
 par new generation   total 109248K, used 21824K [0x00000007a0000000, 0x00000007a8000000, 0x00000007a8000000)
  eden space 87424K,   0% used [0x00000007a0000000, 0x00000007a0000000, 0x00000007a5560000)
  from space 21824K, 100% used [0x00000007a5560000, 0x00000007a6ab0000, 0x00000007a6ab0000)
  to   space 21824K,   0% used [0x00000007a6ab0000, 0x00000007a6ab0000, 0x00000007a8000000)
 concurrent mark-sweep generation total 393216K, used 58876K [0x00000007a8000000, 0x00000007c0000000, 0x00000007c0000000)
 Metaspace       used 53845K, capacity 55599K, committed 55720K, reserved 1097728K
  class space    used 6078K, capacity 6492K, committed 6572K, reserved 1048576K
}
2018-01-04T21:50:22.645+0800: 5445.601: Total time for which application threads were stopped: 0.0358895 seconds, Stopping threads took: 0.0000524 seconds
{Heap before GC invocations=52 (full 2):
 par new generation   total 109248K, used 109248K [0x00000007a0000000, 0x00000007a8000000, 0x00000007a8000000)
  eden space 87424K, 100% used [0x00000007a0000000, 0x00000007a5560000, 0x00000007a5560000)
  from space 21824K, 100% used [0x00000007a5560000, 0x00000007a6ab0000, 0x00000007a6ab0000)
  to   space 21824K,   0% used [0x00000007a6ab0000, 0x00000007a6ab0000, 0x00000007a8000000)
 concurrent mark-sweep generation total 393216K, used 58876K [0x00000007a8000000, 0x00000007c0000000, 0x00000007c0000000)
 Metaspace       used 53845K, capacity 55599K, committed 55720K, reserved 1097728K
  class space    used 6078K, capacity 6492K, committed 6572K, reserved 1048576K
2018-01-04T21:50:22.661+0800: 5445.616: [GC (Allocation Failure) 2018-01-04T21:50:22.661+0800: 5445.617: [ParNew
Desired survivor size 20112992 bytes, new threshold 8 (max 8)
- age   1:     290816 bytes,     290816 total
- age   2:     405128 bytes,     695944 total
- age   3:   17855776 bytes,   18551720 total
- age   4:     614624 bytes,   19166344 total
- age   5:     477704 bytes,   19644048 total
: 109248K->21824K(109248K), 0.0295448 secs] 168124K->80700K(502464K), 0.0296222 secs] [Times: user=0.10 sys=0.00, real=0.03 secs] 
Heap after GC invocations=53 (full 2):
 par new generation   total 109248K, used 21824K [0x00000007a0000000, 0x00000007a8000000, 0x00000007a8000000)
  eden space 87424K,   0% used [0x00000007a0000000, 0x00000007a0000000, 0x00000007a5560000)
  from space 21824K, 100% used [0x00000007a6ab0000, 0x00000007a8000000, 0x00000007a8000000)
  to   space 21824K,   0% used [0x00000007a5560000, 0x00000007a5560000, 0x00000007a6ab0000)
 concurrent mark-sweep generation total 393216K, used 58876K [0x00000007a8000000, 0x00000007c0000000, 0x00000007c0000000)
 Metaspace       used 53845K, capacity 55599K, committed 55720K, reserved 1097728K
  class space    used 6078K, capacity 6492K, committed 6572K, reserved 1048576K
}
2018-01-04T21:50:22.690+0800: 5445.646: Total time for which application threads were stopped: 0.0298896 seconds, Stopping threads took: 0.0000381 seconds
{Heap before GC invocations=53 (full 2):
 par new generation   total 109248K, used 109248K [0x00000007a0000000, 0x00000007a8000000, 0x00000007a8000000)
  eden space 87424K, 100% used [0x00000007a0000000, 0x00000007a5560000, 0x00000007a5560000)
  from space 21824K, 100% used [0x00000007a6ab0000, 0x00000007a8000000, 0x00000007a8000000)
  to   space 21824K,   0% used [0x00000007a5560000, 0x00000007a5560000, 0x00000007a6ab0000)
 concurrent mark-sweep generation total 393216K, used 58876K [0x00000007a8000000, 0x00000007c0000000, 0x00000007c0000000)
 Metaspace       used 53845K, capacity 55599K, committed 55720K, reserved 1097728K
  class space    used 6078K, capacity 6492K, committed 6572K, reserved 1048576K
2018-01-04T21:50:22.704+0800: 5445.660: [GC (Allocation Failure) 2018-01-04T21:50:22.704+0800: 5445.660: [ParNew
Desired survivor size 20112992 bytes, new threshold 8 (max 8)
- age   1:     248720 bytes,     248720 total
- age   2:     251232 bytes,     499952 total
- age   3:     405128 bytes,     905080 total
- age   4:   17785280 bytes,   18690360 total
- age   5:     614624 bytes,   19304984 total
- age   6:     477704 bytes,   19782688 total
: 109248K->21824K(109248K), 0.0294432 secs] 168124K->80772K(502464K), 0.0295336 secs] [Times: user=0.10 sys=0.00, real=0.03 secs] 
Heap after GC invocations=54 (full 2):
 par new generation   total 109248K, used 21824K [0x00000007a0000000, 0x00000007a8000000, 0x00000007a8000000)
  eden space 87424K,   0% used [0x00000007a0000000, 0x00000007a0000000, 0x00000007a5560000)
  from space 21824K, 100% used [0x00000007a5560000, 0x00000007a6ab0000, 0x00000007a6ab0000)
  to   space 21824K,   0% used [0x00000007a6ab0000, 0x00000007a6ab0000, 0x00000007a8000000)
 concurrent mark-sweep generation total 393216K, used 58948K [0x00000007a8000000, 0x00000007c0000000, 0x00000007c0000000)
 Metaspace       used 53845K, capacity 55599K, committed 55720K, reserved 1097728K
  class space    used 6078K, capacity 6492K, committed 6572K, reserved 1048576K
}
2018-01-04T21:50:22.734+0800: 5445.689: Total time for which application threads were stopped: 0.0298285 seconds, Stopping threads took: 0.0000469 seconds
{Heap before GC invocations=54 (full 2):
 par new generation   total 109248K, used 109248K [0x00000007a0000000, 0x00000007a8000000, 0x00000007a8000000)
  eden space 87424K, 100% used [0x00000007a0000000, 0x00000007a5560000, 0x00000007a5560000)
  from space 21824K, 100% used [0x00000007a5560000, 0x00000007a6ab0000, 0x00000007a6ab0000)
  to   space 21824K,   0% used [0x00000007a6ab0000, 0x00000007a6ab0000, 0x00000007a8000000)
 concurrent mark-sweep generation total 393216K, used 58948K [0x00000007a8000000, 0x00000007c0000000, 0x00000007c0000000)
 Metaspace       used 53845K, capacity 55599K, committed 55720K, reserved 1097728K
  class space    used 6078K, capacity 6492K, committed 6572K, reserved 1048576K
2018-01-04T21:50:22.750+0800: 5445.706: [GC (Allocation Failure) 2018-01-04T21:50:22.750+0800: 5445.706: [ParNew
Desired survivor size 20112992 bytes, new threshold 8 (max 8)
- age   1:     351800 bytes,     351800 total
- age   2:     201088 bytes,     552888 total
- age   3:     251232 bytes,     804120 total
- age   4:     405128 bytes,    1209248 total
- age   5:   17711520 bytes,   18920768 total
- age   6:     614624 bytes,   19535392 total
- age   7:     477704 bytes,   20013096 total
: 109248K->21824K(109248K), 0.0271322 secs] 168196K->80848K(502464K), 0.0272098 secs] [Times: user=0.09 sys=0.00, real=0.02 secs] 
Heap after GC invocations=55 (full 2):
 par new generation   total 109248K, used 21824K [0x00000007a0000000, 0x00000007a8000000, 0x00000007a8000000)
  eden space 87424K,   0% used [0x00000007a0000000, 0x00000007a0000000, 0x00000007a5560000)
  from space 21824K, 100% used [0x00000007a6ab0000, 0x00000007a8000000, 0x00000007a8000000)
  to   space 21824K,   0% used [0x00000007a5560000, 0x00000007a5560000, 0x00000007a6ab0000)
 concurrent mark-sweep generation total 393216K, used 59024K [0x00000007a8000000, 0x00000007c0000000, 0x00000007c0000000)
 Metaspace       used 53845K, capacity 55599K, committed 55720K, reserved 1097728K
  class space    used 6078K, capacity 6492K, committed 6572K, reserved 1048576K
}
2018-01-04T21:50:22.777+0800: 5445.733: Total time for which application threads were stopped: 0.0274837 seconds, Stopping threads took: 0.0000284 seconds
{Heap before GC invocations=55 (full 2):
 par new generation   total 109248K, used 109248K [0x00000007a0000000, 0x00000007a8000000, 0x00000007a8000000)
  eden space 87424K, 100% used [0x00000007a0000000, 0x00000007a5560000, 0x00000007a5560000)
  from space 21824K, 100% used [0x00000007a6ab0000, 0x00000007a8000000, 0x00000007a8000000)
  to   space 21824K,   0% used [0x00000007a5560000, 0x00000007a5560000, 0x00000007a6ab0000)
 concurrent mark-sweep generation total 393216K, used 59024K [0x00000007a8000000, 0x00000007c0000000, 0x00000007c0000000)
 Metaspace       used 53845K, capacity 55599K, committed 55720K, reserved 1097728K
  class space    used 6078K, capacity 6492K, committed 6572K, reserved 1048576K
2018-01-04T21:50:22.799+0800: 5445.755: [GC (Allocation Failure) 2018-01-04T21:50:22.799+0800: 5445.755: [ParNew
Desired survivor size 20112992 bytes, new threshold 8 (max 8)
- age   1:     571000 bytes,     571000 total
- age   2:     346536 bytes,     917536 total
- age   3:     201088 bytes,    1118624 total
- age   4:     251232 bytes,    1369856 total
- age   5:     405128 bytes,    1774984 total
- age   6:   15455280 bytes,   17230264 total
- age   7:     614624 bytes,   17844888 total
- age   8:     477704 bytes,   18322592 total
: 109248K->21824K(109248K), 0.0579387 secs] 168272K->83162K(502464K), 0.0580986 secs] [Times: user=0.11 sys=0.01, real=0.06 secs] 
Heap after GC invocations=56 (full 2):
 par new generation   total 109248K, used 21824K [0x00000007a0000000, 0x00000007a8000000, 0x00000007a8000000)
  eden space 87424K,   0% used [0x00000007a0000000, 0x00000007a0000000, 0x00000007a5560000)
  from space 21824K, 100% used [0x00000007a5560000, 0x00000007a6ab0000, 0x00000007a6ab0000)
  to   space 21824K,   0% used [0x00000007a6ab0000, 0x00000007a6ab0000, 0x00000007a8000000)
 concurrent mark-sweep generation total 393216K, used 61338K [0x00000007a8000000, 0x00000007c0000000, 0x00000007c0000000)
 Metaspace       used 53845K, capacity 55599K, committed 55720K, reserved 1097728K
  class space    used 6078K, capacity 6492K, committed 6572K, reserved 1048576K
}
2018-01-04T21:50:22.858+0800: 5445.813: Total time for which application threads were stopped: 0.0584040 seconds, Stopping threads took: 0.0000276 seconds
{Heap before GC invocations=56 (full 2):
 par new generation   total 109248K, used 109248K [0x00000007a0000000, 0x00000007a8000000, 0x00000007a8000000)
  eden space 87424K, 100% used [0x00000007a0000000, 0x00000007a5560000, 0x00000007a5560000)
  from space 21824K, 100% used [0x00000007a5560000, 0x00000007a6ab0000, 0x00000007a6ab0000)
  to   space 21824K,   0% used [0x00000007a6ab0000, 0x00000007a6ab0000, 0x00000007a8000000)
 concurrent mark-sweep generation total 393216K, used 61338K [0x00000007a8000000, 0x00000007c0000000, 0x00000007c0000000)
 Metaspace       used 53845K, capacity 55599K, committed 55720K, reserved 1097728K
  class space    used 6078K, capacity 6492K, committed 6572K, reserved 1048576K
2018-01-04T21:50:22.880+0800: 5445.836: [GC (Allocation Failure) 2018-01-04T21:50:22.880+0800: 5445.836: [ParNew
Desired survivor size 20112992 bytes, new threshold 8 (max 8)
- age   1:     311704 bytes,     311704 total
- age   2:     544096 bytes,     855800 total
- age   3:     346536 bytes,    1202336 total
- age   4:     201088 bytes,    1403424 total
- age   5:     251232 bytes,    1654656 total
- age   6:     405128 bytes,    2059784 total
- age   7:   15455176 bytes,   17514960 total
- age   8:     614624 bytes,   18129584 total
: 109248K->21824K(109248K), 0.0288564 secs] 170586K->83631K(502464K), 0.0289391 secs] [Times: user=0.09 sys=0.00, real=0.02 secs] 
Heap after GC invocations=57 (full 2):
 par new generation   total 109248K, used 21824K [0x00000007a0000000, 0x00000007a8000000, 0x00000007a8000000)
  eden space 87424K,   0% used [0x00000007a0000000, 0x00000007a0000000, 0x00000007a5560000)
  from space 21824K, 100% used [0x00000007a6ab0000, 0x00000007a8000000, 0x00000007a8000000)
  to   space 21824K,   0% used [0x00000007a5560000, 0x00000007a5560000, 0x00000007a6ab0000)
 concurrent mark-sweep generation total 393216K, used 61807K [0x00000007a8000000, 0x00000007c0000000, 0x00000007c0000000)
 Metaspace       used 53845K, capacity 55599K, committed 55720K, reserved 1097728K
  class space    used 6078K, capacity 6492K, committed 6572K, reserved 1048576K
}
2018-01-04T21:50:22.909+0800: 5445.865: Total time for which application threads were stopped: 0.0293101 seconds, Stopping threads took: 0.0000495 seconds
{Heap before GC invocations=57 (full 2):
 par new generation   total 109248K, used 109248K [0x00000007a0000000, 0x00000007a8000000, 0x00000007a8000000)
  eden space 87424K, 100% used [0x00000007a0000000, 0x00000007a5560000, 0x00000007a5560000)
  from space 21824K, 100% used [0x00000007a6ab0000, 0x00000007a8000000, 0x00000007a8000000)
  to   space 21824K,   0% used [0x00000007a5560000, 0x00000007a5560000, 0x00000007a6ab0000)
 concurrent mark-sweep generation total 393216K, used 61807K [0x00000007a8000000, 0x00000007c0000000, 0x00000007c0000000)
 Metaspace       used 53845K, capacity 55599K, committed 55720K, reserved 1097728K
  class space    used 6078K, capacity 6492K, committed 6572K, reserved 1048576K
2018-01-04T21:50:22.928+0800: 5445.884: [GC (Allocation Failure) 2018-01-04T21:50:22.928+0800: 5445.884: [ParNew
Desired survivor size 20112992 bytes, new threshold 8 (max 8)
- age   1:     254288 bytes,     254288 total
- age   2:     273952 bytes,     528240 total
- age   3:     544096 bytes,    1072336 total
- age   4:     346536 bytes,    1418872 total
- age   5:     201088 bytes,    1619960 total
- age   6:     251232 bytes,    1871192 total
- age   7:     405128 bytes,    2276320 total
- age   8:   15214056 bytes,   17490376 total
: 109248K->21824K(109248K), 0.0292471 secs] 171055K->84487K(502464K), 0.0293284 secs] [Times: user=0.09 sys=0.00, real=0.03 secs] 
Heap after GC invocations=58 (full 2):
 par new generation   total 109248K, used 21824K [0x00000007a0000000, 0x00000007a8000000, 0x00000007a8000000)
  eden space 87424K,   0% used [0x00000007a0000000, 0x00000007a0000000, 0x00000007a5560000)
  from space 21824K, 100% used [0x00000007a5560000, 0x00000007a6ab0000, 0x00000007a6ab0000)
  to   space 21824K,   0% used [0x00000007a6ab0000, 0x00000007a6ab0000, 0x00000007a8000000)
 concurrent mark-sweep generation total 393216K, used 62663K [0x00000007a8000000, 0x00000007c0000000, 0x00000007c0000000)
 Metaspace       used 53845K, capacity 55599K, committed 55720K, reserved 1097728K
  class space    used 6078K, capacity 6492K, committed 6572K, reserved 1048576K
}
2018-01-04T21:50:22.957+0800: 5445.913: Total time for which application threads were stopped: 0.0296058 seconds, Stopping threads took: 0.0000384 seconds
{Heap before GC invocations=58 (full 2):
 par new generation   total 109248K, used 109248K [0x00000007a0000000, 0x00000007a8000000, 0x00000007a8000000)
  eden space 87424K, 100% used [0x00000007a0000000, 0x00000007a5560000, 0x00000007a5560000)
  from space 21824K, 100% used [0x00000007a5560000, 0x00000007a6ab0000, 0x00000007a6ab0000)
  to   space 21824K,   0% used [0x00000007a6ab0000, 0x00000007a6ab0000, 0x00000007a8000000)
 concurrent mark-sweep generation total 393216K, used 62663K [0x00000007a8000000, 0x00000007c0000000, 0x00000007c0000000)
 Metaspace       used 53845K, capacity 55599K, committed 55720K, reserved 1097728K
  class space    used 6078K, capacity 6492K, committed 6572K, reserved 1048576K
2018-01-04T21:50:22.977+0800: 5445.933: [GC (Allocation Failure) 2018-01-04T21:50:22.977+0800: 5445.933: [ParNew
Desired survivor size 20112992 bytes, new threshold 8 (max 8)
- age   1:     233696 bytes,     233696 total
- age   2:     208152 bytes,     441848 total
- age   3:     273952 bytes,     715800 total
- age   4:     544096 bytes,    1259896 total
- age   5:     346536 bytes,    1606432 total
- age   6:     201088 bytes,    1807520 total
- age   7:     251232 bytes,    2058752 total
- age   8:     405128 bytes,    2463880 total
: 109248K->17272K(109248K), 0.0645547 secs] 171911K->95704K(502464K), 0.0646306 secs] [Times: user=0.16 sys=0.02, real=0.07 secs] 
Heap after GC invocations=59 (full 2):
 par new generation   total 109248K, used 17272K [0x00000007a0000000, 0x00000007a8000000, 0x00000007a8000000)
  eden space 87424K,   0% used [0x00000007a0000000, 0x00000007a0000000, 0x00000007a5560000)
  from space 21824K,  79% used [0x00000007a6ab0000, 0x00000007a7b8e3a0, 0x00000007a8000000)
  to   space 21824K,   0% used [0x00000007a5560000, 0x00000007a5560000, 0x00000007a6ab0000)
 concurrent mark-sweep generation total 393216K, used 78431K [0x00000007a8000000, 0x00000007c0000000, 0x00000007c0000000)
 Metaspace       used 53845K, capacity 55599K, committed 55720K, reserved 1097728K
  class space    used 6078K, capacity 6492K, committed 6572K, reserved 1048576K
}
2018-01-04T21:50:23.042+0800: 5445.998: Total time for which application threads were stopped: 0.0649001 seconds, Stopping threads took: 0.0000458 seconds
{Heap before GC invocations=59 (full 2):
 par new generation   total 109248K, used 104696K [0x00000007a0000000, 0x00000007a8000000, 0x00000007a8000000)
  eden space 87424K, 100% used [0x00000007a0000000, 0x00000007a5560000, 0x00000007a5560000)
  from space 21824K,  79% used [0x00000007a6ab0000, 0x00000007a7b8e3a0, 0x00000007a8000000)
  to   space 21824K,   0% used [0x00000007a5560000, 0x00000007a5560000, 0x00000007a6ab0000)
 concurrent mark-sweep generation total 393216K, used 78431K [0x00000007a8000000, 0x00000007c0000000, 0x00000007c0000000)
 Metaspace       used 53846K, capacity 55599K, committed 55720K, reserved 1097728K
  class space    used 6078K, capacity 6492K, committed 6572K, reserved 1048576K
2018-01-04T21:50:23.118+0800: 5446.074: [GC (Allocation Failure) 2018-01-04T21:50:23.118+0800: 5446.074: [ParNew
Desired survivor size 20112992 bytes, new threshold 8 (max 8)
- age   1:    1796560 bytes,    1796560 total
- age   2:     180480 bytes,    1977040 total
- age   3:     208152 bytes,    2185192 total
- age   4:     273952 bytes,    2459144 total
- age   5:     544096 bytes,    3003240 total
- age   6:     346408 bytes,    3349648 total
- age   7:     201088 bytes,    3550736 total
- age   8:     251232 bytes,    3801968 total
: 104696K->7410K(109248K), 0.0139721 secs] 183128K->86237K(502464K), 0.0141105 secs] [Times: user=0.03 sys=0.00, real=0.02 secs] 
Heap after GC invocations=60 (full 2):
 par new generation   total 109248K, used 7410K [0x00000007a0000000, 0x00000007a8000000, 0x00000007a8000000)
  eden space 87424K,   0% used [0x00000007a0000000, 0x00000007a0000000, 0x00000007a5560000)
  from space 21824K,  33% used [0x00000007a5560000, 0x00000007a5c9ca38, 0x00000007a6ab0000)
  to   space 21824K,   0% used [0x00000007a6ab0000, 0x00000007a6ab0000, 0x00000007a8000000)
 concurrent mark-sweep generation total 393216K, used 78827K [0x00000007a8000000, 0x00000007c0000000, 0x00000007c0000000)
 Metaspace       used 53846K, capacity 55599K, committed 55720K, reserved 1097728K
  class space    used 6078K, capacity 6492K, committed 6572K, reserved 1048576K
}
2018-01-04T21:50:23.132+0800: 5446.088: Total time for which application threads were stopped: 0.0145312 seconds, Stopping threads took: 0.0000325 seconds
{Heap before GC invocations=60 (full 2):
 par new generation   total 109248K, used 94834K [0x00000007a0000000, 0x00000007a8000000, 0x00000007a8000000)
  eden space 87424K, 100% used [0x00000007a0000000, 0x00000007a5560000, 0x00000007a5560000)
  from space 21824K,  33% used [0x00000007a5560000, 0x00000007a5c9ca38, 0x00000007a6ab0000)
  to   space 21824K,   0% used [0x00000007a6ab0000, 0x00000007a6ab0000, 0x00000007a8000000)
 concurrent mark-sweep generation total 393216K, used 78827K [0x00000007a8000000, 0x00000007c0000000, 0x00000007c0000000)
 Metaspace       used 53846K, capacity 55599K, committed 55720K, reserved 1097728K
  class space    used 6078K, capacity 6492K, committed 6572K, reserved 1048576K
2018-01-04T21:50:23.150+0800: 5446.106: [GC (Allocation Failure) 2018-01-04T21:50:23.150+0800: 5446.106: [ParNew
Desired survivor size 20112992 bytes, new threshold 8 (max 8)
- age   1:     555320 bytes,     555320 total
- age   2:    1774312 bytes,    2329632 total
- age   3:     180480 bytes,    2510112 total
- age   4:     208152 bytes,    2718264 total
- age   5:     273952 bytes,    2992216 total
- age   6:     544096 bytes,    3536312 total
- age   7:     346408 bytes,    3882720 total
- age   8:     201088 bytes,    4083808 total
: 94834K->5428K(109248K), 0.0172847 secs] 173661K->84500K(502464K), 0.0173843 secs] [Times: user=0.06 sys=0.00, real=0.01 secs] 
Heap after GC invocations=61 (full 2):
 par new generation   total 109248K, used 5428K [0x00000007a0000000, 0x00000007a8000000, 0x00000007a8000000)
  eden space 87424K,   0% used [0x00000007a0000000, 0x00000007a0000000, 0x00000007a5560000)
  from space 21824K,  24% used [0x00000007a6ab0000, 0x00000007a6ffd148, 0x00000007a8000000)
  to   space 21824K,   0% used [0x00000007a5560000, 0x00000007a5560000, 0x00000007a6ab0000)
 concurrent mark-sweep generation total 393216K, used 79072K [0x00000007a8000000, 0x00000007c0000000, 0x00000007c0000000)
 Metaspace       used 53846K, capacity 55599K, committed 55720K, reserved 1097728K
  class space    used 6078K, capacity 6492K, committed 6572K, reserved 1048576K
}
2018-01-04T21:50:23.168+0800: 5446.123: Total time for which application threads were stopped: 0.0177493 seconds, Stopping threads took: 0.0000368 seconds
{Heap before GC invocations=61 (full 2):
 par new generation   total 109248K, used 92852K [0x00000007a0000000, 0x00000007a8000000, 0x00000007a8000000)
  eden space 87424K, 100% used [0x00000007a0000000, 0x00000007a5560000, 0x00000007a5560000)
  from space 21824K,  24% used [0x00000007a6ab0000, 0x00000007a6ffd148, 0x00000007a8000000)
  to   space 21824K,   0% used [0x00000007a5560000, 0x00000007a5560000, 0x00000007a6ab0000)
 concurrent mark-sweep generation total 393216K, used 79072K [0x00000007a8000000, 0x00000007c0000000, 0x00000007c0000000)
 Metaspace       used 53846K, capacity 55599K, committed 55720K, reserved 1097728K
  class space    used 6078K, capacity 6492K, committed 6572K, reserved 1048576K
2018-01-04T21:50:23.182+0800: 5446.138: [GC (Allocation Failure) 2018-01-04T21:50:23.182+0800: 5446.138: [ParNew
Desired survivor size 20112992 bytes, new threshold 8 (max 8)
- age   1:     417680 bytes,     417680 total
- age   2:     512368 bytes,     930048 total
- age   3:    1774312 bytes,    2704360 total
- age   4:     180480 bytes,    2884840 total
- age   5:     208152 bytes,    3092992 total
- age   6:     273952 bytes,    3366944 total
- age   7:     544096 bytes,    3911040 total
- age   8:     346408 bytes,    4257448 total
: 92852K->5273K(109248K), 0.0162675 secs] 171924K->84542K(502464K), 0.0163432 secs] [Times: user=0.04 sys=0.00, real=0.01 secs] 
Heap after GC invocations=62 (full 2):
 par new generation   total 109248K, used 5273K [0x00000007a0000000, 0x00000007a8000000, 0x00000007a8000000)
  eden space 87424K,   0% used [0x00000007a0000000, 0x00000007a0000000, 0x00000007a5560000)
  from space 21824K,  24% used [0x00000007a5560000, 0x00000007a5a865d8, 0x00000007a6ab0000)
  to   space 21824K,   0% used [0x00000007a6ab0000, 0x00000007a6ab0000, 0x00000007a8000000)
 concurrent mark-sweep generation total 393216K, used 79268K [0x00000007a8000000, 0x00000007c0000000, 0x00000007c0000000)
 Metaspace       used 53846K, capacity 55599K, committed 55720K, reserved 1097728K
  class space    used 6078K, capacity 6492K, committed 6572K, reserved 1048576K
}
2018-01-04T21:50:23.199+0800: 5446.154: Total time for which application threads were stopped: 0.0166878 seconds, Stopping threads took: 0.0000316 seconds
{Heap before GC invocations=62 (full 2):
 par new generation   total 109248K, used 92697K [0x00000007a0000000, 0x00000007a8000000, 0x00000007a8000000)
  eden space 87424K, 100% used [0x00000007a0000000, 0x00000007a5560000, 0x00000007a5560000)
  from space 21824K,  24% used [0x00000007a5560000, 0x00000007a5a865d8, 0x00000007a6ab0000)
  to   space 21824K,   0% used [0x00000007a6ab0000, 0x00000007a6ab0000, 0x00000007a8000000)
 concurrent mark-sweep generation total 393216K, used 79268K [0x00000007a8000000, 0x00000007c0000000, 0x00000007c0000000)
 Metaspace       used 53846K, capacity 55599K, committed 55720K, reserved 1097728K
  class space    used 6078K, capacity 6492K, committed 6572K, reserved 1048576K
2018-01-04T21:50:23.213+0800: 5446.168: [GC (Allocation Failure) 2018-01-04T21:50:23.213+0800: 5446.168: [ParNew
Desired survivor size 20112992 bytes, new threshold 8 (max 8)
- age   1:     379400 bytes,     379400 total
- age   2:     360856 bytes,     740256 total
- age   3:     512368 bytes,    1252624 total
- age   4:    1774312 bytes,    3026936 total
- age   5:     180480 bytes,    3207416 total
- age   6:     208152 bytes,    3415568 total
- age   7:     273952 bytes,    3689520 total
- age   8:     544096 bytes,    4233616 total
: 92697K->4917K(109248K), 0.0181888 secs] 171966K->84524K(502464K), 0.0182691 secs] [Times: user=0.06 sys=0.00, real=0.02 secs] 
Heap after GC invocations=63 (full 2):
 par new generation   total 109248K, used 4917K [0x00000007a0000000, 0x00000007a8000000, 0x00000007a8000000)
  eden space 87424K,   0% used [0x00000007a0000000, 0x00000007a0000000, 0x00000007a5560000)
  from space 21824K,  22% used [0x00000007a6ab0000, 0x00000007a6f7d6c8, 0x00000007a8000000)
  to   space 21824K,   0% used [0x00000007a5560000, 0x00000007a5560000, 0x00000007a6ab0000)
 concurrent mark-sweep generation total 393216K, used 79607K [0x00000007a8000000, 0x00000007c0000000, 0x00000007c0000000)
 Metaspace       used 53846K, capacity 55599K, committed 55720K, reserved 1097728K
  class space    used 6078K, capacity 6492K, committed 6572K, reserved 1048576K
}
2018-01-04T21:50:23.231+0800: 5446.187: Total time for which application threads were stopped: 0.0186197 seconds, Stopping threads took: 0.0000924 seconds
{Heap before GC invocations=63 (full 2):
 par new generation   total 109248K, used 92341K [0x00000007a0000000, 0x00000007a8000000, 0x00000007a8000000)
  eden space 87424K, 100% used [0x00000007a0000000, 0x00000007a5560000, 0x00000007a5560000)
  from space 21824K,  22% used [0x00000007a6ab0000, 0x00000007a6f7d6c8, 0x00000007a8000000)
  to   space 21824K,   0% used [0x00000007a5560000, 0x00000007a5560000, 0x00000007a6ab0000)
 concurrent mark-sweep generation total 393216K, used 79607K [0x00000007a8000000, 0x00000007c0000000, 0x00000007c0000000)
 Metaspace       used 53846K, capacity 55599K, committed 55720K, reserved 1097728K
  class space    used 6078K, capacity 6492K, committed 6572K, reserved 1048576K
2018-01-04T21:50:23.244+0800: 5446.200: [GC (Allocation Failure) 2018-01-04T21:50:23.244+0800: 5446.200: [ParNew
Desired survivor size 20112992 bytes, new threshold 8 (max 8)
- age   1:     318624 bytes,     318624 total
- age   2:     277680 bytes,     596304 total
- age   3:     360856 bytes,     957160 total
- age   4:     512368 bytes,    1469528 total
- age   5:    1774312 bytes,    3243840 total
- age   6:     180480 bytes,    3424320 total
- age   7:     208152 bytes,    3632472 total
- age   8:     273952 bytes,    3906424 total
: 92341K->5342K(109248K), 0.0060176 secs] 171948K->85480K(502464K), 0.0060843 secs] [Times: user=0.02 sys=0.00, real=0.01 secs] 
Heap after GC invocations=64 (full 2):
 par new generation   total 109248K, used 5342K [0x00000007a0000000, 0x00000007a8000000, 0x00000007a8000000)
  eden space 87424K,   0% used [0x00000007a0000000, 0x00000007a0000000, 0x00000007a5560000)
  from space 21824K,  24% used [0x00000007a5560000, 0x00000007a5a97840, 0x00000007a6ab0000)
  to   space 21824K,   0% used [0x00000007a6ab0000, 0x00000007a6ab0000, 0x00000007a8000000)
 concurrent mark-sweep generation total 393216K, used 80138K [0x00000007a8000000, 0x00000007c0000000, 0x00000007c0000000)
 Metaspace       used 53846K, capacity 55599K, committed 55720K, reserved 1097728K
  class space    used 6078K, capacity 6492K, committed 6572K, reserved 1048576K
}
2018-01-04T21:50:23.250+0800: 5446.206: Total time for which application threads were stopped: 0.0063780 seconds, Stopping threads took: 0.0000249 seconds
{Heap before GC invocations=64 (full 2):
 par new generation   total 109248K, used 92766K [0x00000007a0000000, 0x00000007a8000000, 0x00000007a8000000)
  eden space 87424K, 100% used [0x00000007a0000000, 0x00000007a5560000, 0x00000007a5560000)
  from space 21824K,  24% used [0x00000007a5560000, 0x00000007a5a97840, 0x00000007a6ab0000)
  to   space 21824K,   0% used [0x00000007a6ab0000, 0x00000007a6ab0000, 0x00000007a8000000)
 concurrent mark-sweep generation total 393216K, used 80138K [0x00000007a8000000, 0x00000007c0000000, 0x00000007c0000000)
 Metaspace       used 53846K, capacity 55599K, committed 55720K, reserved 1097728K
  class space    used 6078K, capacity 6492K, committed 6572K, reserved 1048576K
2018-01-04T21:50:23.264+0800: 5446.220: [GC (Allocation Failure) 2018-01-04T21:50:23.264+0800: 5446.220: [ParNew
Desired survivor size 20112992 bytes, new threshold 8 (max 8)
- age   1:     300168 bytes,     300168 total
- age   2:     241016 bytes,     541184 total
- age   3:     277680 bytes,     818864 total
- age   4:     360856 bytes,    1179720 total
- age   5:     512368 bytes,    1692088 total
- age   6:    1774312 bytes,    3466400 total
- age   7:     180480 bytes,    3646880 total
- age   8:     208152 bytes,    3855032 total
: 92766K->5280K(109248K), 0.0110211 secs] 172904K->85686K(502464K), 0.0111034 secs] [Times: user=0.03 sys=0.00, real=0.01 secs] 
Heap after GC invocations=65 (full 2):
 par new generation   total 109248K, used 5280K [0x00000007a0000000, 0x00000007a8000000, 0x00000007a8000000)
  eden space 87424K,   0% used [0x00000007a0000000, 0x00000007a0000000, 0x00000007a5560000)
  from space 21824K,  24% used [0x00000007a6ab0000, 0x00000007a6fd8338, 0x00000007a8000000)
  to   space 21824K,   0% used [0x00000007a5560000, 0x00000007a5560000, 0x00000007a6ab0000)
 concurrent mark-sweep generation total 393216K, used 80406K [0x00000007a8000000, 0x00000007c0000000, 0x00000007c0000000)
 Metaspace       used 53846K, capacity 55599K, committed 55720K, reserved 1097728K
  class space    used 6078K, capacity 6492K, committed 6572K, reserved 1048576K
}
2018-01-04T21:50:23.275+0800: 5446.231: Total time for which application threads were stopped: 0.0114914 seconds, Stopping threads took: 0.0001203 seconds
{Heap before GC invocations=65 (full 2):
 par new generation   total 109248K, used 92704K [0x00000007a0000000, 0x00000007a8000000, 0x00000007a8000000)
  eden space 87424K, 100% used [0x00000007a0000000, 0x00000007a5560000, 0x00000007a5560000)
  from space 21824K,  24% used [0x00000007a6ab0000, 0x00000007a6fd8338, 0x00000007a8000000)
  to   space 21824K,   0% used [0x00000007a5560000, 0x00000007a5560000, 0x00000007a6ab0000)
 concurrent mark-sweep generation total 393216K, used 80406K [0x00000007a8000000, 0x00000007c0000000, 0x00000007c0000000)
 Metaspace       used 53846K, capacity 55599K, committed 55720K, reserved 1097728K
  class space    used 6078K, capacity 6492K, committed 6572K, reserved 1048576K
2018-01-04T21:50:23.286+0800: 5446.242: [GC (Allocation Failure) 2018-01-04T21:50:23.286+0800: 5446.242: [ParNew
Desired survivor size 20112992 bytes, new threshold 8 (max 8)
- age   1:     339400 bytes,     339400 total
- age   2:     213992 bytes,     553392 total
- age   3:     241016 bytes,     794408 total
- age   4:     277680 bytes,    1072088 total
- age   5:     361960 bytes,    1434048 total
- age   6:     513280 bytes,    1947328 total
- age   7:    1774312 bytes,    3721640 total
- age   8:     180480 bytes,    3902120 total
: 92704K->4369K(109248K), 0.0098959 secs] 173110K->84978K(502464K), 0.0099958 secs] [Times: user=0.02 sys=0.00, real=0.01 secs] 
Heap after GC invocations=66 (full 2):
 par new generation   total 109248K, used 4369K [0x00000007a0000000, 0x00000007a8000000, 0x00000007a8000000)
  eden space 87424K,   0% used [0x00000007a0000000, 0x00000007a0000000, 0x00000007a5560000)
  from space 21824K,  20% used [0x00000007a5560000, 0x00000007a59a4648, 0x00000007a6ab0000)
  to   space 21824K,   0% used [0x00000007a6ab0000, 0x00000007a6ab0000, 0x00000007a8000000)
 concurrent mark-sweep generation total 393216K, used 80609K [0x00000007a8000000, 0x00000007c0000000, 0x00000007c0000000)
 Metaspace       used 53846K, capacity 55599K, committed 55720K, reserved 1097728K
  class space    used 6078K, capacity 6492K, committed 6572K, reserved 1048576K
}
2018-01-04T21:50:23.296+0800: 5446.252: Total time for which application threads were stopped: 0.0103924 seconds, Stopping threads took: 0.0001000 seconds
{Heap before GC invocations=66 (full 2):
 par new generation   total 109248K, used 91793K [0x00000007a0000000, 0x00000007a8000000, 0x00000007a8000000)
  eden space 87424K, 100% used [0x00000007a0000000, 0x00000007a5560000, 0x00000007a5560000)
  from space 21824K,  20% used [0x00000007a5560000, 0x00000007a59a4648, 0x00000007a6ab0000)
  to   space 21824K,   0% used [0x00000007a6ab0000, 0x00000007a6ab0000, 0x00000007a8000000)
 concurrent mark-sweep generation total 393216K, used 80609K [0x00000007a8000000, 0x00000007c0000000, 0x00000007c0000000)
 Metaspace       used 53846K, capacity 55599K, committed 55720K, reserved 1097728K
  class space    used 6078K, capacity 6492K, committed 6572K, reserved 1048576K
2018-01-04T21:50:23.310+0800: 5446.266: [GC (Allocation Failure) 2018-01-04T21:50:23.310+0800: 5446.266: [ParNew
Desired survivor size 20112992 bytes, new threshold 8 (max 8)
- age   1:     285272 bytes,     285272 total
- age   2:     196000 bytes,     481272 total
- age   3:     213992 bytes,     695264 total
- age   4:     241016 bytes,     936280 total
- age   5:     277680 bytes,    1213960 total
- age   6:     360856 bytes,    1574816 total
- age   7:     512368 bytes,    2087184 total
- age   8:    1774312 bytes,    3861496 total
: 91793K->4633K(109248K), 0.0062176 secs] 172402K->85418K(502464K), 0.0062960 secs] [Times: user=0.02 sys=0.00, real=0.00 secs] 
Heap after GC invocations=67 (full 2):
 par new generation   total 109248K, used 4633K [0x00000007a0000000, 0x00000007a8000000, 0x00000007a8000000)
  eden space 87424K,   0% used [0x00000007a0000000, 0x00000007a0000000, 0x00000007a5560000)
  from space 21824K,  21% used [0x00000007a6ab0000, 0x00000007a6f36408, 0x00000007a8000000)
  to   space 21824K,   0% used [0x00000007a5560000, 0x00000007a5560000, 0x00000007a6ab0000)
 concurrent mark-sweep generation total 393216K, used 80785K [0x00000007a8000000, 0x00000007c0000000, 0x00000007c0000000)
 Metaspace       used 53846K, capacity 55599K, committed 55720K, reserved 1097728K
  class space    used 6078K, capacity 6492K, committed 6572K, reserved 1048576K
}
2018-01-04T21:50:23.317+0800: 5446.272: Total time for which application threads were stopped: 0.0066432 seconds, Stopping threads took: 0.0000327 seconds
{Heap before GC invocations=67 (full 2):
 par new generation   total 109248K, used 92057K [0x00000007a0000000, 0x00000007a8000000, 0x00000007a8000000)
  eden space 87424K, 100% used [0x00000007a0000000, 0x00000007a5560000, 0x00000007a5560000)
  from space 21824K,  21% used [0x00000007a6ab0000, 0x00000007a6f36408, 0x00000007a8000000)
  to   space 21824K,   0% used [0x00000007a5560000, 0x00000007a5560000, 0x00000007a6ab0000)
 concurrent mark-sweep generation total 393216K, used 80785K [0x00000007a8000000, 0x00000007c0000000, 0x00000007c0000000)
 Metaspace       used 53846K, capacity 55599K, committed 55720K, reserved 1097728K
  class space    used 6078K, capacity 6492K, committed 6572K, reserved 1048576K
2018-01-04T21:50:23.330+0800: 5446.285: [GC (Allocation Failure) 2018-01-04T21:50:23.330+0800: 5446.285: [ParNew
Desired survivor size 20112992 bytes, new threshold 8 (max 8)
- age   1:     278000 bytes,     278000 total
- age   2:     184136 bytes,     462136 total
- age   3:     196000 bytes,     658136 total
- age   4:     213992 bytes,     872128 total
- age   5:     241016 bytes,    1113144 total
- age   6:     277680 bytes,    1390824 total
- age   7:     360856 bytes,    1751680 total
- age   8:     512368 bytes,    2264048 total
: 92057K->3762K(109248K), 0.0086761 secs] 172842K->86281K(502464K), 0.0087586 secs] [Times: user=0.02 sys=0.00, real=0.00 secs] 
Heap after GC invocations=68 (full 2):
 par new generation   total 109248K, used 3762K [0x00000007a0000000, 0x00000007a8000000, 0x00000007a8000000)
  eden space 87424K,   0% used [0x00000007a0000000, 0x00000007a0000000, 0x00000007a5560000)
  from space 21824K,  17% used [0x00000007a5560000, 0x00000007a590ca78, 0x00000007a6ab0000)
  to   space 21824K,   0% used [0x00000007a6ab0000, 0x00000007a6ab0000, 0x00000007a8000000)
 concurrent mark-sweep generation total 393216K, used 82518K [0x00000007a8000000, 0x00000007c0000000, 0x00000007c0000000)
 Metaspace       used 53846K, capacity 55599K, committed 55720K, reserved 1097728K
  class space    used 6078K, capacity 6492K, committed 6572K, reserved 1048576K
}
2018-01-04T21:50:23.338+0800: 5446.294: Total time for which application threads were stopped: 0.0091011 seconds, Stopping threads took: 0.0000325 seconds
{Heap before GC invocations=68 (full 2):
 par new generation   total 109248K, used 91186K [0x00000007a0000000, 0x00000007a8000000, 0x00000007a8000000)
  eden space 87424K, 100% used [0x00000007a0000000, 0x00000007a5560000, 0x00000007a5560000)
  from space 21824K,  17% used [0x00000007a5560000, 0x00000007a590ca78, 0x00000007a6ab0000)
  to   space 21824K,   0% used [0x00000007a6ab0000, 0x00000007a6ab0000, 0x00000007a8000000)
 concurrent mark-sweep generation total 393216K, used 82518K [0x00000007a8000000, 0x00000007c0000000, 0x00000007c0000000)
 Metaspace       used 53876K, capacity 55599K, committed 55720K, reserved 1097728K
  class space    used 6078K, capacity 6492K, committed 6572K, reserved 1048576K
2018-01-04T21:50:23.579+0800: 5446.534: [GC (Allocation Failure) 2018-01-04T21:50:23.579+0800: 5446.534: [ParNew
Desired survivor size 20112992 bytes, new threshold 8 (max 8)
- age   1:    7543368 bytes,    7543368 total
- age   2:     170136 bytes,    7713504 total
- age   3:     184136 bytes,    7897640 total
- age   4:     196000 bytes,    8093640 total
- age   5:     213992 bytes,    8307632 total
- age   6:     241016 bytes,    8548648 total
- age   7:     277680 bytes,    8826328 total
- age   8:     360856 bytes,    9187184 total
: 91186K->9663K(109248K), 0.0178908 secs] 173705K->92682K(502464K), 0.0179865 secs] [Times: user=0.06 sys=0.01, real=0.02 secs] 
Heap after GC invocations=69 (full 2):
 par new generation   total 109248K, used 9663K [0x00000007a0000000, 0x00000007a8000000, 0x00000007a8000000)
  eden space 87424K,   0% used [0x00000007a0000000, 0x00000007a0000000, 0x00000007a5560000)
  from space 21824K,  44% used [0x00000007a6ab0000, 0x00000007a741ff08, 0x00000007a8000000)
  to   space 21824K,   0% used [0x00000007a5560000, 0x00000007a5560000, 0x00000007a6ab0000)
 concurrent mark-sweep generation total 393216K, used 83019K [0x00000007a8000000, 0x00000007c0000000, 0x00000007c0000000)
 Metaspace       used 53876K, capacity 55599K, committed 55720K, reserved 1097728K
  class space    used 6078K, capacity 6492K, committed 6572K, reserved 1048576K
}
2018-01-04T21:50:23.597+0800: 5446.552: Total time for which application threads were stopped: 0.0183718 seconds, Stopping threads took: 0.0000470 seconds
2018-01-04T21:50:23.719+0800: 5446.675: Total time for which application threads were stopped: 0.0002939 seconds, Stopping threads took: 0.0001187 seconds
2018-01-04T21:50:23.733+0800: 5446.688: Total time for which application threads were stopped: 0.0013538 seconds, Stopping threads took: 0.0011236 seconds
{Heap before GC invocations=69 (full 2):
 par new generation   total 109248K, used 97087K [0x00000007a0000000, 0x00000007a8000000, 0x00000007a8000000)
  eden space 87424K, 100% used [0x00000007a0000000, 0x00000007a5560000, 0x00000007a5560000)
  from space 21824K,  44% used [0x00000007a6ab0000, 0x00000007a741ff08, 0x00000007a8000000)
  to   space 21824K,   0% used [0x00000007a5560000, 0x00000007a5560000, 0x00000007a6ab0000)
 concurrent mark-sweep generation total 393216K, used 83019K [0x00000007a8000000, 0x00000007c0000000, 0x00000007c0000000)
 Metaspace       used 53878K, capacity 55599K, committed 55720K, reserved 1097728K
  class space    used 6078K, capacity 6492K, committed 6572K, reserved 1048576K
2018-01-04T21:50:23.761+0800: 5446.716: [GC (Allocation Failure) 2018-01-04T21:50:23.761+0800: 5446.716: [ParNew
Desired survivor size 20112992 bytes, new threshold 2 (max 8)
- age   1:   13668856 bytes,   13668856 total
- age   2:    7370496 bytes,   21039352 total
- age   3:     170136 bytes,   21209488 total
- age   4:     184136 bytes,   21393624 total
- age   5:     196000 bytes,   21589624 total
- age   6:     213992 bytes,   21803616 total
- age   7:     241016 bytes,   22044632 total
- age   8:     277680 bytes,   22322312 total
: 97087K->21824K(109248K), 0.0559543 secs] 180106K->113128K(502464K), 0.0560910 secs] [Times: user=0.18 sys=0.01, real=0.05 secs] 
Heap after GC invocations=70 (full 2):
 par new generation   total 109248K, used 21824K [0x00000007a0000000, 0x00000007a8000000, 0x00000007a8000000)
  eden space 87424K,   0% used [0x00000007a0000000, 0x00000007a0000000, 0x00000007a5560000)
  from space 21824K, 100% used [0x00000007a5560000, 0x00000007a6ab0000, 0x00000007a6ab0000)
  to   space 21824K,   0% used [0x00000007a6ab0000, 0x00000007a6ab0000, 0x00000007a8000000)
 concurrent mark-sweep generation total 393216K, used 91304K [0x00000007a8000000, 0x00000007c0000000, 0x00000007c0000000)
 Metaspace       used 53878K, capacity 55599K, committed 55720K, reserved 1097728K
  class space    used 6078K, capacity 6492K, committed 6572K, reserved 1048576K
}
2018-01-04T21:50:23.817+0800: 5446.773: Total time for which application threads were stopped: 0.0565034 seconds, Stopping threads took: 0.0001237 seconds
2018-01-04T21:50:23.906+0800: 5446.862: Total time for which application threads were stopped: 0.0001760 seconds, Stopping threads took: 0.0000401 seconds
2018-01-04T21:50:24.908+0800: 5447.864: Total time for which application threads were stopped: 0.0003103 seconds, Stopping threads took: 0.0000554 seconds
2018-01-04T21:50:28.916+0800: 5451.871: Total time for which application threads were stopped: 0.0004421 seconds, Stopping threads took: 0.0000515 seconds
2018-01-04T21:51:19.471+0800: 5502.424: Total time for which application threads were stopped: 0.0002837 seconds, Stopping threads took: 0.0000746 seconds
2018-01-04T21:51:19.472+0800: 5502.425: Total time for which application threads were stopped: 0.0007036 seconds, Stopping threads took: 0.0000861 seconds
2018-01-04T21:51:37.414+0800: 5520.367: Total time for which application threads were stopped: 0.0001628 seconds, Stopping threads took: 0.0000282 seconds
2018-01-04T21:51:37.420+0800: 5520.373: Total time for which application threads were stopped: 0.0001634 seconds, Stopping threads took: 0.0000190 seconds
2018-01-04T21:51:37.428+0800: 5520.381: Total time for which application threads were stopped: 0.0002810 seconds, Stopping threads took: 0.0000269 seconds
2018-01-04T21:51:37.429+0800: 5520.382: Total time for which application threads were stopped: 0.0002812 seconds, Stopping threads took: 0.0000245 seconds
2018-01-04T21:51:37.430+0800: 5520.383: Total time for which application threads were stopped: 0.0002378 seconds, Stopping threads took: 0.0000175 seconds
2018-01-04T21:51:37.430+0800: 5520.383: Total time for which application threads were stopped: 0.0001676 seconds, Stopping threads took: 0.0000172 seconds
2018-01-04T21:51:37.431+0800: 5520.383: Total time for which application threads were stopped: 0.0001553 seconds, Stopping threads took: 0.0000127 seconds
2018-01-04T21:51:37.432+0800: 5520.385: Total time for which application threads were stopped: 0.0002296 seconds, Stopping threads took: 0.0000373 seconds
2018-01-04T21:51:37.433+0800: 5520.385: Total time for which application threads were stopped: 0.0002548 seconds, Stopping threads took: 0.0000228 seconds
2018-01-04T21:51:37.434+0800: 5520.387: Total time for which application threads were stopped: 0.0002715 seconds, Stopping threads took: 0.0000460 seconds
2018-01-04T21:51:37.435+0800: 5520.387: Total time for which application threads were stopped: 0.0001811 seconds, Stopping threads took: 0.0000266 seconds
2018-01-04T21:51:37.435+0800: 5520.388: Total time for which application threads were stopped: 0.0001868 seconds, Stopping threads took: 0.0000119 seconds
2018-01-04T21:51:37.435+0800: 5520.388: Total time for which application threads were stopped: 0.0001818 seconds, Stopping threads took: 0.0000110 seconds
2018-01-04T21:51:37.436+0800: 5520.388: Total time for which application threads were stopped: 0.0001716 seconds, Stopping threads took: 0.0000116 seconds
2018-01-04T21:51:37.436+0800: 5520.389: Total time for which application threads were stopped: 0.0001775 seconds, Stopping threads took: 0.0000105 seconds
2018-01-04T21:51:38.436+0800: 5521.389: Total time for which application threads were stopped: 0.0003184 seconds, Stopping threads took: 0.0000291 seconds
2018-01-04T21:51:43.449+0800: 5526.401: Total time for which application threads were stopped: 0.0002969 seconds, Stopping threads took: 0.0000535 seconds
2018-01-04T21:51:49.373+0800: 5532.325: Total time for which application threads were stopped: 0.0001555 seconds, Stopping threads took: 0.0000180 seconds
2018-01-04T21:51:49.374+0800: 5532.326: Total time for which application threads were stopped: 0.0001968 seconds, Stopping threads took: 0.0000748 seconds
2018-01-04T21:51:49.374+0800: 5532.326: Total time for which application threads were stopped: 0.0001243 seconds, Stopping threads took: 0.0000227 seconds
2018-01-04T21:51:49.380+0800: 5532.332: Total time for which application threads were stopped: 0.0002971 seconds, Stopping threads took: 0.0000805 seconds
2018-01-04T21:51:49.381+0800: 5532.333: Total time for which application threads were stopped: 0.0002326 seconds, Stopping threads took: 0.0000459 seconds
2018-01-04T21:51:49.381+0800: 5532.333: Total time for which application threads were stopped: 0.0002187 seconds, Stopping threads took: 0.0000336 seconds
2018-01-04T21:51:49.382+0800: 5532.334: Total time for which application threads were stopped: 0.0001926 seconds, Stopping threads took: 0.0000259 seconds
2018-01-04T21:51:49.382+0800: 5532.335: Total time for which application threads were stopped: 0.0002686 seconds, Stopping threads took: 0.0000330 seconds
2018-01-04T21:51:49.383+0800: 5532.335: Total time for which application threads were stopped: 0.0001850 seconds, Stopping threads took: 0.0000275 seconds
2018-01-04T21:51:49.384+0800: 5532.336: Total time for which application threads were stopped: 0.0004688 seconds, Stopping threads took: 0.0003149 seconds
2018-01-04T21:51:49.389+0800: 5532.341: Total time for which application threads were stopped: 0.0002944 seconds, Stopping threads took: 0.0000368 seconds
2018-01-04T21:51:49.389+0800: 5532.341: Total time for which application threads were stopped: 0.0002108 seconds, Stopping threads took: 0.0000290 seconds
2018-01-04T21:51:49.389+0800: 5532.341: Total time for which application threads were stopped: 0.0001935 seconds, Stopping threads took: 0.0000119 seconds
2018-01-04T21:51:49.389+0800: 5532.342: Total time for which application threads were stopped: 0.0001903 seconds, Stopping threads took: 0.0000104 seconds
2018-01-04T21:51:49.390+0800: 5532.342: Total time for which application threads were stopped: 0.0001927 seconds, Stopping threads took: 0.0000263 seconds
2018-01-04T21:51:49.390+0800: 5532.342: Total time for which application threads were stopped: 0.0002636 seconds, Stopping threads took: 0.0000935 seconds
2018-01-04T21:51:49.390+0800: 5532.342: Total time for which application threads were stopped: 0.0001692 seconds, Stopping threads took: 0.0000238 seconds
2018-01-04T21:51:49.390+0800: 5532.343: Total time for which application threads were stopped: 0.0002574 seconds, Stopping threads took: 0.0001216 seconds
2018-01-04T21:51:49.391+0800: 5532.343: Total time for which application threads were stopped: 0.0001584 seconds, Stopping threads took: 0.0000236 seconds
2018-01-04T21:51:49.391+0800: 5532.343: Total time for which application threads were stopped: 0.0001516 seconds, Stopping threads took: 0.0000233 seconds
2018-01-04T21:51:49.391+0800: 5532.344: Total time for which application threads were stopped: 0.0004662 seconds, Stopping threads took: 0.0000087 seconds
2018-01-04T21:51:50.393+0800: 5533.345: Total time for which application threads were stopped: 0.0003388 seconds, Stopping threads took: 0.0000424 seconds
2018-01-04T21:52:01.991+0800: 5544.942: Total time for which application threads were stopped: 0.0002114 seconds, Stopping threads took: 0.0000380 seconds
2018-01-04T21:52:02.993+0800: 5545.944: Total time for which application threads were stopped: 0.0001678 seconds, Stopping threads took: 0.0000277 seconds
2018-01-04T21:52:03.997+0800: 5546.949: Total time for which application threads were stopped: 0.0004015 seconds, Stopping threads took: 0.0001051 seconds
2018-01-04T21:52:04.813+0800: 5547.764: Total time for which application threads were stopped: 0.0001742 seconds, Stopping threads took: 0.0000213 seconds
2018-01-04T21:52:04.815+0800: 5547.766: Total time for which application threads were stopped: 0.0001413 seconds, Stopping threads took: 0.0000185 seconds
2018-01-04T21:52:04.815+0800: 5547.767: Total time for which application threads were stopped: 0.0001226 seconds, Stopping threads took: 0.0000125 seconds
2018-01-04T21:52:04.820+0800: 5547.772: Total time for which application threads were stopped: 0.0001534 seconds, Stopping threads took: 0.0000335 seconds
2018-01-04T21:52:04.821+0800: 5547.773: Total time for which application threads were stopped: 0.0001580 seconds, Stopping threads took: 0.0000142 seconds
2018-01-04T21:52:04.822+0800: 5547.774: Total time for which application threads were stopped: 0.0001595 seconds, Stopping threads took: 0.0000282 seconds
2018-01-04T21:52:04.823+0800: 5547.775: Total time for which application threads were stopped: 0.0001605 seconds, Stopping threads took: 0.0000162 seconds
2018-01-04T21:52:04.824+0800: 5547.775: Total time for which application threads were stopped: 0.0002093 seconds, Stopping threads took: 0.0000118 seconds
2018-01-04T21:52:04.824+0800: 5547.776: Total time for which application threads were stopped: 0.0001310 seconds, Stopping threads took: 0.0000359 seconds
2018-01-04T21:52:04.826+0800: 5547.777: Total time for which application threads were stopped: 0.0001113 seconds, Stopping threads took: 0.0000130 seconds
2018-01-04T21:52:04.827+0800: 5547.778: Total time for which application threads were stopped: 0.0000931 seconds, Stopping threads took: 0.0000139 seconds
2018-01-04T21:52:04.836+0800: 5547.788: Total time for which application threads were stopped: 0.0001149 seconds, Stopping threads took: 0.0000153 seconds
2018-01-04T21:52:04.837+0800: 5547.789: Total time for which application threads were stopped: 0.0001087 seconds, Stopping threads took: 0.0000300 seconds
2018-01-04T21:52:04.838+0800: 5547.789: Total time for which application threads were stopped: 0.0001599 seconds, Stopping threads took: 0.0000168 seconds
2018-01-04T21:52:04.838+0800: 5547.790: Total time for which application threads were stopped: 0.0001052 seconds, Stopping threads took: 0.0000256 seconds
2018-01-04T21:52:04.841+0800: 5547.793: Total time for which application threads were stopped: 0.0000771 seconds, Stopping threads took: 0.0000120 seconds
2018-01-04T21:52:04.841+0800: 5547.793: Total time for which application threads were stopped: 0.0000558 seconds, Stopping threads took: 0.0000064 seconds
Heap
 par new generation   total 109248K, used 73018K [0x00000007a0000000, 0x00000007a8000000, 0x00000007a8000000)
  eden space 87424K,  58% used [0x00000007a0000000, 0x00000007a31febf8, 0x00000007a5560000)
  from space 21824K, 100% used [0x00000007a5560000, 0x00000007a6ab0000, 0x00000007a6ab0000)
  to   space 21824K,   0% used [0x00000007a6ab0000, 0x00000007a6ab0000, 0x00000007a8000000)
 concurrent mark-sweep generation total 393216K, used 91304K [0x00000007a8000000, 0x00000007c0000000, 0x00000007c0000000)
 Metaspace       used 54026K, capacity 55811K, committed 55976K, reserved 1099776K
  class space    used 6102K, capacity 6534K, committed 6572K, reserved 1048576K
