Java HotSpot(TM) 64-Bit Server VM (25.131-b11) for bsd-amd64 JRE (1.8.0_131-b11), built on Mar 15 2017 01:32:22 by "java_re" with gcc 4.2.1 (Based on Apple Inc. build 5658) (LLVM build 2336.11.00)
Memory: 4k page, physical 8388608k(49536k free)

/proc/meminfo:

CommandLine flags: -XX:CMSInitiatingOccupancyFraction=50 -XX:CMSMaxAbortablePrecleanTime=6000 -XX:+CMSParallelRemarkEnabled -XX:+CMSScavengeBeforeRemark -XX:ConcGCThreads=4 -XX:GCLogFileSize=20971520 -XX:InitialHeapSize=536870912 -XX:MaxHeapSize=536870912 -XX:MaxTenuringThreshold=8 -XX:NewRatio=3 -XX:NumberOfGCLogFiles=9 -XX:OldPLABSize=16 -XX:-OmitStackTraceInFastThrow -XX:OnOutOfMemoryError=/Users/vivianbuan/Documents/SEFS/SOLR/solr-7.2.0/bin/oom_solr.sh 7574 /Users/vivianbuan/Documents/SEFS/SOLR/solr-7.2.0/example/cloud/node2/solr/../logs -XX:ParallelGCThreads=4 -XX:+ParallelRefProcEnabled -XX:PretenureSizeThreshold=67108864 -XX:+PrintGC -XX:+PrintGCApplicationStoppedTime -XX:+PrintGCDateStamps -XX:+PrintGCDetails -XX:+PrintGCTimeStamps -XX:+PrintHeapAtGC -XX:+PrintTenuringDistribution -XX:SurvivorRatio=4 -XX:TargetSurvivorRatio=90 -XX:ThreadStackSize=256 -XX:+UseCMSInitiatingOccupancyOnly -XX:+UseCompressedClassPointers -XX:+UseCompressedOops -XX:+UseConcMarkSweepGC -XX:+UseGCLogFileRotation -XX:+UseParNewGC 
2018-01-16T19:50:39.210+0800: 0.126: Total time for which application threads were stopped: 0.0001110 seconds, Stopping threads took: 0.0000258 seconds
2018-01-16T19:50:39.222+0800: 0.138: Total time for which application threads were stopped: 0.0000784 seconds, Stopping threads took: 0.0000118 seconds
2018-01-16T19:50:39.287+0800: 0.204: Total time for which application threads were stopped: 0.0000826 seconds, Stopping threads took: 0.0000106 seconds
2018-01-16T19:50:39.298+0800: 0.215: Total time for which application threads were stopped: 0.0001050 seconds, Stopping threads took: 0.0000080 seconds
2018-01-16T19:50:39.618+0800: 0.535: Total time for which application threads were stopped: 0.0002419 seconds, Stopping threads took: 0.0000132 seconds
2018-01-16T19:50:39.742+0800: 0.658: Total time for which application threads were stopped: 0.0002091 seconds, Stopping threads took: 0.0000429 seconds
2018-01-16T19:50:39.754+0800: 0.670: Total time for which application threads were stopped: 0.0001676 seconds, Stopping threads took: 0.0000143 seconds
2018-01-16T19:50:39.946+0800: 0.863: Total time for which application threads were stopped: 0.0002382 seconds, Stopping threads took: 0.0000293 seconds
2018-01-16T19:50:39.970+0800: 0.887: Total time for which application threads were stopped: 0.0001849 seconds, Stopping threads took: 0.0000103 seconds
2018-01-16T19:50:40.975+0800: 1.892: Total time for which application threads were stopped: 0.0001263 seconds, Stopping threads took: 0.0000250 seconds
2018-01-16T19:50:43.190+0800: 4.107: Total time for which application threads were stopped: 0.0002391 seconds, Stopping threads took: 0.0000283 seconds
2018-01-16T19:50:45.047+0800: 5.964: Total time for which application threads were stopped: 0.0000698 seconds, Stopping threads took: 0.0000118 seconds
2018-01-16T19:50:45.048+0800: 5.964: Total time for which application threads were stopped: 0.0000549 seconds, Stopping threads took: 0.0000099 seconds
2018-01-16T19:50:45.049+0800: 5.965: Total time for which application threads were stopped: 0.0000565 seconds, Stopping threads took: 0.0000089 seconds
2018-01-16T19:50:45.051+0800: 5.967: Total time for which application threads were stopped: 0.0000561 seconds, Stopping threads took: 0.0000093 seconds
2018-01-16T19:50:45.061+0800: 5.978: Total time for which application threads were stopped: 0.0000747 seconds, Stopping threads took: 0.0000110 seconds
2018-01-16T19:50:45.073+0800: 5.990: Total time for which application threads were stopped: 0.0000770 seconds, Stopping threads took: 0.0000302 seconds
2018-01-16T19:50:45.076+0800: 5.993: Total time for which application threads were stopped: 0.0000527 seconds, Stopping threads took: 0.0000122 seconds
2018-01-16T19:50:45.076+0800: 5.993: Total time for which application threads were stopped: 0.0000288 seconds, Stopping threads took: 0.0000055 seconds
2018-01-16T19:50:45.077+0800: 5.994: Total time for which application threads were stopped: 0.0000441 seconds, Stopping threads took: 0.0000069 seconds
2018-01-16T19:50:45.081+0800: 5.997: Total time for which application threads were stopped: 0.0001757 seconds, Stopping threads took: 0.0001064 seconds
2018-01-16T19:50:45.234+0800: 6.151: Total time for which application threads were stopped: 0.0002462 seconds, Stopping threads took: 0.0000122 seconds
2018-01-16T19:50:45.235+0800: 6.152: Total time for which application threads were stopped: 0.0001771 seconds, Stopping threads took: 0.0000082 seconds
2018-01-16T19:50:45.238+0800: 6.154: Total time for which application threads were stopped: 0.0001939 seconds, Stopping threads took: 0.0000118 seconds
{Heap before GC invocations=0 (full 0):
 par new generation   total 109248K, used 87424K [0x00000007a0000000, 0x00000007a8000000, 0x00000007a8000000)
  eden space 87424K, 100% used [0x00000007a0000000, 0x00000007a5560000, 0x00000007a5560000)
  from space 21824K,   0% used [0x00000007a5560000, 0x00000007a5560000, 0x00000007a6ab0000)
  to   space 21824K,   0% used [0x00000007a6ab0000, 0x00000007a6ab0000, 0x00000007a8000000)
 concurrent mark-sweep generation total 393216K, used 0K [0x00000007a8000000, 0x00000007c0000000, 0x00000007c0000000)
 Metaspace       used 17616K, capacity 17868K, committed 18304K, reserved 1064960K
  class space    used 2045K, capacity 2126K, committed 2176K, reserved 1048576K
2018-01-16T19:50:45.241+0800: 6.158: [GC (Allocation Failure) 2018-01-16T19:50:45.241+0800: 6.158: [ParNew
Desired survivor size 20112992 bytes, new threshold 8 (max 8)
- age   1:    9823232 bytes,    9823232 total
: 87424K->9688K(109248K), 0.0149473 secs] 87424K->9688K(502464K), 0.0150296 secs] [Times: user=0.04 sys=0.01, real=0.01 secs] 
Heap after GC invocations=1 (full 0):
 par new generation   total 109248K, used 9688K [0x00000007a0000000, 0x00000007a8000000, 0x00000007a8000000)
  eden space 87424K,   0% used [0x00000007a0000000, 0x00000007a0000000, 0x00000007a5560000)
  from space 21824K,  44% used [0x00000007a6ab0000, 0x00000007a7426258, 0x00000007a8000000)
  to   space 21824K,   0% used [0x00000007a5560000, 0x00000007a5560000, 0x00000007a6ab0000)
 concurrent mark-sweep generation total 393216K, used 0K [0x00000007a8000000, 0x00000007c0000000, 0x00000007c0000000)
 Metaspace       used 17616K, capacity 17868K, committed 18304K, reserved 1064960K
  class space    used 2045K, capacity 2126K, committed 2176K, reserved 1048576K
}
2018-01-16T19:50:45.256+0800: 6.173: Total time for which application threads were stopped: 0.0151905 seconds, Stopping threads took: 0.0000154 seconds
2018-01-16T19:50:45.264+0800: 6.181: Total time for which application threads were stopped: 0.0002386 seconds, Stopping threads took: 0.0000293 seconds
2018-01-16T19:50:45.309+0800: 6.226: Total time for which application threads were stopped: 0.0001148 seconds, Stopping threads took: 0.0000143 seconds
2018-01-16T19:50:45.350+0800: 6.267: Total time for which application threads were stopped: 0.0003164 seconds, Stopping threads took: 0.0000157 seconds
2018-01-16T19:50:46.356+0800: 7.272: Total time for which application threads were stopped: 0.0001645 seconds, Stopping threads took: 0.0000273 seconds
2018-01-16T19:50:50.542+0800: 11.459: Total time for which application threads were stopped: 0.0000708 seconds, Stopping threads took: 0.0000123 seconds
2018-01-16T19:50:50.542+0800: 11.459: Total time for which application threads were stopped: 0.0000293 seconds, Stopping threads took: 0.0000059 seconds
2018-01-16T19:50:50.542+0800: 11.459: Total time for which application threads were stopped: 0.0000306 seconds, Stopping threads took: 0.0000058 seconds
2018-01-16T19:50:50.547+0800: 11.463: Total time for which application threads were stopped: 0.0000551 seconds, Stopping threads took: 0.0000111 seconds
2018-01-16T19:50:50.547+0800: 11.463: Total time for which application threads were stopped: 0.0000487 seconds, Stopping threads took: 0.0000065 seconds
2018-01-16T19:50:50.551+0800: 11.468: Total time for which application threads were stopped: 0.0000576 seconds, Stopping threads took: 0.0000133 seconds
2018-01-16T19:50:50.552+0800: 11.468: Total time for which application threads were stopped: 0.0000310 seconds, Stopping threads took: 0.0000059 seconds
2018-01-16T19:50:50.552+0800: 11.468: Total time for which application threads were stopped: 0.0000432 seconds, Stopping threads took: 0.0000062 seconds
2018-01-16T19:50:50.558+0800: 11.474: Total time for which application threads were stopped: 0.0001448 seconds, Stopping threads took: 0.0000498 seconds
2018-01-16T19:50:50.579+0800: 11.495: Total time for which application threads were stopped: 0.0001727 seconds, Stopping threads took: 0.0000180 seconds
2018-01-16T19:50:50.589+0800: 11.506: Total time for which application threads were stopped: 0.0000751 seconds, Stopping threads took: 0.0000137 seconds
2018-01-16T19:50:50.615+0800: 11.532: Total time for which application threads were stopped: 0.0001632 seconds, Stopping threads took: 0.0000362 seconds
2018-01-16T19:50:50.633+0800: 11.550: Total time for which application threads were stopped: 0.0000720 seconds, Stopping threads took: 0.0000228 seconds
2018-01-16T19:50:50.638+0800: 11.554: Total time for which application threads were stopped: 0.0001980 seconds, Stopping threads took: 0.0001281 seconds
2018-01-16T19:50:50.638+0800: 11.555: Total time for which application threads were stopped: 0.0000999 seconds, Stopping threads took: 0.0000657 seconds
2018-01-16T19:50:50.638+0800: 11.555: Total time for which application threads were stopped: 0.0000822 seconds, Stopping threads took: 0.0000237 seconds
2018-01-16T19:50:50.639+0800: 11.556: Total time for which application threads were stopped: 0.0001132 seconds, Stopping threads took: 0.0000527 seconds
2018-01-16T19:50:50.639+0800: 11.556: Total time for which application threads were stopped: 0.0001767 seconds, Stopping threads took: 0.0000934 seconds
2018-01-16T19:50:50.757+0800: 11.674: Total time for which application threads were stopped: 0.0000946 seconds, Stopping threads took: 0.0000164 seconds
2018-01-16T19:50:50.787+0800: 11.703: Total time for which application threads were stopped: 0.0003291 seconds, Stopping threads took: 0.0000196 seconds
2018-01-16T19:50:50.792+0800: 11.708: Total time for which application threads were stopped: 0.0001196 seconds, Stopping threads took: 0.0000373 seconds
2018-01-16T19:50:51.269+0800: 12.185: [GC (CMS Initial Mark) [1 CMS-initial-mark: 0K(393216K)] 43019K(502464K), 0.0098968 secs] [Times: user=0.03 sys=0.00, real=0.01 secs] 
2018-01-16T19:50:51.279+0800: 12.195: Total time for which application threads were stopped: 0.0100578 seconds, Stopping threads took: 0.0000263 seconds
2018-01-16T19:50:51.279+0800: 12.195: [CMS-concurrent-mark-start]
2018-01-16T19:50:51.279+0800: 12.195: [CMS-concurrent-mark: 0.000/0.000 secs] [Times: user=0.00 sys=0.00, real=0.00 secs] 
2018-01-16T19:50:51.279+0800: 12.195: [CMS-concurrent-preclean-start]
2018-01-16T19:50:51.280+0800: 12.196: [CMS-concurrent-preclean: 0.001/0.001 secs] [Times: user=0.00 sys=0.00, real=0.01 secs] 
2018-01-16T19:50:51.280+0800: 12.196: [CMS-concurrent-abortable-preclean-start]
2018-01-16T19:50:55.850+0800: 16.766: Total time for which application threads were stopped: 0.0000955 seconds, Stopping threads took: 0.0000139 seconds
2018-01-16T19:50:55.870+0800: 16.787: Total time for which application threads were stopped: 0.0000847 seconds, Stopping threads took: 0.0000150 seconds
2018-01-16T19:50:55.894+0800: 16.810: Total time for which application threads were stopped: 0.0001783 seconds, Stopping threads took: 0.0000972 seconds
2018-01-16T19:50:55.896+0800: 16.812: Total time for which application threads were stopped: 0.0000856 seconds, Stopping threads took: 0.0000158 seconds
2018-01-16T19:50:55.901+0800: 16.817: Total time for which application threads were stopped: 0.0000705 seconds, Stopping threads took: 0.0000141 seconds
2018-01-16T19:50:55.926+0800: 16.843: Total time for which application threads were stopped: 0.0000814 seconds, Stopping threads took: 0.0000290 seconds
2018-01-16T19:50:55.942+0800: 16.858: Total time for which application threads were stopped: 0.0000813 seconds, Stopping threads took: 0.0000275 seconds
2018-01-16T19:50:55.942+0800: 16.858: Total time for which application threads were stopped: 0.0000410 seconds, Stopping threads took: 0.0000086 seconds
 CMS: abort preclean due to time 2018-01-16T19:50:57.411+0800: 18.327: [CMS-concurrent-abortable-preclean: 1.394/6.131 secs] [Times: user=1.66 sys=0.01, real=6.13 secs] 
2018-01-16T19:50:57.411+0800: 18.328: [GC (CMS Final Remark) [YG occupancy: 56894 K (109248 K)]{Heap before GC invocations=1 (full 1):
 par new generation   total 109248K, used 56894K [0x00000007a0000000, 0x00000007a8000000, 0x00000007a8000000)
  eden space 87424K,  53% used [0x00000007a0000000, 0x00000007a2e198b0, 0x00000007a5560000)
  from space 21824K,  44% used [0x00000007a6ab0000, 0x00000007a7426258, 0x00000007a8000000)
  to   space 21824K,   0% used [0x00000007a5560000, 0x00000007a5560000, 0x00000007a6ab0000)
 concurrent mark-sweep generation total 393216K, used 0K [0x00000007a8000000, 0x00000007c0000000, 0x00000007c0000000)
 Metaspace       used 22671K, capacity 23398K, committed 23444K, reserved 1069056K
  class space    used 2695K, capacity 2927K, committed 2964K, reserved 1048576K
2018-01-16T19:50:57.411+0800: 18.328: [GC (CMS Final Remark) 2018-01-16T19:50:57.411+0800: 18.328: [ParNew
Desired survivor size 20112992 bytes, new threshold 8 (max 8)
- age   1:    5718832 bytes,    5718832 total
- age   2:    4201376 bytes,    9920208 total
: 56894K->11680K(109248K), 0.0137029 secs] 56894K->11680K(502464K), 0.0137474 secs] [Times: user=0.04 sys=0.01, real=0.01 secs] 
Heap after GC invocations=2 (full 1):
 par new generation   total 109248K, used 11680K [0x00000007a0000000, 0x00000007a8000000, 0x00000007a8000000)
  eden space 87424K,   0% used [0x00000007a0000000, 0x00000007a0000000, 0x00000007a5560000)
  from space 21824K,  53% used [0x00000007a5560000, 0x00000007a60c8300, 0x00000007a6ab0000)
  to   space 21824K,   0% used [0x00000007a6ab0000, 0x00000007a6ab0000, 0x00000007a8000000)
 concurrent mark-sweep generation total 393216K, used 0K [0x00000007a8000000, 0x00000007c0000000, 0x00000007c0000000)
 Metaspace       used 22671K, capacity 23398K, committed 23444K, reserved 1069056K
  class space    used 2695K, capacity 2927K, committed 2964K, reserved 1048576K
}
2018-01-16T19:50:57.425+0800: 18.341: [Rescan (parallel) , 0.0025517 secs]2018-01-16T19:50:57.428+0800: 18.344: [weak refs processing, 0.0006928 secs]2018-01-16T19:50:57.428+0800: 18.345: [class unloading, 0.0029082 secs]2018-01-16T19:50:57.431+0800: 18.348: [scrub symbol table, 0.0029955 secs]2018-01-16T19:50:57.434+0800: 18.351: [scrub string table, 0.0003077 secs][1 CMS-remark: 0K(393216K)] 11680K(502464K), 0.0240091 secs] [Times: user=0.06 sys=0.01, real=0.02 secs] 
2018-01-16T19:50:57.435+0800: 18.352: Total time for which application threads were stopped: 0.0241210 seconds, Stopping threads took: 0.0000204 seconds
2018-01-16T19:50:57.435+0800: 18.352: [CMS-concurrent-sweep-start]
2018-01-16T19:50:57.435+0800: 18.352: [CMS-concurrent-sweep: 0.000/0.000 secs] [Times: user=0.00 sys=0.00, real=0.00 secs] 
2018-01-16T19:50:57.435+0800: 18.352: [CMS-concurrent-reset-start]
2018-01-16T19:50:57.438+0800: 18.354: Total time for which application threads were stopped: 0.0001015 seconds, Stopping threads took: 0.0000187 seconds
2018-01-16T19:50:57.439+0800: 18.355: Total time for which application threads were stopped: 0.0000635 seconds, Stopping threads took: 0.0000150 seconds
2018-01-16T19:50:57.440+0800: 18.356: Total time for which application threads were stopped: 0.0000902 seconds, Stopping threads took: 0.0000329 seconds
2018-01-16T19:50:57.441+0800: 18.357: [CMS-concurrent-reset: 0.005/0.005 secs] [Times: user=0.00 sys=0.00, real=0.01 secs] 
2018-01-16T19:50:57.441+0800: 18.357: Total time for which application threads were stopped: 0.0000794 seconds, Stopping threads took: 0.0000121 seconds
2018-01-16T19:50:57.441+0800: 18.357: Total time for which application threads were stopped: 0.0000436 seconds, Stopping threads took: 0.0000092 seconds
2018-01-16T19:50:57.823+0800: 18.739: Total time for which application threads were stopped: 0.0000579 seconds, Stopping threads took: 0.0000170 seconds
2018-01-16T19:50:57.823+0800: 18.739: Total time for which application threads were stopped: 0.0000299 seconds, Stopping threads took: 0.0000060 seconds
2018-01-16T19:50:57.823+0800: 18.739: Total time for which application threads were stopped: 0.0000238 seconds, Stopping threads took: 0.0000048 seconds
2018-01-16T19:50:57.823+0800: 18.739: Total time for which application threads were stopped: 0.0000245 seconds, Stopping threads took: 0.0000048 seconds
2018-01-16T19:50:57.823+0800: 18.739: Total time for which application threads were stopped: 0.0000231 seconds, Stopping threads took: 0.0000046 seconds
2018-01-16T19:50:57.823+0800: 18.739: Total time for which application threads were stopped: 0.0000232 seconds, Stopping threads took: 0.0000047 seconds
2018-01-16T19:50:57.823+0800: 18.739: Total time for which application threads were stopped: 0.0000231 seconds, Stopping threads took: 0.0000049 seconds
2018-01-16T19:50:57.823+0800: 18.740: Total time for which application threads were stopped: 0.0000319 seconds, Stopping threads took: 0.0000059 seconds
2018-01-16T19:50:57.824+0800: 18.740: Total time for which application threads were stopped: 0.0000287 seconds, Stopping threads took: 0.0000053 seconds
2018-01-16T19:50:57.824+0800: 18.740: Total time for which application threads were stopped: 0.0000503 seconds, Stopping threads took: 0.0000079 seconds
2018-01-16T19:50:57.824+0800: 18.740: Total time for which application threads were stopped: 0.0000393 seconds, Stopping threads took: 0.0000069 seconds
2018-01-16T19:50:57.824+0800: 18.741: Total time for which application threads were stopped: 0.0000387 seconds, Stopping threads took: 0.0000065 seconds
2018-01-16T19:50:57.824+0800: 18.741: Total time for which application threads were stopped: 0.0001476 seconds, Stopping threads took: 0.0001081 seconds
2018-01-16T19:50:57.824+0800: 18.741: Total time for which application threads were stopped: 0.0000518 seconds, Stopping threads took: 0.0000191 seconds
2018-01-16T19:50:57.825+0800: 18.741: Total time for which application threads were stopped: 0.0000290 seconds, Stopping threads took: 0.0000060 seconds
2018-01-16T19:50:57.825+0800: 18.741: Total time for which application threads were stopped: 0.0000339 seconds, Stopping threads took: 0.0000049 seconds
2018-01-16T19:50:57.825+0800: 18.741: Total time for which application threads were stopped: 0.0000251 seconds, Stopping threads took: 0.0000049 seconds
2018-01-16T19:50:57.827+0800: 18.743: Total time for which application threads were stopped: 0.0000333 seconds, Stopping threads took: 0.0000066 seconds
2018-01-16T19:50:57.827+0800: 18.744: Total time for which application threads were stopped: 0.0000302 seconds, Stopping threads took: 0.0000061 seconds
2018-01-16T19:50:57.829+0800: 18.745: Total time for which application threads were stopped: 0.0000289 seconds, Stopping threads took: 0.0000057 seconds
2018-01-16T19:50:57.829+0800: 18.745: Total time for which application threads were stopped: 0.0000319 seconds, Stopping threads took: 0.0000069 seconds
2018-01-16T19:50:57.829+0800: 18.745: Total time for which application threads were stopped: 0.0000298 seconds, Stopping threads took: 0.0000059 seconds
2018-01-16T19:50:57.829+0800: 18.745: Total time for which application threads were stopped: 0.0000754 seconds, Stopping threads took: 0.0000048 seconds
2018-01-16T19:50:57.829+0800: 18.745: Total time for which application threads were stopped: 0.0000324 seconds, Stopping threads took: 0.0000051 seconds
2018-01-16T19:50:57.829+0800: 18.746: Total time for which application threads were stopped: 0.0000260 seconds, Stopping threads took: 0.0000056 seconds
2018-01-16T19:50:57.833+0800: 18.749: Total time for which application threads were stopped: 0.0001581 seconds, Stopping threads took: 0.0001225 seconds
2018-01-16T19:50:57.834+0800: 18.750: Total time for which application threads were stopped: 0.0000349 seconds, Stopping threads took: 0.0000080 seconds
2018-01-16T19:50:57.841+0800: 18.758: Total time for which application threads were stopped: 0.0004410 seconds, Stopping threads took: 0.0000363 seconds
2018-01-16T19:50:57.848+0800: 18.764: Total time for which application threads were stopped: 0.0000813 seconds, Stopping threads took: 0.0000301 seconds
2018-01-16T19:50:57.857+0800: 18.774: Total time for which application threads were stopped: 0.0000531 seconds, Stopping threads took: 0.0000144 seconds
2018-01-16T19:50:57.857+0800: 18.774: Total time for which application threads were stopped: 0.0000278 seconds, Stopping threads took: 0.0000065 seconds
2018-01-16T19:50:57.857+0800: 18.774: Total time for which application threads were stopped: 0.0000328 seconds, Stopping threads took: 0.0000055 seconds
2018-01-16T19:50:57.859+0800: 18.775: Total time for which application threads were stopped: 0.0001373 seconds, Stopping threads took: 0.0000276 seconds
2018-01-16T19:50:57.893+0800: 18.810: Total time for which application threads were stopped: 0.0000760 seconds, Stopping threads took: 0.0000202 seconds
2018-01-16T19:50:57.894+0800: 18.810: Total time for which application threads were stopped: 0.0000427 seconds, Stopping threads took: 0.0000086 seconds
2018-01-16T19:50:57.894+0800: 18.810: Total time for which application threads were stopped: 0.0000362 seconds, Stopping threads took: 0.0000068 seconds
2018-01-16T19:50:57.894+0800: 18.810: Total time for which application threads were stopped: 0.0000455 seconds, Stopping threads took: 0.0000154 seconds
2018-01-16T19:50:57.894+0800: 18.810: Total time for which application threads were stopped: 0.0000498 seconds, Stopping threads took: 0.0000192 seconds
2018-01-16T19:50:57.895+0800: 18.811: Total time for which application threads were stopped: 0.0002114 seconds, Stopping threads took: 0.0001693 seconds
2018-01-16T19:50:57.895+0800: 18.811: Total time for which application threads were stopped: 0.0000429 seconds, Stopping threads took: 0.0000087 seconds
2018-01-16T19:50:57.895+0800: 18.811: Total time for which application threads were stopped: 0.0000341 seconds, Stopping threads took: 0.0000073 seconds
2018-01-16T19:50:57.895+0800: 18.811: Total time for which application threads were stopped: 0.0000368 seconds, Stopping threads took: 0.0000072 seconds
2018-01-16T19:50:57.895+0800: 18.811: Total time for which application threads were stopped: 0.0000360 seconds, Stopping threads took: 0.0000067 seconds
2018-01-16T19:50:57.895+0800: 18.812: Total time for which application threads were stopped: 0.0000353 seconds, Stopping threads took: 0.0000071 seconds
2018-01-16T19:50:57.895+0800: 18.812: Total time for which application threads were stopped: 0.0000346 seconds, Stopping threads took: 0.0000065 seconds
2018-01-16T19:50:57.895+0800: 18.812: Total time for which application threads were stopped: 0.0000350 seconds, Stopping threads took: 0.0000068 seconds
2018-01-16T19:50:57.896+0800: 18.812: Total time for which application threads were stopped: 0.0000464 seconds, Stopping threads took: 0.0000136 seconds
2018-01-16T19:50:57.896+0800: 18.812: Total time for which application threads were stopped: 0.0000431 seconds, Stopping threads took: 0.0000186 seconds
2018-01-16T19:50:57.906+0800: 18.822: Total time for which application threads were stopped: 0.0003553 seconds, Stopping threads took: 0.0000177 seconds
2018-01-16T19:50:57.907+0800: 18.824: Total time for which application threads were stopped: 0.0000654 seconds, Stopping threads took: 0.0000145 seconds
2018-01-16T19:50:57.908+0800: 18.824: Total time for which application threads were stopped: 0.0000523 seconds, Stopping threads took: 0.0000162 seconds
2018-01-16T19:50:57.908+0800: 18.824: Total time for which application threads were stopped: 0.0000695 seconds, Stopping threads took: 0.0000454 seconds
2018-01-16T19:50:57.908+0800: 18.824: Total time for which application threads were stopped: 0.0000423 seconds, Stopping threads took: 0.0000126 seconds
2018-01-16T19:50:57.908+0800: 18.824: Total time for which application threads were stopped: 0.0000698 seconds, Stopping threads took: 0.0000399 seconds
2018-01-16T19:50:57.908+0800: 18.824: Total time for which application threads were stopped: 0.0000351 seconds, Stopping threads took: 0.0000058 seconds
2018-01-16T19:50:57.917+0800: 18.833: Total time for which application threads were stopped: 0.0001469 seconds, Stopping threads took: 0.0000813 seconds
2018-01-16T19:50:57.917+0800: 18.833: Total time for which application threads were stopped: 0.0000673 seconds, Stopping threads took: 0.0000327 seconds
2018-01-16T19:50:57.917+0800: 18.833: Total time for which application threads were stopped: 0.0000564 seconds, Stopping threads took: 0.0000174 seconds
2018-01-16T19:50:57.917+0800: 18.833: Total time for which application threads were stopped: 0.0000416 seconds, Stopping threads took: 0.0000083 seconds
2018-01-16T19:50:57.917+0800: 18.833: Total time for which application threads were stopped: 0.0000389 seconds, Stopping threads took: 0.0000076 seconds
2018-01-16T19:50:57.934+0800: 18.850: Total time for which application threads were stopped: 0.0000816 seconds, Stopping threads took: 0.0000203 seconds
2018-01-16T19:50:57.940+0800: 18.856: Total time for which application threads were stopped: 0.0000572 seconds, Stopping threads took: 0.0000157 seconds
2018-01-16T19:50:57.940+0800: 18.857: Total time for which application threads were stopped: 0.0000667 seconds, Stopping threads took: 0.0000245 seconds
2018-01-16T19:50:58.944+0800: 19.860: Total time for which application threads were stopped: 0.0001445 seconds, Stopping threads took: 0.0000397 seconds
2018-01-16T19:51:07.974+0800: 28.890: Total time for which application threads were stopped: 0.0001236 seconds, Stopping threads took: 0.0000309 seconds
2018-01-16T19:51:23.010+0800: 43.926: Total time for which application threads were stopped: 0.0001602 seconds, Stopping threads took: 0.0000365 seconds
2018-01-16T19:51:35.510+0800: 56.425: Total time for which application threads were stopped: 0.0001316 seconds, Stopping threads took: 0.0000315 seconds
2018-01-16T19:51:57.925+0800: 78.839: Total time for which application threads were stopped: 0.0001182 seconds, Stopping threads took: 0.0000279 seconds
2018-01-16T19:52:06.619+0800: 87.534: Total time for which application threads were stopped: 0.0000695 seconds, Stopping threads took: 0.0000184 seconds
2018-01-16T19:52:06.993+0800: 87.907: Total time for which application threads were stopped: 0.0001844 seconds, Stopping threads took: 0.0000203 seconds
2018-01-16T19:52:06.994+0800: 87.908: Total time for which application threads were stopped: 0.0000840 seconds, Stopping threads took: 0.0000170 seconds
2018-01-16T19:52:06.996+0800: 87.910: Total time for which application threads were stopped: 0.0001166 seconds, Stopping threads took: 0.0000237 seconds
2018-01-16T19:52:06.996+0800: 87.910: Total time for which application threads were stopped: 0.0000763 seconds, Stopping threads took: 0.0000163 seconds
2018-01-16T19:52:06.996+0800: 87.910: Total time for which application threads were stopped: 0.0000498 seconds, Stopping threads took: 0.0000083 seconds
2018-01-16T19:52:06.996+0800: 87.910: Total time for which application threads were stopped: 0.0000433 seconds, Stopping threads took: 0.0000059 seconds
2018-01-16T19:52:06.996+0800: 87.910: Total time for which application threads were stopped: 0.0000404 seconds, Stopping threads took: 0.0000073 seconds
2018-01-16T19:52:07.001+0800: 87.915: Total time for which application threads were stopped: 0.0001269 seconds, Stopping threads took: 0.0000211 seconds
2018-01-16T19:52:07.002+0800: 87.916: Total time for which application threads were stopped: 0.0001115 seconds, Stopping threads took: 0.0000423 seconds
2018-01-16T19:52:07.005+0800: 87.919: Total time for which application threads were stopped: 0.0002605 seconds, Stopping threads took: 0.0000191 seconds
2018-01-16T19:52:07.010+0800: 87.924: Total time for which application threads were stopped: 0.0001203 seconds, Stopping threads took: 0.0000205 seconds
2018-01-16T19:52:07.011+0800: 87.925: Total time for which application threads were stopped: 0.0002503 seconds, Stopping threads took: 0.0001627 seconds
2018-01-16T19:52:07.011+0800: 87.925: Total time for which application threads were stopped: 0.0002202 seconds, Stopping threads took: 0.0001732 seconds
2018-01-16T19:52:07.011+0800: 87.925: Total time for which application threads were stopped: 0.0000543 seconds, Stopping threads took: 0.0000096 seconds
2018-01-16T19:52:07.013+0800: 87.927: Total time for which application threads were stopped: 0.0000902 seconds, Stopping threads took: 0.0000156 seconds
2018-01-16T19:52:07.015+0800: 87.929: Total time for which application threads were stopped: 0.0001478 seconds, Stopping threads took: 0.0000331 seconds
2018-01-16T19:52:07.025+0800: 87.939: Total time for which application threads were stopped: 0.0005804 seconds, Stopping threads took: 0.0002636 seconds
2018-01-16T19:52:07.026+0800: 87.940: Total time for which application threads were stopped: 0.0002252 seconds, Stopping threads took: 0.0000776 seconds
2018-01-16T19:52:07.035+0800: 87.949: Total time for which application threads were stopped: 0.0006087 seconds, Stopping threads took: 0.0003344 seconds
2018-01-16T19:52:07.039+0800: 87.953: Total time for which application threads were stopped: 0.0001201 seconds, Stopping threads took: 0.0000211 seconds
2018-01-16T19:52:07.042+0800: 87.956: Total time for which application threads were stopped: 0.0001327 seconds, Stopping threads took: 0.0000578 seconds
2018-01-16T19:52:07.042+0800: 87.956: Total time for which application threads were stopped: 0.0000926 seconds, Stopping threads took: 0.0000111 seconds
2018-01-16T19:52:07.060+0800: 87.974: Total time for which application threads were stopped: 0.0002016 seconds, Stopping threads took: 0.0000966 seconds
2018-01-16T19:52:07.060+0800: 87.974: Total time for which application threads were stopped: 0.0001305 seconds, Stopping threads took: 0.0000326 seconds
2018-01-16T19:52:07.070+0800: 87.985: Total time for which application threads were stopped: 0.0003523 seconds, Stopping threads took: 0.0000764 seconds
2018-01-16T19:52:07.172+0800: 88.087: Total time for which application threads were stopped: 0.0001065 seconds, Stopping threads took: 0.0000358 seconds
2018-01-16T19:52:07.176+0800: 88.090: Total time for which application threads were stopped: 0.0001005 seconds, Stopping threads took: 0.0000415 seconds
2018-01-16T19:52:08.084+0800: 88.998: Total time for which application threads were stopped: 0.0001078 seconds, Stopping threads took: 0.0000214 seconds
2018-01-16T19:52:08.085+0800: 88.999: Total time for which application threads were stopped: 0.0000683 seconds, Stopping threads took: 0.0000128 seconds
2018-01-16T19:52:08.094+0800: 89.008: Total time for which application threads were stopped: 0.0001554 seconds, Stopping threads took: 0.0000187 seconds
2018-01-16T19:52:08.096+0800: 89.011: Total time for which application threads were stopped: 0.0001489 seconds, Stopping threads took: 0.0000365 seconds
2018-01-16T19:52:08.097+0800: 89.011: Total time for which application threads were stopped: 0.0000912 seconds, Stopping threads took: 0.0000249 seconds
2018-01-16T19:52:08.100+0800: 89.014: Total time for which application threads were stopped: 0.0003725 seconds, Stopping threads took: 0.0000194 seconds
2018-01-16T19:52:08.117+0800: 89.031: Total time for which application threads were stopped: 0.0001047 seconds, Stopping threads took: 0.0000350 seconds
2018-01-16T19:52:08.117+0800: 89.031: Total time for which application threads were stopped: 0.0000839 seconds, Stopping threads took: 0.0000251 seconds
2018-01-16T19:52:08.118+0800: 89.032: Total time for which application threads were stopped: 0.0005399 seconds, Stopping threads took: 0.0004903 seconds
2018-01-16T19:52:08.128+0800: 89.043: Total time for which application threads were stopped: 0.0107048 seconds, Stopping threads took: 0.0105977 seconds
2018-01-16T19:52:08.205+0800: 89.119: Total time for which application threads were stopped: 0.0002033 seconds, Stopping threads took: 0.0000422 seconds
2018-01-16T19:52:08.226+0800: 89.140: Total time for which application threads were stopped: 0.0001048 seconds, Stopping threads took: 0.0000317 seconds
2018-01-16T19:52:08.228+0800: 89.142: Total time for which application threads were stopped: 0.0001356 seconds, Stopping threads took: 0.0000503 seconds
2018-01-16T19:52:08.234+0800: 89.148: Total time for which application threads were stopped: 0.0001017 seconds, Stopping threads took: 0.0000213 seconds
2018-01-16T19:52:08.241+0800: 89.155: Total time for which application threads were stopped: 0.0001003 seconds, Stopping threads took: 0.0000207 seconds
2018-01-16T19:52:08.280+0800: 89.194: Total time for which application threads were stopped: 0.0001423 seconds, Stopping threads took: 0.0000208 seconds
2018-01-16T19:52:08.280+0800: 89.194: Total time for which application threads were stopped: 0.0001260 seconds, Stopping threads took: 0.0000246 seconds
2018-01-16T19:52:08.281+0800: 89.195: Total time for which application threads were stopped: 0.0002513 seconds, Stopping threads took: 0.0000750 seconds
2018-01-16T19:52:08.281+0800: 89.195: Total time for which application threads were stopped: 0.0002033 seconds, Stopping threads took: 0.0000280 seconds
2018-01-16T19:52:08.281+0800: 89.195: Total time for which application threads were stopped: 0.0000830 seconds, Stopping threads took: 0.0000244 seconds
2018-01-16T19:52:08.281+0800: 89.195: Total time for which application threads were stopped: 0.0001175 seconds, Stopping threads took: 0.0000176 seconds
2018-01-16T19:52:08.281+0800: 89.195: Total time for which application threads were stopped: 0.0000960 seconds, Stopping threads took: 0.0000202 seconds
2018-01-16T19:52:08.282+0800: 89.196: Total time for which application threads were stopped: 0.0001343 seconds, Stopping threads took: 0.0000699 seconds
2018-01-16T19:52:08.282+0800: 89.196: Total time for which application threads were stopped: 0.0000825 seconds, Stopping threads took: 0.0000199 seconds
2018-01-16T19:52:08.282+0800: 89.196: Total time for which application threads were stopped: 0.0001070 seconds, Stopping threads took: 0.0000389 seconds
2018-01-16T19:52:08.282+0800: 89.196: Total time for which application threads were stopped: 0.0000779 seconds, Stopping threads took: 0.0000194 seconds
2018-01-16T19:52:08.282+0800: 89.196: Total time for which application threads were stopped: 0.0000853 seconds, Stopping threads took: 0.0000084 seconds
2018-01-16T19:52:08.282+0800: 89.196: Total time for which application threads were stopped: 0.0000931 seconds, Stopping threads took: 0.0000216 seconds
2018-01-16T19:52:08.283+0800: 89.197: Total time for which application threads were stopped: 0.0001130 seconds, Stopping threads took: 0.0000098 seconds
2018-01-16T19:52:08.283+0800: 89.197: Total time for which application threads were stopped: 0.0000870 seconds, Stopping threads took: 0.0000381 seconds
2018-01-16T19:52:08.283+0800: 89.197: Total time for which application threads were stopped: 0.0000835 seconds, Stopping threads took: 0.0000180 seconds
2018-01-16T19:52:08.283+0800: 89.197: Total time for which application threads were stopped: 0.0000941 seconds, Stopping threads took: 0.0000210 seconds
2018-01-16T19:52:08.283+0800: 89.197: Total time for which application threads were stopped: 0.0000795 seconds, Stopping threads took: 0.0000094 seconds
2018-01-16T19:52:08.283+0800: 89.198: Total time for which application threads were stopped: 0.0000670 seconds, Stopping threads took: 0.0000204 seconds
2018-01-16T19:52:08.284+0800: 89.198: Total time for which application threads were stopped: 0.0000873 seconds, Stopping threads took: 0.0000226 seconds
2018-01-16T19:52:08.284+0800: 89.198: Total time for which application threads were stopped: 0.0000659 seconds, Stopping threads took: 0.0000203 seconds
2018-01-16T19:52:08.284+0800: 89.198: Total time for which application threads were stopped: 0.0000902 seconds, Stopping threads took: 0.0000097 seconds
2018-01-16T19:52:08.284+0800: 89.198: Total time for which application threads were stopped: 0.0001048 seconds, Stopping threads took: 0.0000272 seconds
2018-01-16T19:52:08.284+0800: 89.198: Total time for which application threads were stopped: 0.0000829 seconds, Stopping threads took: 0.0000175 seconds
2018-01-16T19:52:08.285+0800: 89.199: Total time for which application threads were stopped: 0.0001088 seconds, Stopping threads took: 0.0000206 seconds
2018-01-16T19:52:08.285+0800: 89.199: Total time for which application threads were stopped: 0.0000922 seconds, Stopping threads took: 0.0000196 seconds
2018-01-16T19:52:08.285+0800: 89.199: Total time for which application threads were stopped: 0.0001004 seconds, Stopping threads took: 0.0000255 seconds
2018-01-16T19:52:08.285+0800: 89.199: Total time for which application threads were stopped: 0.0000756 seconds, Stopping threads took: 0.0000237 seconds
2018-01-16T19:52:08.374+0800: 89.288: Total time for which application threads were stopped: 0.0001427 seconds, Stopping threads took: 0.0000190 seconds
2018-01-16T19:52:08.374+0800: 89.288: Total time for which application threads were stopped: 0.0001002 seconds, Stopping threads took: 0.0000127 seconds
2018-01-16T19:52:08.374+0800: 89.288: Total time for which application threads were stopped: 0.0000963 seconds, Stopping threads took: 0.0000353 seconds
2018-01-16T19:52:08.375+0800: 89.289: Total time for which application threads were stopped: 0.0001236 seconds, Stopping threads took: 0.0000297 seconds
2018-01-16T19:52:08.386+0800: 89.300: Total time for which application threads were stopped: 0.0000704 seconds, Stopping threads took: 0.0000230 seconds
2018-01-16T19:52:08.390+0800: 89.304: Total time for which application threads were stopped: 0.0001031 seconds, Stopping threads took: 0.0000288 seconds
2018-01-16T19:52:08.390+0800: 89.304: Total time for which application threads were stopped: 0.0000900 seconds, Stopping threads took: 0.0000087 seconds
2018-01-16T19:52:08.391+0800: 89.305: Total time for which application threads were stopped: 0.0000641 seconds, Stopping threads took: 0.0000116 seconds
2018-01-16T19:52:08.391+0800: 89.305: Total time for which application threads were stopped: 0.0000902 seconds, Stopping threads took: 0.0000234 seconds
2018-01-16T19:52:08.391+0800: 89.305: Total time for which application threads were stopped: 0.0001361 seconds, Stopping threads took: 0.0000180 seconds
2018-01-16T19:52:08.391+0800: 89.305: Total time for which application threads were stopped: 0.0000772 seconds, Stopping threads took: 0.0000175 seconds
2018-01-16T19:52:08.391+0800: 89.305: Total time for which application threads were stopped: 0.0001209 seconds, Stopping threads took: 0.0000162 seconds
2018-01-16T19:52:08.392+0800: 89.306: Total time for which application threads were stopped: 0.0001176 seconds, Stopping threads took: 0.0000357 seconds
2018-01-16T19:52:08.392+0800: 89.306: Total time for which application threads were stopped: 0.0001564 seconds, Stopping threads took: 0.0000676 seconds
2018-01-16T19:52:08.432+0800: 89.346: Total time for which application threads were stopped: 0.0000997 seconds, Stopping threads took: 0.0000256 seconds
2018-01-16T19:52:08.438+0800: 89.352: Total time for which application threads were stopped: 0.0001494 seconds, Stopping threads took: 0.0000366 seconds
2018-01-16T19:52:08.438+0800: 89.352: Total time for which application threads were stopped: 0.0000995 seconds, Stopping threads took: 0.0000131 seconds
2018-01-16T19:52:08.439+0800: 89.353: Total time for which application threads were stopped: 0.0001064 seconds, Stopping threads took: 0.0000278 seconds
2018-01-16T19:52:08.443+0800: 89.358: Total time for which application threads were stopped: 0.0001194 seconds, Stopping threads took: 0.0000229 seconds
2018-01-16T19:52:08.444+0800: 89.358: Total time for which application threads were stopped: 0.0001908 seconds, Stopping threads took: 0.0000128 seconds
2018-01-16T19:52:08.447+0800: 89.361: Total time for which application threads were stopped: 0.0001600 seconds, Stopping threads took: 0.0000350 seconds
2018-01-16T19:52:08.449+0800: 89.363: Total time for which application threads were stopped: 0.0002315 seconds, Stopping threads took: 0.0001150 seconds
2018-01-16T19:52:08.449+0800: 89.363: Total time for which application threads were stopped: 0.0001600 seconds, Stopping threads took: 0.0000514 seconds
2018-01-16T19:52:08.502+0800: 89.416: Total time for which application threads were stopped: 0.0001589 seconds, Stopping threads took: 0.0000369 seconds
2018-01-16T19:52:08.510+0800: 89.424: Total time for which application threads were stopped: 0.0001634 seconds, Stopping threads took: 0.0000370 seconds
2018-01-16T19:52:08.521+0800: 89.435: Total time for which application threads were stopped: 0.0001159 seconds, Stopping threads took: 0.0000344 seconds
2018-01-16T19:52:08.615+0800: 89.529: Total time for which application threads were stopped: 0.0001677 seconds, Stopping threads took: 0.0000212 seconds
2018-01-16T19:52:08.616+0800: 89.531: Total time for which application threads were stopped: 0.0001532 seconds, Stopping threads took: 0.0000366 seconds
2018-01-16T19:52:08.654+0800: 89.568: Total time for which application threads were stopped: 0.0001425 seconds, Stopping threads took: 0.0000326 seconds
2018-01-16T19:52:08.705+0800: 89.619: Total time for which application threads were stopped: 0.0003860 seconds, Stopping threads took: 0.0000174 seconds
{Heap before GC invocations=2 (full 1):
 par new generation   total 109248K, used 99104K [0x00000007a0000000, 0x00000007a8000000, 0x00000007a8000000)
  eden space 87424K, 100% used [0x00000007a0000000, 0x00000007a5560000, 0x00000007a5560000)
  from space 21824K,  53% used [0x00000007a5560000, 0x00000007a60c8300, 0x00000007a6ab0000)
  to   space 21824K,   0% used [0x00000007a6ab0000, 0x00000007a6ab0000, 0x00000007a8000000)
 concurrent mark-sweep generation total 393216K, used 0K [0x00000007a8000000, 0x00000007c0000000, 0x00000007c0000000)
 Metaspace       used 26216K, capacity 26922K, committed 27284K, reserved 1073152K
  class space    used 3162K, capacity 3369K, committed 3476K, reserved 1048576K
2018-01-16T19:52:08.776+0800: 89.690: [GC (Allocation Failure) 2018-01-16T19:52:08.776+0800: 89.690: [ParNew
Desired survivor size 20112992 bytes, new threshold 8 (max 8)
- age   1:    5868184 bytes,    5868184 total
- age   2:    2865472 bytes,    8733656 total
- age   3:    4173456 bytes,   12907112 total
: 99104K->17451K(109248K), 0.0329805 secs] 99104K->17451K(502464K), 0.0330758 secs] [Times: user=0.07 sys=0.00, real=0.03 secs] 
Heap after GC invocations=3 (full 1):
 par new generation   total 109248K, used 17451K [0x00000007a0000000, 0x00000007a8000000, 0x00000007a8000000)
  eden space 87424K,   0% used [0x00000007a0000000, 0x00000007a0000000, 0x00000007a5560000)
  from space 21824K,  79% used [0x00000007a6ab0000, 0x00000007a7bbac40, 0x00000007a8000000)
  to   space 21824K,   0% used [0x00000007a5560000, 0x00000007a5560000, 0x00000007a6ab0000)
 concurrent mark-sweep generation total 393216K, used 0K [0x00000007a8000000, 0x00000007c0000000, 0x00000007c0000000)
 Metaspace       used 26216K, capacity 26922K, committed 27284K, reserved 1073152K
  class space    used 3162K, capacity 3369K, committed 3476K, reserved 1048576K
}
2018-01-16T19:52:08.809+0800: 89.723: Total time for which application threads were stopped: 0.0332889 seconds, Stopping threads took: 0.0000359 seconds
2018-01-16T19:52:08.809+0800: 89.723: Total time for which application threads were stopped: 0.0001383 seconds, Stopping threads took: 0.0000410 seconds
2018-01-16T19:52:08.810+0800: 89.724: Total time for which application threads were stopped: 0.0001191 seconds, Stopping threads took: 0.0000332 seconds
2018-01-16T19:52:08.810+0800: 89.724: Total time for which application threads were stopped: 0.0001174 seconds, Stopping threads took: 0.0000633 seconds
2018-01-16T19:52:08.810+0800: 89.724: Total time for which application threads were stopped: 0.0000770 seconds, Stopping threads took: 0.0000257 seconds
2018-01-16T19:52:08.811+0800: 89.725: Total time for which application threads were stopped: 0.0000886 seconds, Stopping threads took: 0.0000317 seconds
2018-01-16T19:52:08.811+0800: 89.725: Total time for which application threads were stopped: 0.0000702 seconds, Stopping threads took: 0.0000249 seconds
2018-01-16T19:52:08.811+0800: 89.726: Total time for which application threads were stopped: 0.0006006 seconds, Stopping threads took: 0.0005491 seconds
2018-01-16T19:52:08.812+0800: 89.726: Total time for which application threads were stopped: 0.0001954 seconds, Stopping threads took: 0.0000214 seconds
2018-01-16T19:52:08.812+0800: 89.726: Total time for which application threads were stopped: 0.0004062 seconds, Stopping threads took: 0.0003187 seconds
2018-01-16T19:52:08.821+0800: 89.735: Total time for which application threads were stopped: 0.0003965 seconds, Stopping threads took: 0.0000387 seconds
2018-01-16T19:52:08.927+0800: 89.841: Total time for which application threads were stopped: 0.0107548 seconds, Stopping threads took: 0.0106204 seconds
2018-01-16T19:52:09.006+0800: 89.920: Total time for which application threads were stopped: 0.0001907 seconds, Stopping threads took: 0.0000422 seconds
2018-01-16T19:52:09.018+0800: 89.932: Total time for which application threads were stopped: 0.0001019 seconds, Stopping threads took: 0.0000198 seconds
2018-01-16T19:52:09.018+0800: 89.932: Total time for which application threads were stopped: 0.0000641 seconds, Stopping threads took: 0.0000177 seconds
2018-01-16T19:52:09.018+0800: 89.932: Total time for which application threads were stopped: 0.0001244 seconds, Stopping threads took: 0.0000695 seconds
{Heap before GC invocations=3 (full 1):
 par new generation   total 109248K, used 104875K [0x00000007a0000000, 0x00000007a8000000, 0x00000007a8000000)
  eden space 87424K, 100% used [0x00000007a0000000, 0x00000007a5560000, 0x00000007a5560000)
  from space 21824K,  79% used [0x00000007a6ab0000, 0x00000007a7bbac40, 0x00000007a8000000)
  to   space 21824K,   0% used [0x00000007a5560000, 0x00000007a5560000, 0x00000007a6ab0000)
 concurrent mark-sweep generation total 393216K, used 0K [0x00000007a8000000, 0x00000007c0000000, 0x00000007c0000000)
 Metaspace       used 27072K, capacity 27812K, committed 28052K, reserved 1073152K
  class space    used 3255K, capacity 3476K, committed 3476K, reserved 1048576K
2018-01-16T19:52:09.363+0800: 90.277: [GC (Allocation Failure) 2018-01-16T19:52:09.363+0800: 90.277: [ParNew
Desired survivor size 20112992 bytes, new threshold 8 (max 8)
- age   1:    2815888 bytes,    2815888 total
- age   2:    2229448 bytes,    5045336 total
- age   3:    2721128 bytes,    7766464 total
- age   4:    4173112 bytes,   11939576 total
: 104875K->15543K(109248K), 0.0360139 secs] 104875K->15543K(502464K), 0.0360992 secs] [Times: user=0.06 sys=0.00, real=0.03 secs] 
Heap after GC invocations=4 (full 1):
 par new generation   total 109248K, used 15543K [0x00000007a0000000, 0x00000007a8000000, 0x00000007a8000000)
  eden space 87424K,   0% used [0x00000007a0000000, 0x00000007a0000000, 0x00000007a5560000)
  from space 21824K,  71% used [0x00000007a5560000, 0x00000007a648dc48, 0x00000007a6ab0000)
  to   space 21824K,   0% used [0x00000007a6ab0000, 0x00000007a6ab0000, 0x00000007a8000000)
 concurrent mark-sweep generation total 393216K, used 0K [0x00000007a8000000, 0x00000007c0000000, 0x00000007c0000000)
 Metaspace       used 27072K, capacity 27812K, committed 28052K, reserved 1073152K
  class space    used 3255K, capacity 3476K, committed 3476K, reserved 1048576K
}
2018-01-16T19:52:09.399+0800: 90.313: Total time for which application threads were stopped: 0.0363732 seconds, Stopping threads took: 0.0000622 seconds
2018-01-16T19:52:09.489+0800: 90.403: Total time for which application threads were stopped: 0.0001161 seconds, Stopping threads took: 0.0000335 seconds
2018-01-16T19:52:09.489+0800: 90.403: Total time for which application threads were stopped: 0.0000788 seconds, Stopping threads took: 0.0000219 seconds
2018-01-16T19:52:09.491+0800: 90.405: Total time for which application threads were stopped: 0.0000960 seconds, Stopping threads took: 0.0000284 seconds
2018-01-16T19:52:09.493+0800: 90.407: Total time for which application threads were stopped: 0.0001407 seconds, Stopping threads took: 0.0000322 seconds
2018-01-16T19:52:09.505+0800: 90.419: Total time for which application threads were stopped: 0.0001093 seconds, Stopping threads took: 0.0000287 seconds
2018-01-16T19:52:09.506+0800: 90.420: Total time for which application threads were stopped: 0.0000730 seconds, Stopping threads took: 0.0000107 seconds
2018-01-16T19:52:09.506+0800: 90.420: Total time for which application threads were stopped: 0.0000714 seconds, Stopping threads took: 0.0000107 seconds
2018-01-16T19:52:09.506+0800: 90.420: Total time for which application threads were stopped: 0.0000586 seconds, Stopping threads took: 0.0000077 seconds
2018-01-16T19:52:09.507+0800: 90.421: Total time for which application threads were stopped: 0.0000888 seconds, Stopping threads took: 0.0000286 seconds
2018-01-16T19:52:09.507+0800: 90.421: Total time for which application threads were stopped: 0.0000766 seconds, Stopping threads took: 0.0000213 seconds
2018-01-16T19:52:09.507+0800: 90.421: Total time for which application threads were stopped: 0.0000592 seconds, Stopping threads took: 0.0000081 seconds
2018-01-16T19:52:09.508+0800: 90.422: Total time for which application threads were stopped: 0.0000551 seconds, Stopping threads took: 0.0000083 seconds
2018-01-16T19:52:09.512+0800: 90.426: Total time for which application threads were stopped: 0.0001484 seconds, Stopping threads took: 0.0000345 seconds
2018-01-16T19:52:09.515+0800: 90.429: Total time for which application threads were stopped: 0.0000856 seconds, Stopping threads took: 0.0000157 seconds
{Heap before GC invocations=4 (full 1):
 par new generation   total 109248K, used 102967K [0x00000007a0000000, 0x00000007a8000000, 0x00000007a8000000)
  eden space 87424K, 100% used [0x00000007a0000000, 0x00000007a5560000, 0x00000007a5560000)
  from space 21824K,  71% used [0x00000007a5560000, 0x00000007a648dc48, 0x00000007a6ab0000)
  to   space 21824K,   0% used [0x00000007a6ab0000, 0x00000007a6ab0000, 0x00000007a8000000)
 concurrent mark-sweep generation total 393216K, used 0K [0x00000007a8000000, 0x00000007c0000000, 0x00000007c0000000)
 Metaspace       used 27775K, capacity 28520K, committed 28692K, reserved 1075200K
  class space    used 3346K, capacity 3578K, committed 3604K, reserved 1048576K
2018-01-16T19:52:09.625+0800: 90.539: [GC (Allocation Failure) 2018-01-16T19:52:09.625+0800: 90.539: [ParNew
Desired survivor size 20112992 bytes, new threshold 8 (max 8)
- age   1:    1477608 bytes,    1477608 total
- age   2:    1684736 bytes,    3162344 total
- age   3:    2216904 bytes,    5379248 total
- age   4:    2720832 bytes,    8100080 total
- age   5:    4172360 bytes,   12272440 total
: 102967K->15248K(109248K), 0.0790798 secs] 102967K->15248K(502464K), 0.0791653 secs] [Times: user=0.08 sys=0.00, real=0.08 secs] 
Heap after GC invocations=5 (full 1):
 par new generation   total 109248K, used 15248K [0x00000007a0000000, 0x00000007a8000000, 0x00000007a8000000)
  eden space 87424K,   0% used [0x00000007a0000000, 0x00000007a0000000, 0x00000007a5560000)
  from space 21824K,  69% used [0x00000007a6ab0000, 0x00000007a7994170, 0x00000007a8000000)
  to   space 21824K,   0% used [0x00000007a5560000, 0x00000007a5560000, 0x00000007a6ab0000)
 concurrent mark-sweep generation total 393216K, used 0K [0x00000007a8000000, 0x00000007c0000000, 0x00000007c0000000)
 Metaspace       used 27775K, capacity 28520K, committed 28692K, reserved 1075200K
  class space    used 3346K, capacity 3578K, committed 3604K, reserved 1048576K
}
2018-01-16T19:52:09.704+0800: 90.618: Total time for which application threads were stopped: 0.0796443 seconds, Stopping threads took: 0.0002477 seconds
2018-01-16T19:52:09.718+0800: 90.632: Total time for which application threads were stopped: 0.0001474 seconds, Stopping threads took: 0.0000352 seconds
2018-01-16T19:52:09.724+0800: 90.638: Total time for which application threads were stopped: 0.0003262 seconds, Stopping threads took: 0.0002275 seconds
2018-01-16T19:52:09.732+0800: 90.646: Total time for which application threads were stopped: 0.0001717 seconds, Stopping threads took: 0.0000319 seconds
{Heap before GC invocations=5 (full 1):
 par new generation   total 109248K, used 102672K [0x00000007a0000000, 0x00000007a8000000, 0x00000007a8000000)
  eden space 87424K, 100% used [0x00000007a0000000, 0x00000007a5560000, 0x00000007a5560000)
  from space 21824K,  69% used [0x00000007a6ab0000, 0x00000007a7994170, 0x00000007a8000000)
  to   space 21824K,   0% used [0x00000007a5560000, 0x00000007a5560000, 0x00000007a6ab0000)
 concurrent mark-sweep generation total 393216K, used 0K [0x00000007a8000000, 0x00000007c0000000, 0x00000007c0000000)
 Metaspace       used 27943K, capacity 28686K, committed 29076K, reserved 1075200K
  class space    used 3371K, capacity 3611K, committed 3732K, reserved 1048576K
2018-01-16T19:52:09.791+0800: 90.705: [GC (Allocation Failure) 2018-01-16T19:52:09.791+0800: 90.705: [ParNew
Desired survivor size 20112992 bytes, new threshold 8 (max 8)
- age   1:     818040 bytes,     818040 total
- age   2:     309832 bytes,    1127872 total
- age   3:    1684496 bytes,    2812368 total
- age   4:    2216536 bytes,    5028904 total
- age   5:    2720840 bytes,    7749744 total
- age   6:    4172384 bytes,   11922128 total
: 102672K->18398K(109248K), 0.0144563 secs] 102672K->18398K(502464K), 0.0145372 secs] [Times: user=0.05 sys=0.00, real=0.01 secs] 
Heap after GC invocations=6 (full 1):
 par new generation   total 109248K, used 18398K [0x00000007a0000000, 0x00000007a8000000, 0x00000007a8000000)
  eden space 87424K,   0% used [0x00000007a0000000, 0x00000007a0000000, 0x00000007a5560000)
  from space 21824K,  84% used [0x00000007a5560000, 0x00000007a67578f8, 0x00000007a6ab0000)
  to   space 21824K,   0% used [0x00000007a6ab0000, 0x00000007a6ab0000, 0x00000007a8000000)
 concurrent mark-sweep generation total 393216K, used 0K [0x00000007a8000000, 0x00000007c0000000, 0x00000007c0000000)
 Metaspace       used 27943K, capacity 28686K, committed 29076K, reserved 1075200K
  class space    used 3371K, capacity 3611K, committed 3732K, reserved 1048576K
}
2018-01-16T19:52:09.806+0800: 90.720: Total time for which application threads were stopped: 0.0147621 seconds, Stopping threads took: 0.0000389 seconds
2018-01-16T19:52:09.851+0800: 90.765: Total time for which application threads were stopped: 0.0001196 seconds, Stopping threads took: 0.0000186 seconds
2018-01-16T19:52:09.851+0800: 90.765: Total time for which application threads were stopped: 0.0000938 seconds, Stopping threads took: 0.0000116 seconds
2018-01-16T19:52:09.916+0800: 90.830: Total time for which application threads were stopped: 0.0022505 seconds, Stopping threads took: 0.0021459 seconds
2018-01-16T19:52:09.947+0800: 90.861: Total time for which application threads were stopped: 0.0000982 seconds, Stopping threads took: 0.0000165 seconds
2018-01-16T19:52:09.949+0800: 90.863: Total time for which application threads were stopped: 0.0005031 seconds, Stopping threads took: 0.0004192 seconds
2018-01-16T19:52:10.074+0800: 90.988: Total time for which application threads were stopped: 0.0254611 seconds, Stopping threads took: 0.0249672 seconds
2018-01-16T19:52:10.354+0800: 91.268: Total time for which application threads were stopped: 0.0002554 seconds, Stopping threads took: 0.0000600 seconds
2018-01-16T19:52:10.357+0800: 91.271: Total time for which application threads were stopped: 0.0000979 seconds, Stopping threads took: 0.0000287 seconds
2018-01-16T19:52:10.357+0800: 91.271: Total time for which application threads were stopped: 0.0000802 seconds, Stopping threads took: 0.0000213 seconds
2018-01-16T19:52:10.357+0800: 91.271: Total time for which application threads were stopped: 0.0000789 seconds, Stopping threads took: 0.0000176 seconds
2018-01-16T19:52:10.366+0800: 91.280: Total time for which application threads were stopped: 0.0000975 seconds, Stopping threads took: 0.0000342 seconds
2018-01-16T19:52:10.376+0800: 91.290: Total time for which application threads were stopped: 0.0001114 seconds, Stopping threads took: 0.0000164 seconds
2018-01-16T19:52:10.400+0800: 91.314: Total time for which application threads were stopped: 0.0004401 seconds, Stopping threads took: 0.0000163 seconds
2018-01-16T19:52:10.474+0800: 91.388: Total time for which application threads were stopped: 0.0005280 seconds, Stopping threads took: 0.0004378 seconds
2018-01-16T19:52:10.479+0800: 91.393: Total time for which application threads were stopped: 0.0001030 seconds, Stopping threads took: 0.0000273 seconds
2018-01-16T19:52:10.513+0800: 91.427: Total time for which application threads were stopped: 0.0001543 seconds, Stopping threads took: 0.0000375 seconds
2018-01-16T19:52:10.514+0800: 91.428: Total time for which application threads were stopped: 0.0003651 seconds, Stopping threads took: 0.0002528 seconds
2018-01-16T19:52:10.514+0800: 91.428: Total time for which application threads were stopped: 0.0001072 seconds, Stopping threads took: 0.0000241 seconds
2018-01-16T19:52:10.519+0800: 91.433: Total time for which application threads were stopped: 0.0000830 seconds, Stopping threads took: 0.0000151 seconds
2018-01-16T19:52:10.520+0800: 91.434: Total time for which application threads were stopped: 0.0001042 seconds, Stopping threads took: 0.0000257 seconds
{Heap before GC invocations=6 (full 1):
 par new generation   total 109248K, used 105822K [0x00000007a0000000, 0x00000007a8000000, 0x00000007a8000000)
  eden space 87424K, 100% used [0x00000007a0000000, 0x00000007a5560000, 0x00000007a5560000)
  from space 21824K,  84% used [0x00000007a5560000, 0x00000007a67578f8, 0x00000007a6ab0000)
  to   space 21824K,   0% used [0x00000007a6ab0000, 0x00000007a6ab0000, 0x00000007a8000000)
 concurrent mark-sweep generation total 393216K, used 0K [0x00000007a8000000, 0x00000007c0000000, 0x00000007c0000000)
 Metaspace       used 30995K, capacity 31870K, committed 31892K, reserved 1077248K
  class space    used 3752K, capacity 3983K, committed 3988K, reserved 1048576K
2018-01-16T19:52:10.551+0800: 91.465: [GC (Allocation Failure) 2018-01-16T19:52:10.551+0800: 91.465: [ParNew
Desired survivor size 20112992 bytes, new threshold 8 (max 8)
- age   1:    3982104 bytes,    3982104 total
- age   2:     117568 bytes,    4099672 total
- age   3:     302048 bytes,    4401720 total
- age   4:     281200 bytes,    4682920 total
- age   5:    2212264 bytes,    6895184 total
- age   6:    2714408 bytes,    9609592 total
- age   7:    4165696 bytes,   13775288 total
: 105822K->18001K(109248K), 0.0120908 secs] 105822K->18001K(502464K), 0.0121471 secs] [Times: user=0.04 sys=0.00, real=0.01 secs] 
Heap after GC invocations=7 (full 1):
 par new generation   total 109248K, used 18001K [0x00000007a0000000, 0x00000007a8000000, 0x00000007a8000000)
  eden space 87424K,   0% used [0x00000007a0000000, 0x00000007a0000000, 0x00000007a5560000)
  from space 21824K,  82% used [0x00000007a6ab0000, 0x00000007a7c445c8, 0x00000007a8000000)
  to   space 21824K,   0% used [0x00000007a5560000, 0x00000007a5560000, 0x00000007a6ab0000)
 concurrent mark-sweep generation total 393216K, used 0K [0x00000007a8000000, 0x00000007c0000000, 0x00000007c0000000)
 Metaspace       used 30995K, capacity 31870K, committed 31892K, reserved 1077248K
  class space    used 3752K, capacity 3983K, committed 3988K, reserved 1048576K
}
2018-01-16T19:52:10.564+0800: 91.478: Total time for which application threads were stopped: 0.0123619 seconds, Stopping threads took: 0.0000183 seconds
2018-01-16T19:52:10.614+0800: 91.528: Total time for which application threads were stopped: 0.0000885 seconds, Stopping threads took: 0.0000192 seconds
2018-01-16T19:52:10.614+0800: 91.528: Total time for which application threads were stopped: 0.0000507 seconds, Stopping threads took: 0.0000074 seconds
2018-01-16T19:52:10.720+0800: 91.634: Total time for which application threads were stopped: 0.0001719 seconds, Stopping threads took: 0.0000482 seconds
2018-01-16T19:52:10.768+0800: 91.682: Total time for which application threads were stopped: 0.0001250 seconds, Stopping threads took: 0.0000265 seconds
2018-01-16T19:52:10.798+0800: 91.712: Total time for which application threads were stopped: 0.0001206 seconds, Stopping threads took: 0.0000344 seconds
2018-01-16T19:52:10.802+0800: 91.716: Total time for which application threads were stopped: 0.0001445 seconds, Stopping threads took: 0.0000300 seconds
2018-01-16T19:52:10.804+0800: 91.718: Total time for which application threads were stopped: 0.0001177 seconds, Stopping threads took: 0.0000267 seconds
2018-01-16T19:52:10.952+0800: 91.866: Total time for which application threads were stopped: 0.0001703 seconds, Stopping threads took: 0.0000187 seconds
2018-01-16T19:52:16.018+0800: 96.932: Total time for which application threads were stopped: 0.0001014 seconds, Stopping threads took: 0.0000186 seconds
2018-01-16T19:52:16.019+0800: 96.932: Total time for which application threads were stopped: 0.0000823 seconds, Stopping threads took: 0.0000155 seconds
2018-01-16T19:52:16.033+0800: 96.947: Total time for which application threads were stopped: 0.0001397 seconds, Stopping threads took: 0.0000168 seconds
2018-01-16T19:52:16.059+0800: 96.973: Total time for which application threads were stopped: 0.0005243 seconds, Stopping threads took: 0.0000186 seconds
2018-01-16T19:52:16.089+0800: 97.003: Total time for which application threads were stopped: 0.0004049 seconds, Stopping threads took: 0.0000147 seconds
2018-01-16T19:52:16.132+0800: 97.046: Total time for which application threads were stopped: 0.0001085 seconds, Stopping threads took: 0.0000205 seconds
{Heap before GC invocations=7 (full 1):
 par new generation   total 109248K, used 105425K [0x00000007a0000000, 0x00000007a8000000, 0x00000007a8000000)
  eden space 87424K, 100% used [0x00000007a0000000, 0x00000007a5560000, 0x00000007a5560000)
  from space 21824K,  82% used [0x00000007a6ab0000, 0x00000007a7c445c8, 0x00000007a8000000)
  to   space 21824K,   0% used [0x00000007a5560000, 0x00000007a5560000, 0x00000007a6ab0000)
 concurrent mark-sweep generation total 393216K, used 0K [0x00000007a8000000, 0x00000007c0000000, 0x00000007c0000000)
 Metaspace       used 33917K, capacity 34918K, committed 35092K, reserved 1079296K
  class space    used 4097K, capacity 4371K, committed 4372K, reserved 1048576K
2018-01-16T19:52:16.202+0800: 97.116: [GC (Allocation Failure) 2018-01-16T19:52:16.202+0800: 97.116: [ParNew
Desired survivor size 20112992 bytes, new threshold 8 (max 8)
- age   1:    6338560 bytes,    6338560 total
- age   2:    1706368 bytes,    8044928 total
- age   3:     116720 bytes,    8161648 total
- age   4:     298104 bytes,    8459752 total
- age   5:     271944 bytes,    8731696 total
- age   6:    2159512 bytes,   10891208 total
- age   7:    2700312 bytes,   13591520 total
- age   8:    4093816 bytes,   17685336 total
: 105425K->19288K(109248K), 0.0956332 secs] 105425K->19288K(502464K), 0.0957138 secs] [Times: user=0.06 sys=0.00, real=0.09 secs] 
Heap after GC invocations=8 (full 1):
 par new generation   total 109248K, used 19288K [0x00000007a0000000, 0x00000007a8000000, 0x00000007a8000000)
  eden space 87424K,   0% used [0x00000007a0000000, 0x00000007a0000000, 0x00000007a5560000)
  from space 21824K,  88% used [0x00000007a5560000, 0x00000007a6836080, 0x00000007a6ab0000)
  to   space 21824K,   0% used [0x00000007a6ab0000, 0x00000007a6ab0000, 0x00000007a8000000)
 concurrent mark-sweep generation total 393216K, used 0K [0x00000007a8000000, 0x00000007c0000000, 0x00000007c0000000)
 Metaspace       used 33917K, capacity 34918K, committed 35092K, reserved 1079296K
  class space    used 4097K, capacity 4371K, committed 4372K, reserved 1048576K
}
2018-01-16T19:52:16.298+0800: 97.212: Total time for which application threads were stopped: 0.0959091 seconds, Stopping threads took: 0.0000191 seconds
2018-01-16T19:52:16.383+0800: 97.297: Total time for which application threads were stopped: 0.0001226 seconds, Stopping threads took: 0.0000176 seconds
2018-01-16T19:52:16.384+0800: 97.298: Total time for which application threads were stopped: 0.0001105 seconds, Stopping threads took: 0.0000137 seconds
2018-01-16T19:52:16.399+0800: 97.312: Total time for which application threads were stopped: 0.0000893 seconds, Stopping threads took: 0.0000156 seconds
2018-01-16T19:52:16.900+0800: 97.814: Total time for which application threads were stopped: 0.0000964 seconds, Stopping threads took: 0.0000157 seconds
2018-01-16T19:52:16.903+0800: 97.817: Total time for which application threads were stopped: 0.0000911 seconds, Stopping threads took: 0.0000145 seconds
2018-01-16T19:52:16.907+0800: 97.820: Total time for which application threads were stopped: 0.0004142 seconds, Stopping threads took: 0.0000151 seconds
2018-01-16T19:52:17.907+0800: 98.821: Total time for which application threads were stopped: 0.0002094 seconds, Stopping threads took: 0.0000350 seconds
2018-01-16T19:52:20.967+0800: 101.881: Total time for which application threads were stopped: 0.0001662 seconds, Stopping threads took: 0.0000720 seconds
2018-01-16T19:52:20.968+0800: 101.882: Total time for which application threads were stopped: 0.0001016 seconds, Stopping threads took: 0.0000333 seconds
2018-01-16T19:52:20.970+0800: 101.884: Total time for which application threads were stopped: 0.0000935 seconds, Stopping threads took: 0.0000228 seconds
2018-01-16T19:52:20.972+0800: 101.886: Total time for which application threads were stopped: 0.0001183 seconds, Stopping threads took: 0.0000338 seconds
2018-01-16T19:52:20.975+0800: 101.889: Total time for which application threads were stopped: 0.0000937 seconds, Stopping threads took: 0.0000212 seconds
2018-01-16T19:52:20.981+0800: 101.894: Total time for which application threads were stopped: 0.0001204 seconds, Stopping threads took: 0.0000271 seconds
2018-01-16T19:52:20.985+0800: 101.898: Total time for which application threads were stopped: 0.0000991 seconds, Stopping threads took: 0.0000204 seconds
2018-01-16T19:52:20.988+0800: 101.901: Total time for which application threads were stopped: 0.0001094 seconds, Stopping threads took: 0.0000335 seconds
2018-01-16T19:52:20.991+0800: 101.904: Total time for which application threads were stopped: 0.0000992 seconds, Stopping threads took: 0.0000226 seconds
2018-01-16T19:52:20.992+0800: 101.906: Total time for which application threads were stopped: 0.0005145 seconds, Stopping threads took: 0.0004319 seconds
2018-01-16T19:52:20.993+0800: 101.907: Total time for which application threads were stopped: 0.0001350 seconds, Stopping threads took: 0.0000359 seconds
2018-01-16T19:52:21.002+0800: 101.915: Total time for which application threads were stopped: 0.0001051 seconds, Stopping threads took: 0.0000234 seconds
2018-01-16T19:52:21.003+0800: 101.916: Total time for which application threads were stopped: 0.0001232 seconds, Stopping threads took: 0.0000355 seconds
2018-01-16T19:52:21.015+0800: 101.929: Total time for which application threads were stopped: 0.0001232 seconds, Stopping threads took: 0.0000219 seconds
2018-01-16T19:52:21.016+0800: 101.930: Total time for which application threads were stopped: 0.0001332 seconds, Stopping threads took: 0.0000143 seconds
2018-01-16T19:52:21.016+0800: 101.930: Total time for which application threads were stopped: 0.0002094 seconds, Stopping threads took: 0.0000105 seconds
2018-01-16T19:52:22.017+0800: 102.931: Total time for which application threads were stopped: 0.0001357 seconds, Stopping threads took: 0.0000413 seconds
2018-01-16T19:52:23.021+0800: 103.934: Total time for which application threads were stopped: 0.0001479 seconds, Stopping threads took: 0.0000347 seconds
2018-01-16T19:52:23.237+0800: 104.151: Total time for which application threads were stopped: 0.0022909 seconds, Stopping threads took: 0.0021286 seconds
2018-01-16T19:52:23.265+0800: 104.179: Total time for which application threads were stopped: 0.0243616 seconds, Stopping threads took: 0.0242641 seconds
2018-01-16T19:52:23.266+0800: 104.180: Total time for which application threads were stopped: 0.0000989 seconds, Stopping threads took: 0.0000275 seconds
2018-01-16T19:52:23.269+0800: 104.182: Total time for which application threads were stopped: 0.0016182 seconds, Stopping threads took: 0.0015294 seconds
2018-01-16T19:52:23.295+0800: 104.209: Total time for which application threads were stopped: 0.0008216 seconds, Stopping threads took: 0.0006988 seconds
{Heap before GC invocations=8 (full 1):
 par new generation   total 109248K, used 106712K [0x00000007a0000000, 0x00000007a8000000, 0x00000007a8000000)
  eden space 87424K, 100% used [0x00000007a0000000, 0x00000007a5560000, 0x00000007a5560000)
  from space 21824K,  88% used [0x00000007a5560000, 0x00000007a6836080, 0x00000007a6ab0000)
  to   space 21824K,   0% used [0x00000007a6ab0000, 0x00000007a6ab0000, 0x00000007a8000000)
 concurrent mark-sweep generation total 393216K, used 0K [0x00000007a8000000, 0x00000007c0000000, 0x00000007c0000000)
 Metaspace       used 34809K, capacity 35878K, committed 36116K, reserved 1081344K
  class space    used 4241K, capacity 4521K, committed 4628K, reserved 1048576K
2018-01-16T19:52:23.326+0800: 104.239: [GC (Allocation Failure) 2018-01-16T19:52:23.326+0800: 104.239: [ParNew
Desired survivor size 20112992 bytes, new threshold 8 (max 8)
- age   1:    5722896 bytes,    5722896 total
- age   2:    3349120 bytes,    9072016 total
- age   3:    1702392 bytes,   10774408 total
- age   4:     116720 bytes,   10891128 total
- age   5:     298072 bytes,   11189200 total
- age   6:     271736 bytes,   11460936 total
- age   7:    2129472 bytes,   13590408 total
- age   8:    2700136 bytes,   16290544 total
: 106712K->21824K(109248K), 0.0585723 secs] 106712K->26235K(502464K), 0.0586890 secs] [Times: user=0.11 sys=0.00, real=0.06 secs] 
Heap after GC invocations=9 (full 1):
 par new generation   total 109248K, used 21824K [0x00000007a0000000, 0x00000007a8000000, 0x00000007a8000000)
  eden space 87424K,   0% used [0x00000007a0000000, 0x00000007a0000000, 0x00000007a5560000)
  from space 21824K, 100% used [0x00000007a6ab0000, 0x00000007a8000000, 0x00000007a8000000)
  to   space 21824K,   0% used [0x00000007a5560000, 0x00000007a5560000, 0x00000007a6ab0000)
 concurrent mark-sweep generation total 393216K, used 4411K [0x00000007a8000000, 0x00000007c0000000, 0x00000007c0000000)
 Metaspace       used 34809K, capacity 35878K, committed 36116K, reserved 1081344K
  class space    used 4241K, capacity 4521K, committed 4628K, reserved 1048576K
}
2018-01-16T19:52:23.384+0800: 104.298: Total time for which application threads were stopped: 0.0696019 seconds, Stopping threads took: 0.0107080 seconds
2018-01-16T19:52:23.385+0800: 104.298: Total time for which application threads were stopped: 0.0001896 seconds, Stopping threads took: 0.0000947 seconds
2018-01-16T19:52:23.387+0800: 104.301: Total time for which application threads were stopped: 0.0007247 seconds, Stopping threads took: 0.0006013 seconds
2018-01-16T19:52:23.388+0800: 104.301: Total time for which application threads were stopped: 0.0001576 seconds, Stopping threads took: 0.0000687 seconds
2018-01-16T19:52:23.388+0800: 104.301: Total time for which application threads were stopped: 0.0002333 seconds, Stopping threads took: 0.0001503 seconds
2018-01-16T19:52:23.388+0800: 104.302: Total time for which application threads were stopped: 0.0000979 seconds, Stopping threads took: 0.0000259 seconds
2018-01-16T19:52:23.388+0800: 104.302: Total time for which application threads were stopped: 0.0001302 seconds, Stopping threads took: 0.0000620 seconds
2018-01-16T19:52:23.391+0800: 104.305: Total time for which application threads were stopped: 0.0029514 seconds, Stopping threads took: 0.0028538 seconds
2018-01-16T19:52:23.401+0800: 104.315: Total time for which application threads were stopped: 0.0102172 seconds, Stopping threads took: 0.0101129 seconds
2018-01-16T19:52:23.402+0800: 104.315: Total time for which application threads were stopped: 0.0001531 seconds, Stopping threads took: 0.0000757 seconds
2018-01-16T19:52:23.402+0800: 104.315: Total time for which application threads were stopped: 0.0000813 seconds, Stopping threads took: 0.0000249 seconds
2018-01-16T19:52:23.402+0800: 104.315: Total time for which application threads were stopped: 0.0000927 seconds, Stopping threads took: 0.0000483 seconds
2018-01-16T19:52:23.402+0800: 104.315: Total time for which application threads were stopped: 0.0000740 seconds, Stopping threads took: 0.0000228 seconds
2018-01-16T19:52:23.402+0800: 104.316: Total time for which application threads were stopped: 0.0001367 seconds, Stopping threads took: 0.0000848 seconds
2018-01-16T19:52:23.403+0800: 104.316: Total time for which application threads were stopped: 0.0000737 seconds, Stopping threads took: 0.0000087 seconds
2018-01-16T19:52:23.403+0800: 104.316: Total time for which application threads were stopped: 0.0000779 seconds, Stopping threads took: 0.0000169 seconds
2018-01-16T19:52:23.403+0800: 104.317: Total time for which application threads were stopped: 0.0007235 seconds, Stopping threads took: 0.0006613 seconds
2018-01-16T19:52:23.404+0800: 104.317: Total time for which application threads were stopped: 0.0000709 seconds, Stopping threads took: 0.0000193 seconds
2018-01-16T19:52:23.404+0800: 104.317: Total time for which application threads were stopped: 0.0000796 seconds, Stopping threads took: 0.0000184 seconds
2018-01-16T19:52:23.405+0800: 104.319: Total time for which application threads were stopped: 0.0003129 seconds, Stopping threads took: 0.0000869 seconds
2018-01-16T19:52:23.407+0800: 104.321: Total time for which application threads were stopped: 0.0006146 seconds, Stopping threads took: 0.0005043 seconds
{Heap before GC invocations=9 (full 1):
 par new generation   total 109248K, used 109248K [0x00000007a0000000, 0x00000007a8000000, 0x00000007a8000000)
  eden space 87424K, 100% used [0x00000007a0000000, 0x00000007a5560000, 0x00000007a5560000)
  from space 21824K, 100% used [0x00000007a6ab0000, 0x00000007a8000000, 0x00000007a8000000)
  to   space 21824K,   0% used [0x00000007a5560000, 0x00000007a5560000, 0x00000007a6ab0000)
 concurrent mark-sweep generation total 393216K, used 4411K [0x00000007a8000000, 0x00000007c0000000, 0x00000007c0000000)
 Metaspace       used 34832K, capacity 35890K, committed 36116K, reserved 1081344K
  class space    used 4242K, capacity 4523K, committed 4628K, reserved 1048576K
2018-01-16T19:52:23.470+0800: 104.383: [GC (Allocation Failure) 2018-01-16T19:52:23.470+0800: 104.383: [ParNew
Desired survivor size 20112992 bytes, new threshold 8 (max 8)
- age   1:    1368776 bytes,    1368776 total
- age   2:    4247008 bytes,    5615784 total
- age   3:    3002288 bytes,    8618072 total
- age   4:    1702392 bytes,   10320464 total
- age   5:     116720 bytes,   10437184 total
- age   6:     298072 bytes,   10735256 total
- age   7:     271528 bytes,   11006784 total
- age   8:    2129488 bytes,   13136272 total
: 109248K->16810K(109248K), 0.0695911 secs] 113659K->24064K(502464K), 0.0696607 secs] [Times: user=0.06 sys=0.00, real=0.06 secs] 
Heap after GC invocations=10 (full 1):
 par new generation   total 109248K, used 16810K [0x00000007a0000000, 0x00000007a8000000, 0x00000007a8000000)
  eden space 87424K,   0% used [0x00000007a0000000, 0x00000007a0000000, 0x00000007a5560000)
  from space 21824K,  77% used [0x00000007a5560000, 0x00000007a65ca920, 0x00000007a6ab0000)
  to   space 21824K,   0% used [0x00000007a6ab0000, 0x00000007a6ab0000, 0x00000007a8000000)
 concurrent mark-sweep generation total 393216K, used 7253K [0x00000007a8000000, 0x00000007c0000000, 0x00000007c0000000)
 Metaspace       used 34832K, capacity 35890K, committed 36116K, reserved 1081344K
  class space    used 4242K, capacity 4523K, committed 4628K, reserved 1048576K
}
2018-01-16T19:52:23.539+0800: 104.453: Total time for which application threads were stopped: 0.0699403 seconds, Stopping threads took: 0.0000366 seconds
2018-01-16T19:52:23.541+0800: 104.455: Total time for which application threads were stopped: 0.0002085 seconds, Stopping threads took: 0.0001019 seconds
2018-01-16T19:52:23.556+0800: 104.469: Total time for which application threads were stopped: 0.0111427 seconds, Stopping threads took: 0.0110386 seconds
{Heap before GC invocations=10 (full 1):
 par new generation   total 109248K, used 104234K [0x00000007a0000000, 0x00000007a8000000, 0x00000007a8000000)
  eden space 87424K, 100% used [0x00000007a0000000, 0x00000007a5560000, 0x00000007a5560000)
  from space 21824K,  77% used [0x00000007a5560000, 0x00000007a65ca920, 0x00000007a6ab0000)
  to   space 21824K,   0% used [0x00000007a6ab0000, 0x00000007a6ab0000, 0x00000007a8000000)
 concurrent mark-sweep generation total 393216K, used 7253K [0x00000007a8000000, 0x00000007c0000000, 0x00000007c0000000)
 Metaspace       used 34851K, capacity 35902K, committed 36116K, reserved 1081344K
  class space    used 4243K, capacity 4525K, committed 4628K, reserved 1048576K
2018-01-16T19:52:23.671+0800: 104.585: [GC (Allocation Failure) 2018-01-16T19:52:23.671+0800: 104.585: [ParNew
Desired survivor size 20112992 bytes, new threshold 8 (max 8)
- age   1:     803224 bytes,     803224 total
- age   2:     850240 bytes,    1653464 total
- age   3:    4223856 bytes,    5877320 total
- age   4:    3002288 bytes,    8879608 total
- age   5:    1702392 bytes,   10582000 total
- age   6:     116720 bytes,   10698720 total
- age   7:     298072 bytes,   10996792 total
- age   8:     271344 bytes,   11268136 total
: 104234K->14424K(109248K), 0.0454103 secs] 111488K->23776K(502464K), 0.0454908 secs] [Times: user=0.06 sys=0.01, real=0.04 secs] 
Heap after GC invocations=11 (full 1):
 par new generation   total 109248K, used 14424K [0x00000007a0000000, 0x00000007a8000000, 0x00000007a8000000)
  eden space 87424K,   0% used [0x00000007a0000000, 0x00000007a0000000, 0x00000007a5560000)
  from space 21824K,  66% used [0x00000007a6ab0000, 0x00000007a78c60c0, 0x00000007a8000000)
  to   space 21824K,   0% used [0x00000007a5560000, 0x00000007a5560000, 0x00000007a6ab0000)
 concurrent mark-sweep generation total 393216K, used 9352K [0x00000007a8000000, 0x00000007c0000000, 0x00000007c0000000)
 Metaspace       used 34851K, capacity 35902K, committed 36116K, reserved 1081344K
  class space    used 4243K, capacity 4525K, committed 4628K, reserved 1048576K
}
2018-01-16T19:52:23.717+0800: 104.630: Total time for which application threads were stopped: 0.0803998 seconds, Stopping threads took: 0.0346955 seconds
2018-01-16T19:52:23.719+0800: 104.632: Total time for which application threads were stopped: 0.0002238 seconds, Stopping threads took: 0.0001146 seconds
2018-01-16T19:52:23.719+0800: 104.633: Total time for which application threads were stopped: 0.0004955 seconds, Stopping threads took: 0.0002337 seconds
2018-01-16T19:52:23.876+0800: 104.789: Total time for which application threads were stopped: 0.0521097 seconds, Stopping threads took: 0.0519732 seconds
2018-01-16T19:52:23.878+0800: 104.791: Total time for which application threads were stopped: 0.0003128 seconds, Stopping threads took: 0.0002079 seconds
{Heap before GC invocations=11 (full 1):
 par new generation   total 109248K, used 101848K [0x00000007a0000000, 0x00000007a8000000, 0x00000007a8000000)
  eden space 87424K, 100% used [0x00000007a0000000, 0x00000007a5560000, 0x00000007a5560000)
  from space 21824K,  66% used [0x00000007a6ab0000, 0x00000007a78c60c0, 0x00000007a8000000)
  to   space 21824K,   0% used [0x00000007a5560000, 0x00000007a5560000, 0x00000007a6ab0000)
 concurrent mark-sweep generation total 393216K, used 9352K [0x00000007a8000000, 0x00000007c0000000, 0x00000007c0000000)
 Metaspace       used 34876K, capacity 36036K, committed 36372K, reserved 1081344K
  class space    used 4244K, capacity 4526K, committed 4628K, reserved 1048576K
2018-01-16T19:52:23.884+0800: 104.798: [GC (Allocation Failure) 2018-01-16T19:52:23.884+0800: 104.798: [ParNew
Desired survivor size 20112992 bytes, new threshold 8 (max 8)
- age   1:     271872 bytes,     271872 total
- age   2:      86944 bytes,     358816 total
- age   3:     849776 bytes,    1208592 total
- age   4:    4222408 bytes,    5431000 total
- age   5:    3002288 bytes,    8433288 total
- age   6:    1702392 bytes,   10135680 total
- age   7:     116720 bytes,   10252400 total
- age   8:     297968 bytes,   10550368 total
: 101848K->11859K(109248K), 0.0490461 secs] 111200K->21482K(502464K), 0.0491178 secs] [Times: user=0.08 sys=0.00, real=0.05 secs] 
Heap after GC invocations=12 (full 1):
 par new generation   total 109248K, used 11859K [0x00000007a0000000, 0x00000007a8000000, 0x00000007a8000000)
  eden space 87424K,   0% used [0x00000007a0000000, 0x00000007a0000000, 0x00000007a5560000)
  from space 21824K,  54% used [0x00000007a5560000, 0x00000007a60f4c40, 0x00000007a6ab0000)
  to   space 21824K,   0% used [0x00000007a6ab0000, 0x00000007a6ab0000, 0x00000007a8000000)
 concurrent mark-sweep generation total 393216K, used 9623K [0x00000007a8000000, 0x00000007c0000000, 0x00000007c0000000)
 Metaspace       used 34876K, capacity 36036K, committed 36372K, reserved 1081344K
  class space    used 4244K, capacity 4526K, committed 4628K, reserved 1048576K
}
2018-01-16T19:52:23.933+0800: 104.847: Total time for which application threads were stopped: 0.0493408 seconds, Stopping threads took: 0.0000331 seconds
2018-01-16T19:52:23.980+0800: 104.894: Total time for which application threads were stopped: 0.0007102 seconds, Stopping threads took: 0.0005911 seconds
2018-01-16T19:52:23.982+0800: 104.896: Total time for which application threads were stopped: 0.0001674 seconds, Stopping threads took: 0.0000789 seconds
2018-01-16T19:52:24.016+0800: 104.930: Total time for which application threads were stopped: 0.0001376 seconds, Stopping threads took: 0.0000239 seconds
2018-01-16T19:52:24.016+0800: 104.930: Total time for which application threads were stopped: 0.0000677 seconds, Stopping threads took: 0.0000117 seconds
2018-01-16T19:52:24.019+0800: 104.932: Total time for which application threads were stopped: 0.0001383 seconds, Stopping threads took: 0.0000462 seconds
2018-01-16T19:52:24.083+0800: 104.997: Total time for which application threads were stopped: 0.0001445 seconds, Stopping threads took: 0.0000345 seconds
2018-01-16T19:52:24.083+0800: 104.997: Total time for which application threads were stopped: 0.0000837 seconds, Stopping threads took: 0.0000260 seconds
2018-01-16T19:52:24.085+0800: 104.999: Total time for which application threads were stopped: 0.0001518 seconds, Stopping threads took: 0.0000361 seconds
2018-01-16T19:52:24.086+0800: 105.000: Total time for which application threads were stopped: 0.0001527 seconds, Stopping threads took: 0.0000353 seconds
2018-01-16T19:52:24.088+0800: 105.001: Total time for which application threads were stopped: 0.0001369 seconds, Stopping threads took: 0.0000381 seconds
2018-01-16T19:52:24.088+0800: 105.002: Total time for which application threads were stopped: 0.0001262 seconds, Stopping threads took: 0.0000406 seconds
2018-01-16T19:52:24.198+0800: 105.112: Total time for which application threads were stopped: 0.0003430 seconds, Stopping threads took: 0.0000763 seconds
2018-01-16T19:52:24.199+0800: 105.113: Total time for which application threads were stopped: 0.0002297 seconds, Stopping threads took: 0.0001028 seconds
2018-01-16T19:52:24.311+0800: 105.224: Total time for which application threads were stopped: 0.0002228 seconds, Stopping threads took: 0.0000741 seconds
2018-01-16T19:52:24.312+0800: 105.225: Total time for which application threads were stopped: 0.0001228 seconds, Stopping threads took: 0.0000363 seconds
2018-01-16T19:52:24.420+0800: 105.334: Total time for which application threads were stopped: 0.0001896 seconds, Stopping threads took: 0.0000545 seconds
2018-01-16T19:52:24.421+0800: 105.334: Total time for which application threads were stopped: 0.0002182 seconds, Stopping threads took: 0.0000655 seconds
2018-01-16T19:52:24.527+0800: 105.441: Total time for which application threads were stopped: 0.0001903 seconds, Stopping threads took: 0.0000503 seconds
2018-01-16T19:52:24.528+0800: 105.441: Total time for which application threads were stopped: 0.0001128 seconds, Stopping threads took: 0.0000195 seconds
2018-01-16T19:52:24.636+0800: 105.550: Total time for which application threads were stopped: 0.0001983 seconds, Stopping threads took: 0.0000593 seconds
2018-01-16T19:52:24.637+0800: 105.551: Total time for which application threads were stopped: 0.0001693 seconds, Stopping threads took: 0.0000276 seconds
2018-01-16T19:52:24.746+0800: 105.660: Total time for which application threads were stopped: 0.0001614 seconds, Stopping threads took: 0.0000437 seconds
2018-01-16T19:52:24.748+0800: 105.661: Total time for which application threads were stopped: 0.0002472 seconds, Stopping threads took: 0.0000227 seconds
2018-01-16T19:52:25.750+0800: 106.663: Total time for which application threads were stopped: 0.0001246 seconds, Stopping threads took: 0.0000426 seconds
2018-01-16T19:52:26.754+0800: 107.667: Total time for which application threads were stopped: 0.0002360 seconds, Stopping threads took: 0.0000399 seconds
2018-01-16T19:52:27.760+0800: 108.673: Total time for which application threads were stopped: 0.0002286 seconds, Stopping threads took: 0.0000334 seconds
2018-01-16T19:52:28.760+0800: 109.673: Total time for which application threads were stopped: 0.0002614 seconds, Stopping threads took: 0.0000503 seconds
2018-01-16T19:52:29.071+0800: 109.984: Total time for which application threads were stopped: 0.0001694 seconds, Stopping threads took: 0.0000291 seconds
2018-01-16T19:52:29.071+0800: 109.984: Total time for which application threads were stopped: 0.0000964 seconds, Stopping threads took: 0.0000140 seconds
2018-01-16T19:52:29.071+0800: 109.984: Total time for which application threads were stopped: 0.0001069 seconds, Stopping threads took: 0.0000170 seconds
2018-01-16T19:52:29.071+0800: 109.984: Total time for which application threads were stopped: 0.0000945 seconds, Stopping threads took: 0.0000138 seconds
2018-01-16T19:52:29.071+0800: 109.985: Total time for which application threads were stopped: 0.0000842 seconds, Stopping threads took: 0.0000118 seconds
2018-01-16T19:52:29.071+0800: 109.985: Total time for which application threads were stopped: 0.0000839 seconds, Stopping threads took: 0.0000118 seconds
2018-01-16T19:52:29.072+0800: 109.985: Total time for which application threads were stopped: 0.0001056 seconds, Stopping threads took: 0.0000167 seconds
2018-01-16T19:52:29.072+0800: 109.985: Total time for which application threads were stopped: 0.0000773 seconds, Stopping threads took: 0.0000086 seconds
2018-01-16T19:52:29.080+0800: 109.993: Total time for which application threads were stopped: 0.0001414 seconds, Stopping threads took: 0.0000387 seconds
2018-01-16T19:52:29.080+0800: 109.993: Total time for which application threads were stopped: 0.0000746 seconds, Stopping threads took: 0.0000141 seconds
2018-01-16T19:52:29.080+0800: 109.994: Total time for which application threads were stopped: 0.0001716 seconds, Stopping threads took: 0.0001009 seconds
2018-01-16T19:52:29.080+0800: 109.994: Total time for which application threads were stopped: 0.0000849 seconds, Stopping threads took: 0.0000253 seconds
2018-01-16T19:52:29.081+0800: 109.994: Total time for which application threads were stopped: 0.0001165 seconds, Stopping threads took: 0.0000623 seconds
2018-01-16T19:52:29.081+0800: 109.994: Total time for which application threads were stopped: 0.0000785 seconds, Stopping threads took: 0.0000257 seconds
2018-01-16T19:52:29.081+0800: 109.994: Total time for which application threads were stopped: 0.0000743 seconds, Stopping threads took: 0.0000224 seconds
2018-01-16T19:52:29.081+0800: 109.994: Total time for which application threads were stopped: 0.0001076 seconds, Stopping threads took: 0.0000587 seconds
2018-01-16T19:52:29.081+0800: 109.994: Total time for which application threads were stopped: 0.0001576 seconds, Stopping threads took: 0.0000868 seconds
2018-01-16T19:52:29.081+0800: 109.995: Total time for which application threads were stopped: 0.0001025 seconds, Stopping threads took: 0.0000289 seconds
2018-01-16T19:52:29.081+0800: 109.995: Total time for which application threads were stopped: 0.0000821 seconds, Stopping threads took: 0.0000269 seconds
2018-01-16T19:52:29.081+0800: 109.995: Total time for which application threads were stopped: 0.0000833 seconds, Stopping threads took: 0.0000253 seconds
2018-01-16T19:52:29.082+0800: 109.995: Total time for which application threads were stopped: 0.0000775 seconds, Stopping threads took: 0.0000238 seconds
2018-01-16T19:52:29.082+0800: 109.995: Total time for which application threads were stopped: 0.0001160 seconds, Stopping threads took: 0.0000729 seconds
2018-01-16T19:52:29.082+0800: 109.995: Total time for which application threads were stopped: 0.0000618 seconds, Stopping threads took: 0.0000201 seconds
2018-01-16T19:52:29.082+0800: 109.995: Total time for which application threads were stopped: 0.0000830 seconds, Stopping threads took: 0.0000429 seconds
2018-01-16T19:52:29.082+0800: 109.995: Total time for which application threads were stopped: 0.0000579 seconds, Stopping threads took: 0.0000188 seconds
2018-01-16T19:52:29.082+0800: 109.995: Total time for which application threads were stopped: 0.0000554 seconds, Stopping threads took: 0.0000172 seconds
2018-01-16T19:52:29.082+0800: 109.996: Total time for which application threads were stopped: 0.0000843 seconds, Stopping threads took: 0.0000474 seconds
2018-01-16T19:52:29.082+0800: 109.996: Total time for which application threads were stopped: 0.0001548 seconds, Stopping threads took: 0.0000431 seconds
2018-01-16T19:52:29.084+0800: 109.998: Total time for which application threads were stopped: 0.0001368 seconds, Stopping threads took: 0.0000179 seconds
2018-01-16T19:52:29.084+0800: 109.998: Total time for which application threads were stopped: 0.0000941 seconds, Stopping threads took: 0.0000378 seconds
2018-01-16T19:52:29.086+0800: 109.999: Total time for which application threads were stopped: 0.0000989 seconds, Stopping threads took: 0.0000314 seconds
2018-01-16T19:52:30.086+0800: 110.999: Total time for which application threads were stopped: 0.0002389 seconds, Stopping threads took: 0.0000313 seconds
2018-01-16T19:52:31.088+0800: 112.002: Total time for which application threads were stopped: 0.0001650 seconds, Stopping threads took: 0.0000319 seconds
2018-01-16T19:52:32.089+0800: 113.002: Total time for which application threads were stopped: 0.0001323 seconds, Stopping threads took: 0.0000243 seconds
2018-01-16T19:52:33.093+0800: 114.007: Total time for which application threads were stopped: 0.0001940 seconds, Stopping threads took: 0.0000408 seconds
{Heap before GC invocations=12 (full 1):
 par new generation   total 109248K, used 99283K [0x00000007a0000000, 0x00000007a8000000, 0x00000007a8000000)
  eden space 87424K, 100% used [0x00000007a0000000, 0x00000007a5560000, 0x00000007a5560000)
  from space 21824K,  54% used [0x00000007a5560000, 0x00000007a60f4c40, 0x00000007a6ab0000)
  to   space 21824K,   0% used [0x00000007a6ab0000, 0x00000007a6ab0000, 0x00000007a8000000)
 concurrent mark-sweep generation total 393216K, used 9623K [0x00000007a8000000, 0x00000007c0000000, 0x00000007c0000000)
 Metaspace       used 35338K, capacity 36478K, committed 36628K, reserved 1081344K
  class space    used 4251K, capacity 4535K, committed 4628K, reserved 1048576K
2018-01-16T19:52:34.071+0800: 114.984: [GC (Allocation Failure) 2018-01-16T19:52:34.073+0800: 114.986: [ParNew
Desired survivor size 20112992 bytes, new threshold 8 (max 8)
- age   1:    3452080 bytes,    3452080 total
- age   2:     127280 bytes,    3579360 total
- age   3:      84888 bytes,    3664248 total
- age   4:     146504 bytes,    3810752 total
- age   5:    3477024 bytes,    7287776 total
- age   6:    1416272 bytes,    8704048 total
- age   7:    1699608 bytes,   10403656 total
- age   8:     116720 bytes,   10520376 total
: 99283K->16116K(109248K), 0.0146964 secs] 108906K->26037K(502464K), 0.0164243 secs] [Times: user=0.04 sys=0.00, real=0.01 secs] 
Heap after GC invocations=13 (full 1):
 par new generation   total 109248K, used 16116K [0x00000007a0000000, 0x00000007a8000000, 0x00000007a8000000)
  eden space 87424K,   0% used [0x00000007a0000000, 0x00000007a0000000, 0x00000007a5560000)
  from space 21824K,  73% used [0x00000007a6ab0000, 0x00000007a7a6d3d0, 0x00000007a8000000)
  to   space 21824K,   0% used [0x00000007a5560000, 0x00000007a5560000, 0x00000007a6ab0000)
 concurrent mark-sweep generation total 393216K, used 9920K [0x00000007a8000000, 0x00000007c0000000, 0x00000007c0000000)
 Metaspace       used 35338K, capacity 36478K, committed 36628K, reserved 1081344K
  class space    used 4251K, capacity 4535K, committed 4628K, reserved 1048576K
}
2018-01-16T19:52:34.087+0800: 115.001: Total time for which application threads were stopped: 0.0166827 seconds, Stopping threads took: 0.0000888 seconds
2018-01-16T19:52:34.090+0800: 115.004: Total time for which application threads were stopped: 0.0000962 seconds, Stopping threads took: 0.0000214 seconds
2018-01-16T19:52:34.091+0800: 115.004: Total time for which application threads were stopped: 0.0000903 seconds, Stopping threads took: 0.0000146 seconds
2018-01-16T19:52:34.091+0800: 115.004: Total time for which application threads were stopped: 0.0000550 seconds, Stopping threads took: 0.0000087 seconds
2018-01-16T19:52:34.091+0800: 115.005: Total time for which application threads were stopped: 0.0000785 seconds, Stopping threads took: 0.0000182 seconds
2018-01-16T19:52:34.091+0800: 115.005: Total time for which application threads were stopped: 0.0000674 seconds, Stopping threads took: 0.0000131 seconds
2018-01-16T19:52:34.092+0800: 115.005: Total time for which application threads were stopped: 0.0000732 seconds, Stopping threads took: 0.0000328 seconds
2018-01-16T19:52:34.092+0800: 115.005: Total time for which application threads were stopped: 0.0000708 seconds, Stopping threads took: 0.0000071 seconds
2018-01-16T19:52:34.092+0800: 115.005: Total time for which application threads were stopped: 0.0000406 seconds, Stopping threads took: 0.0000062 seconds
2018-01-16T19:52:34.097+0800: 115.011: Total time for which application threads were stopped: 0.0000843 seconds, Stopping threads took: 0.0000180 seconds
2018-01-16T19:52:34.098+0800: 115.011: Total time for which application threads were stopped: 0.0000859 seconds, Stopping threads took: 0.0000403 seconds
2018-01-16T19:52:34.099+0800: 115.013: Total time for which application threads were stopped: 0.0000784 seconds, Stopping threads took: 0.0000173 seconds
2018-01-16T19:52:34.100+0800: 115.013: Total time for which application threads were stopped: 0.0000764 seconds, Stopping threads took: 0.0000229 seconds
2018-01-16T19:52:34.101+0800: 115.014: Total time for which application threads were stopped: 0.0001344 seconds, Stopping threads took: 0.0000785 seconds
2018-01-16T19:52:34.102+0800: 115.015: Total time for which application threads were stopped: 0.0000597 seconds, Stopping threads took: 0.0000115 seconds
2018-01-16T19:52:44.133+0800: 125.046: Total time for which application threads were stopped: 0.0001420 seconds, Stopping threads took: 0.0000344 seconds
2018-01-16T19:54:14.393+0800: 215.303: Total time for which application threads were stopped: 0.0001406 seconds, Stopping threads took: 0.0000303 seconds
2018-01-16T19:54:29.443+0800: 230.353: Total time for which application threads were stopped: 0.0002008 seconds, Stopping threads took: 0.0000298 seconds
2018-01-16T19:59:15.307+0800: 516.207: Total time for which application threads were stopped: 0.0001936 seconds, Stopping threads took: 0.0000333 seconds
2018-01-16T19:59:44.385+0800: 545.285: Total time for which application threads were stopped: 0.0001412 seconds, Stopping threads took: 0.0000337 seconds
2018-01-16T20:01:39.681+0800: 660.577: Total time for which application threads were stopped: 0.0001392 seconds, Stopping threads took: 0.0000316 seconds
2018-01-16T20:04:05.044+0800: 805.935: Total time for which application threads were stopped: 0.0016693 seconds, Stopping threads took: 0.0006315 seconds
2018-01-16T20:07:54.703+0800: 1035.586: Total time for which application threads were stopped: 0.0002105 seconds, Stopping threads took: 0.0000668 seconds
2018-01-16T20:19:05.554+0800: 1706.417: Total time for which application threads were stopped: 0.0002341 seconds, Stopping threads took: 0.0000612 seconds
2018-01-16T20:34:40.522+0800: 2641.355: Total time for which application threads were stopped: 0.0002050 seconds, Stopping threads took: 0.0000466 seconds
2018-01-16T20:36:56.918+0800: 2777.747: Total time for which application threads were stopped: 0.0001848 seconds, Stopping threads took: 0.0000359 seconds
2018-01-16T20:40:40.884+0800: 3001.705: Total time for which application threads were stopped: 0.0001432 seconds, Stopping threads took: 0.0000322 seconds
2018-01-16T20:41:49.070+0800: 3069.890: Total time for which application threads were stopped: 0.0002252 seconds, Stopping threads took: 0.0000215 seconds
2018-01-16T20:41:49.081+0800: 3069.900: Total time for which application threads were stopped: 0.0003325 seconds, Stopping threads took: 0.0001439 seconds
2018-01-16T20:41:49.082+0800: 3069.902: Total time for which application threads were stopped: 0.0003660 seconds, Stopping threads took: 0.0002118 seconds
2018-01-16T20:41:49.084+0800: 3069.904: Total time for which application threads were stopped: 0.0002366 seconds, Stopping threads took: 0.0000197 seconds
2018-01-16T20:41:49.088+0800: 3069.908: Total time for which application threads were stopped: 0.0001734 seconds, Stopping threads took: 0.0000366 seconds
{Heap before GC invocations=13 (full 1):
 par new generation   total 109248K, used 103540K [0x00000007a0000000, 0x00000007a8000000, 0x00000007a8000000)
  eden space 87424K, 100% used [0x00000007a0000000, 0x00000007a5560000, 0x00000007a5560000)
  from space 21824K,  73% used [0x00000007a6ab0000, 0x00000007a7a6d3d0, 0x00000007a8000000)
  to   space 21824K,   0% used [0x00000007a5560000, 0x00000007a5560000, 0x00000007a6ab0000)
 concurrent mark-sweep generation total 393216K, used 9920K [0x00000007a8000000, 0x00000007c0000000, 0x00000007c0000000)
 Metaspace       used 35404K, capacity 36560K, committed 36884K, reserved 1081344K
  class space    used 4252K, capacity 4538K, committed 4628K, reserved 1048576K
2018-01-16T20:41:49.349+0800: 3070.168: [GC (Allocation Failure) 2018-01-16T20:41:49.351+0800: 3070.170: [ParNew
Desired survivor size 20112992 bytes, new threshold 8 (max 8)
- age   1:    4223048 bytes,    4223048 total
- age   2:    3256968 bytes,    7480016 total
- age   3:     127280 bytes,    7607296 total
- age   4:      84888 bytes,    7692184 total
- age   5:     146328 bytes,    7838512 total
- age   6:    1808280 bytes,    9646792 total
- age   7:    1408792 bytes,   11055584 total
- age   8:    1698512 bytes,   12754096 total
: 103540K->14612K(109248K), 0.0526776 secs] 113461K->24650K(502464K), 0.0546451 secs] [Times: user=0.06 sys=0.09, real=0.06 secs] 
Heap after GC invocations=14 (full 1):
 par new generation   total 109248K, used 14612K [0x00000007a0000000, 0x00000007a8000000, 0x00000007a8000000)
  eden space 87424K,   0% used [0x00000007a0000000, 0x00000007a0000000, 0x00000007a5560000)
  from space 21824K,  66% used [0x00000007a5560000, 0x00000007a63a5220, 0x00000007a6ab0000)
  to   space 21824K,   0% used [0x00000007a6ab0000, 0x00000007a6ab0000, 0x00000007a8000000)
 concurrent mark-sweep generation total 393216K, used 10037K [0x00000007a8000000, 0x00000007c0000000, 0x00000007c0000000)
 Metaspace       used 35404K, capacity 36560K, committed 36884K, reserved 1081344K
  class space    used 4252K, capacity 4538K, committed 4628K, reserved 1048576K
}
2018-01-16T20:41:49.403+0800: 3070.223: Total time for which application threads were stopped: 0.0551275 seconds, Stopping threads took: 0.0001049 seconds
2018-01-16T20:41:49.407+0800: 3070.227: Total time for which application threads were stopped: 0.0002901 seconds, Stopping threads took: 0.0001694 seconds
{Heap before GC invocations=14 (full 1):
 par new generation   total 109248K, used 102036K [0x00000007a0000000, 0x00000007a8000000, 0x00000007a8000000)
  eden space 87424K, 100% used [0x00000007a0000000, 0x00000007a5560000, 0x00000007a5560000)
  from space 21824K,  66% used [0x00000007a5560000, 0x00000007a63a5220, 0x00000007a6ab0000)
  to   space 21824K,   0% used [0x00000007a6ab0000, 0x00000007a6ab0000, 0x00000007a8000000)
 concurrent mark-sweep generation total 393216K, used 10037K [0x00000007a8000000, 0x00000007c0000000, 0x00000007c0000000)
 Metaspace       used 35409K, capacity 36560K, committed 36884K, reserved 1081344K
  class space    used 4252K, capacity 4538K, committed 4628K, reserved 1048576K
2018-01-16T20:41:49.443+0800: 3070.262: [GC (Allocation Failure) 2018-01-16T20:41:49.443+0800: 3070.262: [ParNew
Desired survivor size 20112992 bytes, new threshold 8 (max 8)
- age   1:     323032 bytes,     323032 total
- age   2:    3500024 bytes,    3823056 total
- age   3:    2914912 bytes,    6737968 total
- age   4:     127200 bytes,    6865168 total
- age   5:      84728 bytes,    6949896 total
- age   6:     146168 bytes,    7096064 total
- age   7:    1798896 bytes,    8894960 total
- age   8:    1381088 bytes,   10276048 total
: 102036K->15838K(109248K), 0.0189815 secs] 112074K->27551K(502464K), 0.0190674 secs] [Times: user=0.05 sys=0.00, real=0.02 secs] 
Heap after GC invocations=15 (full 1):
 par new generation   total 109248K, used 15838K [0x00000007a0000000, 0x00000007a8000000, 0x00000007a8000000)
  eden space 87424K,   0% used [0x00000007a0000000, 0x00000007a0000000, 0x00000007a5560000)
  from space 21824K,  72% used [0x00000007a6ab0000, 0x00000007a7a27ac0, 0x00000007a8000000)
  to   space 21824K,   0% used [0x00000007a5560000, 0x00000007a5560000, 0x00000007a6ab0000)
 concurrent mark-sweep generation total 393216K, used 11712K [0x00000007a8000000, 0x00000007c0000000, 0x00000007c0000000)
 Metaspace       used 35409K, capacity 36560K, committed 36884K, reserved 1081344K
  class space    used 4252K, capacity 4538K, committed 4628K, reserved 1048576K
}
2018-01-16T20:41:49.462+0800: 3070.282: Total time for which application threads were stopped: 0.0212723 seconds, Stopping threads took: 0.0019684 seconds
{Heap before GC invocations=15 (full 1):
 par new generation   total 109248K, used 103262K [0x00000007a0000000, 0x00000007a8000000, 0x00000007a8000000)
  eden space 87424K, 100% used [0x00000007a0000000, 0x00000007a5560000, 0x00000007a5560000)
  from space 21824K,  72% used [0x00000007a6ab0000, 0x00000007a7a27ac0, 0x00000007a8000000)
  to   space 21824K,   0% used [0x00000007a5560000, 0x00000007a5560000, 0x00000007a6ab0000)
 concurrent mark-sweep generation total 393216K, used 11712K [0x00000007a8000000, 0x00000007c0000000, 0x00000007c0000000)
 Metaspace       used 35419K, capacity 36624K, committed 36884K, reserved 1081344K
  class space    used 4252K, capacity 4538K, committed 4628K, reserved 1048576K
2018-01-16T20:41:49.506+0800: 3070.326: [GC (Allocation Failure) 2018-01-16T20:41:49.506+0800: 3070.326: [ParNew
Desired survivor size 20112992 bytes, new threshold 8 (max 8)
- age   1:    1063368 bytes,    1063368 total
- age   2:     112520 bytes,    1175888 total
- age   3:    3487864 bytes,    4663752 total
- age   4:    2914912 bytes,    7578664 total
- age   5:     127200 bytes,    7705864 total
- age   6:      84728 bytes,    7790592 total
- age   7:     146168 bytes,    7936760 total
- age   8:    1798896 bytes,    9735656 total
: 103262K->11584K(109248K), 0.0210232 secs] 114975K->24681K(502464K), 0.0210963 secs] [Times: user=0.05 sys=0.00, real=0.02 secs] 
Heap after GC invocations=16 (full 1):
 par new generation   total 109248K, used 11584K [0x00000007a0000000, 0x00000007a8000000, 0x00000007a8000000)
  eden space 87424K,   0% used [0x00000007a0000000, 0x00000007a0000000, 0x00000007a5560000)
  from space 21824K,  53% used [0x00000007a5560000, 0x00000007a60b0110, 0x00000007a6ab0000)
  to   space 21824K,   0% used [0x00000007a6ab0000, 0x00000007a6ab0000, 0x00000007a8000000)
 concurrent mark-sweep generation total 393216K, used 13097K [0x00000007a8000000, 0x00000007c0000000, 0x00000007c0000000)
 Metaspace       used 35419K, capacity 36624K, committed 36884K, reserved 1081344K
  class space    used 4252K, capacity 4538K, committed 4628K, reserved 1048576K
}
2018-01-16T20:41:49.527+0800: 3070.347: Total time for which application threads were stopped: 0.0213978 seconds, Stopping threads took: 0.0000912 seconds
{Heap before GC invocations=16 (full 1):
 par new generation   total 109248K, used 99008K [0x00000007a0000000, 0x00000007a8000000, 0x00000007a8000000)
  eden space 87424K, 100% used [0x00000007a0000000, 0x00000007a5560000, 0x00000007a5560000)
  from space 21824K,  53% used [0x00000007a5560000, 0x00000007a60b0110, 0x00000007a6ab0000)
  to   space 21824K,   0% used [0x00000007a6ab0000, 0x00000007a6ab0000, 0x00000007a8000000)
 concurrent mark-sweep generation total 393216K, used 13097K [0x00000007a8000000, 0x00000007c0000000, 0x00000007c0000000)
 Metaspace       used 35430K, capacity 36624K, committed 36884K, reserved 1081344K
  class space    used 4252K, capacity 4538K, committed 4628K, reserved 1048576K
2018-01-16T20:41:49.561+0800: 3070.380: [GC (Allocation Failure) 2018-01-16T20:41:49.561+0800: 3070.380: [ParNew
Desired survivor size 20112992 bytes, new threshold 8 (max 8)
- age   1:     471696 bytes,     471696 total
- age   2:     705592 bytes,    1177288 total
- age   3:     111816 bytes,    1289104 total
- age   4:    3487592 bytes,    4776696 total
- age   5:    2914912 bytes,    7691608 total
- age   6:     127200 bytes,    7818808 total
- age   7:      84728 bytes,    7903536 total
- age   8:     146168 bytes,    8049704 total
: 99008K->10522K(109248K), 0.0292195 secs] 112105K->25416K(502464K), 0.0293059 secs] [Times: user=0.06 sys=0.01, real=0.03 secs] 
Heap after GC invocations=17 (full 1):
 par new generation   total 109248K, used 10522K [0x00000007a0000000, 0x00000007a8000000, 0x00000007a8000000)
  eden space 87424K,   0% used [0x00000007a0000000, 0x00000007a0000000, 0x00000007a5560000)
  from space 21824K,  48% used [0x00000007a6ab0000, 0x00000007a74f68e8, 0x00000007a8000000)
  to   space 21824K,   0% used [0x00000007a5560000, 0x00000007a5560000, 0x00000007a6ab0000)
 concurrent mark-sweep generation total 393216K, used 14894K [0x00000007a8000000, 0x00000007c0000000, 0x00000007c0000000)
 Metaspace       used 35430K, capacity 36624K, committed 36884K, reserved 1081344K
  class space    used 4252K, capacity 4538K, committed 4628K, reserved 1048576K
}
2018-01-16T20:41:49.590+0800: 3070.410: Total time for which application threads were stopped: 0.0334550 seconds, Stopping threads took: 0.0039426 seconds
2018-01-16T20:41:49.692+0800: 3070.511: Total time for which application threads were stopped: 0.0002461 seconds, Stopping threads took: 0.0000347 seconds
2018-01-16T20:41:49.696+0800: 3070.516: Total time for which application threads were stopped: 0.0001033 seconds, Stopping threads took: 0.0000349 seconds
{Heap before GC invocations=17 (full 1):
 par new generation   total 109248K, used 97946K [0x00000007a0000000, 0x00000007a8000000, 0x00000007a8000000)
  eden space 87424K, 100% used [0x00000007a0000000, 0x00000007a5560000, 0x00000007a5560000)
  from space 21824K,  48% used [0x00000007a6ab0000, 0x00000007a74f68e8, 0x00000007a8000000)
  to   space 21824K,   0% used [0x00000007a5560000, 0x00000007a5560000, 0x00000007a6ab0000)
 concurrent mark-sweep generation total 393216K, used 14894K [0x00000007a8000000, 0x00000007c0000000, 0x00000007c0000000)
 Metaspace       used 35452K, capacity 36624K, committed 36884K, reserved 1081344K
  class space    used 4252K, capacity 4538K, committed 4628K, reserved 1048576K
2018-01-16T20:41:49.728+0800: 3070.547: [GC (Allocation Failure) 2018-01-16T20:41:49.728+0800: 3070.547: [ParNew
Desired survivor size 20112992 bytes, new threshold 8 (max 8)
- age   1:    1484440 bytes,    1484440 total
- age   2:      99152 bytes,    1583592 total
- age   3:     703752 bytes,    2287344 total
- age   4:     111072 bytes,    2398416 total
- age   5:    2410664 bytes,    4809080 total
- age   6:    2980480 bytes,    7789560 total
- age   7:     127200 bytes,    7916760 total
- age   8:      84728 bytes,    8001488 total
: 97946K->10104K(109248K), 0.0199781 secs] 112840K->25144K(502464K), 0.0200356 secs] [Times: user=0.05 sys=0.00, real=0.02 secs] 
Heap after GC invocations=18 (full 1):
 par new generation   total 109248K, used 10104K [0x00000007a0000000, 0x00000007a8000000, 0x00000007a8000000)
  eden space 87424K,   0% used [0x00000007a0000000, 0x00000007a0000000, 0x00000007a5560000)
  from space 21824K,  46% used [0x00000007a5560000, 0x00000007a5f3e2c0, 0x00000007a6ab0000)
  to   space 21824K,   0% used [0x00000007a6ab0000, 0x00000007a6ab0000, 0x00000007a8000000)
 concurrent mark-sweep generation total 393216K, used 15039K [0x00000007a8000000, 0x00000007c0000000, 0x00000007c0000000)
 Metaspace       used 35452K, capacity 36624K, committed 36884K, reserved 1081344K
  class space    used 4252K, capacity 4538K, committed 4628K, reserved 1048576K
}
2018-01-16T20:41:49.748+0800: 3070.567: Total time for which application threads were stopped: 0.0202685 seconds, Stopping threads took: 0.0000191 seconds
2018-01-16T20:41:50.752+0800: 3071.571: Total time for which application threads were stopped: 0.0002053 seconds, Stopping threads took: 0.0000334 seconds
2018-01-16T20:41:54.770+0800: 3075.590: Total time for which application threads were stopped: 0.0001360 seconds, Stopping threads took: 0.0000195 seconds
2018-01-16T20:41:54.826+0800: 3075.646: Total time for which application threads were stopped: 0.0000972 seconds, Stopping threads took: 0.0000230 seconds
2018-01-16T20:41:54.826+0800: 3075.646: Total time for which application threads were stopped: 0.0000592 seconds, Stopping threads took: 0.0000108 seconds
2018-01-16T20:41:54.827+0800: 3075.647: Total time for which application threads were stopped: 0.0000600 seconds, Stopping threads took: 0.0000106 seconds
2018-01-16T20:41:54.827+0800: 3075.647: Total time for which application threads were stopped: 0.0000547 seconds, Stopping threads took: 0.0000085 seconds
2018-01-16T20:41:54.827+0800: 3075.647: Total time for which application threads were stopped: 0.0000467 seconds, Stopping threads took: 0.0000068 seconds
2018-01-16T20:41:54.828+0800: 3075.647: Total time for which application threads were stopped: 0.0000523 seconds, Stopping threads took: 0.0000088 seconds
2018-01-16T20:41:54.828+0800: 3075.647: Total time for which application threads were stopped: 0.0000506 seconds, Stopping threads took: 0.0000075 seconds
2018-01-16T20:41:54.829+0800: 3075.648: Total time for which application threads were stopped: 0.0000533 seconds, Stopping threads took: 0.0000072 seconds
2018-01-16T20:41:54.838+0800: 3075.657: Total time for which application threads were stopped: 0.0001573 seconds, Stopping threads took: 0.0000543 seconds
2018-01-16T20:41:54.838+0800: 3075.657: Total time for which application threads were stopped: 0.0000912 seconds, Stopping threads took: 0.0000183 seconds
2018-01-16T20:41:54.838+0800: 3075.658: Total time for which application threads were stopped: 0.0000694 seconds, Stopping threads took: 0.0000114 seconds
2018-01-16T20:41:54.838+0800: 3075.658: Total time for which application threads were stopped: 0.0000604 seconds, Stopping threads took: 0.0000093 seconds
2018-01-16T20:41:54.838+0800: 3075.658: Total time for which application threads were stopped: 0.0000789 seconds, Stopping threads took: 0.0000131 seconds
2018-01-16T20:41:54.838+0800: 3075.658: Total time for which application threads were stopped: 0.0000683 seconds, Stopping threads took: 0.0000101 seconds
2018-01-16T20:41:54.839+0800: 3075.658: Total time for which application threads were stopped: 0.0000654 seconds, Stopping threads took: 0.0000094 seconds
2018-01-16T20:41:54.839+0800: 3075.658: Total time for which application threads were stopped: 0.0000478 seconds, Stopping threads took: 0.0000071 seconds
2018-01-16T20:41:54.839+0800: 3075.658: Total time for which application threads were stopped: 0.0000708 seconds, Stopping threads took: 0.0000138 seconds
2018-01-16T20:41:54.839+0800: 3075.658: Total time for which application threads were stopped: 0.0000492 seconds, Stopping threads took: 0.0000079 seconds
2018-01-16T20:41:54.839+0800: 3075.658: Total time for which application threads were stopped: 0.0000507 seconds, Stopping threads took: 0.0000084 seconds
2018-01-16T20:41:54.839+0800: 3075.658: Total time for which application threads were stopped: 0.0000507 seconds, Stopping threads took: 0.0000085 seconds
2018-01-16T20:41:54.839+0800: 3075.658: Total time for which application threads were stopped: 0.0000471 seconds, Stopping threads took: 0.0000078 seconds
2018-01-16T20:41:54.839+0800: 3075.659: Total time for which application threads were stopped: 0.0000505 seconds, Stopping threads took: 0.0000094 seconds
2018-01-16T20:41:54.839+0800: 3075.659: Total time for which application threads were stopped: 0.0000470 seconds, Stopping threads took: 0.0000079 seconds
2018-01-16T20:41:54.839+0800: 3075.659: Total time for which application threads were stopped: 0.0000447 seconds, Stopping threads took: 0.0000079 seconds
2018-01-16T20:41:54.839+0800: 3075.659: Total time for which application threads were stopped: 0.0000452 seconds, Stopping threads took: 0.0000076 seconds
2018-01-16T20:41:54.839+0800: 3075.659: Total time for which application threads were stopped: 0.0000508 seconds, Stopping threads took: 0.0000080 seconds
2018-01-16T20:41:54.839+0800: 3075.659: Total time for which application threads were stopped: 0.0000480 seconds, Stopping threads took: 0.0000072 seconds
2018-01-16T20:41:54.840+0800: 3075.659: Total time for which application threads were stopped: 0.0001558 seconds, Stopping threads took: 0.0000067 seconds
2018-01-16T20:41:54.841+0800: 3075.661: Total time for which application threads were stopped: 0.0000830 seconds, Stopping threads took: 0.0000170 seconds
2018-01-16T20:41:54.842+0800: 3075.661: Total time for which application threads were stopped: 0.0000643 seconds, Stopping threads took: 0.0000107 seconds
2018-01-16T20:41:55.847+0800: 3076.666: Total time for which application threads were stopped: 0.0001681 seconds, Stopping threads took: 0.0000328 seconds
2018-01-16T20:43:59.372+0800: 3200.188: Total time for which application threads were stopped: 0.0002279 seconds, Stopping threads took: 0.0000565 seconds
{Heap before GC invocations=18 (full 1):
 par new generation   total 109248K, used 97528K [0x00000007a0000000, 0x00000007a8000000, 0x00000007a8000000)
  eden space 87424K, 100% used [0x00000007a0000000, 0x00000007a5560000, 0x00000007a5560000)
  from space 21824K,  46% used [0x00000007a5560000, 0x00000007a5f3e2c0, 0x00000007a6ab0000)
  to   space 21824K,   0% used [0x00000007a6ab0000, 0x00000007a6ab0000, 0x00000007a8000000)
 concurrent mark-sweep generation total 393216K, used 15039K [0x00000007a8000000, 0x00000007c0000000, 0x00000007c0000000)
 Metaspace       used 35498K, capacity 36676K, committed 36884K, reserved 1081344K
  class space    used 4257K, capacity 4546K, committed 4628K, reserved 1048576K
2018-01-16T20:43:59.396+0800: 3200.212: [GC (Allocation Failure) 2018-01-16T20:43:59.396+0800: 3200.212: [ParNew
Desired survivor size 20112992 bytes, new threshold 8 (max 8)
- age   1:    3997128 bytes,    3997128 total
- age   2:    1051576 bytes,    5048704 total
- age   3:      99152 bytes,    5147856 total
- age   4:     129048 bytes,    5276904 total
- age   5:     110352 bytes,    5387256 total
- age   6:     811056 bytes,    6198312 total
- age   7:    2971864 bytes,    9170176 total
- age   8:     127200 bytes,    9297376 total
: 97528K->10423K(109248K), 0.0115217 secs] 112568K->25548K(502464K), 0.0119046 secs] [Times: user=0.04 sys=0.00, real=0.01 secs] 
Heap after GC invocations=19 (full 1):
 par new generation   total 109248K, used 10423K [0x00000007a0000000, 0x00000007a8000000, 0x00000007a8000000)
  eden space 87424K,   0% used [0x00000007a0000000, 0x00000007a0000000, 0x00000007a5560000)
  from space 21824K,  47% used [0x00000007a6ab0000, 0x00000007a74ddd20, 0x00000007a8000000)
  to   space 21824K,   0% used [0x00000007a5560000, 0x00000007a5560000, 0x00000007a6ab0000)
 concurrent mark-sweep generation total 393216K, used 15124K [0x00000007a8000000, 0x00000007c0000000, 0x00000007c0000000)
 Metaspace       used 35498K, capacity 36676K, committed 36884K, reserved 1081344K
  class space    used 4257K, capacity 4546K, committed 4628K, reserved 1048576K
}
2018-01-16T20:43:59.408+0800: 3200.224: Total time for which application threads were stopped: 0.0121604 seconds, Stopping threads took: 0.0000377 seconds
{Heap before GC invocations=19 (full 1):
 par new generation   total 109248K, used 97847K [0x00000007a0000000, 0x00000007a8000000, 0x00000007a8000000)
  eden space 87424K, 100% used [0x00000007a0000000, 0x00000007a5560000, 0x00000007a5560000)
  from space 21824K,  47% used [0x00000007a6ab0000, 0x00000007a74ddd20, 0x00000007a8000000)
  to   space 21824K,   0% used [0x00000007a5560000, 0x00000007a5560000, 0x00000007a6ab0000)
 concurrent mark-sweep generation total 393216K, used 15124K [0x00000007a8000000, 0x00000007c0000000, 0x00000007c0000000)
 Metaspace       used 35553K, capacity 36730K, committed 36884K, reserved 1081344K
  class space    used 4262K, capacity 4555K, committed 4628K, reserved 1048576K
2018-01-16T20:43:59.444+0800: 3200.260: [GC (Allocation Failure) 2018-01-16T20:43:59.444+0800: 3200.260: [ParNew
Desired survivor size 20112992 bytes, new threshold 8 (max 8)
- age   1:    1082264 bytes,    1082264 total
- age   2:    3729128 bytes,    4811392 total
- age   3:    1051576 bytes,    5862968 total
- age   4:      99152 bytes,    5962120 total
- age   5:     129048 bytes,    6091168 total
- age   6:     110352 bytes,    6201520 total
- age   7:     794896 bytes,    6996416 total
- age   8:    2939080 bytes,    9935496 total
: 97847K->15607K(109248K), 0.0227851 secs] 112972K->30859K(502464K), 0.0228698 secs] [Times: user=0.05 sys=0.01, real=0.02 secs] 
Heap after GC invocations=20 (full 1):
 par new generation   total 109248K, used 15607K [0x00000007a0000000, 0x00000007a8000000, 0x00000007a8000000)
  eden space 87424K,   0% used [0x00000007a0000000, 0x00000007a0000000, 0x00000007a5560000)
  from space 21824K,  71% used [0x00000007a5560000, 0x00000007a649df80, 0x00000007a6ab0000)
  to   space 21824K,   0% used [0x00000007a6ab0000, 0x00000007a6ab0000, 0x00000007a8000000)
 concurrent mark-sweep generation total 393216K, used 15251K [0x00000007a8000000, 0x00000007c0000000, 0x00000007c0000000)
 Metaspace       used 35553K, capacity 36730K, committed 36884K, reserved 1081344K
  class space    used 4262K, capacity 4555K, committed 4628K, reserved 1048576K
}
2018-01-16T20:43:59.467+0800: 3200.282: Total time for which application threads were stopped: 0.0232728 seconds, Stopping threads took: 0.0001070 seconds
2018-01-16T20:43:59.467+0800: 3200.283: Total time for which application threads were stopped: 0.0002630 seconds, Stopping threads took: 0.0001076 seconds
{Heap before GC invocations=20 (full 1):
 par new generation   total 109248K, used 103031K [0x00000007a0000000, 0x00000007a8000000, 0x00000007a8000000)
  eden space 87424K, 100% used [0x00000007a0000000, 0x00000007a5560000, 0x00000007a5560000)
  from space 21824K,  71% used [0x00000007a5560000, 0x00000007a649df80, 0x00000007a6ab0000)
  to   space 21824K,   0% used [0x00000007a6ab0000, 0x00000007a6ab0000, 0x00000007a8000000)
 concurrent mark-sweep generation total 393216K, used 15251K [0x00000007a8000000, 0x00000007c0000000, 0x00000007c0000000)
 Metaspace       used 35565K, capacity 36730K, committed 36884K, reserved 1081344K
  class space    used 4262K, capacity 4555K, committed 4628K, reserved 1048576K
2018-01-16T20:43:59.546+0800: 3200.362: [GC (Allocation Failure) 2018-01-16T20:43:59.547+0800: 3200.362: [ParNew
Desired survivor size 20112992 bytes, new threshold 8 (max 8)
- age   1:    1189352 bytes,    1189352 total
- age   2:     730216 bytes,    1919568 total
- age   3:    3557016 bytes,    5476584 total
- age   4:    1051576 bytes,    6528160 total
- age   5:      99152 bytes,    6627312 total
- age   6:     129048 bytes,    6756360 total
- age   7:     110352 bytes,    6866712 total
- age   8:     794896 bytes,    7661608 total
: 103031K->9829K(109248K), 0.0704579 secs] 118283K->28127K(502464K), 0.0705452 secs] [Times: user=0.07 sys=0.00, real=0.07 secs] 
Heap after GC invocations=21 (full 1):
 par new generation   total 109248K, used 9829K [0x00000007a0000000, 0x00000007a8000000, 0x00000007a8000000)
  eden space 87424K,   0% used [0x00000007a0000000, 0x00000007a0000000, 0x00000007a5560000)
  from space 21824K,  45% used [0x00000007a6ab0000, 0x00000007a74495a0, 0x00000007a8000000)
  to   space 21824K,   0% used [0x00000007a5560000, 0x00000007a5560000, 0x00000007a6ab0000)
 concurrent mark-sweep generation total 393216K, used 18297K [0x00000007a8000000, 0x00000007c0000000, 0x00000007c0000000)
 Metaspace       used 35565K, capacity 36730K, committed 36884K, reserved 1081344K
  class space    used 4262K, capacity 4555K, committed 4628K, reserved 1048576K
}
2018-01-16T20:43:59.617+0800: 3200.433: Total time for which application threads were stopped: 0.0799485 seconds, Stopping threads took: 0.0092123 seconds
{Heap before GC invocations=21 (full 1):
 par new generation   total 109248K, used 97253K [0x00000007a0000000, 0x00000007a8000000, 0x00000007a8000000)
  eden space 87424K, 100% used [0x00000007a0000000, 0x00000007a5560000, 0x00000007a5560000)
  from space 21824K,  45% used [0x00000007a6ab0000, 0x00000007a74495a0, 0x00000007a8000000)
  to   space 21824K,   0% used [0x00000007a5560000, 0x00000007a5560000, 0x00000007a6ab0000)
 concurrent mark-sweep generation total 393216K, used 18297K [0x00000007a8000000, 0x00000007c0000000, 0x00000007c0000000)
 Metaspace       used 35605K, capacity 36790K, committed 36884K, reserved 1081344K
  class space    used 4267K, capacity 4565K, committed 4628K, reserved 1048576K
2018-01-16T20:43:59.643+0800: 3200.459: [GC (Allocation Failure) 2018-01-16T20:43:59.643+0800: 3200.459: [ParNew
Desired survivor size 20112992 bytes, new threshold 8 (max 8)
- age   1:     534096 bytes,     534096 total
- age   2:     702184 bytes,    1236280 total
- age   3:     719744 bytes,    1956024 total
- age   4:    3556072 bytes,    5512096 total
- age   5:    1051576 bytes,    6563672 total
- age   6:      99152 bytes,    6662824 total
- age   7:     129048 bytes,    6791872 total
- age   8:     110352 bytes,    6902224 total
: 97253K->8770K(109248K), 0.0271264 secs] 115551K->27849K(502464K), 0.0272209 secs] [Times: user=0.05 sys=0.00, real=0.03 secs] 
Heap after GC invocations=22 (full 1):
 par new generation   total 109248K, used 8770K [0x00000007a0000000, 0x00000007a8000000, 0x00000007a8000000)
  eden space 87424K,   0% used [0x00000007a0000000, 0x00000007a0000000, 0x00000007a5560000)
  from space 21824K,  40% used [0x00000007a5560000, 0x00000007a5df0928, 0x00000007a6ab0000)
  to   space 21824K,   0% used [0x00000007a6ab0000, 0x00000007a6ab0000, 0x00000007a8000000)
 concurrent mark-sweep generation total 393216K, used 19078K [0x00000007a8000000, 0x00000007c0000000, 0x00000007c0000000)
 Metaspace       used 35605K, capacity 36790K, committed 36884K, reserved 1081344K
  class space    used 4267K, capacity 4565K, committed 4628K, reserved 1048576K
}
2018-01-16T20:43:59.671+0800: 3200.486: Total time for which application threads were stopped: 0.0275772 seconds, Stopping threads took: 0.0001480 seconds
2018-01-16T20:43:59.733+0800: 3200.548: Total time for which application threads were stopped: 0.0002948 seconds, Stopping threads took: 0.0001788 seconds
{Heap before GC invocations=22 (full 1):
 par new generation   total 109248K, used 96194K [0x00000007a0000000, 0x00000007a8000000, 0x00000007a8000000)
  eden space 87424K, 100% used [0x00000007a0000000, 0x00000007a5560000, 0x00000007a5560000)
  from space 21824K,  40% used [0x00000007a5560000, 0x00000007a5df0928, 0x00000007a6ab0000)
  to   space 21824K,   0% used [0x00000007a6ab0000, 0x00000007a6ab0000, 0x00000007a8000000)
 concurrent mark-sweep generation total 393216K, used 19078K [0x00000007a8000000, 0x00000007c0000000, 0x00000007c0000000)
 Metaspace       used 35610K, capacity 36790K, committed 36884K, reserved 1081344K
  class space    used 4267K, capacity 4565K, committed 4628K, reserved 1048576K
2018-01-16T20:43:59.762+0800: 3200.578: [GC (Allocation Failure) 2018-01-16T20:43:59.763+0800: 3200.578: [ParNew
Desired survivor size 20112992 bytes, new threshold 8 (max 8)
- age   1:    1104664 bytes,    1104664 total
- age   2:     119176 bytes,    1223840 total
- age   3:     701584 bytes,    1925424 total
- age   4:     719072 bytes,    2644496 total
- age   5:    2478248 bytes,    5122744 total
- age   6:    1051576 bytes,    6174320 total
- age   7:      99152 bytes,    6273472 total
- age   8:     129048 bytes,    6402520 total
: 96194K->8755K(109248K), 0.0341719 secs] 115273K->27944K(502464K), 0.0342697 secs] [Times: user=0.07 sys=0.00, real=0.03 secs] 
Heap after GC invocations=23 (full 1):
 par new generation   total 109248K, used 8755K [0x00000007a0000000, 0x00000007a8000000, 0x00000007a8000000)
  eden space 87424K,   0% used [0x00000007a0000000, 0x00000007a0000000, 0x00000007a5560000)
  from space 21824K,  40% used [0x00000007a6ab0000, 0x00000007a733cd40, 0x00000007a8000000)
  to   space 21824K,   0% used [0x00000007a5560000, 0x00000007a5560000, 0x00000007a6ab0000)
 concurrent mark-sweep generation total 393216K, used 19188K [0x00000007a8000000, 0x00000007c0000000, 0x00000007c0000000)
 Metaspace       used 35610K, capacity 36790K, committed 36884K, reserved 1081344K
  class space    used 4267K, capacity 4565K, committed 4628K, reserved 1048576K
}
2018-01-16T20:43:59.797+0800: 3200.612: Total time for which application threads were stopped: 0.0344837 seconds, Stopping threads took: 0.0000237 seconds
2018-01-16T20:44:00.801+0800: 3201.616: Total time for which application threads were stopped: 0.0002138 seconds, Stopping threads took: 0.0000409 seconds
2018-01-16T20:44:04.934+0800: 3205.749: Total time for which application threads were stopped: 0.0001349 seconds, Stopping threads took: 0.0000223 seconds
2018-01-16T20:44:04.958+0800: 3205.773: Total time for which application threads were stopped: 0.0001177 seconds, Stopping threads took: 0.0000236 seconds
2018-01-16T20:44:04.959+0800: 3205.774: Total time for which application threads were stopped: 0.0001018 seconds, Stopping threads took: 0.0000197 seconds
2018-01-16T20:44:04.959+0800: 3205.774: Total time for which application threads were stopped: 0.0000774 seconds, Stopping threads took: 0.0000101 seconds
2018-01-16T20:44:04.959+0800: 3205.774: Total time for which application threads were stopped: 0.0000600 seconds, Stopping threads took: 0.0000083 seconds
2018-01-16T20:44:04.959+0800: 3205.774: Total time for which application threads were stopped: 0.0000562 seconds, Stopping threads took: 0.0000082 seconds
2018-01-16T20:44:04.959+0800: 3205.774: Total time for which application threads were stopped: 0.0000545 seconds, Stopping threads took: 0.0000077 seconds
2018-01-16T20:44:04.959+0800: 3205.774: Total time for which application threads were stopped: 0.0000541 seconds, Stopping threads took: 0.0000080 seconds
2018-01-16T20:44:04.959+0800: 3205.775: Total time for which application threads were stopped: 0.0000483 seconds, Stopping threads took: 0.0000055 seconds
2018-01-16T20:44:04.971+0800: 3205.786: Total time for which application threads were stopped: 0.0001173 seconds, Stopping threads took: 0.0000345 seconds
2018-01-16T20:44:04.972+0800: 3205.787: Total time for which application threads were stopped: 0.0001028 seconds, Stopping threads took: 0.0000203 seconds
2018-01-16T20:44:05.978+0800: 3206.793: Total time for which application threads were stopped: 0.0002051 seconds, Stopping threads took: 0.0000396 seconds
2018-01-16T20:44:58.142+0800: 3258.956: Total time for which application threads were stopped: 0.0116312 seconds, Stopping threads took: 0.0114534 seconds
{Heap before GC invocations=23 (full 1):
 par new generation   total 109248K, used 96179K [0x00000007a0000000, 0x00000007a8000000, 0x00000007a8000000)
  eden space 87424K, 100% used [0x00000007a0000000, 0x00000007a5560000, 0x00000007a5560000)
  from space 21824K,  40% used [0x00000007a6ab0000, 0x00000007a733cd40, 0x00000007a8000000)
  to   space 21824K,   0% used [0x00000007a5560000, 0x00000007a5560000, 0x00000007a6ab0000)
 concurrent mark-sweep generation total 393216K, used 19188K [0x00000007a8000000, 0x00000007c0000000, 0x00000007c0000000)
 Metaspace       used 35679K, capacity 36876K, committed 37140K, reserved 1081344K
  class space    used 4274K, capacity 4578K, committed 4628K, reserved 1048576K
2018-01-16T20:44:58.174+0800: 3258.987: [GC (Allocation Failure) 2018-01-16T20:44:58.174+0800: 3258.988: [ParNew
Desired survivor size 20112992 bytes, new threshold 8 (max 8)
- age   1:    2305784 bytes,    2305784 total
- age   2:    1001944 bytes,    3307728 total
- age   3:     118504 bytes,    3426232 total
- age   4:     149640 bytes,    3575872 total
- age   5:     691784 bytes,    4267656 total
- age   6:    2453744 bytes,    6721400 total
- age   7:    1051576 bytes,    7772976 total
- age   8:      99152 bytes,    7872128 total
: 96179K->9660K(109248K), 0.0182655 secs] 115368K->28977K(502464K), 0.0188701 secs] [Times: user=0.04 sys=0.00, real=0.02 secs] 
Heap after GC invocations=24 (full 1):
 par new generation   total 109248K, used 9660K [0x00000007a0000000, 0x00000007a8000000, 0x00000007a8000000)
  eden space 87424K,   0% used [0x00000007a0000000, 0x00000007a0000000, 0x00000007a5560000)
  from space 21824K,  44% used [0x00000007a5560000, 0x00000007a5ecf2a0, 0x00000007a6ab0000)
  to   space 21824K,   0% used [0x00000007a6ab0000, 0x00000007a6ab0000, 0x00000007a8000000)
 concurrent mark-sweep generation total 393216K, used 19317K [0x00000007a8000000, 0x00000007c0000000, 0x00000007c0000000)
 Metaspace       used 35679K, capacity 36876K, committed 37140K, reserved 1081344K
  class space    used 4274K, capacity 4578K, committed 4628K, reserved 1048576K
}
2018-01-16T20:44:58.192+0800: 3259.006: Total time for which application threads were stopped: 0.0193814 seconds, Stopping threads took: 0.0003308 seconds
{Heap before GC invocations=24 (full 1):
 par new generation   total 109248K, used 97084K [0x00000007a0000000, 0x00000007a8000000, 0x00000007a8000000)
  eden space 87424K, 100% used [0x00000007a0000000, 0x00000007a5560000, 0x00000007a5560000)
  from space 21824K,  44% used [0x00000007a5560000, 0x00000007a5ecf2a0, 0x00000007a6ab0000)
  to   space 21824K,   0% used [0x00000007a6ab0000, 0x00000007a6ab0000, 0x00000007a8000000)
 concurrent mark-sweep generation total 393216K, used 19317K [0x00000007a8000000, 0x00000007c0000000, 0x00000007c0000000)
 Metaspace       used 35680K, capacity 36876K, committed 37140K, reserved 1081344K
  class space    used 4274K, capacity 4578K, committed 4628K, reserved 1048576K
2018-01-16T20:44:58.239+0800: 3259.053: [GC (Allocation Failure) 2018-01-16T20:44:58.239+0800: 3259.053: [ParNew
Desired survivor size 20112992 bytes, new threshold 8 (max 8)
- age   1:     408600 bytes,     408600 total
- age   2:    2134096 bytes,    2542696 total
- age   3:    1001944 bytes,    3544640 total
- age   4:     118504 bytes,    3663144 total
- age   5:     149640 bytes,    3812784 total
- age   6:     691784 bytes,    4504568 total
- age   7:    2453696 bytes,    6958264 total
- age   8:    1051576 bytes,    8009840 total
: 97084K->9856K(109248K), 0.0364592 secs] 116401K->29272K(502464K), 0.0365389 secs] [Times: user=0.05 sys=0.00, real=0.04 secs] 
Heap after GC invocations=25 (full 1):
 par new generation   total 109248K, used 9856K [0x00000007a0000000, 0x00000007a8000000, 0x00000007a8000000)
  eden space 87424K,   0% used [0x00000007a0000000, 0x00000007a0000000, 0x00000007a5560000)
  from space 21824K,  45% used [0x00000007a6ab0000, 0x00000007a74500b0, 0x00000007a8000000)
  to   space 21824K,   0% used [0x00000007a5560000, 0x00000007a5560000, 0x00000007a6ab0000)
 concurrent mark-sweep generation total 393216K, used 19416K [0x00000007a8000000, 0x00000007c0000000, 0x00000007c0000000)
 Metaspace       used 35680K, capacity 36876K, committed 37140K, reserved 1081344K
  class space    used 4274K, capacity 4578K, committed 4628K, reserved 1048576K
}
2018-01-16T20:44:58.276+0800: 3259.089: Total time for which application threads were stopped: 0.0368585 seconds, Stopping threads took: 0.0000900 seconds
{Heap before GC invocations=25 (full 1):
 par new generation   total 109248K, used 97280K [0x00000007a0000000, 0x00000007a8000000, 0x00000007a8000000)
  eden space 87424K, 100% used [0x00000007a0000000, 0x00000007a5560000, 0x00000007a5560000)
  from space 21824K,  45% used [0x00000007a6ab0000, 0x00000007a74500b0, 0x00000007a8000000)
  to   space 21824K,   0% used [0x00000007a5560000, 0x00000007a5560000, 0x00000007a6ab0000)
 concurrent mark-sweep generation total 393216K, used 19416K [0x00000007a8000000, 0x00000007c0000000, 0x00000007c0000000)
 Metaspace       used 35690K, capacity 36876K, committed 37140K, reserved 1081344K
  class space    used 4274K, capacity 4578K, committed 4628K, reserved 1048576K
2018-01-16T20:44:58.342+0800: 3259.156: [GC (Allocation Failure) 2018-01-16T20:44:58.342+0800: 3259.156: [ParNew
Desired survivor size 20112992 bytes, new threshold 8 (max 8)
- age   1:    1593920 bytes,    1593920 total
- age   2:     123544 bytes,    1717464 total
- age   3:    1962056 bytes,    3679520 total
- age   4:    1001944 bytes,    4681464 total
- age   5:     118504 bytes,    4799968 total
- age   6:     149640 bytes,    4949608 total
- age   7:     682088 bytes,    5631696 total
- age   8:    2453608 bytes,    8085304 total
: 97280K->11263K(109248K), 0.0205033 secs] 116696K->31711K(502464K), 0.0205990 secs] [Times: user=0.05 sys=0.00, real=0.02 secs] 
Heap after GC invocations=26 (full 1):
 par new generation   total 109248K, used 11263K [0x00000007a0000000, 0x00000007a8000000, 0x00000007a8000000)
  eden space 87424K,   0% used [0x00000007a0000000, 0x00000007a0000000, 0x00000007a5560000)
  from space 21824K,  51% used [0x00000007a5560000, 0x00000007a605ff50, 0x00000007a6ab0000)
  to   space 21824K,   0% used [0x00000007a6ab0000, 0x00000007a6ab0000, 0x00000007a8000000)
 concurrent mark-sweep generation total 393216K, used 20447K [0x00000007a8000000, 0x00000007c0000000, 0x00000007c0000000)
 Metaspace       used 35690K, capacity 36876K, committed 37140K, reserved 1081344K
  class space    used 4274K, capacity 4578K, committed 4628K, reserved 1048576K
}
2018-01-16T20:44:58.363+0800: 3259.177: Total time for which application threads were stopped: 0.0209248 seconds, Stopping threads took: 0.0001072 seconds
2018-01-16T20:44:58.363+0800: 3259.177: Total time for which application threads were stopped: 0.0002093 seconds, Stopping threads took: 0.0000806 seconds
{Heap before GC invocations=26 (full 1):
 par new generation   total 109248K, used 98687K [0x00000007a0000000, 0x00000007a8000000, 0x00000007a8000000)
  eden space 87424K, 100% used [0x00000007a0000000, 0x00000007a5560000, 0x00000007a5560000)
  from space 21824K,  51% used [0x00000007a5560000, 0x00000007a605ff50, 0x00000007a6ab0000)
  to   space 21824K,   0% used [0x00000007a6ab0000, 0x00000007a6ab0000, 0x00000007a8000000)
 concurrent mark-sweep generation total 393216K, used 20447K [0x00000007a8000000, 0x00000007c0000000, 0x00000007c0000000)
 Metaspace       used 35694K, capacity 36940K, committed 37140K, reserved 1081344K
  class space    used 4274K, capacity 4578K, committed 4628K, reserved 1048576K
2018-01-16T20:44:58.425+0800: 3259.238: [GC (Allocation Failure) 2018-01-16T20:44:58.425+0800: 3259.239: [ParNew
Desired survivor size 20112992 bytes, new threshold 8 (max 8)
- age   1:    1079840 bytes,    1079840 total
- age   2:     706632 bytes,    1786472 total
- age   3:     123272 bytes,    1909744 total
- age   4:    1962056 bytes,    3871800 total
- age   5:    1001944 bytes,    4873744 total
- age   6:     118504 bytes,    4992248 total
- age   7:     149640 bytes,    5141888 total
- age   8:     682088 bytes,    5823976 total
: 98687K->8466K(109248K), 0.0433874 secs] 119135K->31468K(502464K), 0.0434692 secs] [Times: user=0.09 sys=0.00, real=0.04 secs] 
Heap after GC invocations=27 (full 1):
 par new generation   total 109248K, used 8466K [0x00000007a0000000, 0x00000007a8000000, 0x00000007a8000000)
  eden space 87424K,   0% used [0x00000007a0000000, 0x00000007a0000000, 0x00000007a5560000)
  from space 21824K,  38% used [0x00000007a6ab0000, 0x00000007a72f4b88, 0x00000007a8000000)
  to   space 21824K,   0% used [0x00000007a5560000, 0x00000007a5560000, 0x00000007a6ab0000)
 concurrent mark-sweep generation total 393216K, used 23001K [0x00000007a8000000, 0x00000007c0000000, 0x00000007c0000000)
 Metaspace       used 35694K, capacity 36940K, committed 37140K, reserved 1081344K
  class space    used 4274K, capacity 4578K, committed 4628K, reserved 1048576K
}
2018-01-16T20:44:58.468+0800: 3259.282: Total time for which application threads were stopped: 0.0718200 seconds, Stopping threads took: 0.0281007 seconds
2018-01-16T20:44:58.503+0800: 3259.316: Total time for which application threads were stopped: 0.0002271 seconds, Stopping threads took: 0.0000791 seconds
{Heap before GC invocations=27 (full 1):
 par new generation   total 109248K, used 95890K [0x00000007a0000000, 0x00000007a8000000, 0x00000007a8000000)
  eden space 87424K, 100% used [0x00000007a0000000, 0x00000007a5560000, 0x00000007a5560000)
  from space 21824K,  38% used [0x00000007a6ab0000, 0x00000007a72f4b88, 0x00000007a8000000)
  to   space 21824K,   0% used [0x00000007a5560000, 0x00000007a5560000, 0x00000007a6ab0000)
 concurrent mark-sweep generation total 393216K, used 23001K [0x00000007a8000000, 0x00000007c0000000, 0x00000007c0000000)
 Metaspace       used 35700K, capacity 37004K, committed 37140K, reserved 1081344K
  class space    used 4274K, capacity 4578K, committed 4628K, reserved 1048576K
2018-01-16T20:44:58.571+0800: 3259.384: [GC (Allocation Failure) 2018-01-16T20:44:58.571+0800: 3259.384: [ParNew
Desired survivor size 20112992 bytes, new threshold 8 (max 8)
- age   1:    1176112 bytes,    1176112 total
- age   2:     680680 bytes,    1856792 total
- age   3:     705696 bytes,    2562488 total
- age   4:     122216 bytes,    2684704 total
- age   5:     880504 bytes,    3565208 total
- age   6:    1001944 bytes,    4567152 total
- age   7:     118504 bytes,    4685656 total
- age   8:     149640 bytes,    4835296 total
: 95890K->5849K(109248K), 0.0622514 secs] 118892K->29520K(502464K), 0.0623388 secs] [Times: user=0.10 sys=0.00, real=0.06 secs] 
Heap after GC invocations=28 (full 1):
 par new generation   total 109248K, used 5849K [0x00000007a0000000, 0x00000007a8000000, 0x00000007a8000000)
  eden space 87424K,   0% used [0x00000007a0000000, 0x00000007a0000000, 0x00000007a5560000)
  from space 21824K,  26% used [0x00000007a5560000, 0x00000007a5b16468, 0x00000007a6ab0000)
  to   space 21824K,   0% used [0x00000007a6ab0000, 0x00000007a6ab0000, 0x00000007a8000000)
 concurrent mark-sweep generation total 393216K, used 23671K [0x00000007a8000000, 0x00000007c0000000, 0x00000007c0000000)
 Metaspace       used 35700K, capacity 37004K, committed 37140K, reserved 1081344K
  class space    used 4274K, capacity 4578K, committed 4628K, reserved 1048576K
}
2018-01-16T20:44:58.633+0800: 3259.447: Total time for which application threads were stopped: 0.0625687 seconds, Stopping threads took: 0.0000379 seconds
2018-01-16T20:44:59.638+0800: 3260.452: Total time for which application threads were stopped: 0.0002081 seconds, Stopping threads took: 0.0000563 seconds
2018-01-16T20:45:03.678+0800: 3264.492: Total time for which application threads were stopped: 0.0001256 seconds, Stopping threads took: 0.0000197 seconds
2018-01-16T20:45:03.745+0800: 3264.559: Total time for which application threads were stopped: 0.0000972 seconds, Stopping threads took: 0.0000188 seconds
2018-01-16T20:45:03.745+0800: 3264.559: Total time for which application threads were stopped: 0.0000493 seconds, Stopping threads took: 0.0000078 seconds
2018-01-16T20:45:03.745+0800: 3264.559: Total time for which application threads were stopped: 0.0000429 seconds, Stopping threads took: 0.0000067 seconds
2018-01-16T20:45:03.745+0800: 3264.559: Total time for which application threads were stopped: 0.0000512 seconds, Stopping threads took: 0.0000082 seconds
2018-01-16T20:45:03.745+0800: 3264.559: Total time for which application threads were stopped: 0.0000511 seconds, Stopping threads took: 0.0000076 seconds
2018-01-16T20:45:03.746+0800: 3264.559: Total time for which application threads were stopped: 0.0000551 seconds, Stopping threads took: 0.0000088 seconds
2018-01-16T20:45:03.746+0800: 3264.559: Total time for which application threads were stopped: 0.0000463 seconds, Stopping threads took: 0.0000080 seconds
2018-01-16T20:45:03.746+0800: 3264.559: Total time for which application threads were stopped: 0.0000375 seconds, Stopping threads took: 0.0000060 seconds
2018-01-16T20:45:03.751+0800: 3264.564: Total time for which application threads were stopped: 0.0001672 seconds, Stopping threads took: 0.0000470 seconds
2018-01-16T20:45:03.751+0800: 3264.565: Total time for which application threads were stopped: 0.0000970 seconds, Stopping threads took: 0.0000287 seconds
2018-01-16T20:45:03.751+0800: 3264.565: Total time for which application threads were stopped: 0.0000902 seconds, Stopping threads took: 0.0000345 seconds
2018-01-16T20:45:03.751+0800: 3264.565: Total time for which application threads were stopped: 0.0000860 seconds, Stopping threads took: 0.0000237 seconds
2018-01-16T20:45:03.751+0800: 3264.565: Total time for which application threads were stopped: 0.0000931 seconds, Stopping threads took: 0.0000373 seconds
2018-01-16T20:45:03.753+0800: 3264.567: Total time for which application threads were stopped: 0.0017043 seconds, Stopping threads took: 0.0016149 seconds
2018-01-16T20:45:03.753+0800: 3264.567: Total time for which application threads were stopped: 0.0001297 seconds, Stopping threads took: 0.0000661 seconds
2018-01-16T20:45:03.753+0800: 3264.567: Total time for which application threads were stopped: 0.0000873 seconds, Stopping threads took: 0.0000243 seconds
2018-01-16T20:45:03.754+0800: 3264.567: Total time for which application threads were stopped: 0.0000806 seconds, Stopping threads took: 0.0000106 seconds
2018-01-16T20:45:03.754+0800: 3264.567: Total time for which application threads were stopped: 0.0000838 seconds, Stopping threads took: 0.0000325 seconds
2018-01-16T20:45:03.754+0800: 3264.567: Total time for which application threads were stopped: 0.0000774 seconds, Stopping threads took: 0.0000293 seconds
2018-01-16T20:45:03.754+0800: 3264.568: Total time for which application threads were stopped: 0.0000877 seconds, Stopping threads took: 0.0000271 seconds
2018-01-16T20:45:03.755+0800: 3264.568: Total time for which application threads were stopped: 0.0000874 seconds, Stopping threads took: 0.0000271 seconds
2018-01-16T20:45:03.755+0800: 3264.568: Total time for which application threads were stopped: 0.0000606 seconds, Stopping threads took: 0.0000097 seconds
2018-01-16T20:45:03.755+0800: 3264.568: Total time for which application threads were stopped: 0.0000731 seconds, Stopping threads took: 0.0000230 seconds
2018-01-16T20:45:03.755+0800: 3264.568: Total time for which application threads were stopped: 0.0000668 seconds, Stopping threads took: 0.0000216 seconds
2018-01-16T20:45:03.755+0800: 3264.568: Total time for which application threads were stopped: 0.0000764 seconds, Stopping threads took: 0.0000275 seconds
2018-01-16T20:45:03.755+0800: 3264.569: Total time for which application threads were stopped: 0.0000922 seconds, Stopping threads took: 0.0000258 seconds
2018-01-16T20:45:03.755+0800: 3264.569: Total time for which application threads were stopped: 0.0000876 seconds, Stopping threads took: 0.0000287 seconds
2018-01-16T20:45:03.756+0800: 3264.569: Total time for which application threads were stopped: 0.0002034 seconds, Stopping threads took: 0.0000210 seconds
2018-01-16T20:45:03.759+0800: 3264.572: Total time for which application threads were stopped: 0.0000942 seconds, Stopping threads took: 0.0000181 seconds
2018-01-16T20:45:03.759+0800: 3264.573: Total time for which application threads were stopped: 0.0000827 seconds, Stopping threads took: 0.0000221 seconds
2018-01-16T20:45:04.759+0800: 3265.573: Total time for which application threads were stopped: 0.0001167 seconds, Stopping threads took: 0.0000216 seconds
{Heap before GC invocations=28 (full 1):
 par new generation   total 109248K, used 93273K [0x00000007a0000000, 0x00000007a8000000, 0x00000007a8000000)
  eden space 87424K, 100% used [0x00000007a0000000, 0x00000007a5560000, 0x00000007a5560000)
  from space 21824K,  26% used [0x00000007a5560000, 0x00000007a5b16468, 0x00000007a6ab0000)
  to   space 21824K,   0% used [0x00000007a6ab0000, 0x00000007a6ab0000, 0x00000007a8000000)
 concurrent mark-sweep generation total 393216K, used 23671K [0x00000007a8000000, 0x00000007c0000000, 0x00000007c0000000)
 Metaspace       used 35724K, capacity 37010K, committed 37140K, reserved 1081344K
  class space    used 4275K, capacity 4579K, committed 4628K, reserved 1048576K
2018-01-16T20:47:19.195+0800: 3400.004: [GC (Allocation Failure) 2018-01-16T20:47:19.195+0800: 3400.004: [ParNew
Desired survivor size 20112992 bytes, new threshold 8 (max 8)
- age   1:    2357792 bytes,    2357792 total
- age   2:    1031792 bytes,    3389584 total
- age   3:     127384 bytes,    3516968 total
- age   4:     702632 bytes,    4219600 total
- age   5:      91616 bytes,    4311216 total
- age   6:     852704 bytes,    5163920 total
- age   7:    1001944 bytes,    6165864 total
- age   8:     118504 bytes,    6284368 total
: 93273K->8754K(109248K), 0.0249305 secs] 116944K->32574K(502464K), 0.0253215 secs] [Times: user=0.03 sys=0.00, real=0.03 secs] 
Heap after GC invocations=29 (full 1):
 par new generation   total 109248K, used 8754K [0x00000007a0000000, 0x00000007a8000000, 0x00000007a8000000)
  eden space 87424K,   0% used [0x00000007a0000000, 0x00000007a0000000, 0x00000007a5560000)
  from space 21824K,  40% used [0x00000007a6ab0000, 0x00000007a733c8c0, 0x00000007a8000000)
  to   space 21824K,   0% used [0x00000007a5560000, 0x00000007a5560000, 0x00000007a6ab0000)
 concurrent mark-sweep generation total 393216K, used 23820K [0x00000007a8000000, 0x00000007c0000000, 0x00000007c0000000)
 Metaspace       used 35724K, capacity 37010K, committed 37140K, reserved 1081344K
  class space    used 4275K, capacity 4579K, committed 4628K, reserved 1048576K
}
2018-01-16T20:47:19.220+0800: 3400.029: Total time for which application threads were stopped: 0.0255654 seconds, Stopping threads took: 0.0000466 seconds
{Heap before GC invocations=29 (full 1):
 par new generation   total 109248K, used 96178K [0x00000007a0000000, 0x00000007a8000000, 0x00000007a8000000)
  eden space 87424K, 100% used [0x00000007a0000000, 0x00000007a5560000, 0x00000007a5560000)
  from space 21824K,  40% used [0x00000007a6ab0000, 0x00000007a733c8c0, 0x00000007a8000000)
  to   space 21824K,   0% used [0x00000007a5560000, 0x00000007a5560000, 0x00000007a6ab0000)
 concurrent mark-sweep generation total 393216K, used 23820K [0x00000007a8000000, 0x00000007c0000000, 0x00000007c0000000)
 Metaspace       used 35725K, capacity 37010K, committed 37140K, reserved 1081344K
  class space    used 4275K, capacity 4579K, committed 4628K, reserved 1048576K
2018-01-16T20:47:19.260+0800: 3400.069: [GC (Allocation Failure) 2018-01-16T20:47:19.260+0800: 3400.069: [ParNew
Desired survivor size 20112992 bytes, new threshold 8 (max 8)
- age   1:     375136 bytes,     375136 total
- age   2:    2180240 bytes,    2555376 total
- age   3:    1031792 bytes,    3587168 total
- age   4:     127384 bytes,    3714552 total
- age   5:     702632 bytes,    4417184 total
- age   6:      91480 bytes,    4508664 total
- age   7:     852704 bytes,    5361368 total
- age   8:    1001944 bytes,    6363312 total
: 96178K->8489K(109248K), 0.0223173 secs] 119998K->32428K(502464K), 0.0223906 secs] [Times: user=0.03 sys=0.00, real=0.02 secs] 
Heap after GC invocations=30 (full 1):
 par new generation   total 109248K, used 8489K [0x00000007a0000000, 0x00000007a8000000, 0x00000007a8000000)
  eden space 87424K,   0% used [0x00000007a0000000, 0x00000007a0000000, 0x00000007a5560000)
  from space 21824K,  38% used [0x00000007a5560000, 0x00000007a5daa4e0, 0x00000007a6ab0000)
  to   space 21824K,   0% used [0x00000007a6ab0000, 0x00000007a6ab0000, 0x00000007a8000000)
 concurrent mark-sweep generation total 393216K, used 23939K [0x00000007a8000000, 0x00000007c0000000, 0x00000007c0000000)
 Metaspace       used 35725K, capacity 37010K, committed 37140K, reserved 1081344K
  class space    used 4275K, capacity 4579K, committed 4628K, reserved 1048576K
}
2018-01-16T20:47:19.283+0800: 3400.092: Total time for which application threads were stopped: 0.0226117 seconds, Stopping threads took: 0.0000201 seconds
{Heap before GC invocations=30 (full 1):
 par new generation   total 109248K, used 95913K [0x00000007a0000000, 0x00000007a8000000, 0x00000007a8000000)
  eden space 87424K, 100% used [0x00000007a0000000, 0x00000007a5560000, 0x00000007a5560000)
  from space 21824K,  38% used [0x00000007a5560000, 0x00000007a5daa4e0, 0x00000007a6ab0000)
  to   space 21824K,   0% used [0x00000007a6ab0000, 0x00000007a6ab0000, 0x00000007a8000000)
 concurrent mark-sweep generation total 393216K, used 23939K [0x00000007a8000000, 0x00000007c0000000, 0x00000007c0000000)
 Metaspace       used 35725K, capacity 37010K, committed 37140K, reserved 1081344K
  class space    used 4275K, capacity 4579K, committed 4628K, reserved 1048576K
2018-01-16T20:47:19.404+0800: 3400.213: [GC (Allocation Failure) 2018-01-16T20:47:19.404+0800: 3400.213: [ParNew
Desired survivor size 20112992 bytes, new threshold 8 (max 8)
- age   1:     376976 bytes,     376976 total
- age   2:      83184 bytes,     460160 total
- age   3:    2008400 bytes,    2468560 total
- age   4:    1031792 bytes,    3500352 total
- age   5:     127384 bytes,    3627736 total
- age   6:     702632 bytes,    4330368 total
- age   7:      91480 bytes,    4421848 total
- age   8:     852704 bytes,    5274552 total
: 95913K->7153K(109248K), 0.0321928 secs] 119852K->32074K(502464K), 0.0323014 secs] [Times: user=0.05 sys=0.00, real=0.03 secs] 
Heap after GC invocations=31 (full 1):
 par new generation   total 109248K, used 7153K [0x00000007a0000000, 0x00000007a8000000, 0x00000007a8000000)
  eden space 87424K,   0% used [0x00000007a0000000, 0x00000007a0000000, 0x00000007a5560000)
  from space 21824K,  32% used [0x00000007a6ab0000, 0x00000007a71ac4f8, 0x00000007a8000000)
  to   space 21824K,   0% used [0x00000007a5560000, 0x00000007a5560000, 0x00000007a6ab0000)
 concurrent mark-sweep generation total 393216K, used 24921K [0x00000007a8000000, 0x00000007c0000000, 0x00000007c0000000)
 Metaspace       used 35725K, capacity 37010K, committed 37140K, reserved 1081344K
  class space    used 4275K, capacity 4579K, committed 4628K, reserved 1048576K
}
2018-01-16T20:47:19.436+0800: 3400.245: Total time for which application threads were stopped: 0.0731857 seconds, Stopping threads took: 0.0406648 seconds
2018-01-16T20:47:19.554+0800: 3400.363: Total time for which application threads were stopped: 0.0042402 seconds, Stopping threads took: 0.0035015 seconds
2018-01-16T20:47:19.579+0800: 3400.388: Total time for which application threads were stopped: 0.0001243 seconds, Stopping threads took: 0.0000210 seconds
2018-01-16T20:47:19.592+0800: 3400.401: Total time for which application threads were stopped: 0.0001158 seconds, Stopping threads took: 0.0000202 seconds
2018-01-16T20:47:19.592+0800: 3400.401: Total time for which application threads were stopped: 0.0000978 seconds, Stopping threads took: 0.0000147 seconds
2018-01-16T20:47:19.615+0800: 3400.424: Total time for which application threads were stopped: 0.0001709 seconds, Stopping threads took: 0.0000219 seconds
{Heap before GC invocations=31 (full 1):
 par new generation   total 109248K, used 94577K [0x00000007a0000000, 0x00000007a8000000, 0x00000007a8000000)
  eden space 87424K, 100% used [0x00000007a0000000, 0x00000007a5560000, 0x00000007a5560000)
  from space 21824K,  32% used [0x00000007a6ab0000, 0x00000007a71ac4f8, 0x00000007a8000000)
  to   space 21824K,   0% used [0x00000007a5560000, 0x00000007a5560000, 0x00000007a6ab0000)
 concurrent mark-sweep generation total 393216K, used 24921K [0x00000007a8000000, 0x00000007c0000000, 0x00000007c0000000)
 Metaspace       used 36435K, capacity 37714K, committed 38036K, reserved 1083392K
  class space    used 4356K, capacity 4657K, committed 4756K, reserved 1048576K
2018-01-16T20:47:19.654+0800: 3400.463: [GC (Allocation Failure) 2018-01-16T20:47:19.654+0800: 3400.463: [ParNew
Desired survivor size 20112992 bytes, new threshold 8 (max 8)
- age   1:    4518344 bytes,    4518344 total
- age   2:      98856 bytes,    4617200 total
- age   3:      82008 bytes,    4699208 total
- age   4:    1439880 bytes,    6139088 total
- age   5:    1031792 bytes,    7170880 total
- age   6:     127384 bytes,    7298264 total
- age   7:     702632 bytes,    8000896 total
- age   8:      91480 bytes,    8092376 total
: 94577K->8310K(109248K), 0.0217574 secs] 119498K->34072K(502464K), 0.0218309 secs] [Times: user=0.05 sys=0.00, real=0.02 secs] 
Heap after GC invocations=32 (full 1):
 par new generation   total 109248K, used 8310K [0x00000007a0000000, 0x00000007a8000000, 0x00000007a8000000)
  eden space 87424K,   0% used [0x00000007a0000000, 0x00000007a0000000, 0x00000007a5560000)
  from space 21824K,  38% used [0x00000007a5560000, 0x00000007a5d7d9b8, 0x00000007a6ab0000)
  to   space 21824K,   0% used [0x00000007a6ab0000, 0x00000007a6ab0000, 0x00000007a8000000)
 concurrent mark-sweep generation total 393216K, used 25761K [0x00000007a8000000, 0x00000007c0000000, 0x00000007c0000000)
 Metaspace       used 36435K, capacity 37714K, committed 38036K, reserved 1083392K
  class space    used 4356K, capacity 4657K, committed 4756K, reserved 1048576K
}
2018-01-16T20:47:19.676+0800: 3400.485: Total time for which application threads were stopped: 0.0220910 seconds, Stopping threads took: 0.0000229 seconds
2018-01-16T20:47:19.697+0800: 3400.506: Total time for which application threads were stopped: 0.0002440 seconds, Stopping threads took: 0.0000716 seconds
2018-01-16T20:47:19.731+0800: 3400.540: Total time for which application threads were stopped: 0.0011728 seconds, Stopping threads took: 0.0006279 seconds
2018-01-16T20:47:19.735+0800: 3400.544: Total time for which application threads were stopped: 0.0010800 seconds, Stopping threads took: 0.0002273 seconds
2018-01-16T20:47:19.747+0800: 3400.556: Total time for which application threads were stopped: 0.0004034 seconds, Stopping threads took: 0.0002566 seconds
{Heap before GC invocations=32 (full 1):
 par new generation   total 109248K, used 95723K [0x00000007a0000000, 0x00000007a8000000, 0x00000007a8000000)
  eden space 87424K,  99% used [0x00000007a0000000, 0x00000007a555d300, 0x00000007a5560000)
  from space 21824K,  38% used [0x00000007a5560000, 0x00000007a5d7d9b8, 0x00000007a6ab0000)
  to   space 21824K,   0% used [0x00000007a6ab0000, 0x00000007a6ab0000, 0x00000007a8000000)
 concurrent mark-sweep generation total 393216K, used 25761K [0x00000007a8000000, 0x00000007c0000000, 0x00000007c0000000)
 Metaspace       used 36570K, capacity 37832K, committed 38036K, reserved 1083392K
  class space    used 4374K, capacity 4666K, committed 4756K, reserved 1048576K
2018-01-16T20:47:19.777+0800: 3400.587: [GC (Allocation Failure) 2018-01-16T20:47:19.777+0800: 3400.587: [ParNew
Desired survivor size 20112992 bytes, new threshold 8 (max 8)
- age   1:    1772128 bytes,    1772128 total
- age   2:    3761768 bytes,    5533896 total
- age   3:      98856 bytes,    5632752 total
- age   4:      82008 bytes,    5714760 total
- age   5:     886320 bytes,    6601080 total
- age   6:    1031792 bytes,    7632872 total
- age   7:     127384 bytes,    7760256 total
- age   8:     702632 bytes,    8462888 total
: 95723K->9641K(109248K), 0.0223172 secs] 121485K->35494K(502464K), 0.0224001 secs] [Times: user=0.03 sys=0.00, real=0.03 secs] 
Heap after GC invocations=33 (full 1):
 par new generation   total 109248K, used 9641K [0x00000007a0000000, 0x00000007a8000000, 0x00000007a8000000)
  eden space 87424K,   0% used [0x00000007a0000000, 0x00000007a0000000, 0x00000007a5560000)
  from space 21824K,  44% used [0x00000007a6ab0000, 0x00000007a741a400, 0x00000007a8000000)
  to   space 21824K,   0% used [0x00000007a5560000, 0x00000007a5560000, 0x00000007a6ab0000)
 concurrent mark-sweep generation total 393216K, used 25853K [0x00000007a8000000, 0x00000007c0000000, 0x00000007c0000000)
 Metaspace       used 36570K, capacity 37832K, committed 38036K, reserved 1083392K
  class space    used 4374K, capacity 4666K, committed 4756K, reserved 1048576K
}
2018-01-16T20:47:19.800+0800: 3400.609: Total time for which application threads were stopped: 0.0226493 seconds, Stopping threads took: 0.0000246 seconds
2018-01-16T20:47:19.803+0800: 3400.612: Total time for which application threads were stopped: 0.0002114 seconds, Stopping threads took: 0.0000957 seconds
{Heap before GC invocations=33 (full 1):
 par new generation   total 109248K, used 97065K [0x00000007a0000000, 0x00000007a8000000, 0x00000007a8000000)
  eden space 87424K, 100% used [0x00000007a0000000, 0x00000007a5560000, 0x00000007a5560000)
  from space 21824K,  44% used [0x00000007a6ab0000, 0x00000007a741a400, 0x00000007a8000000)
  to   space 21824K,   0% used [0x00000007a5560000, 0x00000007a5560000, 0x00000007a6ab0000)
 concurrent mark-sweep generation total 393216K, used 25853K [0x00000007a8000000, 0x00000007c0000000, 0x00000007c0000000)
 Metaspace       used 36654K, capacity 37934K, committed 38036K, reserved 1083392K
  class space    used 4384K, capacity 4683K, committed 4756K, reserved 1048576K
2018-01-16T20:47:19.855+0800: 3400.664: [GC (Allocation Failure) 2018-01-16T20:47:19.855+0800: 3400.664: [ParNew
Desired survivor size 20112992 bytes, new threshold 8 (max 8)
- age   1:     630368 bytes,     630368 total
- age   2:    1503864 bytes,    2134232 total
- age   3:    3760536 bytes,    5894768 total
- age   4:      98856 bytes,    5993624 total
- age   5:      82008 bytes,    6075632 total
- age   6:     886320 bytes,    6961952 total
- age   7:    1031792 bytes,    7993744 total
- age   8:     127384 bytes,    8121128 total
: 97065K->10891K(109248K), 0.0223649 secs] 122918K->37435K(502464K), 0.0224563 secs] [Times: user=0.05 sys=0.00, real=0.02 secs] 
Heap after GC invocations=34 (full 1):
 par new generation   total 109248K, used 10891K [0x00000007a0000000, 0x00000007a8000000, 0x00000007a8000000)
  eden space 87424K,   0% used [0x00000007a0000000, 0x00000007a0000000, 0x00000007a5560000)
  from space 21824K,  49% used [0x00000007a5560000, 0x00000007a6002f70, 0x00000007a6ab0000)
  to   space 21824K,   0% used [0x00000007a6ab0000, 0x00000007a6ab0000, 0x00000007a8000000)
 concurrent mark-sweep generation total 393216K, used 26543K [0x00000007a8000000, 0x00000007c0000000, 0x00000007c0000000)
 Metaspace       used 36654K, capacity 37934K, committed 38036K, reserved 1083392K
  class space    used 4384K, capacity 4683K, committed 4756K, reserved 1048576K
}
2018-01-16T20:47:19.877+0800: 3400.686: Total time for which application threads were stopped: 0.0226861 seconds, Stopping threads took: 0.0000237 seconds
2018-01-16T20:47:20.067+0800: 3400.876: Total time for which application threads were stopped: 0.0005732 seconds, Stopping threads took: 0.0000297 seconds
{Heap before GC invocations=34 (full 1):
 par new generation   total 109248K, used 98315K [0x00000007a0000000, 0x00000007a8000000, 0x00000007a8000000)
  eden space 87424K, 100% used [0x00000007a0000000, 0x00000007a5560000, 0x00000007a5560000)
  from space 21824K,  49% used [0x00000007a5560000, 0x00000007a6002f70, 0x00000007a6ab0000)
  to   space 21824K,   0% used [0x00000007a6ab0000, 0x00000007a6ab0000, 0x00000007a8000000)
 concurrent mark-sweep generation total 393216K, used 26543K [0x00000007a8000000, 0x00000007c0000000, 0x00000007c0000000)
 Metaspace       used 36679K, capacity 38028K, committed 38292K, reserved 1083392K
  class space    used 4387K, capacity 4688K, committed 4756K, reserved 1048576K
2018-01-16T20:47:20.077+0800: 3400.886: [GC (Allocation Failure) 2018-01-16T20:47:20.077+0800: 3400.886: [ParNew
Desired survivor size 20112992 bytes, new threshold 8 (max 8)
- age   1:    1969864 bytes,    1969864 total
- age   2:     131296 bytes,    2101160 total
- age   3:     599072 bytes,    2700232 total
- age   4:    3049864 bytes,    5750096 total
- age   5:      41272 bytes,    5791368 total
- age   6:      55688 bytes,    5847056 total
- age   7:     824928 bytes,    6671984 total
- age   8:     737824 bytes,    7409808 total
: 98315K->8681K(109248K), 0.0525112 secs] 124859K->35351K(502464K), 0.0525806 secs] [Times: user=0.05 sys=0.00, real=0.05 secs] 
Heap after GC invocations=35 (full 1):
 par new generation   total 109248K, used 8681K [0x00000007a0000000, 0x00000007a8000000, 0x00000007a8000000)
  eden space 87424K,   0% used [0x00000007a0000000, 0x00000007a0000000, 0x00000007a5560000)
  from space 21824K,  39% used [0x00000007a6ab0000, 0x00000007a732a5e0, 0x00000007a8000000)
  to   space 21824K,   0% used [0x00000007a5560000, 0x00000007a5560000, 0x00000007a6ab0000)
 concurrent mark-sweep generation total 393216K, used 26670K [0x00000007a8000000, 0x00000007c0000000, 0x00000007c0000000)
 Metaspace       used 36679K, capacity 38028K, committed 38292K, reserved 1083392K
  class space    used 4387K, capacity 4688K, committed 4756K, reserved 1048576K
}
2018-01-16T20:47:20.129+0800: 3400.938: Total time for which application threads were stopped: 0.0528466 seconds, Stopping threads took: 0.0000212 seconds
{Heap before GC invocations=35 (full 1):
 par new generation   total 109248K, used 96105K [0x00000007a0000000, 0x00000007a8000000, 0x00000007a8000000)
  eden space 87424K, 100% used [0x00000007a0000000, 0x00000007a5560000, 0x00000007a5560000)
  from space 21824K,  39% used [0x00000007a6ab0000, 0x00000007a732a5e0, 0x00000007a8000000)
  to   space 21824K,   0% used [0x00000007a5560000, 0x00000007a5560000, 0x00000007a6ab0000)
 concurrent mark-sweep generation total 393216K, used 26670K [0x00000007a8000000, 0x00000007c0000000, 0x00000007c0000000)
 Metaspace       used 36682K, capacity 38034K, committed 38292K, reserved 1083392K
  class space    used 4387K, capacity 4689K, committed 4756K, reserved 1048576K
2018-01-16T20:47:20.213+0800: 3401.022: [GC (Allocation Failure) 2018-01-16T20:47:20.213+0800: 3401.022: [ParNew
Desired survivor size 20112992 bytes, new threshold 8 (max 8)
- age   1:     994224 bytes,     994224 total
- age   2:    1656096 bytes,    2650320 total
- age   3:     131296 bytes,    2781616 total
- age   4:     599072 bytes,    3380688 total
- age   5:    3049416 bytes,    6430104 total
- age   6:      41272 bytes,    6471376 total
- age   7:      55688 bytes,    6527064 total
- age   8:     824928 bytes,    7351992 total
: 96105K->10082K(109248K), 0.0244391 secs] 122775K->37334K(502464K), 0.0245220 secs] [Times: user=0.03 sys=0.01, real=0.02 secs] 
Heap after GC invocations=36 (full 1):
 par new generation   total 109248K, used 10082K [0x00000007a0000000, 0x00000007a8000000, 0x00000007a8000000)
  eden space 87424K,   0% used [0x00000007a0000000, 0x00000007a0000000, 0x00000007a5560000)
  from space 21824K,  46% used [0x00000007a5560000, 0x00000007a5f389d8, 0x00000007a6ab0000)
  to   space 21824K,   0% used [0x00000007a6ab0000, 0x00000007a6ab0000, 0x00000007a8000000)
 concurrent mark-sweep generation total 393216K, used 27251K [0x00000007a8000000, 0x00000007c0000000, 0x00000007c0000000)
 Metaspace       used 36682K, capacity 38034K, committed 38292K, reserved 1083392K
  class space    used 4387K, capacity 4689K, committed 4756K, reserved 1048576K
}
2018-01-16T20:47:20.238+0800: 3401.047: Total time for which application threads were stopped: 0.0247666 seconds, Stopping threads took: 0.0000215 seconds
2018-01-16T20:47:20.389+0800: 3401.198: Total time for which application threads were stopped: 0.0343751 seconds, Stopping threads took: 0.0341935 seconds
2018-01-16T20:47:20.412+0800: 3401.221: Total time for which application threads were stopped: 0.0001355 seconds, Stopping threads took: 0.0000327 seconds
2018-01-16T20:47:20.417+0800: 3401.226: Total time for which application threads were stopped: 0.0003092 seconds, Stopping threads took: 0.0002119 seconds
{Heap before GC invocations=36 (full 1):
 par new generation   total 109248K, used 97506K [0x00000007a0000000, 0x00000007a8000000, 0x00000007a8000000)
  eden space 87424K, 100% used [0x00000007a0000000, 0x00000007a5560000, 0x00000007a5560000)
  from space 21824K,  46% used [0x00000007a5560000, 0x00000007a5f389d8, 0x00000007a6ab0000)
  to   space 21824K,   0% used [0x00000007a6ab0000, 0x00000007a6ab0000, 0x00000007a8000000)
 concurrent mark-sweep generation total 393216K, used 27251K [0x00000007a8000000, 0x00000007c0000000, 0x00000007c0000000)
 Metaspace       used 36777K, capacity 38210K, committed 38292K, reserved 1083392K
  class space    used 4403K, capacity 4741K, committed 4756K, reserved 1048576K
2018-01-16T20:47:20.426+0800: 3401.235: [GC (Allocation Failure) 2018-01-16T20:47:20.426+0800: 3401.235: [ParNew
Desired survivor size 20112992 bytes, new threshold 8 (max 8)
- age   1:    1472448 bytes,    1472448 total
- age   2:      83680 bytes,    1556128 total
- age   3:    1654704 bytes,    3210832 total
- age   4:     131104 bytes,    3341936 total
- age   5:     599072 bytes,    3941008 total
- age   6:    3047424 bytes,    6988432 total
- age   7:      41272 bytes,    7029704 total
- age   8:      55688 bytes,    7085392 total
: 97506K->7531K(109248K), 0.0639193 secs] 124758K->35596K(502464K), 0.0639956 secs] [Times: user=0.04 sys=0.00, real=0.07 secs] 
Heap after GC invocations=37 (full 1):
 par new generation   total 109248K, used 7531K [0x00000007a0000000, 0x00000007a8000000, 0x00000007a8000000)
  eden space 87424K,   0% used [0x00000007a0000000, 0x00000007a0000000, 0x00000007a5560000)
  from space 21824K,  34% used [0x00000007a6ab0000, 0x00000007a720afb8, 0x00000007a8000000)
  to   space 21824K,   0% used [0x00000007a5560000, 0x00000007a5560000, 0x00000007a6ab0000)
 concurrent mark-sweep generation total 393216K, used 28064K [0x00000007a8000000, 0x00000007c0000000, 0x00000007c0000000)
 Metaspace       used 36777K, capacity 38210K, committed 38292K, reserved 1083392K
  class space    used 4403K, capacity 4741K, committed 4756K, reserved 1048576K
}
2018-01-16T20:47:20.490+0800: 3401.299: Total time for which application threads were stopped: 0.0644378 seconds, Stopping threads took: 0.0002301 seconds
2018-01-16T20:47:20.508+0800: 3401.317: Total time for which application threads were stopped: 0.0001608 seconds, Stopping threads took: 0.0000413 seconds
2018-01-16T20:47:20.534+0800: 3401.343: Total time for which application threads were stopped: 0.0003362 seconds, Stopping threads took: 0.0001928 seconds
2018-01-16T20:47:20.555+0800: 3401.364: Total time for which application threads were stopped: 0.0001416 seconds, Stopping threads took: 0.0000389 seconds
2018-01-16T20:47:20.561+0800: 3401.370: Total time for which application threads were stopped: 0.0001798 seconds, Stopping threads took: 0.0000691 seconds
{Heap before GC invocations=37 (full 1):
 par new generation   total 109248K, used 94955K [0x00000007a0000000, 0x00000007a8000000, 0x00000007a8000000)
  eden space 87424K, 100% used [0x00000007a0000000, 0x00000007a5560000, 0x00000007a5560000)
  from space 21824K,  34% used [0x00000007a6ab0000, 0x00000007a720afb8, 0x00000007a8000000)
  to   space 21824K,   0% used [0x00000007a5560000, 0x00000007a5560000, 0x00000007a6ab0000)
 concurrent mark-sweep generation total 393216K, used 28064K [0x00000007a8000000, 0x00000007c0000000, 0x00000007c0000000)
 Metaspace       used 36892K, capacity 38274K, committed 38292K, reserved 1083392K
  class space    used 4417K, capacity 4741K, committed 4756K, reserved 1048576K
2018-01-16T20:47:20.578+0800: 3401.387: [GC (Allocation Failure) 2018-01-16T20:47:20.578+0800: 3401.387: [ParNew
Desired survivor size 20112992 bytes, new threshold 8 (max 8)
- age   1:    2027072 bytes,    2027072 total
- age   2:    1276008 bytes,    3303080 total
- age   3:      83680 bytes,    3386760 total
- age   4:     597000 bytes,    3983760 total
- age   5:      75376 bytes,    4059136 total
- age   6:     582200 bytes,    4641336 total
- age   7:    2969000 bytes,    7610336 total
- age   8:      41272 bytes,    7651608 total
: 94955K->10481K(109248K), 0.0193256 secs] 123020K->38601K(502464K), 0.0193898 secs] [Times: user=0.02 sys=0.00, real=0.02 secs] 
Heap after GC invocations=38 (full 1):
 par new generation   total 109248K, used 10481K [0x00000007a0000000, 0x00000007a8000000, 0x00000007a8000000)
  eden space 87424K,   0% used [0x00000007a0000000, 0x00000007a0000000, 0x00000007a5560000)
  from space 21824K,  48% used [0x00000007a5560000, 0x00000007a5f9c510, 0x00000007a6ab0000)
  to   space 21824K,   0% used [0x00000007a6ab0000, 0x00000007a6ab0000, 0x00000007a8000000)
 concurrent mark-sweep generation total 393216K, used 28120K [0x00000007a8000000, 0x00000007c0000000, 0x00000007c0000000)
 Metaspace       used 36892K, capacity 38274K, committed 38292K, reserved 1083392K
  class space    used 4417K, capacity 4741K, committed 4756K, reserved 1048576K
}
2018-01-16T20:47:20.597+0800: 3401.406: Total time for which application threads were stopped: 0.0304979 seconds, Stopping threads took: 0.0109056 seconds
{Heap before GC invocations=38 (full 1):
 par new generation   total 109248K, used 97887K [0x00000007a0000000, 0x00000007a8000000, 0x00000007a8000000)
  eden space 87424K,  99% used [0x00000007a0000000, 0x00000007a555b910, 0x00000007a5560000)
  from space 21824K,  48% used [0x00000007a5560000, 0x00000007a5f9c510, 0x00000007a6ab0000)
  to   space 21824K,   0% used [0x00000007a6ab0000, 0x00000007a6ab0000, 0x00000007a8000000)
 concurrent mark-sweep generation total 393216K, used 28120K [0x00000007a8000000, 0x00000007c0000000, 0x00000007c0000000)
 Metaspace       used 36893K, capacity 38274K, committed 38292K, reserved 1083392K
  class space    used 4417K, capacity 4741K, committed 4756K, reserved 1048576K
2018-01-16T20:47:20.637+0800: 3401.446: [GC (Allocation Failure) 2018-01-16T20:47:20.637+0800: 3401.446: [ParNew
Desired survivor size 20112992 bytes, new threshold 8 (max 8)
- age   1:     294496 bytes,     294496 total
- age   2:    1644864 bytes,    1939360 total
- age   3:    1275088 bytes,    3214448 total
- age   4:      83680 bytes,    3298128 total
- age   5:     597000 bytes,    3895128 total
- age   6:      75376 bytes,    3970504 total
- age   7:     582200 bytes,    4552704 total
- age   8:    2969000 bytes,    7521704 total
: 97887K->8672K(109248K), 0.0633047 secs] 126007K->36833K(502464K), 0.0634021 secs] [Times: user=0.03 sys=0.00, real=0.07 secs] 
Heap after GC invocations=39 (full 1):
 par new generation   total 109248K, used 8672K [0x00000007a0000000, 0x00000007a8000000, 0x00000007a8000000)
  eden space 87424K,   0% used [0x00000007a0000000, 0x00000007a0000000, 0x00000007a5560000)
  from space 21824K,  39% used [0x00000007a6ab0000, 0x00000007a7328078, 0x00000007a8000000)
  to   space 21824K,   0% used [0x00000007a5560000, 0x00000007a5560000, 0x00000007a6ab0000)
 concurrent mark-sweep generation total 393216K, used 28161K [0x00000007a8000000, 0x00000007c0000000, 0x00000007c0000000)
 Metaspace       used 36893K, capacity 38274K, committed 38292K, reserved 1083392K
  class space    used 4417K, capacity 4741K, committed 4756K, reserved 1048576K
}
2018-01-16T20:47:20.700+0800: 3401.509: Total time for which application threads were stopped: 0.0636563 seconds, Stopping threads took: 0.0000347 seconds
2018-01-16T20:47:20.885+0800: 3401.694: Total time for which application threads were stopped: 0.0004293 seconds, Stopping threads took: 0.0000924 seconds
{Heap before GC invocations=39 (full 1):
 par new generation   total 109248K, used 96096K [0x00000007a0000000, 0x00000007a8000000, 0x00000007a8000000)
  eden space 87424K, 100% used [0x00000007a0000000, 0x00000007a5560000, 0x00000007a5560000)
  from space 21824K,  39% used [0x00000007a6ab0000, 0x00000007a7328078, 0x00000007a8000000)
  to   space 21824K,   0% used [0x00000007a5560000, 0x00000007a5560000, 0x00000007a6ab0000)
 concurrent mark-sweep generation total 393216K, used 28161K [0x00000007a8000000, 0x00000007c0000000, 0x00000007c0000000)
 Metaspace       used 36931K, capacity 38338K, committed 38548K, reserved 1083392K
  class space    used 4417K, capacity 4741K, committed 4756K, reserved 1048576K
2018-01-16T20:47:20.887+0800: 3401.696: [GC (Allocation Failure) 2018-01-16T20:47:20.887+0800: 3401.696: [ParNew
Desired survivor size 20112992 bytes, new threshold 8 (max 8)
- age   1:    1595520 bytes,    1595520 total
- age   2:     120960 bytes,    1716480 total
- age   3:    1622024 bytes,    3338504 total
- age   4:     715816 bytes,    4054320 total
- age   5:      83680 bytes,    4138000 total
- age   6:     103208 bytes,    4241208 total
- age   7:      26464 bytes,    4267672 total
- age   8:     474640 bytes,    4742312 total
: 96096K->6701K(109248K), 0.0439128 secs] 124257K->37766K(502464K), 0.0439848 secs] [Times: user=0.03 sys=0.00, real=0.05 secs] 
Heap after GC invocations=40 (full 1):
 par new generation   total 109248K, used 6701K [0x00000007a0000000, 0x00000007a8000000, 0x00000007a8000000)
  eden space 87424K,   0% used [0x00000007a0000000, 0x00000007a0000000, 0x00000007a5560000)
  from space 21824K,  30% used [0x00000007a5560000, 0x00000007a5beb5c0, 0x00000007a6ab0000)
  to   space 21824K,   0% used [0x00000007a6ab0000, 0x00000007a6ab0000, 0x00000007a8000000)
 concurrent mark-sweep generation total 393216K, used 31065K [0x00000007a8000000, 0x00000007c0000000, 0x00000007c0000000)
 Metaspace       used 36931K, capacity 38338K, committed 38548K, reserved 1083392K
  class space    used 4417K, capacity 4741K, committed 4756K, reserved 1048576K
}
2018-01-16T20:47:20.931+0800: 3401.740: Total time for which application threads were stopped: 0.0442064 seconds, Stopping threads took: 0.0000362 seconds
{Heap before GC invocations=40 (full 1):
 par new generation   total 109248K, used 94125K [0x00000007a0000000, 0x00000007a8000000, 0x00000007a8000000)
  eden space 87424K, 100% used [0x00000007a0000000, 0x00000007a5560000, 0x00000007a5560000)
  from space 21824K,  30% used [0x00000007a5560000, 0x00000007a5beb5c0, 0x00000007a6ab0000)
  to   space 21824K,   0% used [0x00000007a6ab0000, 0x00000007a6ab0000, 0x00000007a8000000)
 concurrent mark-sweep generation total 393216K, used 31065K [0x00000007a8000000, 0x00000007c0000000, 0x00000007c0000000)
 Metaspace       used 36942K, capacity 38338K, committed 38548K, reserved 1083392K
  class space    used 4417K, capacity 4741K, committed 4756K, reserved 1048576K
2018-01-16T20:47:21.001+0800: 3401.810: [GC (Allocation Failure) 2018-01-16T20:47:21.001+0800: 3401.810: [ParNew
Desired survivor size 20112992 bytes, new threshold 8 (max 8)
- age   1:     782632 bytes,     782632 total
- age   2:    1536952 bytes,    2319584 total
- age   3:     120960 bytes,    2440544 total
- age   4:     710152 bytes,    3150696 total
- age   5:     567136 bytes,    3717832 total
- age   6:       1672 bytes,    3719504 total
- age   7:      32344 bytes,    3751848 total
- age   8:      26464 bytes,    3778312 total
: 94125K->4993K(109248K), 0.0462769 secs] 125190K->36523K(502464K), 0.0463608 secs] [Times: user=0.02 sys=0.00, real=0.04 secs] 
Heap after GC invocations=41 (full 1):
 par new generation   total 109248K, used 4993K [0x00000007a0000000, 0x00000007a8000000, 0x00000007a8000000)
  eden space 87424K,   0% used [0x00000007a0000000, 0x00000007a0000000, 0x00000007a5560000)
  from space 21824K,  22% used [0x00000007a6ab0000, 0x00000007a6f90728, 0x00000007a8000000)
  to   space 21824K,   0% used [0x00000007a5560000, 0x00000007a5560000, 0x00000007a6ab0000)
 concurrent mark-sweep generation total 393216K, used 31529K [0x00000007a8000000, 0x00000007c0000000, 0x00000007c0000000)
 Metaspace       used 36942K, capacity 38338K, committed 38548K, reserved 1083392K
  class space    used 4417K, capacity 4741K, committed 4756K, reserved 1048576K
}
2018-01-16T20:47:21.047+0800: 3401.856: Total time for which application threads were stopped: 0.0466619 seconds, Stopping threads took: 0.0000217 seconds
2018-01-16T20:47:21.149+0800: 3401.958: Total time for which application threads were stopped: 0.0001890 seconds, Stopping threads took: 0.0000383 seconds
2018-01-16T20:47:21.160+0800: 3401.969: Total time for which application threads were stopped: 0.0108883 seconds, Stopping threads took: 0.0107504 seconds
{Heap before GC invocations=41 (full 1):
 par new generation   total 109248K, used 92417K [0x00000007a0000000, 0x00000007a8000000, 0x00000007a8000000)
  eden space 87424K, 100% used [0x00000007a0000000, 0x00000007a5560000, 0x00000007a5560000)
  from space 21824K,  22% used [0x00000007a6ab0000, 0x00000007a6f90728, 0x00000007a8000000)
  to   space 21824K,   0% used [0x00000007a5560000, 0x00000007a5560000, 0x00000007a6ab0000)
 concurrent mark-sweep generation total 393216K, used 31529K [0x00000007a8000000, 0x00000007c0000000, 0x00000007c0000000)
 Metaspace       used 36981K, capacity 38402K, committed 38548K, reserved 1083392K
  class space    used 4417K, capacity 4741K, committed 4756K, reserved 1048576K
2018-01-16T20:47:21.182+0800: 3401.991: [GC (Allocation Failure) 2018-01-16T20:47:21.183+0800: 3401.992: [ParNew
Desired survivor size 20112992 bytes, new threshold 8 (max 8)
- age   1:    1818680 bytes,    1818680 total
- age   2:     325808 bytes,    2144488 total
- age   3:    1536240 bytes,    3680728 total
- age   4:     120960 bytes,    3801688 total
- age   5:     710176 bytes,    4511864 total
- age   6:     562288 bytes,    5074152 total
- age   7:       1672 bytes,    5075824 total
- age   8:      32344 bytes,    5108168 total
: 92417K->5766K(109248K), 0.0507000 secs] 123947K->37316K(502464K), 0.0507812 secs] [Times: user=0.02 sys=0.00, real=0.05 secs] 
Heap after GC invocations=42 (full 1):
 par new generation   total 109248K, used 5766K [0x00000007a0000000, 0x00000007a8000000, 0x00000007a8000000)
  eden space 87424K,   0% used [0x00000007a0000000, 0x00000007a0000000, 0x00000007a5560000)
  from space 21824K,  26% used [0x00000007a5560000, 0x00000007a5b01b58, 0x00000007a6ab0000)
  to   space 21824K,   0% used [0x00000007a6ab0000, 0x00000007a6ab0000, 0x00000007a8000000)
 concurrent mark-sweep generation total 393216K, used 31549K [0x00000007a8000000, 0x00000007c0000000, 0x00000007c0000000)
 Metaspace       used 36981K, capacity 38402K, committed 38548K, reserved 1083392K
  class space    used 4417K, capacity 4741K, committed 4756K, reserved 1048576K
}
2018-01-16T20:47:21.233+0800: 3402.042: Total time for which application threads were stopped: 0.0511721 seconds, Stopping threads took: 0.0001562 seconds
{Heap before GC invocations=42 (full 1):
 par new generation   total 109248K, used 93190K [0x00000007a0000000, 0x00000007a8000000, 0x00000007a8000000)
  eden space 87424K, 100% used [0x00000007a0000000, 0x00000007a5560000, 0x00000007a5560000)
  from space 21824K,  26% used [0x00000007a5560000, 0x00000007a5b01b58, 0x00000007a6ab0000)
  to   space 21824K,   0% used [0x00000007a6ab0000, 0x00000007a6ab0000, 0x00000007a8000000)
 concurrent mark-sweep generation total 393216K, used 31549K [0x00000007a8000000, 0x00000007c0000000, 0x00000007c0000000)
 Metaspace       used 36994K, capacity 38402K, committed 38548K, reserved 1083392K
  class space    used 4417K, capacity 4741K, committed 4756K, reserved 1048576K
2018-01-16T20:47:21.342+0800: 3402.151: [GC (Allocation Failure) 2018-01-16T20:47:21.342+0800: 3402.151: [ParNew
Desired survivor size 20112992 bytes, new threshold 8 (max 8)
- age   1:    1083832 bytes,    1083832 total
- age   2:    1732624 bytes,    2816456 total
- age   3:     325264 bytes,    3141720 total
- age   4:     533880 bytes,    3675600 total
- age   5:      66528 bytes,    3742128 total
- age   6:     635248 bytes,    4377376 total
- age   7:     480032 bytes,    4857408 total
- age   8:       1672 bytes,    4859080 total
: 93190K->7464K(109248K), 0.0714050 secs] 124740K->39046K(502464K), 0.0714774 secs] [Times: user=0.05 sys=0.01, real=0.07 secs] 
Heap after GC invocations=43 (full 1):
 par new generation   total 109248K, used 7464K [0x00000007a0000000, 0x00000007a8000000, 0x00000007a8000000)
  eden space 87424K,   0% used [0x00000007a0000000, 0x00000007a0000000, 0x00000007a5560000)
  from space 21824K,  34% used [0x00000007a6ab0000, 0x00000007a71fa328, 0x00000007a8000000)
  to   space 21824K,   0% used [0x00000007a5560000, 0x00000007a5560000, 0x00000007a6ab0000)
 concurrent mark-sweep generation total 393216K, used 31581K [0x00000007a8000000, 0x00000007c0000000, 0x00000007c0000000)
 Metaspace       used 36994K, capacity 38402K, committed 38548K, reserved 1083392K
  class space    used 4417K, capacity 4741K, committed 4756K, reserved 1048576K
}
2018-01-16T20:47:21.413+0800: 3402.222: Total time for which application threads were stopped: 0.0719948 seconds, Stopping threads took: 0.0002541 seconds
2018-01-16T20:47:21.416+0800: 3402.225: Total time for which application threads were stopped: 0.0005884 seconds, Stopping threads took: 0.0002771 seconds
{Heap before GC invocations=43 (full 1):
 par new generation   total 109248K, used 94888K [0x00000007a0000000, 0x00000007a8000000, 0x00000007a8000000)
  eden space 87424K, 100% used [0x00000007a0000000, 0x00000007a5560000, 0x00000007a5560000)
  from space 21824K,  34% used [0x00000007a6ab0000, 0x00000007a71fa328, 0x00000007a8000000)
  to   space 21824K,   0% used [0x00000007a5560000, 0x00000007a5560000, 0x00000007a6ab0000)
 concurrent mark-sweep generation total 393216K, used 31581K [0x00000007a8000000, 0x00000007c0000000, 0x00000007c0000000)
 Metaspace       used 37082K, capacity 38466K, committed 38548K, reserved 1083392K
  class space    used 4417K, capacity 4741K, committed 4756K, reserved 1048576K
2018-01-16T20:47:21.484+0800: 3402.293: [GC (Allocation Failure) 2018-01-16T20:47:21.484+0800: 3402.293: [ParNew
Desired survivor size 20112992 bytes, new threshold 8 (max 8)
- age   1:     625688 bytes,     625688 total
- age   2:    1006000 bytes,    1631688 total
- age   3:    1704856 bytes,    3336544 total
- age   4:     325264 bytes,    3661808 total
- age   5:     533880 bytes,    4195688 total
- age   6:      66528 bytes,    4262216 total
- age   7:     635248 bytes,    4897464 total
- age   8:     480032 bytes,    5377496 total
: 94888K->6194K(109248K), 0.0352215 secs] 126470K->37777K(502464K), 0.0353005 secs] [Times: user=0.03 sys=0.00, real=0.03 secs] 
Heap after GC invocations=44 (full 1):
 par new generation   total 109248K, used 6194K [0x00000007a0000000, 0x00000007a8000000, 0x00000007a8000000)
  eden space 87424K,   0% used [0x00000007a0000000, 0x00000007a0000000, 0x00000007a5560000)
  from space 21824K,  28% used [0x00000007a5560000, 0x00000007a5b6ca88, 0x00000007a6ab0000)
  to   space 21824K,   0% used [0x00000007a6ab0000, 0x00000007a6ab0000, 0x00000007a8000000)
 concurrent mark-sweep generation total 393216K, used 31582K [0x00000007a8000000, 0x00000007c0000000, 0x00000007c0000000)
 Metaspace       used 37082K, capacity 38466K, committed 38548K, reserved 1083392K
  class space    used 4417K, capacity 4741K, committed 4756K, reserved 1048576K
}
2018-01-16T20:47:21.519+0800: 3402.328: Total time for which application threads were stopped: 0.0423815 seconds, Stopping threads took: 0.0068152 seconds
{Heap before GC invocations=44 (full 1):
 par new generation   total 109248K, used 93618K [0x00000007a0000000, 0x00000007a8000000, 0x00000007a8000000)
  eden space 87424K, 100% used [0x00000007a0000000, 0x00000007a5560000, 0x00000007a5560000)
  from space 21824K,  28% used [0x00000007a5560000, 0x00000007a5b6ca88, 0x00000007a6ab0000)
  to   space 21824K,   0% used [0x00000007a6ab0000, 0x00000007a6ab0000, 0x00000007a8000000)
 concurrent mark-sweep generation total 393216K, used 31582K [0x00000007a8000000, 0x00000007c0000000, 0x00000007c0000000)
 Metaspace       used 37105K, capacity 38466K, committed 38548K, reserved 1083392K
  class space    used 4417K, capacity 4741K, committed 4756K, reserved 1048576K
2018-01-16T20:47:21.641+0800: 3402.450: [GC (Allocation Failure) 2018-01-16T20:47:21.641+0800: 3402.450: [ParNew
Desired survivor size 20112992 bytes, new threshold 8 (max 8)
- age   1:    1375840 bytes,    1375840 total
- age   2:     508600 bytes,    1884440 total
- age   3:    1004880 bytes,    2889320 total
- age   4:    1142912 bytes,    4032232 total
- age   5:     323848 bytes,    4356080 total
- age   6:     533880 bytes,    4889960 total
- age   7:      66528 bytes,    4956488 total
- age   8:     635240 bytes,    5591728 total
: 93618K->9003K(109248K), 0.0801989 secs] 125201K->41060K(502464K), 0.0802680 secs] [Times: user=0.03 sys=0.01, real=0.08 secs] 
Heap after GC invocations=45 (full 1):
 par new generation   total 109248K, used 9003K [0x00000007a0000000, 0x00000007a8000000, 0x00000007a8000000)
  eden space 87424K,   0% used [0x00000007a0000000, 0x00000007a0000000, 0x00000007a5560000)
  from space 21824K,  41% used [0x00000007a6ab0000, 0x00000007a737ae00, 0x00000007a8000000)
  to   space 21824K,   0% used [0x00000007a5560000, 0x00000007a5560000, 0x00000007a6ab0000)
 concurrent mark-sweep generation total 393216K, used 32057K [0x00000007a8000000, 0x00000007c0000000, 0x00000007c0000000)
 Metaspace       used 37105K, capacity 38466K, committed 38548K, reserved 1083392K
  class space    used 4417K, capacity 4741K, committed 4756K, reserved 1048576K
}
2018-01-16T20:47:21.721+0800: 3402.530: Total time for which application threads were stopped: 0.0827776 seconds, Stopping threads took: 0.0022607 seconds
{Heap before GC invocations=45 (full 1):
 par new generation   total 109248K, used 96427K [0x00000007a0000000, 0x00000007a8000000, 0x00000007a8000000)
  eden space 87424K, 100% used [0x00000007a0000000, 0x00000007a5560000, 0x00000007a5560000)
  from space 21824K,  41% used [0x00000007a6ab0000, 0x00000007a737ae00, 0x00000007a8000000)
  to   space 21824K,   0% used [0x00000007a5560000, 0x00000007a5560000, 0x00000007a6ab0000)
 concurrent mark-sweep generation total 393216K, used 32057K [0x00000007a8000000, 0x00000007c0000000, 0x00000007c0000000)
 Metaspace       used 37132K, capacity 38466K, committed 38548K, reserved 1083392K
  class space    used 4417K, capacity 4741K, committed 4756K, reserved 1048576K
2018-01-16T20:47:21.846+0800: 3402.655: [GC (Allocation Failure) 2018-01-16T20:47:21.846+0800: 3402.655: [ParNew
Desired survivor size 20112992 bytes, new threshold 8 (max 8)
- age   1:     696664 bytes,     696664 total
- age   2:     947376 bytes,    1644040 total
- age   3:     475368 bytes,    2119408 total
- age   4:    1004880 bytes,    3124288 total
- age   5:    1142912 bytes,    4267200 total
- age   6:     323816 bytes,    4591016 total
- age   7:     533880 bytes,    5124896 total
- age   8:      66528 bytes,    5191424 total
: 96427K->6849K(109248K), 0.0500705 secs] 128484K->39527K(502464K), 0.0501916 secs] [Times: user=0.04 sys=0.00, real=0.05 secs] 
Heap after GC invocations=46 (full 1):
 par new generation   total 109248K, used 6849K [0x00000007a0000000, 0x00000007a8000000, 0x00000007a8000000)
  eden space 87424K,   0% used [0x00000007a0000000, 0x00000007a0000000, 0x00000007a5560000)
  from space 21824K,  31% used [0x00000007a5560000, 0x00000007a5c10488, 0x00000007a6ab0000)
  to   space 21824K,   0% used [0x00000007a6ab0000, 0x00000007a6ab0000, 0x00000007a8000000)
 concurrent mark-sweep generation total 393216K, used 32678K [0x00000007a8000000, 0x00000007c0000000, 0x00000007c0000000)
 Metaspace       used 37132K, capacity 38466K, committed 38548K, reserved 1083392K
  class space    used 4417K, capacity 4741K, committed 4756K, reserved 1048576K
}
2018-01-16T20:47:21.896+0800: 3402.705: Total time for which application threads were stopped: 0.0612050 seconds, Stopping threads took: 0.0107367 seconds
{Heap before GC invocations=46 (full 1):
 par new generation   total 109248K, used 94273K [0x00000007a0000000, 0x00000007a8000000, 0x00000007a8000000)
  eden space 87424K, 100% used [0x00000007a0000000, 0x00000007a5560000, 0x00000007a5560000)
  from space 21824K,  31% used [0x00000007a5560000, 0x00000007a5c10488, 0x00000007a6ab0000)
  to   space 21824K,   0% used [0x00000007a6ab0000, 0x00000007a6ab0000, 0x00000007a8000000)
 concurrent mark-sweep generation total 393216K, used 32678K [0x00000007a8000000, 0x00000007c0000000, 0x00000007c0000000)
 Metaspace       used 37135K, capacity 38466K, committed 38548K, reserved 1083392K
  class space    used 4417K, capacity 4741K, committed 4756K, reserved 1048576K
2018-01-16T20:47:21.967+0800: 3402.776: [GC (Allocation Failure) 2018-01-16T20:47:21.967+0800: 3402.776: [ParNew
Desired survivor size 20112992 bytes, new threshold 8 (max 8)
- age   1:    1500472 bytes,    1500472 total
- age   2:     645296 bytes,    2145768 total
- age   3:     946968 bytes,    3092736 total
- age   4:     475368 bytes,    3568104 total
- age   5:     443288 bytes,    4011392 total
- age   6:    1142912 bytes,    5154304 total
- age   7:     322352 bytes,    5476656 total
- age   8:     533880 bytes,    6010536 total
: 94273K->6940K(109248K), 0.0413941 secs] 126951K->39685K(502464K), 0.0414716 secs] [Times: user=0.03 sys=0.00, real=0.04 secs] 
Heap after GC invocations=47 (full 1):
 par new generation   total 109248K, used 6940K [0x00000007a0000000, 0x00000007a8000000, 0x00000007a8000000)
  eden space 87424K,   0% used [0x00000007a0000000, 0x00000007a0000000, 0x00000007a5560000)
  from space 21824K,  31% used [0x00000007a6ab0000, 0x00000007a71771f0, 0x00000007a8000000)
  to   space 21824K,   0% used [0x00000007a5560000, 0x00000007a5560000, 0x00000007a6ab0000)
 concurrent mark-sweep generation total 393216K, used 32745K [0x00000007a8000000, 0x00000007c0000000, 0x00000007c0000000)
 Metaspace       used 37135K, capacity 38466K, committed 38548K, reserved 1083392K
  class space    used 4417K, capacity 4741K, committed 4756K, reserved 1048576K
}
2018-01-16T20:47:22.009+0800: 3402.818: Total time for which application threads were stopped: 0.0417288 seconds, Stopping threads took: 0.0000368 seconds
{Heap before GC invocations=47 (full 1):
 par new generation   total 109248K, used 94364K [0x00000007a0000000, 0x00000007a8000000, 0x00000007a8000000)
  eden space 87424K, 100% used [0x00000007a0000000, 0x00000007a5560000, 0x00000007a5560000)
  from space 21824K,  31% used [0x00000007a6ab0000, 0x00000007a71771f0, 0x00000007a8000000)
  to   space 21824K,   0% used [0x00000007a5560000, 0x00000007a5560000, 0x00000007a6ab0000)
 concurrent mark-sweep generation total 393216K, used 32745K [0x00000007a8000000, 0x00000007c0000000, 0x00000007c0000000)
 Metaspace       used 37170K, capacity 38534K, committed 38804K, reserved 1083392K
  class space    used 4417K, capacity 4741K, committed 4756K, reserved 1048576K
2018-01-16T20:47:22.107+0800: 3402.916: [GC (Allocation Failure) 2018-01-16T20:47:22.107+0800: 3402.916: [ParNew
Desired survivor size 20112992 bytes, new threshold 8 (max 8)
- age   1:    1842240 bytes,    1842240 total
- age   2:    1425840 bytes,    3268080 total
- age   3:     592760 bytes,    3860840 total
- age   4:     187056 bytes,    4047896 total
- age   5:     460928 bytes,    4508824 total
- age   6:      82920 bytes,    4591744 total
- age   7:    1056320 bytes,    5648064 total
- age   8:     187632 bytes,    5835696 total
: 94364K->8808K(109248K), 0.0787324 secs] 127109K->41779K(502464K), 0.0788126 secs] [Times: user=0.06 sys=0.01, real=0.08 secs] 
Heap after GC invocations=48 (full 1):
 par new generation   total 109248K, used 8808K [0x00000007a0000000, 0x00000007a8000000, 0x00000007a8000000)
  eden space 87424K,   0% used [0x00000007a0000000, 0x00000007a0000000, 0x00000007a5560000)
  from space 21824K,  40% used [0x00000007a5560000, 0x00000007a5dfa050, 0x00000007a6ab0000)
  to   space 21824K,   0% used [0x00000007a6ab0000, 0x00000007a6ab0000, 0x00000007a8000000)
 concurrent mark-sweep generation total 393216K, used 32971K [0x00000007a8000000, 0x00000007c0000000, 0x00000007c0000000)
 Metaspace       used 37170K, capacity 38534K, committed 38804K, reserved 1083392K
  class space    used 4417K, capacity 4741K, committed 4756K, reserved 1048576K
}
2018-01-16T20:47:22.186+0800: 3402.995: Total time for which application threads were stopped: 0.0793681 seconds, Stopping threads took: 0.0003050 seconds
{Heap before GC invocations=48 (full 1):
 par new generation   total 109248K, used 96232K [0x00000007a0000000, 0x00000007a8000000, 0x00000007a8000000)
  eden space 87424K, 100% used [0x00000007a0000000, 0x00000007a5560000, 0x00000007a5560000)
  from space 21824K,  40% used [0x00000007a5560000, 0x00000007a5dfa050, 0x00000007a6ab0000)
  to   space 21824K,   0% used [0x00000007a6ab0000, 0x00000007a6ab0000, 0x00000007a8000000)
 concurrent mark-sweep generation total 393216K, used 32971K [0x00000007a8000000, 0x00000007c0000000, 0x00000007c0000000)
 Metaspace       used 37245K, capacity 38598K, committed 38804K, reserved 1083392K
  class space    used 4417K, capacity 4741K, committed 4756K, reserved 1048576K
2018-01-16T20:47:22.245+0800: 3403.054: [GC (Allocation Failure) 2018-01-16T20:47:22.245+0800: 3403.054: [ParNew
Desired survivor size 20112992 bytes, new threshold 8 (max 8)
- age   1:     374624 bytes,     374624 total
- age   2:    1618712 bytes,    1993336 total
- age   3:    1425096 bytes,    3418432 total
- age   4:     483888 bytes,    3902320 total
- age   5:     183048 bytes,    4085368 total
- age   6:     459416 bytes,    4544784 total
- age   7:      82696 bytes,    4627480 total
- age   8:    1056320 bytes,    5683800 total
: 96232K->6707K(109248K), 0.0594755 secs] 129203K->39864K(502464K), 0.0596439 secs] [Times: user=0.03 sys=0.00, real=0.06 secs] 
Heap after GC invocations=49 (full 1):
 par new generation   total 109248K, used 6707K [0x00000007a0000000, 0x00000007a8000000, 0x00000007a8000000)
  eden space 87424K,   0% used [0x00000007a0000000, 0x00000007a0000000, 0x00000007a5560000)
  from space 21824K,  30% used [0x00000007a6ab0000, 0x00000007a713ce00, 0x00000007a8000000)
  to   space 21824K,   0% used [0x00000007a5560000, 0x00000007a5560000, 0x00000007a6ab0000)
 concurrent mark-sweep generation total 393216K, used 33157K [0x00000007a8000000, 0x00000007c0000000, 0x00000007c0000000)
 Metaspace       used 37245K, capacity 38598K, committed 38804K, reserved 1083392K
  class space    used 4417K, capacity 4741K, committed 4756K, reserved 1048576K
}
2018-01-16T20:47:22.305+0800: 3403.114: Total time for which application threads were stopped: 0.0600172 seconds, Stopping threads took: 0.0000267 seconds
{Heap before GC invocations=49 (full 1):
 par new generation   total 109248K, used 94121K [0x00000007a0000000, 0x00000007a8000000, 0x00000007a8000000)
  eden space 87424K,  99% used [0x00000007a0000000, 0x00000007a555d9a0, 0x00000007a5560000)
  from space 21824K,  30% used [0x00000007a6ab0000, 0x00000007a713ce00, 0x00000007a8000000)
  to   space 21824K,   0% used [0x00000007a5560000, 0x00000007a5560000, 0x00000007a6ab0000)
 concurrent mark-sweep generation total 393216K, used 33157K [0x00000007a8000000, 0x00000007c0000000, 0x00000007c0000000)
 Metaspace       used 37249K, capacity 38598K, committed 38804K, reserved 1083392K
  class space    used 4417K, capacity 4741K, committed 4756K, reserved 1048576K
2018-01-16T20:47:22.456+0800: 3403.265: [GC (Allocation Failure) 2018-01-16T20:47:22.456+0800: 3403.265: [ParNew
Desired survivor size 20112992 bytes, new threshold 8 (max 8)
- age   1:    2098184 bytes,    2098184 total
- age   2:     355840 bytes,    2454024 total
- age   3:    1618248 bytes,    4072272 total
- age   4:     509544 bytes,    4581816 total
- age   5:     392832 bytes,    4974648 total
- age   6:     107232 bytes,    5081880 total
- age   7:     379672 bytes,    5461552 total
- age   8:       2968 bytes,    5464520 total
: 94121K->7250K(109248K), 0.0535879 secs] 127279K->41038K(502464K), 0.0536700 secs] [Times: user=0.04 sys=0.00, real=0.05 secs] 
Heap after GC invocations=50 (full 1):
 par new generation   total 109248K, used 7250K [0x00000007a0000000, 0x00000007a8000000, 0x00000007a8000000)
  eden space 87424K,   0% used [0x00000007a0000000, 0x00000007a0000000, 0x00000007a5560000)
  from space 21824K,  33% used [0x00000007a5560000, 0x00000007a5c749f0, 0x00000007a6ab0000)
  to   space 21824K,   0% used [0x00000007a6ab0000, 0x00000007a6ab0000, 0x00000007a8000000)
 concurrent mark-sweep generation total 393216K, used 33787K [0x00000007a8000000, 0x00000007c0000000, 0x00000007c0000000)
 Metaspace       used 37249K, capacity 38598K, committed 38804K, reserved 1083392K
  class space    used 4417K, capacity 4741K, committed 4756K, reserved 1048576K
}
2018-01-16T20:47:22.510+0800: 3403.319: Total time for which application threads were stopped: 0.0767724 seconds, Stopping threads took: 0.0227699 seconds
2018-01-16T20:47:22.749+0800: 3403.558: Total time for which application threads were stopped: 0.0002010 seconds, Stopping threads took: 0.0000226 seconds
2018-01-16T20:47:22.800+0800: 3403.609: Total time for which application threads were stopped: 0.0497867 seconds, Stopping threads took: 0.0496238 seconds
2018-01-16T20:47:22.800+0800: 3403.609: Total time for which application threads were stopped: 0.0001067 seconds, Stopping threads took: 0.0000232 seconds
2018-01-16T20:47:22.811+0800: 3403.620: Total time for which application threads were stopped: 0.0108680 seconds, Stopping threads took: 0.0107346 seconds
2018-01-16T20:47:22.822+0800: 3403.631: Total time for which application threads were stopped: 0.0001605 seconds, Stopping threads took: 0.0000181 seconds
2018-01-16T20:47:22.836+0800: 3403.645: Total time for which application threads were stopped: 0.0001624 seconds, Stopping threads took: 0.0000176 seconds
{Heap before GC invocations=50 (full 1):
 par new generation   total 109248K, used 94412K [0x00000007a0000000, 0x00000007a8000000, 0x00000007a8000000)
  eden space 87424K,  99% used [0x00000007a0000000, 0x00000007a551e9d8, 0x00000007a5560000)
  from space 21824K,  33% used [0x00000007a5560000, 0x00000007a5c749f0, 0x00000007a6ab0000)
  to   space 21824K,   0% used [0x00000007a6ab0000, 0x00000007a6ab0000, 0x00000007a8000000)
 concurrent mark-sweep generation total 393216K, used 33787K [0x00000007a8000000, 0x00000007c0000000, 0x00000007c0000000)
 Metaspace       used 37628K, capacity 39078K, committed 39408K, reserved 1083392K
  class space    used 4451K, capacity 4773K, committed 4884K, reserved 1048576K
2018-01-16T20:47:22.908+0800: 3403.717: [GC (Allocation Failure) 2018-01-16T20:47:22.908+0800: 3403.717: [ParNew
Desired survivor size 20112992 bytes, new threshold 8 (max 8)
- age   1:    2395960 bytes,    2395960 total
- age   2:    1640872 bytes,    4036832 total
- age   3:     352672 bytes,    4389504 total
- age   4:    1609072 bytes,    5998576 total
- age   5:     509544 bytes,    6508120 total
- age   6:     389952 bytes,    6898072 total
- age   7:     106032 bytes,    7004104 total
- age   8:     292488 bytes,    7296592 total
: 94412K->9338K(109248K), 0.0260520 secs] 128200K->43129K(502464K), 0.0261435 secs] [Times: user=0.05 sys=0.00, real=0.03 secs] 
Heap after GC invocations=51 (full 1):
 par new generation   total 109248K, used 9338K [0x00000007a0000000, 0x00000007a8000000, 0x00000007a8000000)
  eden space 87424K,   0% used [0x00000007a0000000, 0x00000007a0000000, 0x00000007a5560000)
  from space 21824K,  42% used [0x00000007a6ab0000, 0x00000007a73ce998, 0x00000007a8000000)
  to   space 21824K,   0% used [0x00000007a5560000, 0x00000007a5560000, 0x00000007a6ab0000)
 concurrent mark-sweep generation total 393216K, used 33790K [0x00000007a8000000, 0x00000007c0000000, 0x00000007c0000000)
 Metaspace       used 37628K, capacity 39078K, committed 39408K, reserved 1083392K
  class space    used 4451K, capacity 4773K, committed 4884K, reserved 1048576K
}
2018-01-16T20:47:22.934+0800: 3403.743: Total time for which application threads were stopped: 0.0773427 seconds, Stopping threads took: 0.0509543 seconds
2018-01-16T20:47:22.935+0800: 3403.744: [GC (CMS Initial Mark) [1 CMS-initial-mark: 33790K(393216K)] 43641K(502464K), 0.0028519 secs] [Times: user=0.00 sys=0.00, real=0.00 secs] 
2018-01-16T20:47:22.938+0800: 3403.747: Total time for which application threads were stopped: 0.0030947 seconds, Stopping threads took: 0.0000710 seconds
2018-01-16T20:47:22.938+0800: 3403.747: [CMS-concurrent-mark-start]
2018-01-16T20:47:22.955+0800: 3403.764: [CMS-concurrent-mark: 0.018/0.018 secs] [Times: user=0.06 sys=0.01, real=0.02 secs] 
2018-01-16T20:47:22.955+0800: 3403.764: [CMS-concurrent-preclean-start]
2018-01-16T20:47:22.957+0800: 3403.766: [CMS-concurrent-preclean: 0.002/0.002 secs] [Times: user=0.00 sys=0.00, real=0.00 secs] 
2018-01-16T20:47:22.957+0800: 3403.766: [CMS-concurrent-abortable-preclean-start]
2018-01-16T20:47:23.009+0800: 3403.818: Total time for which application threads were stopped: 0.0002521 seconds, Stopping threads took: 0.0000677 seconds
2018-01-16T20:47:23.016+0800: 3403.825: Total time for which application threads were stopped: 0.0001668 seconds, Stopping threads took: 0.0000561 seconds
2018-01-16T20:47:23.028+0800: 3403.837: Total time for which application threads were stopped: 0.0002220 seconds, Stopping threads took: 0.0000732 seconds
{Heap before GC invocations=51 (full 2):
 par new generation   total 109248K, used 96759K [0x00000007a0000000, 0x00000007a8000000, 0x00000007a8000000)
  eden space 87424K,  99% used [0x00000007a0000000, 0x00000007a555f4d0, 0x00000007a5560000)
  from space 21824K,  42% used [0x00000007a6ab0000, 0x00000007a73ce998, 0x00000007a8000000)
  to   space 21824K,   0% used [0x00000007a5560000, 0x00000007a5560000, 0x00000007a6ab0000)
 concurrent mark-sweep generation total 393216K, used 33790K [0x00000007a8000000, 0x00000007c0000000, 0x00000007c0000000)
 Metaspace       used 38031K, capacity 39498K, committed 39664K, reserved 1083392K
  class space    used 4487K, capacity 4807K, committed 4884K, reserved 1048576K
2018-01-16T20:47:23.172+0800: 3403.981: [GC (Allocation Failure) 2018-01-16T20:47:23.172+0800: 3403.981: [ParNew
Desired survivor size 20112992 bytes, new threshold 8 (max 8)
- age   1:    4250856 bytes,    4250856 total
- age   2:    1247832 bytes,    5498688 total
- age   3:    1073096 bytes,    6571784 total
- age   4:     345712 bytes,    6917496 total
- age   5:     989992 bytes,    7907488 total
- age   6:     125616 bytes,    8033104 total
- age   7:     336808 bytes,    8369912 total
- age   8:     105968 bytes,    8475880 total
: 96759K->10667K(109248K), 0.0076398 secs] 130550K->44597K(502464K), 0.0077299 secs] [Times: user=0.02 sys=0.00, real=0.01 secs] 
Heap after GC invocations=52 (full 2):
 par new generation   total 109248K, used 10667K [0x00000007a0000000, 0x00000007a8000000, 0x00000007a8000000)
  eden space 87424K,   0% used [0x00000007a0000000, 0x00000007a0000000, 0x00000007a5560000)
  from space 21824K,  48% used [0x00000007a5560000, 0x00000007a5fcafb0, 0x00000007a6ab0000)
  to   space 21824K,   0% used [0x00000007a6ab0000, 0x00000007a6ab0000, 0x00000007a8000000)
 concurrent mark-sweep generation total 393216K, used 33929K [0x00000007a8000000, 0x00000007c0000000, 0x00000007c0000000)
 Metaspace       used 38031K, capacity 39498K, committed 39664K, reserved 1083392K
  class space    used 4487K, capacity 4807K, committed 4884K, reserved 1048576K
}
2018-01-16T20:47:23.180+0800: 3403.989: Total time for which application threads were stopped: 0.0084168 seconds, Stopping threads took: 0.0003870 seconds
2018-01-16T20:47:23.183+0800: 3403.992: [CMS-concurrent-abortable-preclean: 0.216/0.226 secs] [Times: user=0.47 sys=0.02, real=0.23 secs] 
2018-01-16T20:47:23.183+0800: 3403.992: [GC (CMS Final Remark) [YG occupancy: 17601 K (109248 K)]{Heap before GC invocations=52 (full 2):
 par new generation   total 109248K, used 17601K [0x00000007a0000000, 0x00000007a8000000, 0x00000007a8000000)
  eden space 87424K,   7% used [0x00000007a0000000, 0x00000007a06c55f8, 0x00000007a5560000)
  from space 21824K,  48% used [0x00000007a5560000, 0x00000007a5fcafb0, 0x00000007a6ab0000)
  to   space 21824K,   0% used [0x00000007a6ab0000, 0x00000007a6ab0000, 0x00000007a8000000)
 concurrent mark-sweep generation total 393216K, used 33929K [0x00000007a8000000, 0x00000007c0000000, 0x00000007c0000000)
 Metaspace       used 38031K, capacity 39498K, committed 39664K, reserved 1083392K
  class space    used 4487K, capacity 4807K, committed 4884K, reserved 1048576K
2018-01-16T20:47:23.183+0800: 3403.992: [GC (CMS Final Remark) 2018-01-16T20:47:23.183+0800: 3403.992: [ParNew
Desired survivor size 20112992 bytes, new threshold 8 (max 8)
- age   1:     328192 bytes,     328192 total
- age   2:    3753072 bytes,    4081264 total
- age   3:    1247832 bytes,    5329096 total
- age   4:    1073096 bytes,    6402192 total
- age   5:     345712 bytes,    6747904 total
- age   6:     989992 bytes,    7737896 total
- age   7:     125616 bytes,    7863512 total
- age   8:     336808 bytes,    8200320 total
: 17601K->10542K(109248K), 0.0067846 secs] 51530K->44576K(502464K), 0.0068323 secs] [Times: user=0.02 sys=0.00, real=0.01 secs] 
Heap after GC invocations=53 (full 2):
 par new generation   total 109248K, used 10542K [0x00000007a0000000, 0x00000007a8000000, 0x00000007a8000000)
  eden space 87424K,   0% used [0x00000007a0000000, 0x00000007a0000000, 0x00000007a5560000)
  from space 21824K,  48% used [0x00000007a6ab0000, 0x00000007a74fbb60, 0x00000007a8000000)
  to   space 21824K,   0% used [0x00000007a5560000, 0x00000007a5560000, 0x00000007a6ab0000)
 concurrent mark-sweep generation total 393216K, used 34034K [0x00000007a8000000, 0x00000007c0000000, 0x00000007c0000000)
 Metaspace       used 38031K, capacity 39498K, committed 39664K, reserved 1083392K
  class space    used 4487K, capacity 4807K, committed 4884K, reserved 1048576K
}
2018-01-16T20:47:23.190+0800: 3403.999: [Rescan (parallel) , 0.0022008 secs]2018-01-16T20:47:23.192+0800: 3404.001: [weak refs processing, 0.0129712 secs]2018-01-16T20:47:23.205+0800: 3404.014: [class unloading, 0.0357249 secs]2018-01-16T20:47:23.241+0800: 3404.050: [scrub symbol table, 0.0096096 secs]2018-01-16T20:47:23.250+0800: 3404.059: [scrub string table, 0.0007231 secs][1 CMS-remark: 34034K(393216K)] 44576K(502464K), 0.0701657 secs] [Times: user=0.08 sys=0.02, real=0.07 secs] 
2018-01-16T20:47:23.253+0800: 3404.062: Total time for which application threads were stopped: 0.0704069 seconds, Stopping threads took: 0.0000317 seconds
2018-01-16T20:47:23.253+0800: 3404.062: [CMS-concurrent-sweep-start]
2018-01-16T20:47:23.260+0800: 3404.069: Total time for which application threads were stopped: 0.0001645 seconds, Stopping threads took: 0.0000337 seconds
2018-01-16T20:47:23.320+0800: 3404.129: Total time for which application threads were stopped: 0.0013215 seconds, Stopping threads took: 0.0011195 seconds
2018-01-16T20:47:23.320+0800: 3404.129: Total time for which application threads were stopped: 0.0001263 seconds, Stopping threads took: 0.0000414 seconds
2018-01-16T20:47:23.321+0800: 3404.129: Total time for which application threads were stopped: 0.0000845 seconds, Stopping threads took: 0.0000093 seconds
2018-01-16T20:47:23.321+0800: 3404.130: Total time for which application threads were stopped: 0.0001102 seconds, Stopping threads took: 0.0000428 seconds
2018-01-16T20:47:23.321+0800: 3404.130: Total time for which application threads were stopped: 0.0000829 seconds, Stopping threads took: 0.0000146 seconds
2018-01-16T20:47:23.321+0800: 3404.130: Total time for which application threads were stopped: 0.0002329 seconds, Stopping threads took: 0.0001528 seconds
2018-01-16T20:47:23.321+0800: 3404.130: Total time for which application threads were stopped: 0.0000793 seconds, Stopping threads took: 0.0000129 seconds
2018-01-16T20:47:23.321+0800: 3404.130: Total time for which application threads were stopped: 0.0000884 seconds, Stopping threads took: 0.0000203 seconds
2018-01-16T20:47:23.321+0800: 3404.130: Total time for which application threads were stopped: 0.0000893 seconds, Stopping threads took: 0.0000174 seconds
2018-01-16T20:47:23.323+0800: 3404.131: Total time for which application threads were stopped: 0.0001685 seconds, Stopping threads took: 0.0000744 seconds
2018-01-16T20:47:23.323+0800: 3404.132: Total time for which application threads were stopped: 0.0000930 seconds, Stopping threads took: 0.0000161 seconds
2018-01-16T20:47:23.323+0800: 3404.132: Total time for which application threads were stopped: 0.0000751 seconds, Stopping threads took: 0.0000083 seconds
2018-01-16T20:47:23.323+0800: 3404.132: Total time for which application threads were stopped: 0.0000717 seconds, Stopping threads took: 0.0000073 seconds
2018-01-16T20:47:23.323+0800: 3404.132: Total time for which application threads were stopped: 0.0000808 seconds, Stopping threads took: 0.0000179 seconds
2018-01-16T20:47:23.323+0800: 3404.132: Total time for which application threads were stopped: 0.0000911 seconds, Stopping threads took: 0.0000170 seconds
2018-01-16T20:47:23.323+0800: 3404.132: Total time for which application threads were stopped: 0.0000847 seconds, Stopping threads took: 0.0000184 seconds
2018-01-16T20:47:23.324+0800: 3404.132: Total time for which application threads were stopped: 0.0002808 seconds, Stopping threads took: 0.0000343 seconds
2018-01-16T20:47:23.324+0800: 3404.133: Total time for which application threads were stopped: 0.0000939 seconds, Stopping threads took: 0.0000200 seconds
2018-01-16T20:47:23.324+0800: 3404.133: Total time for which application threads were stopped: 0.0001330 seconds, Stopping threads took: 0.0000565 seconds
2018-01-16T20:47:23.324+0800: 3404.133: Total time for which application threads were stopped: 0.0000772 seconds, Stopping threads took: 0.0000076 seconds
2018-01-16T20:47:23.331+0800: 3404.140: Total time for which application threads were stopped: 0.0001847 seconds, Stopping threads took: 0.0000770 seconds
2018-01-16T20:47:23.331+0800: 3404.140: Total time for which application threads were stopped: 0.0000894 seconds, Stopping threads took: 0.0000092 seconds
2018-01-16T20:47:23.331+0800: 3404.140: Total time for which application threads were stopped: 0.0000783 seconds, Stopping threads took: 0.0000079 seconds
2018-01-16T20:47:23.331+0800: 3404.140: Total time for which application threads were stopped: 0.0000880 seconds, Stopping threads took: 0.0000213 seconds
2018-01-16T20:47:23.331+0800: 3404.140: Total time for which application threads were stopped: 0.0000712 seconds, Stopping threads took: 0.0000069 seconds
2018-01-16T20:47:23.331+0800: 3404.140: Total time for which application threads were stopped: 0.0000740 seconds, Stopping threads took: 0.0000083 seconds
2018-01-16T20:47:23.343+0800: 3404.152: Total time for which application threads were stopped: 0.0114918 seconds, Stopping threads took: 0.0113658 seconds
2018-01-16T20:47:23.343+0800: 3404.152: Total time for which application threads were stopped: 0.0001141 seconds, Stopping threads took: 0.0000228 seconds
2018-01-16T20:47:23.343+0800: 3404.152: Total time for which application threads were stopped: 0.0000842 seconds, Stopping threads took: 0.0000189 seconds
2018-01-16T20:47:23.343+0800: 3404.152: Total time for which application threads were stopped: 0.0000988 seconds, Stopping threads took: 0.0000204 seconds
2018-01-16T20:47:23.344+0800: 3404.153: Total time for which application threads were stopped: 0.0002462 seconds, Stopping threads took: 0.0000060 seconds
2018-01-16T20:47:23.344+0800: 3404.153: Total time for which application threads were stopped: 0.0001096 seconds, Stopping threads took: 0.0000262 seconds
2018-01-16T20:47:23.344+0800: 3404.153: Total time for which application threads were stopped: 0.0001252 seconds, Stopping threads took: 0.0000532 seconds
2018-01-16T20:47:23.348+0800: 3404.157: Total time for which application threads were stopped: 0.0001705 seconds, Stopping threads took: 0.0000732 seconds
2018-01-16T20:47:23.348+0800: 3404.157: Total time for which application threads were stopped: 0.0001132 seconds, Stopping threads took: 0.0000260 seconds
2018-01-16T20:47:23.349+0800: 3404.157: Total time for which application threads were stopped: 0.0000977 seconds, Stopping threads took: 0.0000176 seconds
2018-01-16T20:47:23.349+0800: 3404.158: Total time for which application threads were stopped: 0.0002444 seconds, Stopping threads took: 0.0000082 seconds
2018-01-16T20:47:23.353+0800: 3404.162: [CMS-concurrent-sweep: 0.063/0.100 secs] [Times: user=0.19 sys=0.01, real=0.10 secs] 
2018-01-16T20:47:23.353+0800: 3404.162: [CMS-concurrent-reset-start]
2018-01-16T20:47:23.357+0800: 3404.166: [CMS-concurrent-reset: 0.004/0.004 secs] [Times: user=0.01 sys=0.00, real=0.00 secs] 
2018-01-16T20:47:23.374+0800: 3404.183: Total time for which application threads were stopped: 0.0158174 seconds, Stopping threads took: 0.0154538 seconds
2018-01-16T20:47:23.375+0800: 3404.184: Total time for which application threads were stopped: 0.0001748 seconds, Stopping threads took: 0.0000659 seconds
2018-01-16T20:47:23.394+0800: 3404.203: Total time for which application threads were stopped: 0.0124799 seconds, Stopping threads took: 0.0107886 seconds
2018-01-16T20:47:23.404+0800: 3404.213: Total time for which application threads were stopped: 0.0007921 seconds, Stopping threads took: 0.0000755 seconds
{Heap before GC invocations=53 (full 2):
 par new generation   total 109248K, used 97966K [0x00000007a0000000, 0x00000007a8000000, 0x00000007a8000000)
  eden space 87424K, 100% used [0x00000007a0000000, 0x00000007a5560000, 0x00000007a5560000)
  from space 21824K,  48% used [0x00000007a6ab0000, 0x00000007a74fbb60, 0x00000007a8000000)
  to   space 21824K,   0% used [0x00000007a5560000, 0x00000007a5560000, 0x00000007a6ab0000)
 concurrent mark-sweep generation total 393216K, used 29324K [0x00000007a8000000, 0x00000007c0000000, 0x00000007c0000000)
 Metaspace       used 38146K, capacity 39484K, committed 39920K, reserved 1085440K
  class space    used 4490K, capacity 4802K, committed 4884K, reserved 1048576K
2018-01-16T20:47:23.436+0800: 3404.245: [GC (Allocation Failure) 2018-01-16T20:47:23.436+0800: 3404.245: [ParNew
Desired survivor size 20112992 bytes, new threshold 8 (max 8)
- age   1:    2008616 bytes,    2008616 total
- age   2:      95856 bytes,    2104472 total
- age   3:    3197632 bytes,    5302104 total
- age   4:    1128480 bytes,    6430584 total
- age   5:    1071656 bytes,    7502240 total
- age   6:     338496 bytes,    7840736 total
- age   7:     989232 bytes,    8829968 total
- age   8:     125616 bytes,    8955584 total
: 97966K->11900K(109248K), 0.0725318 secs] 127291K->41545K(502464K), 0.0726364 secs] [Times: user=0.03 sys=0.00, real=0.07 secs] 
Heap after GC invocations=54 (full 2):
 par new generation   total 109248K, used 11900K [0x00000007a0000000, 0x00000007a8000000, 0x00000007a8000000)
  eden space 87424K,   0% used [0x00000007a0000000, 0x00000007a0000000, 0x00000007a5560000)
  from space 21824K,  54% used [0x00000007a5560000, 0x00000007a60ff1e0, 0x00000007a6ab0000)
  to   space 21824K,   0% used [0x00000007a6ab0000, 0x00000007a6ab0000, 0x00000007a8000000)
 concurrent mark-sweep generation total 393216K, used 29645K [0x00000007a8000000, 0x00000007c0000000, 0x00000007c0000000)
 Metaspace       used 38146K, capacity 39484K, committed 39920K, reserved 1085440K
  class space    used 4490K, capacity 4802K, committed 4884K, reserved 1048576K
}
2018-01-16T20:47:23.509+0800: 3404.318: Total time for which application threads were stopped: 0.0729613 seconds, Stopping threads took: 0.0000354 seconds
2018-01-16T20:47:23.538+0800: 3404.347: Total time for which application threads were stopped: 0.0021525 seconds, Stopping threads took: 0.0003441 seconds
2018-01-16T20:47:23.539+0800: 3404.348: Total time for which application threads were stopped: 0.0001483 seconds, Stopping threads took: 0.0000135 seconds
2018-01-16T20:47:23.546+0800: 3404.355: Total time for which application threads were stopped: 0.0001981 seconds, Stopping threads took: 0.0000323 seconds
2018-01-16T20:47:23.546+0800: 3404.355: Total time for which application threads were stopped: 0.0001075 seconds, Stopping threads took: 0.0000118 seconds
2018-01-16T20:47:23.554+0800: 3404.363: Total time for which application threads were stopped: 0.0083579 seconds, Stopping threads took: 0.0082146 seconds
2018-01-16T20:47:23.566+0800: 3404.375: Total time for which application threads were stopped: 0.0002691 seconds, Stopping threads took: 0.0000881 seconds
{Heap before GC invocations=54 (full 2):
 par new generation   total 109248K, used 99324K [0x00000007a0000000, 0x00000007a8000000, 0x00000007a8000000)
  eden space 87424K, 100% used [0x00000007a0000000, 0x00000007a5560000, 0x00000007a5560000)
  from space 21824K,  54% used [0x00000007a5560000, 0x00000007a60ff1e0, 0x00000007a6ab0000)
  to   space 21824K,   0% used [0x00000007a6ab0000, 0x00000007a6ab0000, 0x00000007a8000000)
 concurrent mark-sweep generation total 393216K, used 29645K [0x00000007a8000000, 0x00000007c0000000, 0x00000007c0000000)
 Metaspace       used 38337K, capacity 39708K, committed 39920K, reserved 1085440K
  class space    used 4520K, capacity 4834K, committed 4884K, reserved 1048576K
2018-01-16T20:47:23.588+0800: 3404.397: [GC (Allocation Failure) 2018-01-16T20:47:23.588+0800: 3404.397: [ParNew
Desired survivor size 20112992 bytes, new threshold 8 (max 8)
- age   1:    3430600 bytes,    3430600 total
- age   2:    1595256 bytes,    5025856 total
- age   3:      95856 bytes,    5121712 total
- age   4:    2614552 bytes,    7736264 total
- age   5:    1104544 bytes,    8840808 total
- age   6:     935464 bytes,    9776272 total
- age   7:     337008 bytes,   10113280 total
- age   8:     989232 bytes,   11102512 total
: 99324K->13409K(109248K), 0.0495005 secs] 128969K->43179K(502464K), 0.0495888 secs] [Times: user=0.04 sys=0.01, real=0.05 secs] 
Heap after GC invocations=55 (full 2):
 par new generation   total 109248K, used 13409K [0x00000007a0000000, 0x00000007a8000000, 0x00000007a8000000)
  eden space 87424K,   0% used [0x00000007a0000000, 0x00000007a0000000, 0x00000007a5560000)
  from space 21824K,  61% used [0x00000007a6ab0000, 0x00000007a77c8440, 0x00000007a8000000)
  to   space 21824K,   0% used [0x00000007a5560000, 0x00000007a5560000, 0x00000007a6ab0000)
 concurrent mark-sweep generation total 393216K, used 29770K [0x00000007a8000000, 0x00000007c0000000, 0x00000007c0000000)
 Metaspace       used 38337K, capacity 39708K, committed 39920K, reserved 1085440K
  class space    used 4520K, capacity 4834K, committed 4884K, reserved 1048576K
}
2018-01-16T20:47:23.638+0800: 3404.447: Total time for which application threads were stopped: 0.0499343 seconds, Stopping threads took: 0.0000418 seconds
{Heap before GC invocations=55 (full 2):
 par new generation   total 109248K, used 100833K [0x00000007a0000000, 0x00000007a8000000, 0x00000007a8000000)
  eden space 87424K, 100% used [0x00000007a0000000, 0x00000007a5560000, 0x00000007a5560000)
  from space 21824K,  61% used [0x00000007a6ab0000, 0x00000007a77c8440, 0x00000007a8000000)
  to   space 21824K,   0% used [0x00000007a5560000, 0x00000007a5560000, 0x00000007a6ab0000)
 concurrent mark-sweep generation total 393216K, used 29770K [0x00000007a8000000, 0x00000007c0000000, 0x00000007c0000000)
 Metaspace       used 38339K, capacity 39708K, committed 39920K, reserved 1085440K
  class space    used 4520K, capacity 4834K, committed 4884K, reserved 1048576K
2018-01-16T20:47:23.705+0800: 3404.514: [GC (Allocation Failure) 2018-01-16T20:47:23.705+0800: 3404.514: [ParNew
Desired survivor size 20112992 bytes, new threshold 8 (max 8)
- age   1:     411384 bytes,     411384 total
- age   2:    3112448 bytes,    3523832 total
- age   3:    1594056 bytes,    5117888 total
- age   4:      95856 bytes,    5213744 total
- age   5:    2614416 bytes,    7828160 total
- age   6:    1054368 bytes,    8882528 total
- age   7:     818208 bytes,    9700736 total
- age   8:     337008 bytes,   10037744 total
: 100833K->13873K(109248K), 0.0199323 secs] 130603K->44618K(502464K), 0.0200050 secs] [Times: user=0.04 sys=0.00, real=0.02 secs] 
Heap after GC invocations=56 (full 2):
 par new generation   total 109248K, used 13873K [0x00000007a0000000, 0x00000007a8000000, 0x00000007a8000000)
  eden space 87424K,   0% used [0x00000007a0000000, 0x00000007a0000000, 0x00000007a5560000)
  from space 21824K,  63% used [0x00000007a5560000, 0x00000007a62ec6f0, 0x00000007a6ab0000)
  to   space 21824K,   0% used [0x00000007a6ab0000, 0x00000007a6ab0000, 0x00000007a8000000)
 concurrent mark-sweep generation total 393216K, used 30744K [0x00000007a8000000, 0x00000007c0000000, 0x00000007c0000000)
 Metaspace       used 38339K, capacity 39708K, committed 39920K, reserved 1085440K
  class space    used 4520K, capacity 4834K, committed 4884K, reserved 1048576K
}
2018-01-16T20:47:23.725+0800: 3404.534: Total time for which application threads were stopped: 0.0213643 seconds, Stopping threads took: 0.0011058 seconds
2018-01-16T20:47:23.729+0800: 3404.538: Total time for which application threads were stopped: 0.0002024 seconds, Stopping threads took: 0.0000292 seconds
2018-01-16T20:47:23.730+0800: 3404.539: Total time for which application threads were stopped: 0.0001892 seconds, Stopping threads took: 0.0000644 seconds
{Heap before GC invocations=56 (full 2):
 par new generation   total 109248K, used 101297K [0x00000007a0000000, 0x00000007a8000000, 0x00000007a8000000)
  eden space 87424K, 100% used [0x00000007a0000000, 0x00000007a5560000, 0x00000007a5560000)
  from space 21824K,  63% used [0x00000007a5560000, 0x00000007a62ec6f0, 0x00000007a6ab0000)
  to   space 21824K,   0% used [0x00000007a6ab0000, 0x00000007a6ab0000, 0x00000007a8000000)
 concurrent mark-sweep generation total 393216K, used 30744K [0x00000007a8000000, 0x00000007c0000000, 0x00000007c0000000)
 Metaspace       used 38365K, capacity 39708K, committed 39920K, reserved 1085440K
  class space    used 4520K, capacity 4834K, committed 4884K, reserved 1048576K
2018-01-16T20:47:23.776+0800: 3404.585: [GC (Allocation Failure) 2018-01-16T20:47:23.776+0800: 3404.585: [ParNew
Desired survivor size 20112992 bytes, new threshold 8 (max 8)
- age   1:     927480 bytes,     927480 total
- age   2:     173504 bytes,    1100984 total
- age   3:    3027688 bytes,    4128672 total
- age   4:    1659624 bytes,    5788296 total
- age   5:      95856 bytes,    5884152 total
- age   6:    2614416 bytes,    8498568 total
- age   7:    1054368 bytes,    9552936 total
- age   8:     785200 bytes,   10338136 total
: 101297K->14970K(109248K), 0.0106138 secs] 132042K->46046K(502464K), 0.0106958 secs] [Times: user=0.03 sys=0.00, real=0.01 secs] 
Heap after GC invocations=57 (full 2):
 par new generation   total 109248K, used 14970K [0x00000007a0000000, 0x00000007a8000000, 0x00000007a8000000)
  eden space 87424K,   0% used [0x00000007a0000000, 0x00000007a0000000, 0x00000007a5560000)
  from space 21824K,  68% used [0x00000007a6ab0000, 0x00000007a794ea30, 0x00000007a8000000)
  to   space 21824K,   0% used [0x00000007a5560000, 0x00000007a5560000, 0x00000007a6ab0000)
 concurrent mark-sweep generation total 393216K, used 31075K [0x00000007a8000000, 0x00000007c0000000, 0x00000007c0000000)
 Metaspace       used 38365K, capacity 39708K, committed 39920K, reserved 1085440K
  class space    used 4520K, capacity 4834K, committed 4884K, reserved 1048576K
}
2018-01-16T20:47:23.787+0800: 3404.596: Total time for which application threads were stopped: 0.0110862 seconds, Stopping threads took: 0.0001350 seconds
2018-01-16T20:47:23.957+0800: 3404.766: Total time for which application threads were stopped: 0.0001545 seconds, Stopping threads took: 0.0000210 seconds
2018-01-16T20:47:23.957+0800: 3404.766: Total time for which application threads were stopped: 0.0000968 seconds, Stopping threads took: 0.0000124 seconds
{Heap before GC invocations=57 (full 2):
 par new generation   total 109248K, used 102394K [0x00000007a0000000, 0x00000007a8000000, 0x00000007a8000000)
  eden space 87424K, 100% used [0x00000007a0000000, 0x00000007a5560000, 0x00000007a5560000)
  from space 21824K,  68% used [0x00000007a6ab0000, 0x00000007a794ea30, 0x00000007a8000000)
  to   space 21824K,   0% used [0x00000007a5560000, 0x00000007a5560000, 0x00000007a6ab0000)
 concurrent mark-sweep generation total 393216K, used 31075K [0x00000007a8000000, 0x00000007c0000000, 0x00000007c0000000)
 Metaspace       used 38396K, capacity 39772K, committed 40176K, reserved 1085440K
  class space    used 4520K, capacity 4834K, committed 4884K, reserved 1048576K
2018-01-16T20:47:24.024+0800: 3404.833: [GC (Allocation Failure) 2018-01-16T20:47:24.024+0800: 3404.833: [ParNew
Desired survivor size 20112992 bytes, new threshold 8 (max 8)
- age   1:    2933152 bytes,    2933152 total
- age   2:     434200 bytes,    3367352 total
- age   3:     172520 bytes,    3539872 total
- age   4:    1839528 bytes,    5379400 total
- age   5:    1563048 bytes,    6942448 total
- age   6:      95856 bytes,    7038304 total
- age   7:    2582632 bytes,    9620936 total
- age   8:     698264 bytes,   10319200 total
: 102394K->11832K(109248K), 0.0308194 secs] 133470K->43675K(502464K), 0.0308905 secs] [Times: user=0.04 sys=0.00, real=0.03 secs] 
Heap after GC invocations=58 (full 2):
 par new generation   total 109248K, used 11832K [0x00000007a0000000, 0x00000007a8000000, 0x00000007a8000000)
  eden space 87424K,   0% used [0x00000007a0000000, 0x00000007a0000000, 0x00000007a5560000)
  from space 21824K,  54% used [0x00000007a5560000, 0x00000007a60ee2b8, 0x00000007a6ab0000)
  to   space 21824K,   0% used [0x00000007a6ab0000, 0x00000007a6ab0000, 0x00000007a8000000)
 concurrent mark-sweep generation total 393216K, used 31842K [0x00000007a8000000, 0x00000007c0000000, 0x00000007c0000000)
 Metaspace       used 38396K, capacity 39772K, committed 40176K, reserved 1085440K
  class space    used 4520K, capacity 4834K, committed 4884K, reserved 1048576K
}
2018-01-16T20:47:24.055+0800: 3404.864: Total time for which application threads were stopped: 0.0311843 seconds, Stopping threads took: 0.0000333 seconds
{Heap before GC invocations=58 (full 2):
 par new generation   total 109248K, used 99256K [0x00000007a0000000, 0x00000007a8000000, 0x00000007a8000000)
  eden space 87424K, 100% used [0x00000007a0000000, 0x00000007a5560000, 0x00000007a5560000)
  from space 21824K,  54% used [0x00000007a5560000, 0x00000007a60ee2b8, 0x00000007a6ab0000)
  to   space 21824K,   0% used [0x00000007a6ab0000, 0x00000007a6ab0000, 0x00000007a8000000)
 concurrent mark-sweep generation total 393216K, used 31842K [0x00000007a8000000, 0x00000007c0000000, 0x00000007c0000000)
 Metaspace       used 38396K, capacity 39772K, committed 40176K, reserved 1085440K
  class space    used 4520K, capacity 4834K, committed 4884K, reserved 1048576K
2018-01-16T20:47:24.113+0800: 3404.922: [GC (Allocation Failure) 2018-01-16T20:47:24.113+0800: 3404.922: [ParNew
Desired survivor size 20112992 bytes, new threshold 8 (max 8)
- age   1:     673608 bytes,     673608 total
- age   2:    2594144 bytes,    3267752 total
- age   3:     434200 bytes,    3701952 total
- age   4:     172520 bytes,    3874472 total
- age   5:    1839528 bytes,    5714000 total
- age   6:    1562968 bytes,    7276968 total
- age   7:      95856 bytes,    7372824 total
- age   8:    2453144 bytes,    9825968 total
: 99256K->11090K(109248K), 0.0186312 secs] 131099K->43619K(502464K), 0.0194343 secs] [Times: user=0.04 sys=0.00, real=0.02 secs] 
Heap after GC invocations=59 (full 2):
 par new generation   total 109248K, used 11090K [0x00000007a0000000, 0x00000007a8000000, 0x00000007a8000000)
  eden space 87424K,   0% used [0x00000007a0000000, 0x00000007a0000000, 0x00000007a5560000)
  from space 21824K,  50% used [0x00000007a6ab0000, 0x00000007a7584bc0, 0x00000007a8000000)
  to   space 21824K,   0% used [0x00000007a5560000, 0x00000007a5560000, 0x00000007a6ab0000)
 concurrent mark-sweep generation total 393216K, used 32528K [0x00000007a8000000, 0x00000007c0000000, 0x00000007c0000000)
 Metaspace       used 38396K, capacity 39772K, committed 40176K, reserved 1085440K
  class space    used 4520K, capacity 4834K, committed 4884K, reserved 1048576K
}
2018-01-16T20:47:24.132+0800: 3404.941: Total time for which application threads were stopped: 0.0196993 seconds, Stopping threads took: 0.0000227 seconds
{Heap before GC invocations=59 (full 2):
 par new generation   total 109248K, used 98514K [0x00000007a0000000, 0x00000007a8000000, 0x00000007a8000000)
  eden space 87424K, 100% used [0x00000007a0000000, 0x00000007a5560000, 0x00000007a5560000)
  from space 21824K,  50% used [0x00000007a6ab0000, 0x00000007a7584bc0, 0x00000007a8000000)
  to   space 21824K,   0% used [0x00000007a5560000, 0x00000007a5560000, 0x00000007a6ab0000)
 concurrent mark-sweep generation total 393216K, used 32528K [0x00000007a8000000, 0x00000007c0000000, 0x00000007c0000000)
 Metaspace       used 38404K, capacity 39772K, committed 40176K, reserved 1085440K
  class space    used 4520K, capacity 4834K, committed 4884K, reserved 1048576K
2018-01-16T20:47:24.193+0800: 3405.002: [GC (Allocation Failure) 2018-01-16T20:47:24.193+0800: 3405.002: [ParNew
Desired survivor size 20112992 bytes, new threshold 8 (max 8)
- age   1:    1726704 bytes,    1726704 total
- age   2:     508352 bytes,    2235056 total
- age   3:    2591584 bytes,    4826640 total
- age   4:     434200 bytes,    5260840 total
- age   5:     172520 bytes,    5433360 total
- age   6:    1839528 bytes,    7272888 total
- age   7:    1460880 bytes,    8733768 total
- age   8:      94504 bytes,    8828272 total
: 98514K->16476K(109248K), 0.0299385 secs] 131043K->51371K(502464K), 0.0300195 secs] [Times: user=0.05 sys=0.00, real=0.03 secs] 
Heap after GC invocations=60 (full 2):
 par new generation   total 109248K, used 16476K [0x00000007a0000000, 0x00000007a8000000, 0x00000007a8000000)
  eden space 87424K,   0% used [0x00000007a0000000, 0x00000007a0000000, 0x00000007a5560000)
  from space 21824K,  75% used [0x00000007a5560000, 0x00000007a65770c8, 0x00000007a6ab0000)
  to   space 21824K,   0% used [0x00000007a6ab0000, 0x00000007a6ab0000, 0x00000007a8000000)
 concurrent mark-sweep generation total 393216K, used 34895K [0x00000007a8000000, 0x00000007c0000000, 0x00000007c0000000)
 Metaspace       used 38404K, capacity 39772K, committed 40176K, reserved 1085440K
  class space    used 4520K, capacity 4834K, committed 4884K, reserved 1048576K
}
2018-01-16T20:47:24.223+0800: 3405.032: Total time for which application threads were stopped: 0.0410254 seconds, Stopping threads took: 0.0107407 seconds
{Heap before GC invocations=60 (full 2):
 par new generation   total 109248K, used 103900K [0x00000007a0000000, 0x00000007a8000000, 0x00000007a8000000)
  eden space 87424K, 100% used [0x00000007a0000000, 0x00000007a5560000, 0x00000007a5560000)
  from space 21824K,  75% used [0x00000007a5560000, 0x00000007a65770c8, 0x00000007a6ab0000)
  to   space 21824K,   0% used [0x00000007a6ab0000, 0x00000007a6ab0000, 0x00000007a8000000)
 concurrent mark-sweep generation total 393216K, used 34895K [0x00000007a8000000, 0x00000007c0000000, 0x00000007c0000000)
 Metaspace       used 38412K, capacity 39772K, committed 40176K, reserved 1085440K
  class space    used 4520K, capacity 4834K, committed 4884K, reserved 1048576K
2018-01-16T20:47:24.356+0800: 3405.165: [GC (Allocation Failure) 2018-01-16T20:47:24.356+0800: 3405.165: [ParNew
Desired survivor size 20112992 bytes, new threshold 8 (max 8)
- age   1:    3739496 bytes,    3739496 total
- age   2:    1349104 bytes,    5088600 total
- age   3:     508352 bytes,    5596952 total
- age   4:    1295360 bytes,    6892312 total
- age   5:     317248 bytes,    7209560 total
- age   6:     157552 bytes,    7367112 total
- age   7:    1745664 bytes,    9112776 total
- age   8:    1460536 bytes,   10573312 total
: 103900K->12903K(109248K), 0.0453230 secs] 138795K->47891K(502464K), 0.0454049 secs] [Times: user=0.04 sys=0.01, real=0.05 secs] 
Heap after GC invocations=61 (full 2):
 par new generation   total 109248K, used 12903K [0x00000007a0000000, 0x00000007a8000000, 0x00000007a8000000)
  eden space 87424K,   0% used [0x00000007a0000000, 0x00000007a0000000, 0x00000007a5560000)
  from space 21824K,  59% used [0x00000007a6ab0000, 0x00000007a7749d40, 0x00000007a8000000)
  to   space 21824K,   0% used [0x00000007a5560000, 0x00000007a5560000, 0x00000007a6ab0000)
 concurrent mark-sweep generation total 393216K, used 34987K [0x00000007a8000000, 0x00000007c0000000, 0x00000007c0000000)
 Metaspace       used 38412K, capacity 39772K, committed 40176K, reserved 1085440K
  class space    used 4520K, capacity 4834K, committed 4884K, reserved 1048576K
}
2018-01-16T20:47:24.402+0800: 3405.211: Total time for which application threads were stopped: 0.0457704 seconds, Stopping threads took: 0.0001082 seconds
{Heap before GC invocations=61 (full 2):
 par new generation   total 109248K, used 100327K [0x00000007a0000000, 0x00000007a8000000, 0x00000007a8000000)
  eden space 87424K, 100% used [0x00000007a0000000, 0x00000007a5560000, 0x00000007a5560000)
  from space 21824K,  59% used [0x00000007a6ab0000, 0x00000007a7749d40, 0x00000007a8000000)
  to   space 21824K,   0% used [0x00000007a5560000, 0x00000007a5560000, 0x00000007a6ab0000)
 concurrent mark-sweep generation total 393216K, used 34987K [0x00000007a8000000, 0x00000007c0000000, 0x00000007c0000000)
 Metaspace       used 38415K, capacity 39772K, committed 40176K, reserved 1085440K
  class space    used 4520K, capacity 4834K, committed 4884K, reserved 1048576K
2018-01-16T20:47:24.436+0800: 3405.245: [GC (Allocation Failure) 2018-01-16T20:47:24.436+0800: 3405.245: [ParNew
Desired survivor size 20112992 bytes, new threshold 8 (max 8)
- age   1:    2013512 bytes,    2013512 total
- age   2:    2769104 bytes,    4782616 total
- age   3:    1362800 bytes,    6145416 total
- age   4:     508352 bytes,    6653768 total
- age   5:    1251904 bytes,    7905672 total
- age   6:     317248 bytes,    8222920 total
- age   7:     157552 bytes,    8380472 total
- age   8:    1778392 bytes,   10158864 total
: 100327K->15289K(109248K), 0.0267910 secs] 135315K->51707K(502464K), 0.0268705 secs] [Times: user=0.06 sys=0.00, real=0.03 secs] 
Heap after GC invocations=62 (full 2):
 par new generation   total 109248K, used 15289K [0x00000007a0000000, 0x00000007a8000000, 0x00000007a8000000)
  eden space 87424K,   0% used [0x00000007a0000000, 0x00000007a0000000, 0x00000007a5560000)
  from space 21824K,  70% used [0x00000007a5560000, 0x00000007a644e508, 0x00000007a6ab0000)
  to   space 21824K,   0% used [0x00000007a6ab0000, 0x00000007a6ab0000, 0x00000007a8000000)
 concurrent mark-sweep generation total 393216K, used 36418K [0x00000007a8000000, 0x00000007c0000000, 0x00000007c0000000)
 Metaspace       used 38415K, capacity 39772K, committed 40176K, reserved 1085440K
  class space    used 4520K, capacity 4834K, committed 4884K, reserved 1048576K
}
2018-01-16T20:47:24.463+0800: 3405.272: Total time for which application threads were stopped: 0.0272297 seconds, Stopping threads took: 0.0001079 seconds
{Heap before GC invocations=62 (full 2):
 par new generation   total 109248K, used 102713K [0x00000007a0000000, 0x00000007a8000000, 0x00000007a8000000)
  eden space 87424K, 100% used [0x00000007a0000000, 0x00000007a5560000, 0x00000007a5560000)
  from space 21824K,  70% used [0x00000007a5560000, 0x00000007a644e508, 0x00000007a6ab0000)
  to   space 21824K,   0% used [0x00000007a6ab0000, 0x00000007a6ab0000, 0x00000007a8000000)
 concurrent mark-sweep generation total 393216K, used 36418K [0x00000007a8000000, 0x00000007c0000000, 0x00000007c0000000)
 Metaspace       used 38425K, capacity 39772K, committed 40176K, reserved 1085440K
  class space    used 4520K, capacity 4834K, committed 4884K, reserved 1048576K
2018-01-16T20:47:24.669+0800: 3405.478: [GC (Allocation Failure) 2018-01-16T20:47:24.669+0800: 3405.478: [ParNew
Desired survivor size 20112992 bytes, new threshold 8 (max 8)
- age   1:    3571736 bytes,    3571736 total
- age   2:     940952 bytes,    4512688 total
- age   3:    2614304 bytes,    7126992 total
- age   4:     759200 bytes,    7886192 total
- age   5:     508352 bytes,    8394544 total
- age   6:    1249720 bytes,    9644264 total
- age   7:     317248 bytes,    9961512 total
- age   8:     157552 bytes,   10119064 total
: 102713K->12760K(109248K), 0.0253820 secs] 139131K->50886K(502464K), 0.0254758 secs] [Times: user=0.05 sys=0.01, real=0.03 secs] 
Heap after GC invocations=63 (full 2):
 par new generation   total 109248K, used 12760K [0x00000007a0000000, 0x00000007a8000000, 0x00000007a8000000)
  eden space 87424K,   0% used [0x00000007a0000000, 0x00000007a0000000, 0x00000007a5560000)
  from space 21824K,  58% used [0x00000007a6ab0000, 0x00000007a77263c8, 0x00000007a8000000)
  to   space 21824K,   0% used [0x00000007a5560000, 0x00000007a5560000, 0x00000007a6ab0000)
 concurrent mark-sweep generation total 393216K, used 38125K [0x00000007a8000000, 0x00000007c0000000, 0x00000007c0000000)
 Metaspace       used 38425K, capacity 39772K, committed 40176K, reserved 1085440K
  class space    used 4520K, capacity 4834K, committed 4884K, reserved 1048576K
}
2018-01-16T20:47:24.695+0800: 3405.504: Total time for which application threads were stopped: 0.1153213 seconds, Stopping threads took: 0.0895766 seconds
{Heap before GC invocations=63 (full 2):
 par new generation   total 109248K, used 100184K [0x00000007a0000000, 0x00000007a8000000, 0x00000007a8000000)
  eden space 87424K, 100% used [0x00000007a0000000, 0x00000007a5560000, 0x00000007a5560000)
  from space 21824K,  58% used [0x00000007a6ab0000, 0x00000007a77263c8, 0x00000007a8000000)
  to   space 21824K,   0% used [0x00000007a5560000, 0x00000007a5560000, 0x00000007a6ab0000)
 concurrent mark-sweep generation total 393216K, used 38125K [0x00000007a8000000, 0x00000007c0000000, 0x00000007c0000000)
 Metaspace       used 38435K, capacity 39772K, committed 40176K, reserved 1085440K
  class space    used 4520K, capacity 4834K, committed 4884K, reserved 1048576K
2018-01-16T20:47:24.818+0800: 3405.627: [GC (Allocation Failure) 2018-01-16T20:47:24.818+0800: 3405.627: [ParNew
Desired survivor size 20112992 bytes, new threshold 8 (max 8)
- age   1:    1944832 bytes,    1944832 total
- age   2:    3247848 bytes,    5192680 total
- age   3:     908320 bytes,    6101000 total
- age   4:    1747896 bytes,    7848896 total
- age   5:     535056 bytes,    8383952 total
- age   6:     418880 bytes,    8802832 total
- age   7:    1172128 bytes,    9974960 total
- age   8:     317248 bytes,   10292208 total
: 100184K->10947K(109248K), 0.0219577 secs] 138310K->49229K(502464K), 0.0220510 secs] [Times: user=0.04 sys=0.00, real=0.03 secs] 
Heap after GC invocations=64 (full 2):
 par new generation   total 109248K, used 10947K [0x00000007a0000000, 0x00000007a8000000, 0x00000007a8000000)
  eden space 87424K,   0% used [0x00000007a0000000, 0x00000007a0000000, 0x00000007a5560000)
  from space 21824K,  50% used [0x00000007a5560000, 0x00000007a6010fc0, 0x00000007a6ab0000)
  to   space 21824K,   0% used [0x00000007a6ab0000, 0x00000007a6ab0000, 0x00000007a8000000)
 concurrent mark-sweep generation total 393216K, used 38281K [0x00000007a8000000, 0x00000007c0000000, 0x00000007c0000000)
 Metaspace       used 38435K, capacity 39772K, committed 40176K, reserved 1085440K
  class space    used 4520K, capacity 4834K, committed 4884K, reserved 1048576K
}
2018-01-16T20:47:24.840+0800: 3405.649: Total time for which application threads were stopped: 0.0330433 seconds, Stopping threads took: 0.0107253 seconds
{Heap before GC invocations=64 (full 2):
 par new generation   total 109248K, used 98371K [0x00000007a0000000, 0x00000007a8000000, 0x00000007a8000000)
  eden space 87424K, 100% used [0x00000007a0000000, 0x00000007a5560000, 0x00000007a5560000)
  from space 21824K,  50% used [0x00000007a5560000, 0x00000007a6010fc0, 0x00000007a6ab0000)
  to   space 21824K,   0% used [0x00000007a6ab0000, 0x00000007a6ab0000, 0x00000007a8000000)
 concurrent mark-sweep generation total 393216K, used 38281K [0x00000007a8000000, 0x00000007c0000000, 0x00000007c0000000)
 Metaspace       used 38437K, capacity 39772K, committed 40176K, reserved 1085440K
  class space    used 4520K, capacity 4834K, committed 4884K, reserved 1048576K
2018-01-16T20:47:24.870+0800: 3405.679: [GC (Allocation Failure) 2018-01-16T20:47:24.871+0800: 3405.679: [ParNew
Desired survivor size 20112992 bytes, new threshold 8 (max 8)
- age   1:    1207528 bytes,    1207528 total
- age   2:    1516496 bytes,    2724024 total
- age   3:    2831016 bytes,    5555040 total
- age   4:     901496 bytes,    6456536 total
- age   5:    1734928 bytes,    8191464 total
- age   6:     535056 bytes,    8726520 total
- age   7:     418880 bytes,    9145400 total
- age   8:    1172128 bytes,   10317528 total
: 98371K->15320K(109248K), 0.0268929 secs] 136653K->53914K(502464K), 0.0269737 secs] [Times: user=0.03 sys=0.00, real=0.02 secs] 
Heap after GC invocations=65 (full 2):
 par new generation   total 109248K, used 15320K [0x00000007a0000000, 0x00000007a8000000, 0x00000007a8000000)
  eden space 87424K,   0% used [0x00000007a0000000, 0x00000007a0000000, 0x00000007a5560000)
  from space 21824K,  70% used [0x00000007a6ab0000, 0x00000007a79a62d0, 0x00000007a8000000)
  to   space 21824K,   0% used [0x00000007a5560000, 0x00000007a5560000, 0x00000007a6ab0000)
 concurrent mark-sweep generation total 393216K, used 38593K [0x00000007a8000000, 0x00000007c0000000, 0x00000007c0000000)
 Metaspace       used 38437K, capacity 39772K, committed 40176K, reserved 1085440K
  class space    used 4520K, capacity 4834K, committed 4884K, reserved 1048576K
}
2018-01-16T20:47:24.898+0800: 3405.706: Total time for which application threads were stopped: 0.0273280 seconds, Stopping threads took: 0.0001055 seconds
{Heap before GC invocations=65 (full 2):
 par new generation   total 109248K, used 102744K [0x00000007a0000000, 0x00000007a8000000, 0x00000007a8000000)
  eden space 87424K, 100% used [0x00000007a0000000, 0x00000007a5560000, 0x00000007a5560000)
  from space 21824K,  70% used [0x00000007a6ab0000, 0x00000007a79a62d0, 0x00000007a8000000)
  to   space 21824K,   0% used [0x00000007a5560000, 0x00000007a5560000, 0x00000007a6ab0000)
 concurrent mark-sweep generation total 393216K, used 38593K [0x00000007a8000000, 0x00000007c0000000, 0x00000007c0000000)
 Metaspace       used 38447K, capacity 39784K, committed 40176K, reserved 1085440K
  class space    used 4520K, capacity 4834K, committed 4884K, reserved 1048576K
2018-01-16T20:47:25.028+0800: 3405.837: [GC (Allocation Failure) 2018-01-16T20:47:25.028+0800: 3405.837: [ParNew
Desired survivor size 20112992 bytes, new threshold 8 (max 8)
- age   1:    2783904 bytes,    2783904 total
- age   2:     292432 bytes,    3076336 total
- age   3:    1505432 bytes,    4581768 total
- age   4:    2099456 bytes,    6681224 total
- age   5:     849808 bytes,    7531032 total
- age   6:    1305344 bytes,    8836376 total
- age   7:     416424 bytes,    9252800 total
- age   8:     418880 bytes,    9671680 total
: 102744K->11748K(109248K), 0.0616057 secs] 141338K->51061K(502464K), 0.0617196 secs] [Times: user=0.03 sys=0.00, real=0.07 secs] 
Heap after GC invocations=66 (full 2):
 par new generation   total 109248K, used 11748K [0x00000007a0000000, 0x00000007a8000000, 0x00000007a8000000)
  eden space 87424K,   0% used [0x00000007a0000000, 0x00000007a0000000, 0x00000007a5560000)
  from space 21824K,  53% used [0x00000007a5560000, 0x00000007a60d93f0, 0x00000007a6ab0000)
  to   space 21824K,   0% used [0x00000007a6ab0000, 0x00000007a6ab0000, 0x00000007a8000000)
 concurrent mark-sweep generation total 393216K, used 39312K [0x00000007a8000000, 0x00000007c0000000, 0x00000007c0000000)
 Metaspace       used 38447K, capacity 39784K, committed 40176K, reserved 1085440K
  class space    used 4520K, capacity 4834K, committed 4884K, reserved 1048576K
}
2018-01-16T20:47:25.090+0800: 3405.898: Total time for which application threads were stopped: 0.0625395 seconds, Stopping threads took: 0.0005039 seconds
{Heap before GC invocations=66 (full 2):
 par new generation   total 109248K, used 99172K [0x00000007a0000000, 0x00000007a8000000, 0x00000007a8000000)
  eden space 87424K, 100% used [0x00000007a0000000, 0x00000007a5560000, 0x00000007a5560000)
  from space 21824K,  53% used [0x00000007a5560000, 0x00000007a60d93f0, 0x00000007a6ab0000)
  to   space 21824K,   0% used [0x00000007a6ab0000, 0x00000007a6ab0000, 0x00000007a8000000)
 concurrent mark-sweep generation total 393216K, used 39312K [0x00000007a8000000, 0x00000007c0000000, 0x00000007c0000000)
 Metaspace       used 38461K, capacity 39784K, committed 40176K, reserved 1085440K
  class space    used 4520K, capacity 4834K, committed 4884K, reserved 1048576K
2018-01-16T20:47:25.151+0800: 3405.960: [GC (Allocation Failure) 2018-01-16T20:47:25.151+0800: 3405.960: [ParNew
Desired survivor size 20112992 bytes, new threshold 8 (max 8)
- age   1:    3012712 bytes,    3012712 total
- age   2:    2295120 bytes,    5307832 total
- age   3:     288616 bytes,    5596448 total
- age   4:     646168 bytes,    6242616 total
- age   5:    1243072 bytes,    7485688 total
- age   6:     833456 bytes,    8319144 total
- age   7:    1304736 bytes,    9623880 total
- age   8:     416224 bytes,   10040104 total
: 99172K->14451K(109248K), 0.0157353 secs] 138485K->54173K(502464K), 0.0158111 secs] [Times: user=0.04 sys=0.00, real=0.01 secs] 
Heap after GC invocations=67 (full 2):
 par new generation   total 109248K, used 14451K [0x00000007a0000000, 0x00000007a8000000, 0x00000007a8000000)
  eden space 87424K,   0% used [0x00000007a0000000, 0x00000007a0000000, 0x00000007a5560000)
  from space 21824K,  66% used [0x00000007a6ab0000, 0x00000007a78cce38, 0x00000007a8000000)
  to   space 21824K,   0% used [0x00000007a5560000, 0x00000007a5560000, 0x00000007a6ab0000)
 concurrent mark-sweep generation total 393216K, used 39721K [0x00000007a8000000, 0x00000007c0000000, 0x00000007c0000000)
 Metaspace       used 38461K, capacity 39784K, committed 40176K, reserved 1085440K
  class space    used 4520K, capacity 4834K, committed 4884K, reserved 1048576K
}
2018-01-16T20:47:25.167+0800: 3405.976: Total time for which application threads were stopped: 0.0162032 seconds, Stopping threads took: 0.0001269 seconds
{Heap before GC invocations=67 (full 2):
 par new generation   total 109248K, used 101853K [0x00000007a0000000, 0x00000007a8000000, 0x00000007a8000000)
  eden space 87424K,  99% used [0x00000007a0000000, 0x00000007a555a960, 0x00000007a5560000)
  from space 21824K,  66% used [0x00000007a6ab0000, 0x00000007a78cce38, 0x00000007a8000000)
  to   space 21824K,   0% used [0x00000007a5560000, 0x00000007a5560000, 0x00000007a6ab0000)
 concurrent mark-sweep generation total 393216K, used 39721K [0x00000007a8000000, 0x00000007c0000000, 0x00000007c0000000)
 Metaspace       used 38463K, capacity 39784K, committed 40176K, reserved 1085440K
  class space    used 4520K, capacity 4834K, committed 4884K, reserved 1048576K
2018-01-16T20:47:25.320+0800: 3406.129: [GC (Allocation Failure) 2018-01-16T20:47:25.320+0800: 3406.129: [ParNew
Desired survivor size 20112992 bytes, new threshold 8 (max 8)
- age   1:    5038312 bytes,    5038312 total
- age   2:     982320 bytes,    6020632 total
- age   3:    1528312 bytes,    7548944 total
- age   4:     286384 bytes,    7835328 total
- age   5:     566272 bytes,    8401600 total
- age   6:    1079672 bytes,    9481272 total
- age   7:     587600 bytes,   10068872 total
- age   8:    1244648 bytes,   11313520 total
: 101853K->14351K(109248K), 0.0143946 secs] 141575K->54487K(502464K), 0.0144819 secs] [Times: user=0.04 sys=0.00, real=0.01 secs] 
Heap after GC invocations=68 (full 2):
 par new generation   total 109248K, used 14351K [0x00000007a0000000, 0x00000007a8000000, 0x00000007a8000000)
  eden space 87424K,   0% used [0x00000007a0000000, 0x00000007a0000000, 0x00000007a5560000)
  from space 21824K,  65% used [0x00000007a5560000, 0x00000007a6363fd0, 0x00000007a6ab0000)
  to   space 21824K,   0% used [0x00000007a6ab0000, 0x00000007a6ab0000, 0x00000007a8000000)
 concurrent mark-sweep generation total 393216K, used 40135K [0x00000007a8000000, 0x00000007c0000000, 0x00000007c0000000)
 Metaspace       used 38463K, capacity 39784K, committed 40176K, reserved 1085440K
  class space    used 4520K, capacity 4834K, committed 4884K, reserved 1048576K
}
2018-01-16T20:47:25.335+0800: 3406.143: Total time for which application threads were stopped: 0.0147487 seconds, Stopping threads took: 0.0000232 seconds
2018-01-16T20:47:25.344+0800: 3406.153: Total time for which application threads were stopped: 0.0001440 seconds, Stopping threads took: 0.0000316 seconds
2018-01-16T20:47:25.367+0800: 3406.176: Total time for which application threads were stopped: 0.0001465 seconds, Stopping threads took: 0.0000285 seconds
2018-01-16T20:47:25.367+0800: 3406.176: Total time for which application threads were stopped: 0.0001428 seconds, Stopping threads took: 0.0000430 seconds
2018-01-16T20:47:25.368+0800: 3406.176: Total time for which application threads were stopped: 0.0001038 seconds, Stopping threads took: 0.0000242 seconds
2018-01-16T20:47:25.368+0800: 3406.176: Total time for which application threads were stopped: 0.0000792 seconds, Stopping threads took: 0.0000085 seconds
2018-01-16T20:47:25.373+0800: 3406.181: Total time for which application threads were stopped: 0.0001241 seconds, Stopping threads took: 0.0000264 seconds
2018-01-16T20:47:25.374+0800: 3406.183: Total time for which application threads were stopped: 0.0001391 seconds, Stopping threads took: 0.0000323 seconds
2018-01-16T20:47:25.381+0800: 3406.190: Total time for which application threads were stopped: 0.0003425 seconds, Stopping threads took: 0.0002415 seconds
2018-01-16T20:47:25.417+0800: 3406.226: Total time for which application threads were stopped: 0.0002168 seconds, Stopping threads took: 0.0000348 seconds
2018-01-16T20:47:25.419+0800: 3406.228: Total time for which application threads were stopped: 0.0001674 seconds, Stopping threads took: 0.0000392 seconds
2018-01-16T20:47:25.452+0800: 3406.261: Total time for which application threads were stopped: 0.0001936 seconds, Stopping threads took: 0.0000728 seconds
2018-01-16T20:47:25.452+0800: 3406.261: Total time for which application threads were stopped: 0.0001091 seconds, Stopping threads took: 0.0000182 seconds
2018-01-16T20:47:25.562+0800: 3406.371: Total time for which application threads were stopped: 0.0108452 seconds, Stopping threads took: 0.0107058 seconds
2018-01-16T20:47:25.574+0800: 3406.383: Total time for which application threads were stopped: 0.0108319 seconds, Stopping threads took: 0.0107289 seconds
2018-01-16T20:47:25.579+0800: 3406.388: Total time for which application threads were stopped: 0.0001614 seconds, Stopping threads took: 0.0000663 seconds
2018-01-16T20:47:25.588+0800: 3406.396: Total time for which application threads were stopped: 0.0001634 seconds, Stopping threads took: 0.0000640 seconds
2018-01-16T20:47:25.595+0800: 3406.403: Total time for which application threads were stopped: 0.0001750 seconds, Stopping threads took: 0.0000740 seconds
2018-01-16T20:47:25.603+0800: 3406.412: Total time for which application threads were stopped: 0.0001816 seconds, Stopping threads took: 0.0000807 seconds
{Heap before GC invocations=68 (full 2):
 par new generation   total 109248K, used 101775K [0x00000007a0000000, 0x00000007a8000000, 0x00000007a8000000)
  eden space 87424K, 100% used [0x00000007a0000000, 0x00000007a5560000, 0x00000007a5560000)
  from space 21824K,  65% used [0x00000007a5560000, 0x00000007a6363fd0, 0x00000007a6ab0000)
  to   space 21824K,   0% used [0x00000007a6ab0000, 0x00000007a6ab0000, 0x00000007a8000000)
 concurrent mark-sweep generation total 393216K, used 40135K [0x00000007a8000000, 0x00000007c0000000, 0x00000007c0000000)
 Metaspace       used 38561K, capacity 39912K, committed 40176K, reserved 1085440K
  class space    used 4522K, capacity 4834K, committed 4884K, reserved 1048576K
2018-01-16T20:47:25.616+0800: 3406.425: [GC (Allocation Failure) 2018-01-16T20:47:25.616+0800: 3406.425: [ParNew
Desired survivor size 20112992 bytes, new threshold 8 (max 8)
- age   1:    2136880 bytes,    2136880 total
- age   2:    4188896 bytes,    6325776 total
- age   3:     916944 bytes,    7242720 total
- age   4:    1429952 bytes,    8672672 total
- age   5:     270024 bytes,    8942696 total
- age   6:     493312 bytes,    9436008 total
- age   7:    1047184 bytes,   10483192 total
- age   8:     496952 bytes,   10980144 total
: 101775K->13943K(109248K), 0.0463533 secs] 141911K->55206K(502464K), 0.0464128 secs] [Times: user=0.03 sys=0.01, real=0.05 secs] 
Heap after GC invocations=69 (full 2):
 par new generation   total 109248K, used 13943K [0x00000007a0000000, 0x00000007a8000000, 0x00000007a8000000)
  eden space 87424K,   0% used [0x00000007a0000000, 0x00000007a0000000, 0x00000007a5560000)
  from space 21824K,  63% used [0x00000007a6ab0000, 0x00000007a784df00, 0x00000007a8000000)
  to   space 21824K,   0% used [0x00000007a5560000, 0x00000007a5560000, 0x00000007a6ab0000)
 concurrent mark-sweep generation total 393216K, used 41262K [0x00000007a8000000, 0x00000007c0000000, 0x00000007c0000000)
 Metaspace       used 38561K, capacity 39912K, committed 40176K, reserved 1085440K
  class space    used 4522K, capacity 4834K, committed 4884K, reserved 1048576K
}
2018-01-16T20:47:25.662+0800: 3406.471: Total time for which application threads were stopped: 0.0573415 seconds, Stopping threads took: 0.0107044 seconds
2018-01-16T20:47:25.665+0800: 3406.474: Total time for which application threads were stopped: 0.0003618 seconds, Stopping threads took: 0.0002449 seconds
2018-01-16T20:47:25.666+0800: 3406.475: Total time for which application threads were stopped: 0.0001519 seconds, Stopping threads took: 0.0000589 seconds
2018-01-16T20:47:25.676+0800: 3406.485: Total time for which application threads were stopped: 0.0001726 seconds, Stopping threads took: 0.0000676 seconds
2018-01-16T20:47:25.681+0800: 3406.490: Total time for which application threads were stopped: 0.0001660 seconds, Stopping threads took: 0.0000667 seconds
2018-01-16T20:47:25.695+0800: 3406.504: Total time for which application threads were stopped: 0.0108048 seconds, Stopping threads took: 0.0106799 seconds
2018-01-16T20:47:25.696+0800: 3406.505: Total time for which application threads were stopped: 0.0003893 seconds, Stopping threads took: 0.0002916 seconds
2018-01-16T20:47:25.697+0800: 3406.506: Total time for which application threads were stopped: 0.0001543 seconds, Stopping threads took: 0.0000562 seconds
2018-01-16T20:47:25.697+0800: 3406.506: Total time for which application threads were stopped: 0.0002515 seconds, Stopping threads took: 0.0000234 seconds
2018-01-16T20:47:25.699+0800: 3406.507: Total time for which application threads were stopped: 0.0001488 seconds, Stopping threads took: 0.0000553 seconds
2018-01-16T20:47:25.700+0800: 3406.509: Total time for which application threads were stopped: 0.0001564 seconds, Stopping threads took: 0.0000585 seconds
2018-01-16T20:47:25.700+0800: 3406.509: Total time for which application threads were stopped: 0.0001340 seconds, Stopping threads took: 0.0000605 seconds
2018-01-16T20:47:25.725+0800: 3406.534: Total time for which application threads were stopped: 0.0054187 seconds, Stopping threads took: 0.0052778 seconds
2018-01-16T20:47:25.736+0800: 3406.545: Total time for which application threads were stopped: 0.0001248 seconds, Stopping threads took: 0.0000243 seconds
2018-01-16T20:47:25.747+0800: 3406.556: Total time for which application threads were stopped: 0.0018118 seconds, Stopping threads took: 0.0016931 seconds
2018-01-16T20:47:25.758+0800: 3406.567: Total time for which application threads were stopped: 0.0101634 seconds, Stopping threads took: 0.0100517 seconds
2018-01-16T20:47:25.758+0800: 3406.567: Total time for which application threads were stopped: 0.0001061 seconds, Stopping threads took: 0.0000228 seconds
2018-01-16T20:47:25.770+0800: 3406.579: Total time for which application threads were stopped: 0.0001288 seconds, Stopping threads took: 0.0000275 seconds
2018-01-16T20:47:25.781+0800: 3406.590: Total time for which application threads were stopped: 0.0096253 seconds, Stopping threads took: 0.0095075 seconds
2018-01-16T20:47:25.782+0800: 3406.590: Total time for which application threads were stopped: 0.0001473 seconds, Stopping threads took: 0.0000615 seconds
2018-01-16T20:47:25.782+0800: 3406.591: Total time for which application threads were stopped: 0.0001092 seconds, Stopping threads took: 0.0000312 seconds
2018-01-16T20:47:25.827+0800: 3406.636: Total time for which application threads were stopped: 0.0001347 seconds, Stopping thread