Java HotSpot(TM) 64-Bit Server VM (25.131-b11) for bsd-amd64 JRE (1.8.0_131-b11), built on Mar 15 2017 01:32:22 by "java_re" with gcc 4.2.1 (Based on Apple Inc. build 5658) (LLVM build 2336.11.00)
Memory: 4k page, physical 8388608k(60476k free)

/proc/meminfo:

CommandLine flags: -XX:CMSInitiatingOccupancyFraction=50 -XX:CMSMaxAbortablePrecleanTime=6000 -XX:+CMSParallelRemarkEnabled -XX:+CMSScavengeBeforeRemark -XX:ConcGCThreads=4 -XX:GCLogFileSize=20971520 -XX:InitialHeapSize=536870912 -XX:MaxHeapSize=536870912 -XX:MaxTenuringThreshold=8 -XX:NewRatio=3 -XX:NumberOfGCLogFiles=9 -XX:OldPLABSize=16 -XX:-OmitStackTraceInFastThrow -XX:OnOutOfMemoryError=/Users/vivianbuan/Documents/SEFS/SOLR/solr-7.2.0/bin/oom_solr.sh 7575 /Users/vivianbuan/Documents/SEFS/SOLR/solr-7.2.0/example/cloud/node2/solr/../logs -XX:ParallelGCThreads=4 -XX:+ParallelRefProcEnabled -XX:PretenureSizeThreshold=67108864 -XX:+PrintGC -XX:+PrintGCApplicationStoppedTime -XX:+PrintGCDateStamps -XX:+PrintGCDetails -XX:+PrintGCTimeStamps -XX:+PrintHeapAtGC -XX:+PrintTenuringDistribution -XX:SurvivorRatio=4 -XX:TargetSurvivorRatio=90 -XX:ThreadStackSize=256 -XX:+UseCMSInitiatingOccupancyOnly -XX:+UseCompressedClassPointers -XX:+UseCompressedOops -XX:+UseConcMarkSweepGC -XX:+UseGCLogFileRotation -XX:+UseParNewGC 
2018-02-17T16:44:56.873+0800: 0.139: Total time for which application threads were stopped: 0.0001170 seconds, Stopping threads took: 0.0000261 seconds
2018-02-17T16:44:56.885+0800: 0.150: Total time for which application threads were stopped: 0.0000737 seconds, Stopping threads took: 0.0000099 seconds
2018-02-17T16:44:56.909+0800: 0.175: Total time for which application threads were stopped: 0.0000588 seconds, Stopping threads took: 0.0000084 seconds
2018-02-17T16:44:56.948+0800: 0.214: Total time for which application threads were stopped: 0.0000684 seconds, Stopping threads took: 0.0000088 seconds
2018-02-17T16:44:56.959+0800: 0.224: Total time for which application threads were stopped: 0.0000981 seconds, Stopping threads took: 0.0000252 seconds
2018-02-17T16:44:57.227+0800: 0.492: Total time for which application threads were stopped: 0.0002014 seconds, Stopping threads took: 0.0000297 seconds
2018-02-17T16:44:57.337+0800: 0.602: Total time for which application threads were stopped: 0.0001681 seconds, Stopping threads took: 0.0000143 seconds
2018-02-17T16:44:57.351+0800: 0.617: Total time for which application threads were stopped: 0.0001780 seconds, Stopping threads took: 0.0000133 seconds
2018-02-17T16:44:57.556+0800: 0.822: Total time for which application threads were stopped: 0.0001934 seconds, Stopping threads took: 0.0000108 seconds
2018-02-17T16:44:57.580+0800: 0.846: Total time for which application threads were stopped: 0.0001798 seconds, Stopping threads took: 0.0000108 seconds
2018-02-17T16:44:58.584+0800: 1.850: Total time for which application threads were stopped: 0.0001340 seconds, Stopping threads took: 0.0000283 seconds
2018-02-17T16:45:00.838+0800: 4.103: Total time for which application threads were stopped: 0.0001920 seconds, Stopping threads took: 0.0000151 seconds
2018-02-17T16:45:02.659+0800: 5.925: Total time for which application threads were stopped: 0.0000661 seconds, Stopping threads took: 0.0000125 seconds
2018-02-17T16:45:02.659+0800: 5.925: Total time for which application threads were stopped: 0.0000488 seconds, Stopping threads took: 0.0000086 seconds
2018-02-17T16:45:02.661+0800: 5.926: Total time for which application threads were stopped: 0.0000831 seconds, Stopping threads took: 0.0000197 seconds
2018-02-17T16:45:02.663+0800: 5.928: Total time for which application threads were stopped: 0.0000559 seconds, Stopping threads took: 0.0000102 seconds
2018-02-17T16:45:02.673+0800: 5.938: Total time for which application threads were stopped: 0.0000684 seconds, Stopping threads took: 0.0000116 seconds
2018-02-17T16:45:02.685+0800: 5.950: Total time for which application threads were stopped: 0.0001145 seconds, Stopping threads took: 0.0000633 seconds
2018-02-17T16:45:02.687+0800: 5.953: Total time for which application threads were stopped: 0.0000453 seconds, Stopping threads took: 0.0000115 seconds
2018-02-17T16:45:02.688+0800: 5.953: Total time for which application threads were stopped: 0.0000300 seconds, Stopping threads took: 0.0000065 seconds
2018-02-17T16:45:02.688+0800: 5.954: Total time for which application threads were stopped: 0.0000364 seconds, Stopping threads took: 0.0000057 seconds
2018-02-17T16:45:02.691+0800: 5.957: Total time for which application threads were stopped: 0.0002147 seconds, Stopping threads took: 0.0001606 seconds
{Heap before GC invocations=0 (full 0):
 par new generation   total 109248K, used 87424K [0x00000007a0000000, 0x00000007a8000000, 0x00000007a8000000)
  eden space 87424K, 100% used [0x00000007a0000000, 0x00000007a5560000, 0x00000007a5560000)
  from space 21824K,   0% used [0x00000007a5560000, 0x00000007a5560000, 0x00000007a6ab0000)
  to   space 21824K,   0% used [0x00000007a6ab0000, 0x00000007a6ab0000, 0x00000007a8000000)
 concurrent mark-sweep generation total 393216K, used 0K [0x00000007a8000000, 0x00000007c0000000, 0x00000007c0000000)
 Metaspace       used 17055K, capacity 17380K, committed 17792K, reserved 1064960K
  class space    used 1980K, capacity 2090K, committed 2176K, reserved 1048576K
2018-02-17T16:45:02.812+0800: 6.078: [GC (Allocation Failure) 2018-02-17T16:45:02.812+0800: 6.078: [ParNew
Desired survivor size 20112992 bytes, new threshold 8 (max 8)
- age   1:    9519176 bytes,    9519176 total
: 87424K->9405K(109248K), 0.0108207 secs] 87424K->9405K(502464K), 0.0109047 secs] [Times: user=0.03 sys=0.01, real=0.01 secs] 
Heap after GC invocations=1 (full 0):
 par new generation   total 109248K, used 9405K [0x00000007a0000000, 0x00000007a8000000, 0x00000007a8000000)
  eden space 87424K,   0% used [0x00000007a0000000, 0x00000007a0000000, 0x00000007a5560000)
  from space 21824K,  43% used [0x00000007a6ab0000, 0x00000007a73df610, 0x00000007a8000000)
  to   space 21824K,   0% used [0x00000007a5560000, 0x00000007a5560000, 0x00000007a6ab0000)
 concurrent mark-sweep generation total 393216K, used 0K [0x00000007a8000000, 0x00000007c0000000, 0x00000007c0000000)
 Metaspace       used 17055K, capacity 17380K, committed 17792K, reserved 1064960K
  class space    used 1980K, capacity 2090K, committed 2176K, reserved 1048576K
}
2018-02-17T16:45:02.823+0800: 6.089: Total time for which application threads were stopped: 0.0110960 seconds, Stopping threads took: 0.0000123 seconds
2018-02-17T16:45:02.841+0800: 6.107: Total time for which application threads were stopped: 0.0002116 seconds, Stopping threads took: 0.0000123 seconds
2018-02-17T16:45:02.842+0800: 6.108: Total time for which application threads were stopped: 0.0001830 seconds, Stopping threads took: 0.0000091 seconds
2018-02-17T16:45:02.846+0800: 6.111: Total time for which application threads were stopped: 0.0002518 seconds, Stopping threads took: 0.0000152 seconds
2018-02-17T16:45:02.855+0800: 6.121: Total time for which application threads were stopped: 0.0002085 seconds, Stopping threads took: 0.0000118 seconds
2018-02-17T16:45:02.900+0800: 6.166: Total time for which application threads were stopped: 0.0001125 seconds, Stopping threads took: 0.0000138 seconds
2018-02-17T16:45:02.938+0800: 6.204: Total time for which application threads were stopped: 0.0002853 seconds, Stopping threads took: 0.0000159 seconds
2018-02-17T16:45:03.050+0800: 6.316: Total time for which application threads were stopped: 0.0002123 seconds, Stopping threads took: 0.0001188 seconds
2018-02-17T16:45:04.051+0800: 7.316: Total time for which application threads were stopped: 0.0001274 seconds, Stopping threads took: 0.0000290 seconds
2018-02-17T16:45:08.150+0800: 11.416: Total time for which application threads were stopped: 0.0001224 seconds, Stopping threads took: 0.0000233 seconds
2018-02-17T16:45:08.150+0800: 11.416: Total time for which application threads were stopped: 0.0000575 seconds, Stopping threads took: 0.0000124 seconds
2018-02-17T16:45:08.150+0800: 11.416: Total time for which application threads were stopped: 0.0000427 seconds, Stopping threads took: 0.0000066 seconds
2018-02-17T16:45:08.156+0800: 11.421: Total time for which application threads were stopped: 0.0000975 seconds, Stopping threads took: 0.0000222 seconds
2018-02-17T16:45:08.156+0800: 11.422: Total time for which application threads were stopped: 0.0000901 seconds, Stopping threads took: 0.0000137 seconds
2018-02-17T16:45:08.164+0800: 11.429: Total time for which application threads were stopped: 0.0000720 seconds, Stopping threads took: 0.0000163 seconds
2018-02-17T16:45:08.164+0800: 11.430: Total time for which application threads were stopped: 0.0000545 seconds, Stopping threads took: 0.0000125 seconds
2018-02-17T16:45:08.164+0800: 11.430: Total time for which application threads were stopped: 0.0000520 seconds, Stopping threads took: 0.0000075 seconds
2018-02-17T16:45:08.170+0800: 11.436: Total time for which application threads were stopped: 0.0000977 seconds, Stopping threads took: 0.0000274 seconds
2018-02-17T16:45:08.191+0800: 11.456: Total time for which application threads were stopped: 0.0001451 seconds, Stopping threads took: 0.0000288 seconds
2018-02-17T16:45:08.201+0800: 11.466: Total time for which application threads were stopped: 0.0000962 seconds, Stopping threads took: 0.0000179 seconds
2018-02-17T16:45:08.231+0800: 11.496: Total time for which application threads were stopped: 0.0001309 seconds, Stopping threads took: 0.0000292 seconds
2018-02-17T16:45:08.238+0800: 11.504: Total time for which application threads were stopped: 0.0000889 seconds, Stopping threads took: 0.0000181 seconds
2018-02-17T16:45:08.257+0800: 11.523: Total time for which application threads were stopped: 0.0001693 seconds, Stopping threads took: 0.0000754 seconds
2018-02-17T16:45:08.258+0800: 11.523: Total time for which application threads were stopped: 0.0000573 seconds, Stopping threads took: 0.0000231 seconds
2018-02-17T16:45:08.258+0800: 11.524: Total time for which application threads were stopped: 0.0000630 seconds, Stopping threads took: 0.0000075 seconds
2018-02-17T16:45:08.259+0800: 11.524: Total time for which application threads were stopped: 0.0000864 seconds, Stopping threads took: 0.0000157 seconds
2018-02-17T16:45:08.259+0800: 11.524: Total time for which application threads were stopped: 0.0000768 seconds, Stopping threads took: 0.0000245 seconds
2018-02-17T16:45:08.351+0800: 11.616: Total time for which application threads were stopped: 0.0000831 seconds, Stopping threads took: 0.0000173 seconds
2018-02-17T16:45:08.381+0800: 11.647: Total time for which application threads were stopped: 0.0002465 seconds, Stopping threads took: 0.0000154 seconds
2018-02-17T16:45:08.399+0800: 11.665: Total time for which application threads were stopped: 0.0001107 seconds, Stopping threads took: 0.0000351 seconds
2018-02-17T16:45:08.825+0800: 12.091: [GC (CMS Initial Mark) [1 CMS-initial-mark: 0K(393216K)] 44183K(502464K), 0.0093472 secs] [Times: user=0.03 sys=0.00, real=0.01 secs] 
2018-02-17T16:45:08.835+0800: 12.100: Total time for which application threads were stopped: 0.0095792 seconds, Stopping threads took: 0.0000396 seconds
2018-02-17T16:45:08.835+0800: 12.100: [CMS-concurrent-mark-start]
2018-02-17T16:45:08.835+0800: 12.100: [CMS-concurrent-mark: 0.000/0.000 secs] [Times: user=0.00 sys=0.00, real=0.00 secs] 
2018-02-17T16:45:08.835+0800: 12.100: [CMS-concurrent-preclean-start]
2018-02-17T16:45:08.836+0800: 12.101: [CMS-concurrent-preclean: 0.001/0.001 secs] [Times: user=0.00 sys=0.00, real=0.00 secs] 
2018-02-17T16:45:08.836+0800: 12.101: [CMS-concurrent-abortable-preclean-start]
2018-02-17T16:45:13.455+0800: 16.721: Total time for which application threads were stopped: 0.0001321 seconds, Stopping threads took: 0.0000466 seconds
2018-02-17T16:45:13.480+0800: 16.745: Total time for which application threads were stopped: 0.0001086 seconds, Stopping threads took: 0.0000176 seconds
2018-02-17T16:45:13.523+0800: 16.788: Total time for which application threads were stopped: 0.0001763 seconds, Stopping threads took: 0.0000483 seconds
2018-02-17T16:45:13.525+0800: 16.791: Total time for which application threads were stopped: 0.0001956 seconds, Stopping threads took: 0.0001169 seconds
2018-02-17T16:45:13.527+0800: 16.793: Total time for which application threads were stopped: 0.0001125 seconds, Stopping threads took: 0.0000300 seconds
2018-02-17T16:45:13.530+0800: 16.795: Total time for which application threads were stopped: 0.0001544 seconds, Stopping threads took: 0.0000350 seconds
2018-02-17T16:45:13.538+0800: 16.803: Total time for which application threads were stopped: 0.0001376 seconds, Stopping threads took: 0.0000529 seconds
2018-02-17T16:45:13.539+0800: 16.805: Total time for which application threads were stopped: 0.0000969 seconds, Stopping threads took: 0.0000293 seconds
2018-02-17T16:45:13.540+0800: 16.805: Total time for which application threads were stopped: 0.0002461 seconds, Stopping threads took: 0.0001630 seconds
2018-02-17T16:45:13.540+0800: 16.806: Total time for which application threads were stopped: 0.0000581 seconds, Stopping threads took: 0.0000175 seconds
2018-02-17T16:45:13.541+0800: 16.806: Total time for which application threads were stopped: 0.0000761 seconds, Stopping threads took: 0.0000213 seconds
2018-02-17T16:45:13.541+0800: 16.807: Total time for which application threads were stopped: 0.0000861 seconds, Stopping threads took: 0.0000221 seconds
2018-02-17T16:45:13.554+0800: 16.820: Total time for which application threads were stopped: 0.0000876 seconds, Stopping threads took: 0.0000185 seconds
2018-02-17T16:45:13.556+0800: 16.821: Total time for which application threads were stopped: 0.0001783 seconds, Stopping threads took: 0.0001230 seconds
2018-02-17T16:45:13.560+0800: 16.825: Total time for which application threads were stopped: 0.0001059 seconds, Stopping threads took: 0.0000378 seconds
2018-02-17T16:45:13.563+0800: 16.828: Total time for which application threads were stopped: 0.0000953 seconds, Stopping threads took: 0.0000381 seconds
2018-02-17T16:45:13.563+0800: 16.828: Total time for which application threads were stopped: 0.0001319 seconds, Stopping threads took: 0.0000665 seconds
2018-02-17T16:45:13.564+0800: 16.829: Total time for which application threads were stopped: 0.0000790 seconds, Stopping threads took: 0.0000128 seconds
2018-02-17T16:45:13.566+0800: 16.831: Total time for which application threads were stopped: 0.0002823 seconds, Stopping threads took: 0.0000345 seconds
2018-02-17T16:45:13.584+0800: 16.849: Total time for which application threads were stopped: 0.0001543 seconds, Stopping threads took: 0.0000495 seconds
2018-02-17T16:45:13.606+0800: 16.871: Total time for which application threads were stopped: 0.0001307 seconds, Stopping threads took: 0.0000292 seconds
2018-02-17T16:45:13.606+0800: 16.871: Total time for which application threads were stopped: 0.0000785 seconds, Stopping threads took: 0.0000119 seconds
2018-02-17T16:45:13.606+0800: 16.871: Total time for which application threads were stopped: 0.0000614 seconds, Stopping threads took: 0.0000072 seconds
2018-02-17T16:45:13.634+0800: 16.899: Total time for which application threads were stopped: 0.0009112 seconds, Stopping threads took: 0.0008173 seconds
2018-02-17T16:45:13.634+0800: 16.899: Total time for which application threads were stopped: 0.0000776 seconds, Stopping threads took: 0.0000132 seconds
2018-02-17T16:45:13.636+0800: 16.901: Total time for which application threads were stopped: 0.0001707 seconds, Stopping threads took: 0.0000983 seconds
2018-02-17T16:45:13.640+0800: 16.905: Total time for which application threads were stopped: 0.0001126 seconds, Stopping threads took: 0.0000382 seconds
2018-02-17T16:45:13.645+0800: 16.911: Total time for which application threads were stopped: 0.0001270 seconds, Stopping threads took: 0.0000431 seconds
2018-02-17T16:45:13.649+0800: 16.914: Total time for which application threads were stopped: 0.0001938 seconds, Stopping threads took: 0.0000924 seconds
2018-02-17T16:45:13.650+0800: 16.915: Total time for which application threads were stopped: 0.0001925 seconds, Stopping threads took: 0.0000834 seconds
2018-02-17T16:45:13.652+0800: 16.918: Total time for which application threads were stopped: 0.0000844 seconds, Stopping threads took: 0.0000158 seconds
2018-02-17T16:45:13.655+0800: 16.920: Total time for which application threads were stopped: 0.0002050 seconds, Stopping threads took: 0.0001386 seconds
2018-02-17T16:45:13.656+0800: 16.922: Total time for which application threads were stopped: 0.0000935 seconds, Stopping threads took: 0.0000254 seconds
2018-02-17T16:45:13.657+0800: 16.922: Total time for which application threads were stopped: 0.0001590 seconds, Stopping threads took: 0.0000731 seconds
2018-02-17T16:45:13.657+0800: 16.922: Total time for which application threads were stopped: 0.0000737 seconds, Stopping threads took: 0.0000144 seconds
2018-02-17T16:45:13.660+0800: 16.925: Total time for which application threads were stopped: 0.0002325 seconds, Stopping threads took: 0.0000319 seconds
2018-02-17T16:45:13.673+0800: 16.939: Total time for which application threads were stopped: 0.0008944 seconds, Stopping threads took: 0.0008119 seconds
2018-02-17T16:45:13.680+0800: 16.946: Total time for which application threads were stopped: 0.0001393 seconds, Stopping threads took: 0.0000363 seconds
2018-02-17T16:45:13.684+0800: 16.950: Total time for which application threads were stopped: 0.0001190 seconds, Stopping threads took: 0.0000200 seconds
2018-02-17T16:45:13.685+0800: 16.951: Total time for which application threads were stopped: 0.0001474 seconds, Stopping threads took: 0.0000777 seconds
2018-02-17T16:45:13.692+0800: 16.957: Total time for which application threads were stopped: 0.0002980 seconds, Stopping threads took: 0.0001878 seconds
2018-02-17T16:45:13.692+0800: 16.957: Total time for which application threads were stopped: 0.0001005 seconds, Stopping threads took: 0.0000121 seconds
2018-02-17T16:45:13.692+0800: 16.957: Total time for which application threads were stopped: 0.0001048 seconds, Stopping threads took: 0.0000235 seconds
2018-02-17T16:45:13.692+0800: 16.957: Total time for which application threads were stopped: 0.0000933 seconds, Stopping threads took: 0.0000213 seconds
2018-02-17T16:45:13.692+0800: 16.958: Total time for which application threads were stopped: 0.0000962 seconds, Stopping threads took: 0.0000226 seconds
2018-02-17T16:45:13.692+0800: 16.958: Total time for which application threads were stopped: 0.0001090 seconds, Stopping threads took: 0.0000224 seconds
2018-02-17T16:45:13.693+0800: 16.958: Total time for which application threads were stopped: 0.0000917 seconds, Stopping threads took: 0.0000205 seconds
2018-02-17T16:45:13.693+0800: 16.958: Total time for which application threads were stopped: 0.0000919 seconds, Stopping threads took: 0.0000217 seconds
2018-02-17T16:45:13.693+0800: 16.958: Total time for which application threads were stopped: 0.0000876 seconds, Stopping threads took: 0.0000197 seconds
2018-02-17T16:45:13.694+0800: 16.959: Total time for which application threads were stopped: 0.0001025 seconds, Stopping threads took: 0.0000153 seconds
2018-02-17T16:45:13.694+0800: 16.959: Total time for which application threads were stopped: 0.0001108 seconds, Stopping threads took: 0.0000363 seconds
2018-02-17T16:45:13.698+0800: 16.964: Total time for which application threads were stopped: 0.0003265 seconds, Stopping threads took: 0.0001892 seconds
2018-02-17T16:45:13.699+0800: 16.964: Total time for which application threads were stopped: 0.0002139 seconds, Stopping threads took: 0.0001461 seconds
2018-02-17T16:45:13.699+0800: 16.964: Total time for which application threads were stopped: 0.0000980 seconds, Stopping threads took: 0.0000269 seconds
2018-02-17T16:45:13.701+0800: 16.966: Total time for which application threads were stopped: 0.0001078 seconds, Stopping threads took: 0.0000356 seconds
2018-02-17T16:45:13.701+0800: 16.966: Total time for which application threads were stopped: 0.0001689 seconds, Stopping threads took: 0.0001061 seconds
2018-02-17T16:45:13.701+0800: 16.967: Total time for which application threads were stopped: 0.0000718 seconds, Stopping threads took: 0.0000209 seconds
2018-02-17T16:45:13.701+0800: 16.967: Total time for which application threads were stopped: 0.0000940 seconds, Stopping threads took: 0.0000417 seconds
2018-02-17T16:45:13.702+0800: 16.968: Total time for which application threads were stopped: 0.0002636 seconds, Stopping threads took: 0.0001993 seconds
2018-02-17T16:45:13.713+0800: 16.978: Total time for which application threads were stopped: 0.0001262 seconds, Stopping threads took: 0.0000354 seconds
2018-02-17T16:45:13.713+0800: 16.978: Total time for which application threads were stopped: 0.0000926 seconds, Stopping threads took: 0.0000330 seconds
2018-02-17T16:45:13.713+0800: 16.978: Total time for which application threads were stopped: 0.0000935 seconds, Stopping threads took: 0.0000261 seconds
2018-02-17T16:45:13.728+0800: 16.993: Total time for which application threads were stopped: 0.0001308 seconds, Stopping threads took: 0.0000203 seconds
2018-02-17T16:45:13.728+0800: 16.993: Total time for which application threads were stopped: 0.0001457 seconds, Stopping threads took: 0.0000944 seconds
2018-02-17T16:45:13.730+0800: 16.995: Total time for which application threads were stopped: 0.0001164 seconds, Stopping threads took: 0.0000188 seconds
2018-02-17T16:45:13.736+0800: 17.002: Total time for which application threads were stopped: 0.0000618 seconds, Stopping threads took: 0.0000155 seconds
2018-02-17T16:45:13.741+0800: 17.007: Total time for which application threads were stopped: 0.0000943 seconds, Stopping threads took: 0.0000393 seconds
2018-02-17T16:45:13.742+0800: 17.008: Total time for which application threads were stopped: 0.0001209 seconds, Stopping threads took: 0.0000429 seconds
2018-02-17T16:45:13.743+0800: 17.008: Total time for which application threads were stopped: 0.0000830 seconds, Stopping threads took: 0.0000319 seconds
2018-02-17T16:45:13.743+0800: 17.008: Total time for which application threads were stopped: 0.0000535 seconds, Stopping threads took: 0.0000084 seconds
2018-02-17T16:45:13.743+0800: 17.008: Total time for which application threads were stopped: 0.0001467 seconds, Stopping threads took: 0.0000711 seconds
2018-02-17T16:45:13.743+0800: 17.009: Total time for which application threads were stopped: 0.0000856 seconds, Stopping threads took: 0.0000366 seconds
2018-02-17T16:45:13.744+0800: 17.009: Total time for which application threads were stopped: 0.0001740 seconds, Stopping threads took: 0.0001217 seconds
2018-02-17T16:45:13.744+0800: 17.009: Total time for which application threads were stopped: 0.0000837 seconds, Stopping threads took: 0.0000296 seconds
2018-02-17T16:45:13.744+0800: 17.010: Total time for which application threads were stopped: 0.0001218 seconds, Stopping threads took: 0.0000724 seconds
2018-02-17T16:45:13.745+0800: 17.010: Total time for which application threads were stopped: 0.0000692 seconds, Stopping threads took: 0.0000195 seconds
2018-02-17T16:45:13.745+0800: 17.010: Total time for which application threads were stopped: 0.0001094 seconds, Stopping threads took: 0.0000599 seconds
2018-02-17T16:45:13.745+0800: 17.010: Total time for which application threads were stopped: 0.0001734 seconds, Stopping threads took: 0.0001275 seconds
2018-02-17T16:45:13.745+0800: 17.010: Total time for which application threads were stopped: 0.0000640 seconds, Stopping threads took: 0.0000186 seconds
2018-02-17T16:45:13.750+0800: 17.016: Total time for which application threads were stopped: 0.0000719 seconds, Stopping threads took: 0.0000149 seconds
2018-02-17T16:45:13.752+0800: 17.017: Total time for which application threads were stopped: 0.0000483 seconds, Stopping threads took: 0.0000077 seconds
2018-02-17T16:45:13.754+0800: 17.019: Total time for which application threads were stopped: 0.0000636 seconds, Stopping threads took: 0.0000118 seconds
2018-02-17T16:45:13.755+0800: 17.020: Total time for which application threads were stopped: 0.0000500 seconds, Stopping threads took: 0.0000091 seconds
2018-02-17T16:45:13.769+0800: 17.035: Total time for which application threads were stopped: 0.0001300 seconds, Stopping threads took: 0.0000196 seconds
2018-02-17T16:45:13.769+0800: 17.035: Total time for which application threads were stopped: 0.0000804 seconds, Stopping threads took: 0.0000117 seconds
2018-02-17T16:45:13.770+0800: 17.035: Total time for which application threads were stopped: 0.0001263 seconds, Stopping threads took: 0.0000171 seconds
2018-02-17T16:45:13.770+0800: 17.035: Total time for which application threads were stopped: 0.0001261 seconds, Stopping threads took: 0.0000400 seconds
2018-02-17T16:45:13.770+0800: 17.036: Total time for which application threads were stopped: 0.0000628 seconds, Stopping threads took: 0.0000237 seconds
2018-02-17T16:45:13.770+0800: 17.036: Total time for which application threads were stopped: 0.0000651 seconds, Stopping threads took: 0.0000250 seconds
2018-02-17T16:45:13.771+0800: 17.036: Total time for which application threads were stopped: 0.0000601 seconds, Stopping threads took: 0.0000190 seconds
2018-02-17T16:45:13.771+0800: 17.036: Total time for which application threads were stopped: 0.0000473 seconds, Stopping threads took: 0.0000086 seconds
2018-02-17T16:45:13.774+0800: 17.039: Total time for which application threads were stopped: 0.0001908 seconds, Stopping threads took: 0.0001080 seconds
2018-02-17T16:45:13.775+0800: 17.041: Total time for which application threads were stopped: 0.0001176 seconds, Stopping threads took: 0.0000298 seconds
2018-02-17T16:45:13.775+0800: 17.041: Total time for which application threads were stopped: 0.0001426 seconds, Stopping threads took: 0.0000233 seconds
2018-02-17T16:45:13.776+0800: 17.041: Total time for which application threads were stopped: 0.0000583 seconds, Stopping threads took: 0.0000113 seconds
2018-02-17T16:45:13.777+0800: 17.042: Total time for which application threads were stopped: 0.0000622 seconds, Stopping threads took: 0.0000099 seconds
2018-02-17T16:45:13.795+0800: 17.060: Total time for which application threads were stopped: 0.0000788 seconds, Stopping threads took: 0.0000182 seconds
2018-02-17T16:45:13.796+0800: 17.061: Total time for which application threads were stopped: 0.0000867 seconds, Stopping threads took: 0.0000408 seconds
2018-02-17T16:45:13.804+0800: 17.069: Total time for which application threads were stopped: 0.0001310 seconds, Stopping threads took: 0.0000587 seconds
2018-02-17T16:45:13.806+0800: 17.072: Total time for which application threads were stopped: 0.0000965 seconds, Stopping threads took: 0.0000419 seconds
{Heap before GC invocations=1 (full 1):
 par new generation   total 109248K, used 96829K [0x00000007a0000000, 0x00000007a8000000, 0x00000007a8000000)
  eden space 87424K, 100% used [0x00000007a0000000, 0x00000007a5560000, 0x00000007a5560000)
  from space 21824K,  43% used [0x00000007a6ab0000, 0x00000007a73df610, 0x00000007a8000000)
  to   space 21824K,   0% used [0x00000007a5560000, 0x00000007a5560000, 0x00000007a6ab0000)
 concurrent mark-sweep generation total 393216K, used 0K [0x00000007a8000000, 0x00000007c0000000, 0x00000007c0000000)
 Metaspace       used 24481K, capacity 25181K, committed 25280K, reserved 1071104K
  class space    used 2935K, capacity 3154K, committed 3168K, reserved 1048576K
2018-02-17T16:45:13.857+0800: 17.122: [GC (Allocation Failure) 2018-02-17T16:45:13.857+0800: 17.122: [ParNew
Desired survivor size 20112992 bytes, new threshold 8 (max 8)
- age   1:    9865744 bytes,    9865744 total
- age   2:    4098176 bytes,   13963920 total
: 96829K->16975K(109248K), 0.0211839 secs] 96829K->16975K(502464K), 0.0216034 secs] [Times: user=0.05 sys=0.01, real=0.02 secs] 
Heap after GC invocations=2 (full 1):
 par new generation   total 109248K, used 16975K [0x00000007a0000000, 0x00000007a8000000, 0x00000007a8000000)
  eden space 87424K,   0% used [0x00000007a0000000, 0x00000007a0000000, 0x00000007a5560000)
  from space 21824K,  77% used [0x00000007a5560000, 0x00000007a65f3f20, 0x00000007a6ab0000)
  to   space 21824K,   0% used [0x00000007a6ab0000, 0x00000007a6ab0000, 0x00000007a8000000)
 concurrent mark-sweep generation total 393216K, used 0K [0x00000007a8000000, 0x00000007c0000000, 0x00000007c0000000)
 Metaspace       used 24481K, capacity 25181K, committed 25280K, reserved 1071104K
  class space    used 2935K, capacity 3154K, committed 3168K, reserved 1048576K
}
2018-02-17T16:45:13.878+0800: 17.144: Total time for which application threads were stopped: 0.0218346 seconds, Stopping threads took: 0.0000297 seconds
2018-02-17T16:45:13.888+0800: 17.154: Total time for which application threads were stopped: 0.0006039 seconds, Stopping threads took: 0.0005171 seconds
2018-02-17T16:45:13.889+0800: 17.154: Total time for which application threads were stopped: 0.0001277 seconds, Stopping threads took: 0.0000669 seconds
2018-02-17T16:45:13.890+0800: 17.155: Total time for which application threads were stopped: 0.0000815 seconds, Stopping threads took: 0.0000239 seconds
2018-02-17T16:45:13.890+0800: 17.156: Total time for which application threads were stopped: 0.0000648 seconds, Stopping threads took: 0.0000196 seconds
2018-02-17T16:45:13.890+0800: 17.156: Total time for which application threads were stopped: 0.0000709 seconds, Stopping threads took: 0.0000118 seconds
2018-02-17T16:45:13.891+0800: 17.156: Total time for which application threads were stopped: 0.0000810 seconds, Stopping threads took: 0.0000267 seconds
2018-02-17T16:45:13.912+0800: 17.177: Total time for which application threads were stopped: 0.0001697 seconds, Stopping threads took: 0.0000871 seconds
2018-02-17T16:45:13.920+0800: 17.185: Total time for which application threads were stopped: 0.0003570 seconds, Stopping threads took: 0.0000341 seconds
2018-02-17T16:45:13.949+0800: 17.214: Total time for which application threads were stopped: 0.0003138 seconds, Stopping threads took: 0.0000338 seconds
2018-02-17T16:45:14.026+0800: 17.291: Total time for which application threads were stopped: 0.0001488 seconds, Stopping threads took: 0.0000482 seconds
2018-02-17T16:45:14.026+0800: 17.292: [CMS-concurrent-abortable-preclean: 1.481/5.190 secs] [Times: user=2.80 sys=0.09, real=5.19 secs] 
2018-02-17T16:45:14.028+0800: 17.293: [GC (CMS Final Remark) [YG occupancy: 66960 K (109248 K)]{Heap before GC invocations=2 (full 1):
 par new generation   total 109248K, used 66960K [0x00000007a0000000, 0x00000007a8000000, 0x00000007a8000000)
  eden space 87424K,  57% used [0x00000007a0000000, 0x00000007a30d04c0, 0x00000007a5560000)
  from space 21824K,  77% used [0x00000007a5560000, 0x00000007a65f3f20, 0x00000007a6ab0000)
  to   space 21824K,   0% used [0x00000007a6ab0000, 0x00000007a6ab0000, 0x00000007a8000000)
 concurrent mark-sweep generation total 393216K, used 0K [0x00000007a8000000, 0x00000007c0000000, 0x00000007c0000000)
 Metaspace       used 25157K, capacity 25911K, committed 26200K, reserved 1073152K
  class space    used 2996K, capacity 3231K, committed 3244K, reserved 1048576K
2018-02-17T16:45:14.028+0800: 17.293: [GC (CMS Final Remark) 2018-02-17T16:45:14.028+0800: 17.293: [ParNew
Desired survivor size 20112992 bytes, new threshold 8 (max 8)
- age   1:     966848 bytes,     966848 total
- age   2:    4547224 bytes,    5514072 total
- age   3:    4085288 bytes,    9599360 total
: 66960K->11642K(109248K), 0.0108440 secs] 66960K->11642K(502464K), 0.0108938 secs] [Times: user=0.04 sys=0.00, real=0.01 secs] 
Heap after GC invocations=3 (full 1):
 par new generation   total 109248K, used 11642K [0x00000007a0000000, 0x00000007a8000000, 0x00000007a8000000)
  eden space 87424K,   0% used [0x00000007a0000000, 0x00000007a0000000, 0x00000007a5560000)
  from space 21824K,  53% used [0x00000007a6ab0000, 0x00000007a760e8a0, 0x00000007a8000000)
  to   space 21824K,   0% used [0x00000007a5560000, 0x00000007a5560000, 0x00000007a6ab0000)
 concurrent mark-sweep generation total 393216K, used 0K [0x00000007a8000000, 0x00000007c0000000, 0x00000007c0000000)
 Metaspace       used 25157K, capacity 25911K, committed 26200K, reserved 1073152K
  class space    used 2996K, capacity 3231K, committed 3244K, reserved 1048576K
}
2018-02-17T16:45:14.039+0800: 17.304: [Rescan (parallel) , 0.0044486 secs]2018-02-17T16:45:14.043+0800: 17.309: [weak refs processing, 0.0040369 secs]2018-02-17T16:45:14.047+0800: 17.313: [class unloading, 0.0035465 secs]2018-02-17T16:45:14.051+0800: 17.316: [scrub symbol table, 0.0040813 secs]2018-02-17T16:45:14.055+0800: 17.320: [scrub string table, 0.0003683 secs][1 CMS-remark: 0K(393216K)] 11642K(502464K), 0.0282357 secs] [Times: user=0.08 sys=0.00, real=0.03 secs] 
2018-02-17T16:45:14.056+0800: 17.322: Total time for which application threads were stopped: 0.0289705 seconds, Stopping threads took: 0.0006387 seconds
2018-02-17T16:45:14.056+0800: 17.322: Total time for which application threads were stopped: 0.0000957 seconds, Stopping threads took: 0.0000238 seconds
2018-02-17T16:45:14.056+0800: 17.322: [CMS-concurrent-sweep-start]
2018-02-17T16:45:14.056+0800: 17.322: [CMS-concurrent-sweep: 0.000/0.000 secs] [Times: user=0.00 sys=0.00, real=0.00 secs] 
2018-02-17T16:45:14.056+0800: 17.322: [CMS-concurrent-reset-start]
2018-02-17T16:45:14.060+0800: 17.325: Total time for which application threads were stopped: 0.0001603 seconds, Stopping threads took: 0.0000936 seconds
2018-02-17T16:45:14.060+0800: 17.326: Total time for which application threads were stopped: 0.0000586 seconds, Stopping threads took: 0.0000176 seconds
2018-02-17T16:45:14.061+0800: 17.326: Total time for which application threads were stopped: 0.0000805 seconds, Stopping threads took: 0.0000181 seconds
2018-02-17T16:45:14.061+0800: 17.327: Total time for which application threads were stopped: 0.0000620 seconds, Stopping threads took: 0.0000089 seconds
2018-02-17T16:45:14.061+0800: 17.327: Total time for which application threads were stopped: 0.0000459 seconds, Stopping threads took: 0.0000079 seconds
2018-02-17T16:45:14.061+0800: 17.327: Total time for which application threads were stopped: 0.0000416 seconds, Stopping threads took: 0.0000072 seconds
2018-02-17T16:45:14.062+0800: 17.327: Total time for which application threads were stopped: 0.0002941 seconds, Stopping threads took: 0.0002517 seconds
2018-02-17T16:45:14.062+0800: 17.327: Total time for which application threads were stopped: 0.0004086 seconds, Stopping threads took: 0.0000161 seconds
2018-02-17T16:45:14.069+0800: 17.334: [CMS-concurrent-reset: 0.011/0.012 secs] [Times: user=0.02 sys=0.00, real=0.01 secs] 
2018-02-17T16:45:14.103+0800: 17.368: Total time for which application threads were stopped: 0.0001775 seconds, Stopping threads took: 0.0000383 seconds
2018-02-17T16:45:14.109+0800: 17.374: Total time for which application threads were stopped: 0.0000698 seconds, Stopping threads took: 0.0000191 seconds
2018-02-17T16:45:14.109+0800: 17.374: Total time for which application threads were stopped: 0.0000515 seconds, Stopping threads took: 0.0000105 seconds
2018-02-17T16:45:14.138+0800: 17.404: Total time for which application threads were stopped: 0.0001248 seconds, Stopping threads took: 0.0000192 seconds
2018-02-17T16:45:14.163+0800: 17.429: Total time for which application threads were stopped: 0.0000996 seconds, Stopping threads took: 0.0000296 seconds
2018-02-17T16:45:14.164+0800: 17.429: Total time for which application threads were stopped: 0.0000475 seconds, Stopping threads took: 0.0000079 seconds
2018-02-17T16:45:14.164+0800: 17.429: Total time for which application threads were stopped: 0.0000526 seconds, Stopping threads took: 0.0000084 seconds
2018-02-17T16:45:14.165+0800: 17.430: Total time for which application threads were stopped: 0.0001312 seconds, Stopping threads took: 0.0000428 seconds
2018-02-17T16:45:14.166+0800: 17.432: Total time for which application threads were stopped: 0.0000658 seconds, Stopping threads took: 0.0000168 seconds
2018-02-17T16:45:14.166+0800: 17.432: Total time for which application threads were stopped: 0.0000410 seconds, Stopping threads took: 0.0000088 seconds
2018-02-17T16:45:14.166+0800: 17.432: Total time for which application threads were stopped: 0.0000647 seconds, Stopping threads took: 0.0000202 seconds
2018-02-17T16:45:14.167+0800: 17.432: Total time for which application threads were stopped: 0.0000302 seconds, Stopping threads took: 0.0000056 seconds
2018-02-17T16:45:14.167+0800: 17.432: Total time for which application threads were stopped: 0.0000296 seconds, Stopping threads took: 0.0000054 seconds
2018-02-17T16:45:14.167+0800: 17.432: Total time for which application threads were stopped: 0.0000284 seconds, Stopping threads took: 0.0000051 seconds
2018-02-17T16:45:14.167+0800: 17.432: Total time for which application threads were stopped: 0.0000276 seconds, Stopping threads took: 0.0000050 seconds
2018-02-17T16:45:14.167+0800: 17.432: Total time for which application threads were stopped: 0.0000276 seconds, Stopping threads took: 0.0000052 seconds
2018-02-17T16:45:14.168+0800: 17.433: Total time for which application threads were stopped: 0.0000616 seconds, Stopping threads took: 0.0000069 seconds
2018-02-17T16:45:14.169+0800: 17.435: Total time for which application threads were stopped: 0.0000455 seconds, Stopping threads took: 0.0000107 seconds
2018-02-17T16:45:14.242+0800: 17.507: Total time for which application threads were stopped: 0.0004763 seconds, Stopping threads took: 0.0003623 seconds
2018-02-17T16:45:14.249+0800: 17.514: Total time for which application threads were stopped: 0.0002384 seconds, Stopping threads took: 0.0001754 seconds
{Heap before GC invocations=3 (full 1):
 par new generation   total 109248K, used 99066K [0x00000007a0000000, 0x00000007a8000000, 0x00000007a8000000)
  eden space 87424K, 100% used [0x00000007a0000000, 0x00000007a5560000, 0x00000007a5560000)
  from space 21824K,  53% used [0x00000007a6ab0000, 0x00000007a760e8a0, 0x00000007a8000000)
  to   space 21824K,   0% used [0x00000007a5560000, 0x00000007a5560000, 0x00000007a6ab0000)
 concurrent mark-sweep generation total 393216K, used 0K [0x00000007a8000000, 0x00000007c0000000, 0x00000007c0000000)
 Metaspace       used 26309K, capacity 27049K, committed 27224K, reserved 1073152K
  class space    used 3157K, capacity 3394K, committed 3500K, reserved 1048576K
2018-02-17T16:45:14.261+0800: 17.526: [GC (Allocation Failure) 2018-02-17T16:45:14.261+0800: 17.526: [ParNew
Desired survivor size 20112992 bytes, new threshold 8 (max 8)
- age   1:    2422576 bytes,    2422576 total
- age   2:     443656 bytes,    2866232 total
- age   3:    4382600 bytes,    7248832 total
- age   4:    4085088 bytes,   11333920 total
: 99066K->17397K(109248K), 0.0107361 secs] 99066K->17397K(502464K), 0.0108152 secs] [Times: user=0.03 sys=0.00, real=0.01 secs] 
Heap after GC invocations=4 (full 1):
 par new generation   total 109248K, used 17397K [0x00000007a0000000, 0x00000007a8000000, 0x00000007a8000000)
  eden space 87424K,   0% used [0x00000007a0000000, 0x00000007a0000000, 0x00000007a5560000)
  from space 21824K,  79% used [0x00000007a5560000, 0x00000007a665d4c0, 0x00000007a6ab0000)
  to   space 21824K,   0% used [0x00000007a6ab0000, 0x00000007a6ab0000, 0x00000007a8000000)
 concurrent mark-sweep generation total 393216K, used 0K [0x00000007a8000000, 0x00000007c0000000, 0x00000007c0000000)
 Metaspace       used 26309K, capacity 27049K, committed 27224K, reserved 1073152K
  class space    used 3157K, capacity 3394K, committed 3500K, reserved 1048576K
}
2018-02-17T16:45:14.272+0800: 17.537: Total time for which application threads were stopped: 0.0110376 seconds, Stopping threads took: 0.0000813 seconds
2018-02-17T16:45:14.273+0800: 17.538: Total time for which application threads were stopped: 0.0000964 seconds, Stopping threads took: 0.0000218 seconds
{Heap before GC invocations=4 (full 1):
 par new generation   total 109248K, used 104821K [0x00000007a0000000, 0x00000007a8000000, 0x00000007a8000000)
  eden space 87424K, 100% used [0x00000007a0000000, 0x00000007a5560000, 0x00000007a5560000)
  from space 21824K,  79% used [0x00000007a5560000, 0x00000007a665d4c0, 0x00000007a6ab0000)
  to   space 21824K,   0% used [0x00000007a6ab0000, 0x00000007a6ab0000, 0x00000007a8000000)
 concurrent mark-sweep generation total 393216K, used 0K [0x00000007a8000000, 0x00000007c0000000, 0x00000007c0000000)
 Metaspace       used 26474K, capacity 27195K, committed 27480K, reserved 1073152K
  class space    used 3172K, capacity 3397K, committed 3500K, reserved 1048576K
2018-02-17T16:45:14.340+0800: 17.606: [GC (Allocation Failure) 2018-02-17T16:45:14.340+0800: 17.606: [ParNew
Desired survivor size 20112992 bytes, new threshold 8 (max 8)
- age   1:     696032 bytes,     696032 total
- age   2:    1380152 bytes,    2076184 total
- age   3:     443656 bytes,    2519840 total
- age   4:    4382304 bytes,    6902144 total
- age   5:    4085512 bytes,   10987656 total
: 104821K->13130K(109248K), 0.0104844 secs] 104821K->13130K(502464K), 0.0105826 secs] [Times: user=0.04 sys=0.00, real=0.01 secs] 
Heap after GC invocations=5 (full 1):
 par new generation   total 109248K, used 13130K [0x00000007a0000000, 0x00000007a8000000, 0x00000007a8000000)
  eden space 87424K,   0% used [0x00000007a0000000, 0x00000007a0000000, 0x00000007a5560000)
  from space 21824K,  60% used [0x00000007a6ab0000, 0x00000007a7782ad0, 0x00000007a8000000)
  to   space 21824K,   0% used [0x00000007a5560000, 0x00000007a5560000, 0x00000007a6ab0000)
 concurrent mark-sweep generation total 393216K, used 0K [0x00000007a8000000, 0x00000007c0000000, 0x00000007c0000000)
 Metaspace       used 26474K, capacity 27195K, committed 27480K, reserved 1073152K
  class space    used 3172K, capacity 3397K, committed 3500K, reserved 1048576K
}
2018-02-17T16:45:14.351+0800: 17.616: Total time for which application threads were stopped: 0.0110081 seconds, Stopping threads took: 0.0002819 seconds
2018-02-17T16:45:14.415+0800: 17.681: Total time for which application threads were stopped: 0.0003178 seconds, Stopping threads took: 0.0002125 seconds
2018-02-17T16:45:14.416+0800: 17.681: Total time for which application threads were stopped: 0.0000815 seconds, Stopping threads took: 0.0000278 seconds
{Heap before GC invocations=5 (full 1):
 par new generation   total 109248K, used 100554K [0x00000007a0000000, 0x00000007a8000000, 0x00000007a8000000)
  eden space 87424K, 100% used [0x00000007a0000000, 0x00000007a5560000, 0x00000007a5560000)
  from space 21824K,  60% used [0x00000007a6ab0000, 0x00000007a7782ad0, 0x00000007a8000000)
  to   space 21824K,   0% used [0x00000007a5560000, 0x00000007a5560000, 0x00000007a6ab0000)
 concurrent mark-sweep generation total 393216K, used 0K [0x00000007a8000000, 0x00000007c0000000, 0x00000007c0000000)
 Metaspace       used 26794K, capacity 27559K, committed 27736K, reserved 1073152K
  class space    used 3211K, capacity 3431K, committed 3500K, reserved 1048576K
2018-02-17T16:45:14.433+0800: 17.698: [GC (Allocation Failure) 2018-02-17T16:45:14.433+0800: 17.698: [ParNew
Desired survivor size 20112992 bytes, new threshold 8 (max 8)
- age   1:     392512 bytes,     392512 total
- age   2:     129192 bytes,     521704 total
- age   3:    1374688 bytes,    1896392 total
- age   4:     443464 bytes,    2339856 total
- age   5:    4381888 bytes,    6721744 total
- age   6:    4084816 bytes,   10806560 total
: 100554K->16380K(109248K), 0.0151802 secs] 100554K->16380K(502464K), 0.0152401 secs] [Times: user=0.05 sys=0.00, real=0.01 secs] 
Heap after GC invocations=6 (full 1):
 par new generation   total 109248K, used 16380K [0x00000007a0000000, 0x00000007a8000000, 0x00000007a8000000)
  eden space 87424K,   0% used [0x00000007a0000000, 0x00000007a0000000, 0x00000007a5560000)
  from space 21824K,  75% used [0x00000007a5560000, 0x00000007a655f038, 0x00000007a6ab0000)
  to   space 21824K,   0% used [0x00000007a6ab0000, 0x00000007a6ab0000, 0x00000007a8000000)
 concurrent mark-sweep generation total 393216K, used 0K [0x00000007a8000000, 0x00000007c0000000, 0x00000007c0000000)
 Metaspace       used 26794K, capacity 27559K, committed 27736K, reserved 1073152K
  class space    used 3211K, capacity 3431K, committed 3500K, reserved 1048576K
}
2018-02-17T16:45:14.448+0800: 17.713: Total time for which application threads were stopped: 0.0153977 seconds, Stopping threads took: 0.0000339 seconds
2018-02-17T16:45:14.483+0800: 17.748: Total time for which application threads were stopped: 0.0007287 seconds, Stopping threads took: 0.0006435 seconds
2018-02-17T16:45:14.487+0800: 17.752: Total time for which application threads were stopped: 0.0000880 seconds, Stopping threads took: 0.0000183 seconds
2018-02-17T16:45:14.492+0800: 17.758: Total time for which application threads were stopped: 0.0000971 seconds, Stopping threads took: 0.0000301 seconds
2018-02-17T16:45:14.498+0800: 17.763: Total time for which application threads were stopped: 0.0004299 seconds, Stopping threads took: 0.0000378 seconds
2018-02-17T16:45:14.506+0800: 17.772: Total time for which application threads were stopped: 0.0002211 seconds, Stopping threads took: 0.0001564 seconds
2018-02-17T16:45:14.576+0800: 17.842: Total time for which application threads were stopped: 0.0014573 seconds, Stopping threads took: 0.0011134 seconds
2018-02-17T16:45:14.761+0800: 18.026: Total time for which application threads were stopped: 0.0002394 seconds, Stopping threads took: 0.0000408 seconds
2018-02-17T16:45:14.773+0800: 18.038: Total time for which application threads were stopped: 0.0001746 seconds, Stopping threads took: 0.0000841 seconds
{Heap before GC invocations=6 (full 1):
 par new generation   total 109248K, used 103804K [0x00000007a0000000, 0x00000007a8000000, 0x00000007a8000000)
  eden space 87424K, 100% used [0x00000007a0000000, 0x00000007a5560000, 0x00000007a5560000)
  from space 21824K,  75% used [0x00000007a5560000, 0x00000007a655f038, 0x00000007a6ab0000)
  to   space 21824K,   0% used [0x00000007a6ab0000, 0x00000007a6ab0000, 0x00000007a8000000)
 concurrent mark-sweep generation total 393216K, used 0K [0x00000007a8000000, 0x00000007c0000000, 0x00000007c0000000)
 Metaspace       used 28340K, capacity 29145K, committed 29228K, reserved 1075200K
  class space    used 3376K, capacity 3610K, committed 3628K, reserved 1048576K
2018-02-17T16:45:14.877+0800: 18.143: [GC (Allocation Failure) 2018-02-17T16:45:14.877+0800: 18.143: [ParNew
Desired survivor size 20112992 bytes, new threshold 8 (max 8)
- age   1:    3228152 bytes,    3228152 total
- age   2:      50960 bytes,    3279112 total
- age   3:      26976 bytes,    3306088 total
- age   4:     293208 bytes,    3599296 total
- age   5:     129440 bytes,    3728736 total
- age   6:    3508032 bytes,    7236768 total
- age   7:    4083224 bytes,   11319992 total
: 103804K->14935K(109248K), 0.0128924 secs] 103804K->14935K(502464K), 0.0129769 secs] [Times: user=0.04 sys=0.00, real=0.02 secs] 
Heap after GC invocations=7 (full 1):
 par new generation   total 109248K, used 14935K [0x00000007a0000000, 0x00000007a8000000, 0x00000007a8000000)
  eden space 87424K,   0% used [0x00000007a0000000, 0x00000007a0000000, 0x00000007a5560000)
  from space 21824K,  68% used [0x00000007a6ab0000, 0x00000007a7945c20, 0x00000007a8000000)
  to   space 21824K,   0% used [0x00000007a5560000, 0x00000007a5560000, 0x00000007a6ab0000)
 concurrent mark-sweep generation total 393216K, used 0K [0x00000007a8000000, 0x00000007c0000000, 0x00000007c0000000)
 Metaspace       used 28340K, capacity 29145K, committed 29228K, reserved 1075200K
  class space    used 3376K, capacity 3610K, committed 3628K, reserved 1048576K
}
2018-02-17T16:45:14.890+0800: 18.156: Total time for which application threads were stopped: 0.0131904 seconds, Stopping threads took: 0.0000223 seconds
2018-02-17T16:45:14.891+0800: 18.156: Total time for which application threads were stopped: 0.0001762 seconds, Stopping threads took: 0.0000998 seconds
2018-02-17T16:45:14.894+0800: 18.160: Total time for which application threads were stopped: 0.0002150 seconds, Stopping threads took: 0.0001373 seconds
{Heap before GC invocations=7 (full 1):
 par new generation   total 109248K, used 102359K [0x00000007a0000000, 0x00000007a8000000, 0x00000007a8000000)
  eden space 87424K, 100% used [0x00000007a0000000, 0x00000007a5560000, 0x00000007a5560000)
  from space 21824K,  68% used [0x00000007a6ab0000, 0x00000007a7945c20, 0x00000007a8000000)
  to   space 21824K,   0% used [0x00000007a5560000, 0x00000007a5560000, 0x00000007a6ab0000)
 concurrent mark-sweep generation total 393216K, used 0K [0x00000007a8000000, 0x00000007c0000000, 0x00000007c0000000)
 Metaspace       used 28374K, capacity 29157K, committed 29228K, reserved 1075200K
  class space    used 3377K, capacity 3612K, committed 3628K, reserved 1048576K
2018-02-17T16:45:14.959+0800: 18.224: [GC (Allocation Failure) 2018-02-17T16:45:14.959+0800: 18.224: [ParNew
Desired survivor size 20112992 bytes, new threshold 8 (max 8)
- age   1:     573456 bytes,     573456 total
- age   2:    1764120 bytes,    2337576 total
- age   3:      50960 bytes,    2388536 total
- age   4:      26768 bytes,    2415304 total
- age   5:     293208 bytes,    2708512 total
- age   6:     129440 bytes,    2837952 total
- age   7:    3508000 bytes,    6345952 total
- age   8:    4083208 bytes,   10429160 total
: 102359K->13475K(109248K), 0.0116789 secs] 102359K->13475K(502464K), 0.0117692 secs] [Times: user=0.04 sys=0.00, real=0.02 secs] 
Heap after GC invocations=8 (full 1):
 par new generation   total 109248K, used 13475K [0x00000007a0000000, 0x00000007a8000000, 0x00000007a8000000)
  eden space 87424K,   0% used [0x00000007a0000000, 0x00000007a0000000, 0x00000007a5560000)
  from space 21824K,  61% used [0x00000007a5560000, 0x00000007a6288cf0, 0x00000007a6ab0000)
  to   space 21824K,   0% used [0x00000007a6ab0000, 0x00000007a6ab0000, 0x00000007a8000000)
 concurrent mark-sweep generation total 393216K, used 0K [0x00000007a8000000, 0x00000007c0000000, 0x00000007c0000000)
 Metaspace       used 28374K, capacity 29157K, committed 29228K, reserved 1075200K
  class space    used 3377K, capacity 3612K, committed 3628K, reserved 1048576K
}
2018-02-17T16:45:14.971+0800: 18.236: Total time for which application threads were stopped: 0.0119551 seconds, Stopping threads took: 0.0000238 seconds
2018-02-17T16:45:15.116+0800: 18.381: Total time for which application threads were stopped: 0.0001550 seconds, Stopping threads took: 0.0000196 seconds
2018-02-17T16:45:15.116+0800: 18.381: Total time for which application threads were stopped: 0.0001323 seconds, Stopping threads took: 0.0000077 seconds
2018-02-17T16:45:15.116+0800: 18.381: Total time for which application threads were stopped: 0.0000685 seconds, Stopping threads took: 0.0000227 seconds
2018-02-17T16:45:15.123+0800: 18.388: Total time for which application threads were stopped: 0.0000811 seconds, Stopping threads took: 0.0000205 seconds
2018-02-17T16:45:15.142+0800: 18.407: Total time for which application threads were stopped: 0.0003799 seconds, Stopping threads took: 0.0000173 seconds
2018-02-17T16:45:15.163+0800: 18.429: Total time for which application threads were stopped: 0.0001001 seconds, Stopping threads took: 0.0000181 seconds
2018-02-17T16:45:15.264+0800: 18.530: Total time for which application threads were stopped: 0.0000849 seconds, Stopping threads took: 0.0000167 seconds
2018-02-17T16:45:15.265+0800: 18.530: Total time for which application threads were stopped: 0.0000555 seconds, Stopping threads took: 0.0000115 seconds
2018-02-17T16:45:15.382+0800: 18.647: Total time for which application threads were stopped: 0.0001458 seconds, Stopping threads took: 0.0000367 seconds
2018-02-17T16:45:15.418+0800: 18.683: Total time for which application threads were stopped: 0.0001517 seconds, Stopping threads took: 0.0000427 seconds
2018-02-17T16:45:15.418+0800: 18.684: Total time for which application threads were stopped: 0.0001486 seconds, Stopping threads took: 0.0000794 seconds
2018-02-17T16:45:15.418+0800: 18.684: Total time for which application threads were stopped: 0.0000644 seconds, Stopping threads took: 0.0000095 seconds
2018-02-17T16:45:15.418+0800: 18.684: Total time for which application threads were stopped: 0.0000948 seconds, Stopping threads took: 0.0000455 seconds
2018-02-17T16:45:15.418+0800: 18.684: Total time for which application threads were stopped: 0.0000649 seconds, Stopping threads took: 0.0000189 seconds
{Heap before GC invocations=8 (full 1):
 par new generation   total 109248K, used 100899K [0x00000007a0000000, 0x00000007a8000000, 0x00000007a8000000)
  eden space 87424K, 100% used [0x00000007a0000000, 0x00000007a5560000, 0x00000007a5560000)
  from space 21824K,  61% used [0x00000007a5560000, 0x00000007a6288cf0, 0x00000007a6ab0000)
  to   space 21824K,   0% used [0x00000007a6ab0000, 0x00000007a6ab0000, 0x00000007a8000000)
 concurrent mark-sweep generation total 393216K, used 0K [0x00000007a8000000, 0x00000007c0000000, 0x00000007c0000000)
 Metaspace       used 31250K, capacity 32091K, committed 32172K, reserved 1077248K
  class space    used 3769K, capacity 3997K, committed 4012K, reserved 1048576K
2018-02-17T16:45:15.450+0800: 18.716: [GC (Allocation Failure) 2018-02-17T16:45:15.450+0800: 18.716: [ParNew
Desired survivor size 20112992 bytes, new threshold 8 (max 8)
- age   1:    4376016 bytes,    4376016 total
- age   2:     104464 bytes,    4480480 total
- age   3:    1170424 bytes,    5650904 total
- age   4:      50960 bytes,    5701864 total
- age   5:      26768 bytes,    5728632 total
- age   6:     290392 bytes,    6019024 total
- age   7:     129312 bytes,    6148336 total
- age   8:    3500888 bytes,    9649224 total
: 100899K->11625K(109248K), 0.0254073 secs] 100899K->16013K(502464K), 0.0255058 secs] [Times: user=0.08 sys=0.01, real=0.02 secs] 
Heap after GC invocations=9 (full 1):
 par new generation   total 109248K, used 11625K [0x00000007a0000000, 0x00000007a8000000, 0x00000007a8000000)
  eden space 87424K,   0% used [0x00000007a0000000, 0x00000007a0000000, 0x00000007a5560000)
  from space 21824K,  53% used [0x00000007a6ab0000, 0x00000007a760a508, 0x00000007a8000000)
  to   space 21824K,   0% used [0x00000007a5560000, 0x00000007a5560000, 0x00000007a6ab0000)
 concurrent mark-sweep generation total 393216K, used 4388K [0x00000007a8000000, 0x00000007c0000000, 0x00000007c0000000)
 Metaspace       used 31250K, capacity 32091K, committed 32172K, reserved 1077248K
  class space    used 3769K, capacity 3997K, committed 4012K, reserved 1048576K
}
2018-02-17T16:45:15.476+0800: 18.741: Total time for which application threads were stopped: 0.0257275 seconds, Stopping threads took: 0.0000677 seconds
2018-02-17T16:45:15.478+0800: 18.743: Total time for which application threads were stopped: 0.0004971 seconds, Stopping threads took: 0.0000952 seconds
2018-02-17T16:45:15.513+0800: 18.778: Total time for which application threads were stopped: 0.0001032 seconds, Stopping threads took: 0.0000426 seconds
2018-02-17T16:45:15.520+0800: 18.786: Total time for which application threads were stopped: 0.0001901 seconds, Stopping threads took: 0.0000760 seconds
2018-02-17T16:45:15.521+0800: 18.786: Total time for which application threads were stopped: 0.0000990 seconds, Stopping threads took: 0.0000302 seconds
2018-02-17T16:45:15.521+0800: 18.786: Total time for which application threads were stopped: 0.0000552 seconds, Stopping threads took: 0.0000105 seconds
2018-02-17T16:45:15.521+0800: 18.786: Total time for which application threads were stopped: 0.0000613 seconds, Stopping threads took: 0.0000174 seconds
2018-02-17T16:45:15.521+0800: 18.786: Total time for which application threads were stopped: 0.0000459 seconds, Stopping threads took: 0.0000082 seconds
2018-02-17T16:45:15.522+0800: 18.787: Total time for which application threads were stopped: 0.0000829 seconds, Stopping threads took: 0.0000256 seconds
2018-02-17T16:45:15.522+0800: 18.787: Total time for which application threads were stopped: 0.0000662 seconds, Stopping threads took: 0.0000192 seconds
2018-02-17T16:45:15.523+0800: 18.788: Total time for which application threads were stopped: 0.0000956 seconds, Stopping threads took: 0.0000287 seconds
2018-02-17T16:45:15.523+0800: 18.788: Total time for which application threads were stopped: 0.0000617 seconds, Stopping threads took: 0.0000092 seconds
2018-02-17T16:45:15.523+0800: 18.788: Total time for which application threads were stopped: 0.0000727 seconds, Stopping threads took: 0.0000298 seconds
2018-02-17T16:45:15.523+0800: 18.788: Total time for which application threads were stopped: 0.0000615 seconds, Stopping threads took: 0.0000204 seconds
2018-02-17T16:45:15.523+0800: 18.789: Total time for which application threads were stopped: 0.0000593 seconds, Stopping threads took: 0.0000192 seconds
2018-02-17T16:45:15.523+0800: 18.789: Total time for which application threads were stopped: 0.0000690 seconds, Stopping threads took: 0.0000257 seconds
2018-02-17T16:45:15.524+0800: 18.789: Total time for which application threads were stopped: 0.0000680 seconds, Stopping threads took: 0.0000141 seconds
2018-02-17T16:45:15.524+0800: 18.790: Total time for which application threads were stopped: 0.0000585 seconds, Stopping threads took: 0.0000109 seconds
2018-02-17T16:45:15.543+0800: 18.808: Total time for which application threads were stopped: 0.0005304 seconds, Stopping threads took: 0.0000216 seconds
2018-02-17T16:45:15.544+0800: 18.809: Total time for which application threads were stopped: 0.0001418 seconds, Stopping threads took: 0.0000444 seconds
2018-02-17T16:45:15.544+0800: 18.810: Total time for which application threads were stopped: 0.0000938 seconds, Stopping threads took: 0.0000208 seconds
2018-02-17T16:45:15.545+0800: 18.810: Total time for which application threads were stopped: 0.0000681 seconds, Stopping threads took: 0.0000201 seconds
2018-02-17T16:45:15.545+0800: 18.810: Total time for which application threads were stopped: 0.0000866 seconds, Stopping threads took: 0.0000084 seconds
2018-02-17T16:45:15.557+0800: 18.822: Total time for which application threads were stopped: 0.0001944 seconds, Stopping threads took: 0.0000875 seconds
2018-02-17T16:45:15.557+0800: 18.822: Total time for which application threads were stopped: 0.0001063 seconds, Stopping threads took: 0.0000232 seconds
2018-02-17T16:45:15.587+0800: 18.852: Total time for which application threads were stopped: 0.0001460 seconds, Stopping threads took: 0.0000237 seconds
2018-02-17T16:45:15.804+0800: 19.069: Total time for which application threads were stopped: 0.0001224 seconds, Stopping threads took: 0.0000230 seconds
2018-02-17T16:45:15.815+0800: 19.081: Total time for which application threads were stopped: 0.0001435 seconds, Stopping threads took: 0.0000204 seconds
2018-02-17T16:45:15.816+0800: 19.081: Total time for which application threads were stopped: 0.0001268 seconds, Stopping threads took: 0.0000258 seconds
2018-02-17T16:45:15.817+0800: 19.083: Total time for which application threads were stopped: 0.0001122 seconds, Stopping threads took: 0.0000186 seconds
{Heap before GC invocations=9 (full 1):
 par new generation   total 109248K, used 99049K [0x00000007a0000000, 0x00000007a8000000, 0x00000007a8000000)
  eden space 87424K, 100% used [0x00000007a0000000, 0x00000007a5560000, 0x00000007a5560000)
  from space 21824K,  53% used [0x00000007a6ab0000, 0x00000007a760a508, 0x00000007a8000000)
  to   space 21824K,   0% used [0x00000007a5560000, 0x00000007a5560000, 0x00000007a6ab0000)
 concurrent mark-sweep generation total 393216K, used 4388K [0x00000007a8000000, 0x00000007c0000000, 0x00000007c0000000)
 Metaspace       used 32067K, capacity 33013K, committed 33068K, reserved 1079296K
  class space    used 3874K, capacity 4118K, committed 4140K, reserved 1048576K
2018-02-17T16:45:15.879+0800: 19.144: [GC (Allocation Failure) 2018-02-17T16:45:15.879+0800: 19.144: [ParNew
Desired survivor size 20112992 bytes, new threshold 8 (max 8)
- age   1:    2669984 bytes,    2669984 total
- age   2:    1362120 bytes,    4032104 total
- age   3:     103416 bytes,    4135520 total
- age   4:    1152640 bytes,    5288160 total
- age   5:      50928 bytes,    5339088 total
- age   6:      26016 bytes,    5365104 total
- age   7:     289944 bytes,    5655048 total
- age   8:     129120 bytes,    5784168 total
: 99049K->8359K(109248K), 0.0182887 secs] 103437K->16320K(502464K), 0.0183707 secs] [Times: user=0.05 sys=0.01, real=0.02 secs] 
Heap after GC invocations=10 (full 1):
 par new generation   total 109248K, used 8359K [0x00000007a0000000, 0x00000007a8000000, 0x00000007a8000000)
  eden space 87424K,   0% used [0x00000007a0000000, 0x00000007a0000000, 0x00000007a5560000)
  from space 21824K,  38% used [0x00000007a5560000, 0x00000007a5d89c20, 0x00000007a6ab0000)
  to   space 21824K,   0% used [0x00000007a6ab0000, 0x00000007a6ab0000, 0x00000007a8000000)
 concurrent mark-sweep generation total 393216K, used 7961K [0x00000007a8000000, 0x00000007c0000000, 0x00000007c0000000)
 Metaspace       used 32067K, capacity 33013K, committed 33068K, reserved 1079296K
  class space    used 3874K, capacity 4118K, committed 4140K, reserved 1048576K
}
2018-02-17T16:45:15.897+0800: 19.162: Total time for which application threads were stopped: 0.0186020 seconds, Stopping threads took: 0.0000229 seconds
2018-02-17T16:45:15.897+0800: 19.163: Total time for which application threads were stopped: 0.0001088 seconds, Stopping threads took: 0.0000276 seconds
2018-02-17T16:45:15.898+0800: 19.163: Total time for which application threads were stopped: 0.0000935 seconds, Stopping threads took: 0.0000197 seconds
2018-02-17T16:45:15.898+0800: 19.163: Total time for which application threads were stopped: 0.0001233 seconds, Stopping threads took: 0.0000615 seconds
2018-02-17T16:45:15.898+0800: 19.163: Total time for which application threads were stopped: 0.0001094 seconds, Stopping threads took: 0.0000536 seconds
2018-02-17T16:45:15.898+0800: 19.163: Total time for which application threads were stopped: 0.0001167 seconds, Stopping threads took: 0.0000512 seconds
2018-02-17T16:45:15.898+0800: 19.163: Total time for which application threads were stopped: 0.0001105 seconds, Stopping threads took: 0.0000486 seconds
2018-02-17T16:45:15.898+0800: 19.164: Total time for which application threads were stopped: 0.0001005 seconds, Stopping threads took: 0.0000562 seconds
2018-02-17T16:45:15.898+0800: 19.164: Total time for which application threads were stopped: 0.0000863 seconds, Stopping threads took: 0.0000429 seconds
2018-02-17T16:45:15.899+0800: 19.164: Total time for which application threads were stopped: 0.0000925 seconds, Stopping threads took: 0.0000356 seconds
2018-02-17T16:45:15.899+0800: 19.164: Total time for which application threads were stopped: 0.0001197 seconds, Stopping threads took: 0.0000639 seconds
2018-02-17T16:45:15.899+0800: 19.164: Total time for which application threads were stopped: 0.0001008 seconds, Stopping threads took: 0.0000452 seconds
2018-02-17T16:45:15.899+0800: 19.164: Total time for which application threads were stopped: 0.0000967 seconds, Stopping threads took: 0.0000395 seconds
2018-02-17T16:45:15.899+0800: 19.164: Total time for which application threads were stopped: 0.0000547 seconds, Stopping threads took: 0.0000099 seconds
2018-02-17T16:45:15.899+0800: 19.164: Total time for which application threads were stopped: 0.0001005 seconds, Stopping threads took: 0.0000455 seconds
2018-02-17T16:45:15.899+0800: 19.165: Total time for which application threads were stopped: 0.0000756 seconds, Stopping threads took: 0.0000200 seconds
2018-02-17T16:45:15.900+0800: 19.165: Total time for which application threads were stopped: 0.0002157 seconds, Stopping threads took: 0.0000190 seconds
2018-02-17T16:45:15.900+0800: 19.165: Total time for which application threads were stopped: 0.0001921 seconds, Stopping threads took: 0.0000761 seconds
{Heap before GC invocations=10 (full 1):
 par new generation   total 109248K, used 95783K [0x00000007a0000000, 0x00000007a8000000, 0x00000007a8000000)
  eden space 87424K, 100% used [0x00000007a0000000, 0x00000007a5560000, 0x00000007a5560000)
  from space 21824K,  38% used [0x00000007a5560000, 0x00000007a5d89c20, 0x00000007a6ab0000)
  to   space 21824K,   0% used [0x00000007a6ab0000, 0x00000007a6ab0000, 0x00000007a8000000)
 concurrent mark-sweep generation total 393216K, used 7961K [0x00000007a8000000, 0x00000007c0000000, 0x00000007c0000000)
 Metaspace       used 32096K, capacity 33031K, committed 33068K, reserved 1079296K
  class space    used 3876K, capacity 4121K, committed 4140K, reserved 1048576K
2018-02-17T16:45:16.072+0800: 19.337: [GC (Allocation Failure) 2018-02-17T16:45:16.072+0800: 19.337: [ParNew
Desired survivor size 20112992 bytes, new threshold 8 (max 8)
- age   1:     309608 bytes,     309608 total
- age   2:    1812224 bytes,    2121832 total
- age   3:    1197600 bytes,    3319432 total
- age   4:     103416 bytes,    3422848 total
- age   5:    1152640 bytes,    4575488 total
- age   6:      50928 bytes,    4626416 total
- age   7:      25808 bytes,    4652224 total
- age   8:     289840 bytes,    4942064 total
: 95783K->7363K(109248K), 0.0176072 secs] 103744K->15453K(502464K), 0.0176883 secs] [Times: user=0.04 sys=0.01, real=0.02 secs] 
Heap after GC invocations=11 (full 1):
 par new generation   total 109248K, used 7363K [0x00000007a0000000, 0x00000007a8000000, 0x00000007a8000000)
  eden space 87424K,   0% used [0x00000007a0000000, 0x00000007a0000000, 0x00000007a5560000)
  from space 21824K,  33% used [0x00000007a6ab0000, 0x00000007a71e0fc8, 0x00000007a8000000)
  to   space 21824K,   0% used [0x00000007a5560000, 0x00000007a5560000, 0x00000007a6ab0000)
 concurrent mark-sweep generation total 393216K, used 8089K [0x00000007a8000000, 0x00000007c0000000, 0x00000007c0000000)
 Metaspace       used 32096K, capacity 33031K, committed 33068K, reserved 1079296K
  class space    used 3876K, capacity 4121K, committed 4140K, reserved 1048576K
}
2018-02-17T16:45:16.090+0800: 19.355: Total time for which application threads were stopped: 0.0179628 seconds, Stopping threads took: 0.0000209 seconds
2018-02-17T16:45:16.229+0800: 19.495: Total time for which application threads were stopped: 0.0002086 seconds, Stopping threads took: 0.0000386 seconds
2018-02-17T16:45:16.231+0800: 19.497: Total time for which application threads were stopped: 0.0001315 seconds, Stopping threads took: 0.0000167 seconds
2018-02-17T16:45:16.239+0800: 19.504: Total time for which application threads were stopped: 0.0000759 seconds, Stopping threads took: 0.0000147 seconds
2018-02-17T16:45:16.239+0800: 19.505: Total time for which application threads were stopped: 0.0001012 seconds, Stopping threads took: 0.0000319 seconds
2018-02-17T16:45:16.239+0800: 19.505: Total time for which application threads were stopped: 0.0000788 seconds, Stopping threads took: 0.0000232 seconds
2018-02-17T16:45:16.242+0800: 19.507: Total time for which application threads were stopped: 0.0000969 seconds, Stopping threads took: 0.0000176 seconds
2018-02-17T16:45:17.246+0800: 20.512: Total time for which application threads were stopped: 0.0001131 seconds, Stopping threads took: 0.0000248 seconds
2018-02-17T16:45:17.469+0800: 20.734: Total time for which application threads were stopped: 0.0001373 seconds, Stopping threads took: 0.0000664 seconds
2018-02-17T16:45:17.469+0800: 20.734: Total time for which application threads were stopped: 0.0000784 seconds, Stopping threads took: 0.0000413 seconds
2018-02-17T16:45:17.469+0800: 20.734: Total time for which application threads were stopped: 0.0000498 seconds, Stopping threads took: 0.0000173 seconds
2018-02-17T16:45:17.469+0800: 20.734: Total time for which application threads were stopped: 0.0000505 seconds, Stopping threads took: 0.0000203 seconds
2018-02-17T16:45:17.469+0800: 20.735: Total time for which application threads were stopped: 0.0000629 seconds, Stopping threads took: 0.0000329 seconds
2018-02-17T16:45:17.478+0800: 20.743: Total time for which application threads were stopped: 0.0001352 seconds, Stopping threads took: 0.0000399 seconds
2018-02-17T16:45:17.481+0800: 20.747: Total time for which application threads were stopped: 0.0004125 seconds, Stopping threads took: 0.0000166 seconds
2018-02-17T16:45:20.577+0800: 23.842: Total time for which application threads were stopped: 0.0001162 seconds, Stopping threads took: 0.0000190 seconds
2018-02-17T16:45:20.577+0800: 23.842: Total time for which application threads were stopped: 0.0000605 seconds, Stopping threads took: 0.0000090 seconds
2018-02-17T16:45:20.589+0800: 23.854: Total time for which application threads were stopped: 0.0001301 seconds, Stopping threads took: 0.0000287 seconds
2018-02-17T16:45:20.636+0800: 23.901: Total time for which application threads were stopped: 0.0006065 seconds, Stopping threads took: 0.0000354 seconds
2018-02-17T16:45:20.681+0800: 23.946: Total time for which application threads were stopped: 0.0004373 seconds, Stopping threads took: 0.0000186 seconds
2018-02-17T16:45:20.745+0800: 24.011: Total time for which application threads were stopped: 0.0004474 seconds, Stopping threads took: 0.0000176 seconds
2018-02-17T16:45:20.759+0800: 24.024: Total time for which application threads were stopped: 0.0004816 seconds, Stopping threads took: 0.0000641 seconds
2018-02-17T16:45:20.846+0800: 24.111: Total time for which application threads were stopped: 0.0004561 seconds, Stopping threads took: 0.0000159 seconds
2018-02-17T16:45:20.863+0800: 24.128: Total time for which application threads were stopped: 0.0000913 seconds, Stopping threads took: 0.0000347 seconds
2018-02-17T16:45:20.956+0800: 24.221: Total time for which application threads were stopped: 0.0001125 seconds, Stopping threads took: 0.0000198 seconds
2018-02-17T16:45:20.957+0800: 24.222: Total time for which application threads were stopped: 0.0001073 seconds, Stopping threads took: 0.0000281 seconds
2018-02-17T16:45:20.981+0800: 24.246: Total time for which application threads were stopped: 0.0001026 seconds, Stopping threads took: 0.0000197 seconds
2018-02-17T16:45:20.982+0800: 24.247: Total time for which application threads were stopped: 0.0001044 seconds, Stopping threads took: 0.0000375 seconds
2018-02-17T16:45:21.421+0800: 24.686: Total time for which application threads were stopped: 0.0001016 seconds, Stopping threads took: 0.0000222 seconds
2018-02-17T16:45:21.421+0800: 24.686: Total time for which application threads were stopped: 0.0000520 seconds, Stopping threads took: 0.0000114 seconds
2018-02-17T16:45:21.421+0800: 24.686: Total time for which application threads were stopped: 0.0000551 seconds, Stopping threads took: 0.0000083 seconds
2018-02-17T16:45:21.716+0800: 24.981: Total time for which application threads were stopped: 0.0001060 seconds, Stopping threads took: 0.0000225 seconds
2018-02-17T16:45:21.729+0800: 24.994: Total time for which application threads were stopped: 0.0001618 seconds, Stopping threads took: 0.0000370 seconds
2018-02-17T16:45:21.734+0800: 24.999: Total time for which application threads were stopped: 0.0000894 seconds, Stopping threads took: 0.0000204 seconds
2018-02-17T16:45:21.744+0800: 25.009: Total time for which application threads were stopped: 0.0004545 seconds, Stopping threads took: 0.0000371 seconds
2018-02-17T16:45:21.772+0800: 25.037: Total time for which application threads were stopped: 0.0001111 seconds, Stopping threads took: 0.0000211 seconds
2018-02-17T16:45:21.772+0800: 25.037: Total time for which application threads were stopped: 0.0000802 seconds, Stopping threads took: 0.0000252 seconds
2018-02-17T16:45:21.772+0800: 25.037: Total time for which application threads were stopped: 0.0000714 seconds, Stopping threads took: 0.0000217 seconds
2018-02-17T16:45:21.818+0800: 25.083: Total time for which application threads were stopped: 0.0001406 seconds, Stopping threads took: 0.0000391 seconds
2018-02-17T16:45:21.819+0800: 25.084: Total time for which application threads were stopped: 0.0000730 seconds, Stopping threads took: 0.0000120 seconds
2018-02-17T16:45:21.819+0800: 25.084: Total time for which application threads were stopped: 0.0000665 seconds, Stopping threads took: 0.0000095 seconds
2018-02-17T16:45:21.819+0800: 25.084: Total time for which application threads were stopped: 0.0000396 seconds, Stopping threads took: 0.0000068 seconds
2018-02-17T16:45:21.819+0800: 25.084: Total time for which application threads were stopped: 0.0000374 seconds, Stopping threads took: 0.0000071 seconds
2018-02-17T16:45:21.819+0800: 25.084: Total time for which application threads were stopped: 0.0000498 seconds, Stopping threads took: 0.0000078 seconds
2018-02-17T16:45:21.993+0800: 25.258: Total time for which application threads were stopped: 0.0013075 seconds, Stopping threads took: 0.0011492 seconds
2018-02-17T16:45:21.999+0800: 25.264: Total time for which application threads were stopped: 0.0001159 seconds, Stopping threads took: 0.0000230 seconds
2018-02-17T16:45:22.009+0800: 25.274: Total time for which application threads were stopped: 0.0001173 seconds, Stopping threads took: 0.0000212 seconds
2018-02-17T16:45:22.011+0800: 25.276: Total time for which application threads were stopped: 0.0001517 seconds, Stopping threads took: 0.0000617 seconds
2018-02-17T16:45:22.016+0800: 25.281: Total time for which application threads were stopped: 0.0001168 seconds, Stopping threads took: 0.0000394 seconds
2018-02-17T16:45:22.017+0800: 25.282: Total time for which application threads were stopped: 0.0000847 seconds, Stopping threads took: 0.0000165 seconds
2018-02-17T16:45:22.019+0800: 25.285: Total time for which application threads were stopped: 0.0001311 seconds, Stopping threads took: 0.0000324 seconds
2018-02-17T16:45:22.021+0800: 25.286: Total time for which application threads were stopped: 0.0001220 seconds, Stopping threads took: 0.0000372 seconds
2018-02-17T16:45:22.118+0800: 25.384: Total time for which application threads were stopped: 0.0001223 seconds, Stopping threads took: 0.0000259 seconds
2018-02-17T16:45:23.034+0800: 26.299: Total time for which application threads were stopped: 0.0004422 seconds, Stopping threads took: 0.0003343 seconds
2018-02-17T16:45:23.035+0800: 26.300: Total time for which application threads were stopped: 0.0001206 seconds, Stopping threads took: 0.0000401 seconds
2018-02-17T16:45:25.527+0800: 28.792: Total time for which application threads were stopped: 0.0001415 seconds, Stopping threads took: 0.0000397 seconds
2018-02-17T16:45:25.527+0800: 28.792: Total time for which application threads were stopped: 0.0000577 seconds, Stopping threads took: 0.0000099 seconds
2018-02-17T16:45:25.532+0800: 28.797: Total time for which application threads were stopped: 0.0000914 seconds, Stopping threads took: 0.0000218 seconds
2018-02-17T16:45:25.533+0800: 28.798: Total time for which application threads were stopped: 0.0000889 seconds, Stopping threads took: 0.0000208 seconds
2018-02-17T16:45:25.533+0800: 28.798: Total time for which application threads were stopped: 0.0000866 seconds, Stopping threads took: 0.0000187 seconds
2018-02-17T16:45:25.540+0800: 28.805: Total time for which application threads were stopped: 0.0000985 seconds, Stopping threads took: 0.0000212 seconds
2018-02-17T16:45:25.549+0800: 28.814: Total time for which application threads were stopped: 0.0007901 seconds, Stopping threads took: 0.0007036 seconds
2018-02-17T16:45:25.552+0800: 28.817: Total time for which application threads were stopped: 0.0001257 seconds, Stopping threads took: 0.0000366 seconds
2018-02-17T16:45:25.575+0800: 28.841: Total time for which application threads were stopped: 0.0000908 seconds, Stopping threads took: 0.0000300 seconds
2018-02-17T16:45:25.577+0800: 28.842: Total time for which application threads were stopped: 0.0000926 seconds, Stopping threads took: 0.0000205 seconds
2018-02-17T16:45:25.578+0800: 28.843: Total time for which application threads were stopped: 0.0000831 seconds, Stopping threads took: 0.0000293 seconds
2018-02-17T16:45:25.580+0800: 28.845: Total time for which application threads were stopped: 0.0001760 seconds, Stopping threads took: 0.0000330 seconds
2018-02-17T16:45:25.585+0800: 28.850: Total time for which application threads were stopped: 0.0001227 seconds, Stopping threads took: 0.0000365 seconds
2018-02-17T16:45:25.707+0800: 28.972: Total time for which application threads were stopped: 0.0001634 seconds, Stopping threads took: 0.0000364 seconds
2018-02-17T16:45:25.708+0800: 28.973: Total time for which application threads were stopped: 0.0001685 seconds, Stopping threads took: 0.0000170 seconds
2018-02-17T16:45:25.708+0800: 28.973: Total time for which application threads were stopped: 0.0001470 seconds, Stopping threads took: 0.0000185 seconds
2018-02-17T16:45:26.017+0800: 29.283: Total time for which application threads were stopped: 0.0000897 seconds, Stopping threads took: 0.0000223 seconds
2018-02-17T16:45:26.018+0800: 29.283: Total time for which application threads were stopped: 0.0000606 seconds, Stopping threads took: 0.0000123 seconds
2018-02-17T16:45:26.018+0800: 29.283: Total time for which application threads were stopped: 0.0000587 seconds, Stopping threads took: 0.0000101 seconds
2018-02-17T16:45:26.018+0800: 29.283: Total time for which application threads were stopped: 0.0000527 seconds, Stopping threads took: 0.0000084 seconds
2018-02-17T16:45:26.018+0800: 29.283: Total time for which application threads were stopped: 0.0000474 seconds, Stopping threads took: 0.0000069 seconds
2018-02-17T16:45:26.018+0800: 29.283: Total time for which application threads were stopped: 0.0000461 seconds, Stopping threads took: 0.0000073 seconds
2018-02-17T16:45:26.597+0800: 29.862: Total time for which application threads were stopped: 0.0001255 seconds, Stopping threads took: 0.0000332 seconds
2018-02-17T16:45:26.712+0800: 29.977: Total time for which application threads were stopped: 0.0001418 seconds, Stopping threads took: 0.0000331 seconds
{Heap before GC invocations=11 (full 1):
 par new generation   total 109248K, used 94787K [0x00000007a0000000, 0x00000007a8000000, 0x00000007a8000000)
  eden space 87424K, 100% used [0x00000007a0000000, 0x00000007a5560000, 0x00000007a5560000)
  from space 21824K,  33% used [0x00000007a6ab0000, 0x00000007a71e0fc8, 0x00000007a8000000)
  to   space 21824K,   0% used [0x00000007a5560000, 0x00000007a5560000, 0x00000007a6ab0000)
 concurrent mark-sweep generation total 393216K, used 8089K [0x00000007a8000000, 0x00000007c0000000, 0x00000007c0000000)
 Metaspace       used 36427K, capacity 37597K, committed 37804K, reserved 1083392K
  class space    used 4448K, capacity 4704K, committed 4780K, reserved 1048576K
2018-02-17T16:45:27.604+0800: 30.869: [GC (Allocation Failure) 2018-02-17T16:45:27.604+0800: 30.869: [ParNew
Desired survivor size 20112992 bytes, new threshold 8 (max 8)
- age   1:    9942656 bytes,    9942656 total
- age   2:     139328 bytes,   10081984 total
- age   3:    1198912 bytes,   11280896 total
- age   4:    1181304 bytes,   12462200 total
- age   5:      92600 bytes,   12554800 total
- age   6:    1150840 bytes,   13705640 total
- age   7:      50704 bytes,   13756344 total
- age   8:      25552 bytes,   13781896 total
: 94787K->14627K(109248K), 0.0131662 secs] 102877K->22996K(502464K), 0.0133388 secs] [Times: user=0.04 sys=0.00, real=0.01 secs] 
Heap after GC invocations=12 (full 1):
 par new generation   total 109248K, used 14627K [0x00000007a0000000, 0x00000007a8000000, 0x00000007a8000000)
  eden space 87424K,   0% used [0x00000007a0000000, 0x00000007a0000000, 0x00000007a5560000)
  from space 21824K,  67% used [0x00000007a5560000, 0x00000007a63a8f68, 0x00000007a6ab0000)
  to   space 21824K,   0% used [0x00000007a6ab0000, 0x00000007a6ab0000, 0x00000007a8000000)
 concurrent mark-sweep generation total 393216K, used 8368K [0x00000007a8000000, 0x00000007c0000000, 0x00000007c0000000)
 Metaspace       used 36427K, capacity 37597K, committed 37804K, reserved 1083392K
  class space    used 4448K, capacity 4704K, committed 4780K, reserved 1048576K
}
2018-02-17T16:45:27.617+0800: 30.882: Total time for which application threads were stopped: 0.0134966 seconds, Stopping threads took: 0.0000210 seconds
2018-02-17T16:45:27.617+0800: 30.882: Total time for which application threads were stopped: 0.0001053 seconds, Stopping threads took: 0.0000327 seconds
2018-02-17T16:45:27.618+0800: 30.883: Total time for which application threads were stopped: 0.0001064 seconds, Stopping threads took: 0.0000543 seconds
2018-02-17T16:45:30.131+0800: 33.396: Total time for which application threads were stopped: 0.0001226 seconds, Stopping threads took: 0.0000333 seconds
2018-02-17T16:46:15.223+0800: 78.487: Total time for which application threads were stopped: 0.0001452 seconds, Stopping threads took: 0.0000362 seconds
2018-02-17T16:46:15.564+0800: 78.827: Total time for which application threads were stopped: 0.0002759 seconds, Stopping threads took: 0.0000337 seconds
2018-02-17T16:46:43.125+0800: 106.388: Total time for which application threads were stopped: 0.0001650 seconds, Stopping threads took: 0.0000329 seconds
2018-02-17T16:46:56.269+0800: 119.531: Total time for which application threads were stopped: 0.0000859 seconds, Stopping threads took: 0.0000199 seconds
2018-02-17T16:46:56.612+0800: 119.875: Total time for which application threads were stopped: 0.0001403 seconds, Stopping threads took: 0.0000361 seconds
2018-02-17T16:46:56.624+0800: 119.887: Total time for which application threads were stopped: 0.0001517 seconds, Stopping threads took: 0.0000443 seconds
2018-02-17T16:46:56.740+0800: 120.003: Total time for which application threads were stopped: 0.0001135 seconds, Stopping threads took: 0.0000244 seconds
2018-02-17T16:46:57.750+0800: 121.013: Total time for which application threads were stopped: 0.0024973 seconds, Stopping threads took: 0.0023762 seconds
2018-02-17T16:46:57.766+0800: 121.029: Total time for which application threads were stopped: 0.0128837 seconds, Stopping threads took: 0.0127458 seconds
{Heap before GC invocations=12 (full 1):
 par new generation   total 109248K, used 102051K [0x00000007a0000000, 0x00000007a8000000, 0x00000007a8000000)
  eden space 87424K, 100% used [0x00000007a0000000, 0x00000007a5560000, 0x00000007a5560000)
  from space 21824K,  67% used [0x00000007a5560000, 0x00000007a63a8f68, 0x00000007a6ab0000)
  to   space 21824K,   0% used [0x00000007a6ab0000, 0x00000007a6ab0000, 0x00000007a8000000)
 concurrent mark-sweep generation total 393216K, used 8368K [0x00000007a8000000, 0x00000007c0000000, 0x00000007c0000000)
 Metaspace       used 36486K, capacity 37629K, committed 37804K, reserved 1083392K
  class space    used 4453K, capacity 4736K, committed 4780K, reserved 1048576K
2018-02-17T16:46:57.877+0800: 121.140: [GC (Allocation Failure) 2018-02-17T16:46:57.879+0800: 121.142: [ParNew
Desired survivor size 20112992 bytes, new threshold 8 (max 8)
- age   1:    3634528 bytes,    3634528 total
- age   2:    5923232 bytes,    9557760 total
- age   3:     139328 bytes,    9697088 total
- age   4:    1190064 bytes,   10887152 total
- age   5:    1181272 bytes,   12068424 total
- age   6:      92600 bytes,   12161024 total
- age   7:    1149912 bytes,   13310936 total
- age   8:      50704 bytes,   13361640 total
: 102051K->20549K(109248K), 0.0248994 secs] 110420K->28944K(502464K), 0.0264762 secs] [Times: user=0.06 sys=0.00, real=0.03 secs] 
Heap after GC invocations=13 (full 1):
 par new generation   total 109248K, used 20549K [0x00000007a0000000, 0x00000007a8000000, 0x00000007a8000000)
  eden space 87424K,   0% used [0x00000007a0000000, 0x00000007a0000000, 0x00000007a5560000)
  from space 21824K,  94% used [0x00000007a6ab0000, 0x00000007a7ec1680, 0x00000007a8000000)
  to   space 21824K,   0% used [0x00000007a5560000, 0x00000007a5560000, 0x00000007a6ab0000)
 concurrent mark-sweep generation total 393216K, used 8394K [0x00000007a8000000, 0x00000007c0000000, 0x00000007c0000000)
 Metaspace       used 36486K, capacity 37629K, committed 37804K, reserved 1083392K
  class space    used 4453K, capacity 4736K, committed 4780K, reserved 1048576K
}
2018-02-17T16:46:57.904+0800: 121.167: Total time for which application threads were stopped: 0.0267487 seconds, Stopping threads took: 0.0000337 seconds
2018-02-17T16:46:57.917+0800: 121.179: Total time for which application threads were stopped: 0.0097147 seconds, Stopping threads took: 0.0095817 seconds
2018-02-17T16:46:57.919+0800: 121.182: Total time for which application threads were stopped: 0.0001988 seconds, Stopping threads took: 0.0000785 seconds
{Heap before GC invocations=13 (full 1):
 par new generation   total 109248K, used 107973K [0x00000007a0000000, 0x00000007a8000000, 0x00000007a8000000)
  eden space 87424K, 100% used [0x00000007a0000000, 0x00000007a5560000, 0x00000007a5560000)
  from space 21824K,  94% used [0x00000007a6ab0000, 0x00000007a7ec1680, 0x00000007a8000000)
  to   space 21824K,   0% used [0x00000007a5560000, 0x00000007a5560000, 0x00000007a6ab0000)
 concurrent mark-sweep generation total 393216K, used 8394K [0x00000007a8000000, 0x00000007c0000000, 0x00000007c0000000)
 Metaspace       used 36497K, capacity 37635K, committed 37804K, reserved 1083392K
  class space    used 4453K, capacity 4737K, committed 4780K, reserved 1048576K
2018-02-17T16:46:57.961+0800: 121.224: [GC (Allocation Failure) 2018-02-17T16:46:57.961+0800: 121.224: [ParNew
Desired survivor size 20112992 bytes, new threshold 8 (max 8)
- age   1:     251128 bytes,     251128 total
- age   2:    2913864 bytes,    3164992 total
- age   3:    5745344 bytes,    8910336 total
- age   4:     139328 bytes,    9049664 total
- age   5:    1190064 bytes,   10239728 total
- age   6:    1181272 bytes,   11421000 total
- age   7:      92600 bytes,   11513600 total
- age   8:    1149912 bytes,   12663512 total
: 107973K->16034K(109248K), 0.0607121 secs] 116368K->24480K(502464K), 0.0607980 secs] [Times: user=0.06 sys=0.00, real=0.06 secs] 
Heap after GC invocations=14 (full 1):
 par new generation   total 109248K, used 16034K [0x00000007a0000000, 0x00000007a8000000, 0x00000007a8000000)
  eden space 87424K,   0% used [0x00000007a0000000, 0x00000007a0000000, 0x00000007a5560000)
  from space 21824K,  73% used [0x00000007a5560000, 0x00000007a6508af0, 0x00000007a6ab0000)
  to   space 21824K,   0% used [0x00000007a6ab0000, 0x00000007a6ab0000, 0x00000007a8000000)
 concurrent mark-sweep generation total 393216K, used 8445K [0x00000007a8000000, 0x00000007c0000000, 0x00000007c0000000)
 Metaspace       used 36497K, capacity 37635K, committed 37804K, reserved 1083392K
  class space    used 4453K, capacity 4737K, committed 4780K, reserved 1048576K
}
2018-02-17T16:46:58.022+0800: 121.285: Total time for which application threads were stopped: 0.0610148 seconds, Stopping threads took: 0.0000398 seconds
{Heap before GC invocations=14 (full 1):
 par new generation   total 109248K, used 103437K [0x00000007a0000000, 0x00000007a8000000, 0x00000007a8000000)
  eden space 87424K,  99% used [0x00000007a0000000, 0x00000007a555aa00, 0x00000007a5560000)
  from space 21824K,  73% used [0x00000007a5560000, 0x00000007a6508af0, 0x00000007a6ab0000)
  to   space 21824K,   0% used [0x00000007a6ab0000, 0x00000007a6ab0000, 0x00000007a8000000)
 concurrent mark-sweep generation total 393216K, used 8445K [0x00000007a8000000, 0x00000007c0000000, 0x00000007c0000000)
 Metaspace       used 36505K, capacity 37641K, committed 37804K, reserved 1083392K
  class space    used 4454K, capacity 4738K, committed 4780K, reserved 1048576K
2018-02-17T16:46:58.109+0800: 121.372: [GC (Allocation Failure) 2018-02-17T16:46:58.109+0800: 121.372: [ParNew
Desired survivor size 20112992 bytes, new threshold 8 (max 8)
- age   1:     243064 bytes,     243064 total
- age   2:      87760 bytes,     330824 total
- age   3:    2894376 bytes,    3225200 total
- age   4:    5745344 bytes,    8970544 total
- age   5:     139328 bytes,    9109872 total
- age   6:    1190064 bytes,   10299936 total
- age   7:    1181272 bytes,   11481208 total
- age   8:      92600 bytes,   11573808 total
: 103437K->13714K(109248K), 0.0647367 secs] 111882K->23289K(502464K), 0.0648164 secs] [Times: user=0.06 sys=0.01, real=0.07 secs] 
Heap after GC invocations=15 (full 1):
 par new generation   total 109248K, used 13714K [0x00000007a0000000, 0x00000007a8000000, 0x00000007a8000000)
  eden space 87424K,   0% used [0x00000007a0000000, 0x00000007a0000000, 0x00000007a5560000)
  from space 21824K,  62% used [0x00000007a6ab0000, 0x00000007a78148f8, 0x00000007a8000000)
  to   space 21824K,   0% used [0x00000007a5560000, 0x00000007a5560000, 0x00000007a6ab0000)
 concurrent mark-sweep generation total 393216K, used 9574K [0x00000007a8000000, 0x00000007c0000000, 0x00000007c0000000)
 Metaspace       used 36505K, capacity 37641K, committed 37804K, reserved 1083392K
  class space    used 4454K, capacity 4738K, committed 4780K, reserved 1048576K
}
2018-02-17T16:46:58.174+0800: 121.437: Total time for which application threads were stopped: 0.0756441 seconds, Stopping threads took: 0.0106212 seconds
{Heap before GC invocations=15 (full 1):
 par new generation   total 109248K, used 101138K [0x00000007a0000000, 0x00000007a8000000, 0x00000007a8000000)
  eden space 87424K, 100% used [0x00000007a0000000, 0x00000007a5560000, 0x00000007a5560000)
  from space 21824K,  62% used [0x00000007a6ab0000, 0x00000007a78148f8, 0x00000007a8000000)
  to   space 21824K,   0% used [0x00000007a5560000, 0x00000007a5560000, 0x00000007a6ab0000)
 concurrent mark-sweep generation total 393216K, used 9574K [0x00000007a8000000, 0x00000007c0000000, 0x00000007c0000000)
 Metaspace       used 36528K, capacity 37705K, committed 37804K, reserved 1083392K
  class space    used 4454K, capacity 4738K, committed 4780K, reserved 1048576K
2018-02-17T16:46:58.349+0800: 121.612: [GC (Allocation Failure) 2018-02-17T16:46:58.350+0800: 121.612: [ParNew
Desired survivor size 20112992 bytes, new threshold 8 (max 8)
- age   1:     893672 bytes,     893672 total
- age   2:      81096 bytes,     974768 total
- age   3:      86384 bytes,    1061152 total
- age   4:    2243576 bytes,    3304728 total
- age   5:    5745344 bytes,    9050072 total
- age   6:     139328 bytes,    9189400 total
- age   7:    1190064 bytes,   10379464 total
- age   8:    1181272 bytes,   11560736 total
: 101138K->20001K(109248K), 0.0372582 secs] 110713K->29669K(502464K), 0.0373660 secs] [Times: user=0.05 sys=0.01, real=0.04 secs] 
Heap after GC invocations=16 (full 1):
 par new generation   total 109248K, used 20001K [0x00000007a0000000, 0x00000007a8000000, 0x00000007a8000000)
  eden space 87424K,   0% used [0x00000007a0000000, 0x00000007a0000000, 0x00000007a5560000)
  from space 21824K,  91% used [0x00000007a5560000, 0x00000007a68e8600, 0x00000007a6ab0000)
  to   space 21824K,   0% used [0x00000007a6ab0000, 0x00000007a6ab0000, 0x00000007a8000000)
 concurrent mark-sweep generation total 393216K, used 9667K [0x00000007a8000000, 0x00000007c0000000, 0x00000007c0000000)
 Metaspace       used 36528K, capacity 37705K, committed 37804K, reserved 1083392K
  class space    used 4454K, capacity 4738K, committed 4780K, reserved 1048576K
}
2018-02-17T16:46:58.387+0800: 121.650: Total time for which application threads were stopped: 0.0376791 seconds, Stopping threads took: 0.0000781 seconds
2018-02-17T16:46:58.464+0800: 121.727: Total time for which application threads were stopped: 0.0001857 seconds, Stopping threads took: 0.0000449 seconds
2018-02-17T16:46:58.473+0800: 121.736: Total time for which application threads were stopped: 0.0001546 seconds, Stopping threads took: 0.0000361 seconds
2018-02-17T16:46:59.479+0800: 122.742: Total time for which application threads were stopped: 0.0001757 seconds, Stopping threads took: 0.0000327 seconds
2018-02-17T16:47:03.552+0800: 126.815: Total time for which application threads were stopped: 0.0001960 seconds, Stopping threads took: 0.0000557 seconds
2018-02-17T16:47:03.581+0800: 126.844: Total time for which application threads were stopped: 0.0001103 seconds, Stopping threads took: 0.0000216 seconds
2018-02-17T16:47:03.583+0800: 126.846: Total time for which application threads were stopped: 0.0000980 seconds, Stopping threads took: 0.0000199 seconds
2018-02-17T16:47:03.584+0800: 126.847: Total time for which application threads were stopped: 0.0001267 seconds, Stopping threads took: 0.0000420 seconds
2018-02-17T16:47:03.587+0800: 126.849: Total time for which application threads were stopped: 0.0002124 seconds, Stopping threads took: 0.0001020 seconds
2018-02-17T16:47:03.588+0800: 126.851: Total time for which application threads were stopped: 0.0001037 seconds, Stopping threads took: 0.0000225 seconds
2018-02-17T16:47:03.597+0800: 126.860: Total time for which application threads were stopped: 0.0001273 seconds, Stopping threads took: 0.0000239 seconds
2018-02-17T16:47:03.598+0800: 126.860: Total time for which application threads were stopped: 0.0001332 seconds, Stopping threads took: 0.0000155 seconds
2018-02-17T16:47:04.603+0800: 127.866: Total time for which application threads were stopped: 0.0001548 seconds, Stopping threads took: 0.0000462 seconds
2018-02-17T16:47:05.607+0800: 128.870: Total time for which application threads were stopped: 0.0001887 seconds, Stopping threads took: 0.0000352 seconds
2018-02-17T16:47:08.540+0800: 131.802: Total time for which application threads were stopped: 0.0001767 seconds, Stopping threads took: 0.0000426 seconds
2018-02-17T16:47:08.560+0800: 131.823: Total time for which application threads were stopped: 0.0001381 seconds, Stopping threads took: 0.0000235 seconds
2018-02-17T16:47:08.571+0800: 131.833: Total time for which application threads were stopped: 0.0001387 seconds, Stopping threads took: 0.0000238 seconds
2018-02-17T16:47:08.572+0800: 131.834: Total time for which application threads were stopped: 0.0001274 seconds, Stopping threads took: 0.0000260 seconds
2018-02-17T16:47:10.792+0800: 134.055: Total time for which application threads were stopped: 0.0003891 seconds, Stopping threads took: 0.0002570 seconds
2018-02-17T16:47:10.804+0800: 134.066: Total time for which application threads were stopped: 0.0072188 seconds, Stopping threads took: 0.0070821 seconds
2018-02-17T16:47:10.826+0800: 134.089: Total time for which application threads were stopped: 0.0210921 seconds, Stopping threads took: 0.0209652 seconds
{Heap before GC invocations=16 (full 1):
 par new generation   total 109248K, used 107425K [0x00000007a0000000, 0x00000007a8000000, 0x00000007a8000000)
  eden space 87424K, 100% used [0x00000007a0000000, 0x00000007a5560000, 0x00000007a5560000)
  from space 21824K,  91% used [0x00000007a5560000, 0x00000007a68e8600, 0x00000007a6ab0000)
  to   space 21824K,   0% used [0x00000007a6ab0000, 0x00000007a6ab0000, 0x00000007a8000000)
 concurrent mark-sweep generation total 393216K, used 9667K [0x00000007a8000000, 0x00000007c0000000, 0x00000007c0000000)
 Metaspace       used 36733K, capacity 37877K, committed 38060K, reserved 1083392K
  class space    used 4467K, capacity 4744K, committed 4780K, reserved 1048576K
2018-02-17T16:47:10.880+0800: 134.143: [GC (Allocation Failure) 2018-02-17T16:47:10.880+0800: 134.143: [ParNew
Desired survivor size 20112992 bytes, new threshold 8 (max 8)
- age   1:    8039648 bytes,    8039648 total
- age   2:     461912 bytes,    8501560 total
- age   3:      81096 bytes,    8582656 total
- age   4:      86384 bytes,    8669040 total
- age   5:    1457360 bytes,   10126400 total
- age   6:    5724136 bytes,   15850536 total
- age   7:     139328 bytes,   15989864 total
- age   8:    1190056 bytes,   17179920 total
: 107425K->20215K(109248K), 0.0745632 secs] 117093K->31063K(502464K), 0.0746405 secs] [Times: user=0.09 sys=0.00, real=0.07 secs] 
Heap after GC invocations=17 (full 1):
 par new generation   total 109248K, used 20215K [0x00000007a0000000, 0x00000007a8000000, 0x00000007a8000000)
  eden space 87424K,   0% used [0x00000007a0000000, 0x00000007a0000000, 0x00000007a5560000)
  from space 21824K,  92% used [0x00000007a6ab0000, 0x00000007a7e6df70, 0x00000007a8000000)
  to   space 21824K,   0% used [0x00000007a5560000, 0x00000007a5560000, 0x00000007a6ab0000)
 concurrent mark-sweep generation total 393216K, used 10847K [0x00000007a8000000, 0x00000007c0000000, 0x00000007c0000000)
 Metaspace       used 36733K, capacity 37877K, committed 38060K, reserved 1083392K
  class space    used 4467K, capacity 4744K, committed 4780K, reserved 1048576K
}
2018-02-17T16:47:10.955+0800: 134.217: Total time for which application threads were stopped: 0.0871026 seconds, Stopping threads took: 0.0108055 seconds
2018-02-17T16:47:10.956+0800: 134.218: Total time for which application threads were stopped: 0.0002460 seconds, Stopping threads took: 0.0001026 seconds
2018-02-17T16:47:10.956+0800: 134.218: Total time for which application threads were stopped: 0.0001368 seconds, Stopping threads took: 0.0000189 seconds
2018-02-17T16:47:10.956+0800: 134.219: Total time for which application threads were stopped: 0.0001817 seconds, Stopping threads took: 0.0000935 seconds
2018-02-17T16:47:10.957+0800: 134.219: Total time for which application threads were stopped: 0.0001612 seconds, Stopping threads took: 0.0000599 seconds
2018-02-17T16:47:10.958+0800: 134.220: Total time for which application threads were stopped: 0.0001650 seconds, Stopping threads took: 0.0000742 seconds
2018-02-17T16:47:10.958+0800: 134.220: Total time for which application threads were stopped: 0.0001476 seconds, Stopping threads took: 0.0000320 seconds
{Heap before GC invocations=17 (full 1):
 par new generation   total 109248K, used 107639K [0x00000007a0000000, 0x00000007a8000000, 0x00000007a8000000)
  eden space 87424K, 100% used [0x00000007a0000000, 0x00000007a5560000, 0x00000007a5560000)
  from space 21824K,  92% used [0x00000007a6ab0000, 0x00000007a7e6df70, 0x00000007a8000000)
  to   space 21824K,   0% used [0x00000007a5560000, 0x00000007a5560000, 0x00000007a6ab0000)
 concurrent mark-sweep generation total 393216K, used 10847K [0x00000007a8000000, 0x00000007c0000000, 0x00000007c0000000)
 Metaspace       used 36774K, capacity 37977K, committed 38060K, reserved 1083392K
  class space    used 4470K, capacity 4750K, committed 4780K, reserved 1048576K
2018-02-17T16:47:11.044+0800: 134.306: [GC (Allocation Failure) 2018-02-17T16:47:11.044+0800: 134.307: [ParNew
Desired survivor size 20112992 bytes, new threshold 8 (max 8)
- age   1:    1320976 bytes,    1320976 total
- age   2:    7145288 bytes,    8466264 total
- age   3:     461912 bytes,    8928176 total
- age   4:      81096 bytes,    9009272 total
- age   5:      86384 bytes,    9095656 total
- age   6:    1457288 bytes,   10552944 total
- age   7:    5722904 bytes,   16275848 total
- age   8:     139328 bytes,   16415176 total
: 107639K->21824K(109248K), 0.0491908 secs] 118487K->33844K(502464K), 0.0492947 secs] [Times: user=0.09 sys=0.00, real=0.05 secs] 
Heap after GC invocations=18 (full 1):
 par new generation   total 109248K, used 21824K [0x00000007a0000000, 0x00000007a8000000, 0x00000007a8000000)
  eden space 87424K,   0% used [0x00000007a0000000, 0x00000007a0000000, 0x00000007a5560000)
  from space 21824K, 100% used [0x00000007a5560000, 0x00000007a6ab0000, 0x00000007a6ab0000)
  to   space 21824K,   0% used [0x00000007a6ab0000, 0x00000007a6ab0000, 0x00000007a8000000)
 concurrent mark-sweep generation total 393216K, used 12020K [0x00000007a8000000, 0x00000007c0000000, 0x00000007c0000000)
 Metaspace       used 36774K, capacity 37977K, committed 38060K, reserved 1083392K
  class space    used 4470K, capacity 4750K, committed 4780K, reserved 1048576K
}
2018-02-17T16:47:11.093+0800: 134.356: Total time for which application threads were stopped: 0.0496881 seconds, Stopping threads took: 0.0001127 seconds
2018-02-17T16:47:11.143+0800: 134.406: Total time for which application threads were stopped: 0.0109873 seconds, Stopping threads took: 0.0108510 seconds
2018-02-17T16:47:11.165+0800: 134.427: Total time for which application threads were stopped: 0.0209269 seconds, Stopping threads took: 0.0208246 seconds
{Heap before GC invocations=18 (full 1):
 par new generation   total 109248K, used 109248K [0x00000007a0000000, 0x00000007a8000000, 0x00000007a8000000)
  eden space 87424K, 100% used [0x00000007a0000000, 0x00000007a5560000, 0x00000007a5560000)
  from space 21824K, 100% used [0x00000007a5560000, 0x00000007a6ab0000, 0x00000007a6ab0000)
  to   space 21824K,   0% used [0x00000007a6ab0000, 0x00000007a6ab0000, 0x00000007a8000000)
 concurrent mark-sweep generation total 393216K, used 12020K [0x00000007a8000000, 0x00000007c0000000, 0x00000007c0000000)
 Metaspace       used 36804K, capacity 38019K, committed 38060K, reserved 1083392K
  class space    used 4474K, capacity 4757K, committed 4780K, reserved 1048576K
2018-02-17T16:47:11.172+0800: 134.434: [GC (Allocation Failure) 2018-02-17T16:47:11.172+0800: 134.434: [ParNew
Desired survivor size 20112992 bytes, new threshold 8 (max 8)
- age   1:     446816 bytes,     446816 total
- age   2:    1043728 bytes,    1490544 total
- age   3:    6781464 bytes,    8272008 total
- age   4:     461912 bytes,    8733920 total
- age   5:      81096 bytes,    8815016 total
- age   6:      86384 bytes,    8901400 total
- age   7:    1456960 bytes,   10358360 total
- age   8:    5722800 bytes,   16081160 total
: 109248K->18883K(109248K), 0.0755255 secs] 121268K->31043K(502464K), 0.0756084 secs] [Times: user=0.07 sys=0.00, real=0.07 secs] 
Heap after GC invocations=19 (full 1):
 par new generation   total 109248K, used 18883K [0x00000007a0000000, 0x00000007a8000000, 0x00000007a8000000)
  eden space 87424K,   0% used [0x00000007a0000000, 0x00000007a0000000, 0x00000007a5560000)
  from space 21824K,  86% used [0x00000007a6ab0000, 0x00000007a7d20e00, 0x00000007a8000000)
  to   space 21824K,   0% used [0x00000007a5560000, 0x00000007a5560000, 0x00000007a6ab0000)
 concurrent mark-sweep generation total 393216K, used 12159K [0x00000007a8000000, 0x00000007c0000000, 0x00000007c0000000)
 Metaspace       used 36804K, capacity 38019K, committed 38060K, reserved 1083392K
  class space    used 4474K, capacity 4757K, committed 4780K, reserved 1048576K
}
2018-02-17T16:47:11.248+0800: 134.510: Total time for which application threads were stopped: 0.0758369 seconds, Stopping threads took: 0.0000255 seconds
2018-02-17T16:47:11.250+0800: 134.512: Total time for which application threads were stopped: 0.0001289 seconds, Stopping threads took: 0.0000425 seconds
{Heap before GC invocations=19 (full 1):
 par new generation   total 109248K, used 106307K [0x00000007a0000000, 0x00000007a8000000, 0x00000007a8000000)
  eden space 87424K, 100% used [0x00000007a0000000, 0x00000007a5560000, 0x00000007a5560000)
  from space 21824K,  86% used [0x00000007a6ab0000, 0x00000007a7d20e00, 0x00000007a8000000)
  to   space 21824K,   0% used [0x00000007a5560000, 0x00000007a5560000, 0x00000007a6ab0000)
 concurrent mark-sweep generation total 393216K, used 12159K [0x00000007a8000000, 0x00000007c0000000, 0x00000007c0000000)
 Metaspace       used 36812K, capacity 38025K, committed 38060K, reserved 1083392K
  class space    used 4475K, capacity 4758K, committed 4780K, reserved 1048576K
2018-02-17T16:47:11.329+0800: 134.591: [GC (Allocation Failure) 2018-02-17T16:47:11.329+0800: 134.591: [ParNew
Desired survivor size 20112992 bytes, new threshold 8 (max 8)
- age   1:     616856 bytes,     616856 total
- age   2:      90072 bytes,     706928 total
- age   3:    1042496 bytes,    1749424 total
- age   4:    6781320 bytes,    8530744 total
- age   5:     461912 bytes,    8992656 total
- age   6:      81096 bytes,    9073752 total
- age   7:      86384 bytes,    9160136 total
- age   8:    1456664 bytes,   10616800 total
: 106307K->21207K(109248K), 0.0800957 secs] 118467K->39739K(502464K), 0.0801997 secs] [Times: user=0.12 sys=0.01, real=0.08 secs] 
Heap after GC invocations=20 (full 1):
 par new generation   total 109248K, used 21207K [0x00000007a0000000, 0x00000007a8000000, 0x00000007a8000000)
  eden space 87424K,   0% used [0x00000007a0000000, 0x00000007a0000000, 0x00000007a5560000)
  from space 21824K,  97% used [0x00000007a5560000, 0x00000007a6a15f60, 0x00000007a6ab0000)
  to   space 21824K,   0% used [0x00000007a6ab0000, 0x00000007a6ab0000, 0x00000007a8000000)
 concurrent mark-sweep generation total 393216K, used 18531K [0x00000007a8000000, 0x00000007c0000000, 0x00000007c0000000)
 Metaspace       used 36812K, capacity 38025K, committed 38060K, reserved 1083392K
  class space    used 4475K, capacity 4758K, committed 4780K, reserved 1048576K
}
2018-02-17T16:47:11.409+0800: 134.672: Total time for which application threads were stopped: 0.0806145 seconds, Stopping threads took: 0.0002324 seconds
2018-02-17T16:47:11.412+0800: 134.674: Total time for which application threads were stopped: 0.0002730 seconds, Stopping threads took: 0.0001727 seconds
2018-02-17T16:47:11.412+0800: 134.674: Total time for which application threads were stopped: 0.0001031 seconds, Stopping threads took: 0.0000239 seconds
2018-02-17T16:47:11.530+0800: 134.792: Total time for which application threads were stopped: 0.0001523 seconds, Stopping threads took: 0.0000406 seconds
2018-02-17T16:47:11.548+0800: 134.811: Total time for which application threads were stopped: 0.0003557 seconds, Stopping threads took: 0.0002321 seconds
2018-02-17T16:47:11.551+0800: 134.813: Total time for which application threads were stopped: 0.0006414 seconds, Stopping threads took: 0.0005485 seconds
2018-02-17T16:47:11.552+0800: 134.814: Total time for which application threads were stopped: 0.0003203 seconds, Stopping threads took: 0.0000920 seconds
2018-02-17T16:47:11.618+0800: 134.881: Total time for which application threads were stopped: 0.0001632 seconds, Stopping threads took: 0.0000410 seconds
2018-02-17T16:47:11.619+0800: 134.881: Total time for which application threads were stopped: 0.0000782 seconds, Stopping threads took: 0.0000135 seconds
2018-02-17T16:47:11.621+0800: 134.883: Total time for which application threads were stopped: 0.0001596 seconds, Stopping threads took: 0.0000433 seconds
2018-02-17T16:47:11.642+0800: 134.905: Total time for which application threads were stopped: 0.0001364 seconds, Stopping threads took: 0.0000246 seconds
2018-02-17T16:47:11.642+0800: 134.905: Total time for which application threads were stopped: 0.0000817 seconds, Stopping threads took: 0.0000137 seconds
2018-02-17T16:47:11.645+0800: 134.907: Total time for which application threads were stopped: 0.0002063 seconds, Stopping threads took: 0.0000912 seconds
2018-02-17T16:47:11.656+0800: 134.918: Total time for which application threads were stopped: 0.0002182 seconds, Stopping threads took: 0.0000430 seconds
2018-02-17T16:47:11.657+0800: 134.919: Total time for which application threads were stopped: 0.0001589 seconds, Stopping threads took: 0.0000471 seconds
2018-02-17T16:47:11.658+0800: 134.921: Total time for which application threads were stopped: 0.0001637 seconds, Stopping threads took: 0.0000419 seconds
2018-02-17T16:47:11.659+0800: 134.921: Total time for which application threads were stopped: 0.0001017 seconds, Stopping threads took: 0.0000151 seconds
2018-02-17T16:47:11.762+0800: 135.025: Total time for which application threads were stopped: 0.0001177 seconds, Stopping threads took: 0.0000227 seconds
2018-02-17T16:47:11.764+0800: 135.026: Total time for which application threads were stopped: 0.0001261 seconds, Stopping threads took: 0.0000344 seconds
2018-02-17T16:47:11.870+0800: 135.132: Total time for which application threads were stopped: 0.0001695 seconds, Stopping threads took: 0.0000425 seconds
2018-02-17T16:47:11.871+0800: 135.133: Total time for which application threads were stopped: 0.0001386 seconds, Stopping threads took: 0.0000521 seconds
2018-02-17T16:47:11.975+0800: 135.238: Total time for which application threads were stopped: 0.0001372 seconds, Stopping threads took: 0.0000366 seconds
2018-02-17T16:47:11.978+0800: 135.240: Total time for which application threads were stopped: 0.0001132 seconds, Stopping threads took: 0.0000248 seconds
2018-02-17T16:47:12.083+0800: 135.345: Total time for which application threads were stopped: 0.0002846 seconds, Stopping threads took: 0.0001198 seconds
2018-02-17T16:47:12.085+0800: 135.347: Total time for which application threads were stopped: 0.0001874 seconds, Stopping threads took: 0.0000678 seconds
2018-02-17T16:47:12.189+0800: 135.452: Total time for which application threads were stopped: 0.0001865 seconds, Stopping threads took: 0.0000579 seconds
2018-02-17T16:47:12.192+0800: 135.454: Total time for which application threads were stopped: 0.0001557 seconds, Stopping threads took: 0.0000460 seconds
2018-02-17T16:47:12.302+0800: 135.564: Total time for which application threads were stopped: 0.0001353 seconds, Stopping threads took: 0.0000414 seconds
2018-02-17T16:47:12.302+0800: 135.565: Total time for which application threads were stopped: 0.0001416 seconds, Stopping threads took: 0.0000499 seconds
2018-02-17T16:47:12.407+0800: 135.670: Total time for which application threads were stopped: 0.0002337 seconds, Stopping threads took: 0.0001107 seconds
2018-02-17T16:47:12.411+0800: 135.673: Total time for which application threads were stopped: 0.0001534 seconds, Stopping threads took: 0.0000557 seconds
2018-02-17T16:47:12.515+0800: 135.777: Total time for which application threads were stopped: 0.0002544 seconds, Stopping threads took: 0.0000745 seconds
2018-02-17T16:47:12.517+0800: 135.779: Total time for which application threads were stopped: 0.0003128 seconds, Stopping threads took: 0.0000418 seconds
2018-02-17T16:47:13.518+0800: 136.780: Total time for which application threads were stopped: 0.0003040 seconds, Stopping threads took: 0.0000458 seconds
2018-02-17T16:47:14.521+0800: 137.784: Total time for which application threads were stopped: 0.0002887 seconds, Stopping threads took: 0.0000498 seconds
{Heap before GC invocations=20 (full 1):
 par new generation   total 109248K, used 108631K [0x00000007a0000000, 0x00000007a8000000, 0x00000007a8000000)
  eden space 87424K, 100% used [0x00000007a0000000, 0x00000007a5560000, 0x00000007a5560000)
  from space 21824K,  97% used [0x00000007a5560000, 0x00000007a6a15f60, 0x00000007a6ab0000)
  to   space 21824K,   0% used [0x00000007a6ab0000, 0x00000007a6ab0000, 0x00000007a8000000)
 concurrent mark-sweep generation total 393216K, used 18531K [0x00000007a8000000, 0x00000007c0000000, 0x00000007c0000000)
 Metaspace       used 37118K, capacity 38367K, committed 38700K, reserved 1083392K
  class space    used 4488K, capacity 4783K, committed 4908K, reserved 1048576K
2018-02-17T16:47:15.443+0800: 138.706: [GC (Allocation Failure) 2018-02-17T16:47:15.443+0800: 138.706: [ParNew
Desired survivor size 20112992 bytes, new threshold 8 (max 8)
- age   1:    1757792 bytes,    1757792 total
- age   2:     118104 bytes,    1875896 total
- age   3:      88096 bytes,    1963992 total
- age   4:     144856 bytes,    2108848 total
- age   5:    6262240 bytes,    8371088 total
- age   6:     461912 bytes,    8833000 total
- age   7:      81096 bytes,    8914096 total
- age   8:      86384 bytes,    9000480 total
: 108631K->11213K(109248K), 0.0204995 secs] 127163K->31170K(502464K), 0.0206075 secs] [Times: user=0.06 sys=0.00, real=0.02 secs] 
Heap after GC invocations=21 (full 1):
 par new generation   total 109248K, used 11213K [0x00000007a0000000, 0x00000007a8000000, 0x00000007a8000000)
  eden space 87424K,   0% used [0x00000007a0000000, 0x00000007a0000000, 0x00000007a5560000)
  from space 21824K,  51% used [0x00000007a6ab0000, 0x00000007a75a3510, 0x00000007a8000000)
  to   space 21824K,   0% used [0x00000007a5560000, 0x00000007a5560000, 0x00000007a6ab0000)
 concurrent mark-sweep generation total 393216K, used 19957K [0x00000007a8000000, 0x00000007c0000000, 0x00000007c0000000)
 Metaspace       used 37118K, capacity 38367K, committed 38700K, reserved 1083392K
  class space    used 4488K, capacity 4783K, committed 4908K, reserved 1048576K
}
2018-02-17T16:47:15.464+0800: 138.726: Total time for which application threads were stopped: 0.0209115 seconds, Stopping threads took: 0.0000603 seconds
2018-02-17T16:47:16.466+0800: 139.729: Total time for which application threads were stopped: 0.0003429 seconds, Stopping threads took: 0.0000371 seconds
2018-02-17T16:47:16.660+0800: 139.922: Total time for which application threads were stopped: 0.0001017 seconds, Stopping threads took: 0.0000197 seconds
2018-02-17T16:47:16.660+0800: 139.922: Total time for which application threads were stopped: 0.0000708 seconds, Stopping threads took: 0.0000097 seconds
2018-02-17T16:47:16.660+0800: 139.923: Total time for which application threads were stopped: 0.0000514 seconds, Stopping threads took: 0.0000089 seconds
2018-02-17T16:47:16.660+0800: 139.923: Total time for which application threads were stopped: 0.0000504 seconds, Stopping threads took: 0.0000084 seconds
2018-02-17T16:47:16.660+0800: 139.923: Total time for which application threads were stopped: 0.0000707 seconds, Stopping threads took: 0.0000272 seconds
2018-02-17T16:47:16.661+0800: 139.923: Total time for which application threads were stopped: 0.0000632 seconds, Stopping threads took: 0.0000197 seconds
2018-02-17T16:47:16.661+0800: 139.923: Total time for which application threads were stopped: 0.0000548 seconds, Stopping threads took: 0.0000107 seconds
2018-02-17T16:47:16.661+0800: 139.923: Total time for which application threads were stopped: 0.0000683 seconds, Stopping threads took: 0.0000099 seconds
2018-02-17T16:47:16.665+0800: 139.928: Total time for which application threads were stopped: 0.0001811 seconds, Stopping threads took: 0.0000927 seconds
2018-02-17T16:47:16.666+0800: 139.928: Total time for which application threads were stopped: 0.0000853 seconds, Stopping threads took: 0.0000230 seconds
2018-02-17T16:47:16.666+0800: 139.928: Total time for which application threads were stopped: 0.0000845 seconds, Stopping threads took: 0.0000299 seconds
2018-02-17T16:47:16.666+0800: 139.928: Total time for which application threads were stopped: 0.0001028 seconds, Stopping threads took: 0.0000327 seconds
2018-02-17T16:47:16.666+0800: 139.928: Total time for which application threads were stopped: 0.0000518 seconds, Stopping threads took: 0.0000098 seconds
2018-02-17T16:47:16.666+0800: 139.928: Total time for which application threads were stopped: 0.0000769 seconds, Stopping threads took: 0.0000246 seconds
2018-02-17T16:47:16.666+0800: 139.928: Total time for which application threads were stopped: 0.0000773 seconds, Stopping threads took: 0.0000265 seconds
2018-02-17T16:47:16.666+0800: 139.929: Total time for which application threads were stopped: 0.0000515 seconds, Stopping threads took: 0.0000092 seconds
2018-02-17T16:47:16.666+0800: 139.929: Total time for which application threads were stopped: 0.0000801 seconds, Stopping threads took: 0.0000386 seconds
2018-02-17T16:47:16.666+0800: 139.929: Total time for which application threads were stopped: 0.0000611 seconds, Stopping threads took: 0.0000210 seconds
2018-02-17T16:47:16.667+0800: 139.929: Total time for which application threads were stopped: 0.0000723 seconds, Stopping threads took: 0.0000183 seconds
2018-02-17T16:47:16.667+0800: 139.929: Total time for which application threads were stopped: 0.0001107 seconds, Stopping threads took: 0.0000240 seconds
2018-02-17T16:47:16.667+0800: 139.929: Total time for which application threads were stopped: 0.0000762 seconds, Stopping threads took: 0.0000242 seconds
2018-02-17T16:47:16.667+0800: 139.929: Total time for which application threads were stopped: 0.0000988 seconds, Stopping threads took: 0.0000442 seconds
2018-02-17T16:47:16.667+0800: 139.929: Total time for which application threads were stopped: 0.0000922 seconds, Stopping threads took: 0.0000529 seconds
2018-02-17T16:47:16.667+0800: 139.930: Total time for which application threads were stopped: 0.0000595 seconds, Stopping threads took: 0.0000184 seconds
2018-02-17T16:47:16.667+0800: 139.930: Total time for which application threads were stopped: 0.0000610 seconds, Stopping threads took: 0.0000172 seconds
2018-02-17T16:47:16.667+0800: 139.930: Total time for which application threads were stopped: 0.0000768 seconds, Stopping threads took: 0.0000278 seconds
2018-02-17T16:47:16.668+0800: 139.930: Total time for which application threads were stopped: 0.0000916 seconds, Stopping threads took: 0.0000474 seconds
2018-02-17T16:47:16.668+0800: 139.930: Total time for which application threads were stopped: 0.0001520 seconds, Stopping threads took: 0.0000228 seconds
2018-02-17T16:47:16.669+0800: 139.932: Total time for which application threads were stopped: 0.0000830 seconds, Stopping threads took: 0.0000156 seconds
2018-02-17T16:47:16.669+0800: 139.932: Total time for which application threads were stopped: 0.0000528 seconds, Stopping threads took: 0.0000088 seconds
2018-02-17T16:47:16.671+0800: 139.933: Total time for which application threads were stopped: 0.0000836 seconds, Stopping threads took: 0.0000238 seconds
2018-02-17T16:47:16.671+0800: 139.933: Total time for which application threads were stopped: 0.0001101 seconds, Stopping threads took: 0.0000630 seconds
2018-02-17T16:47:17.673+0800: 140.935: Total time for which application threads were stopped: 0.0002413 seconds, Stopping threads took: 0.0000460 seconds
2018-02-17T16:47:18.675+0800: 141.937: Total time for which application threads were stopped: 0.0001596 seconds, Stopping threads took: 0.0000344 seconds
2018-02-17T16:47:20.676+0800: 143.938: Total time for which application threads were stopped: 0.0001833 seconds, Stopping threads took: 0.0000376 seconds
2018-02-17T16:47:21.665+0800: 144.927: Total time for which application threads were stopped: 0.0002427 seconds, Stopping threads took: 0.0000446 seconds
2018-02-17T16:47:21.665+0800: 144.927: Total time for which application threads were stopped: 0.0000709 seconds, Stopping threads took: 0.0000111 seconds
2018-02-17T16:47:21.665+0800: 144.927: Total time for which application threads were stopped: 0.0000733 seconds, Stopping threads took: 0.0000091 seconds
2018-02-17T16:47:21.665+0800: 144.927: Total time for which application threads were stopped: 0.0000492 seconds, Stopping threads took: 0.0000090 seconds
2018-02-17T16:47:21.665+0800: 144.928: Total time for which application threads were stopped: 0.0000589 seconds, Stopping threads took: 0.0000205 seconds
2018-02-17T16:47:21.666+0800: 144.928: Total time for which application threads were stopped: 0.0000538 seconds, Stopping threads took: 0.0000109 seconds
2018-02-17T16:47:21.666+0800: 144.928: Total time for which application threads were stopped: 0.0000550 seconds, Stopping threads took: 0.0000111 seconds
2018-02-17T16:47:21.666+0800: 144.928: Total time for which application threads were stopped: 0.0000414 seconds, Stopping threads took: 0.0000061 seconds
2018-02-17T16:47:21.672+0800: 144.934: Total time for which application threads were stopped: 0.0000900 seconds, Stopping threads took: 0.0000187 seconds
2018-02-17T16:47:21.672+0800: 144.934: Total time for which application threads were stopped: 0.0000512 seconds, Stopping threads took: 0.0000087 seconds
2018-02-17T16:47:21.673+0800: 144.935: Total time for which application threads were stopped: 0.0000619 seconds, Stopping threads took: 0.0000096 seconds
2018-02-17T16:47:21.674+0800: 144.936: Total time for which application threads were stopped: 0.0001606 seconds, Stopping threads took: 0.0001013 seconds
2018-02-17T16:47:21.675+0800: 144.937: Total time for which application threads were stopped: 0.0001260 seconds, Stopping threads took: 0.0000294 seconds
2018-02-17T16:47:22.676+0800: 145.938: Total time for which application threads were stopped: 0.0001563 seconds, Stopping threads took: 0.0000366 seconds
2018-02-17T16:47:27.690+0800: 150.952: Total time for which application threads were stopped: 0.0001484 seconds, Stopping threads took: 0.0000386 seconds
2018-02-17T16:52:58.417+0800: 481.670: Total time for which application threads were stopped: 0.0014211 seconds, Stopping threads took: 0.0005271 seconds
2018-02-17T16:55:07.726+0800: 610.976: Total time for which application threads were stopped: 0.0001614 seconds, Stopping threads took: 0.0000337 seconds
2018-02-17T16:55:12.737+0800: 615.987: Total time for which application threads were stopped: 0.0002560 seconds, Stopping threads took: 0.0000929 seconds
2018-02-17T16:56:22.337+0800: 685.585: Total time for which application threads were stopped: 0.0006365 seconds, Stopping threads took: 0.0000806 seconds
2018-02-17T16:56:22.338+0800: 685.586: Total time for which application threads were stopped: 0.0000673 seconds, Stopping threads took: 0.0000132 seconds
2018-02-17T16:56:22.338+0800: 685.586: Total time for which application threads were stopped: 0.0000469 seconds, Stopping threads took: 0.0000056 seconds
2018-02-17T16:56:22.354+0800: 685.602: Total time for which application threads were stopped: 0.0001421 seconds, Stopping threads took: 0.0000551 seconds
2018-02-17T16:56:22.354+0800: 685.602: Total time for which application threads were stopped: 0.0001537 seconds, Stopping threads took: 0.0000912 seconds
2018-02-17T16:56:22.355+0800: 685.603: Total time for which application threads were stopped: 0.0001805 seconds, Stopping threads took: 0.0000281 seconds
2018-02-17T16:56:22.355+0800: 685.604: Total time for which application threads were stopped: 0.0001172 seconds, Stopping threads took: 0.0000430 seconds
2018-02-17T16:56:22.356+0800: 685.604: Total time for which application threads were stopped: 0.0001528 seconds, Stopping threads took: 0.0000824 seconds
2018-02-17T16:56:22.356+0800: 685.604: Total time for which application threads were stopped: 0.0001588 seconds, Stopping threads took: 0.0000589 seconds
2018-02-17T16:56:22.356+0800: 685.605: Total time for which application threads were stopped: 0.0000843 seconds, Stopping threads took: 0.0000192 seconds
2018-02-17T16:56:22.356+0800: 685.605: Total time for which application threads were stopped: 0.0001033 seconds, Stopping threads took: 0.0000602 seconds
2018-02-17T16:56:22.357+0800: 685.605: Total time for which application threads were stopped: 0.0001030 seconds, Stopping threads took: 0.0000639 seconds
2018-02-17T16:56:22.357+0800: 685.605: Total time for which application threads were stopped: 0.0000892 seconds, Stopping threads took: 0.0000293 seconds
2018-02-17T16:56:22.357+0800: 685.605: Total time for which application threads were stopped: 0.0000592 seconds, Stopping threads took: 0.0000069 seconds
2018-02-17T16:56:22.357+0800: 685.606: Total time for which application threads were stopped: 0.0004638 seconds, Stopping threads took: 0.0003663 seconds
2018-02-17T16:56:22.358+0800: 685.606: Total time for which application threads were stopped: 0.0002767 seconds, Stopping threads took: 0.0002123 seconds
2018-02-17T16:56:22.358+0800: 685.606: Total time for which application threads were stopped: 0.0001176 seconds, Stopping threads took: 0.0000548 seconds
2018-02-17T16:56:22.358+0800: 685.606: Total time for which application threads were stopped: 0.0001255 seconds, Stopping threads took: 0.0000449 seconds
2018-02-17T16:56:22.358+0800: 685.607: Total time for which application threads were stopped: 0.0000961 seconds, Stopping threads took: 0.0000321 seconds
2018-02-17T16:56:22.359+0800: 685.607: Total time for which application threads were stopped: 0.0000882 seconds, Stopping threads took: 0.0000292 seconds
2018-02-17T16:56:22.359+0800: 685.607: Total time for which application threads were stopped: 0.0003245 seconds, Stopping threads took: 0.0000063 seconds
2018-02-17T16:56:22.362+0800: 685.610: Total time for which application threads were stopped: 0.0001667 seconds, Stopping threads took: 0.0000982 seconds
2018-02-17T16:56:22.363+0800: 685.611: Total time for which application threads were stopped: 0.0002201 seconds, Stopping threads took: 0.0001128 seconds
2018-02-17T16:56:22.363+0800: 685.611: Total time for which application threads were stopped: 0.0001047 seconds, Stopping threads took: 0.0000369 seconds
2018-02-17T16:56:22.363+0800: 685.611: Total time for which application threads were stopped: 0.0000968 seconds, Stopping threads took: 0.0000223 seconds
2018-02-17T16:56:22.363+0800: 685.612: Total time for which application threads were stopped: 0.0001022 seconds, Stopping threads took: 0.0000490 seconds
2018-02-17T16:56:22.363+0800: 685.612: Total time for which application threads were stopped: 0.0001098 seconds, Stopping threads took: 0.0000484 seconds
2018-02-17T16:56:22.364+0800: 685.612: Total time for which application threads were stopped: 0.0000725 seconds, Stopping threads took: 0.0000180 seconds
2018-02-17T16:56:22.364+0800: 685.612: Total time for which application threads were stopped: 0.0000435 seconds, Stopping threads took: 0.0000068 seconds
2018-02-17T16:56:22.364+0800: 685.612: Total time for which application threads were stopped: 0.0002548 seconds, Stopping threads took: 0.0001616 seconds
2018-02-17T16:56:22.364+0800: 685.612: Total time for which application threads were stopped: 0.0000672 seconds, Stopping threads took: 0.0000069 seconds
2018-02-17T16:56:22.364+0800: 685.613: Total time for which application threads were stopped: 0.0000683 seconds, Stopping threads took: 0.0000066 seconds
2018-02-17T16:56:22.364+0800: 685.613: Total time for which application threads were stopped: 0.0000606 seconds, Stopping threads took: 0.0000059 seconds
2018-02-17T16:56:22.370+0800: 685.619: Total time for which application threads were stopped: 0.0001636 seconds, Stopping threads took: 0.0000911 seconds
2018-02-17T16:56:22.375+0800: 685.623: Total time for which application threads were stopped: 0.0003271 seconds, Stopping threads took: 0.0002542 seconds
2018-02-17T16:56:22.388+0800: 685.636: Total time for which application threads were stopped: 0.0001124 seconds, Stopping threads took: 0.0000295 seconds
2018-02-17T16:56:22.388+0800: 685.636: Total time for which application threads were stopped: 0.0000822 seconds, Stopping threads took: 0.0000435 seconds
2018-02-17T16:56:22.389+0800: 685.637: Total time for which application threads were stopped: 0.0000756 seconds, Stopping threads took: 0.0000220 seconds
2018-02-17T16:56:22.389+0800: 685.637: Total time for which application threads were stopped: 0.0000639 seconds, Stopping threads took: 0.0000166 seconds
2018-02-17T16:56:22.390+0800: 685.638: Total time for which application threads were stopped: 0.0010930 seconds, Stopping threads took: 0.0010524 seconds
2018-02-17T16:56:22.390+0800: 685.639: Total time for which application threads were stopped: 0.0000626 seconds, Stopping threads took: 0.0000289 seconds
2018-02-17T16:56:22.390+0800: 685.639: Total time for which application threads were stopped: 0.0000590 seconds, Stopping threads took: 0.0000143 seconds
2018-02-17T16:56:22.391+0800: 685.639: Total time for which application threads were stopped: 0.0000777 seconds, Stopping threads took: 0.0000252 seconds
2018-02-17T16:56:22.392+0800: 685.640: Total time for which application threads were stopped: 0.0003856 seconds, Stopping threads took: 0.0003407 seconds
2018-02-17T16:56:22.392+0800: 685.640: Total time for which application threads were stopped: 0.0000703 seconds, Stopping threads took: 0.0000224 seconds
2018-02-17T16:56:22.392+0800: 685.640: Total time for which application threads were stopped: 0.0000801 seconds, Stopping threads took: 0.0000468 seconds
2018-02-17T16:56:22.392+0800: 685.640: Total time for which application threads were stopped: 0.0000327 seconds, Stopping threads took: 0.0000062 seconds
2018-02-17T16:56:22.392+0800: 685.641: Total time for which application threads were stopped: 0.0000489 seconds, Stopping threads took: 0.0000054 seconds
2018-02-17T16:56:22.395+0800: 685.643: Total time for which application threads were stopped: 0.0000817 seconds, Stopping threads took: 0.0000294 seconds
2018-02-17T16:56:22.398+0800: 685.646: Total time for which application threads were stopped: 0.0001062 seconds, Stopping threads took: 0.0000546 seconds
2018-02-17T16:56:22.416+0800: 685.664: Total time for which application threads were stopped: 0.0001105 seconds, Stopping threads took: 0.0000350 seconds
2018-02-17T16:56:22.416+0800: 685.664: Total time for which application threads were stopped: 0.0000412 seconds, Stopping threads took: 0.0000157 seconds
2018-02-17T16:56:22.416+0800: 685.664: Total time for which application threads were stopped: 0.0000363 seconds, Stopping threads took: 0.0000151 seconds
Heap
 par new generation   total 109248K, used 36344K [0x00000007a0000000, 0x00000007a8000000, 0x00000007a8000000)
  eden space 87424K,  28% used [0x00000007a0000000, 0x00000007a188ad78, 0x00000007a5560000)
  from space 21824K,  51% used [0x00000007a6ab0000, 0x00000007a75a3510, 0x00000007a8000000)
  to   space 21824K,   0% used [0x00000007a5560000, 0x00000007a5560000, 0x00000007a6ab0000)
 concurrent mark-sweep generation total 393216K, used 19957K [0x00000007a8000000, 0x00000007c0000000, 0x00000007c0000000)
 Metaspace       used 37366K, capacity 38679K, committed 38956K, reserved 1083392K
  class space    used 4505K, capacity 4793K, committed 4908K, reserved 1048576K
