[2018-03-15T11:09:58.818-0700][0.013s] Using Concurrent Mark Sweep
[2018-03-15T11:10:04.723-0700][5.917s] GC(0) Pause Young (Allocation Failure) (5.917s)
[2018-03-15T11:10:04.723-0700][5.917s] GC(0) GC Workers: 4
[2018-03-15T11:10:04.732-0700][5.926s] GC(0) ParNew: 87424K->16072K(109248K)
[2018-03-15T11:10:04.732-0700][5.926s] GC(0) CMS: 0K->0K(393216K)
[2018-03-15T11:10:04.732-0700][5.926s] GC(0) Metaspace: 20028K->20028K(1067008K)
[2018-03-15T11:10:04.732-0700][5.926s] GC(0) Pause Young (Allocation Failure) 85M->15M(490M) (5.917s, 5.926s) 9.037ms
[2018-03-15T11:10:04.732-0700][5.926s] GC(0) User=0.03s Sys=0.01s Real=0.01s
[2018-03-15T11:10:05.117-0700][6.311s] GC(1) Pause Young (Allocation Failure) (6.311s)
[2018-03-15T11:10:05.117-0700][6.311s] GC(1) GC Workers: 4
[2018-03-15T11:10:05.124-0700][6.319s] GC(1) ParNew: 103485K->21824K(109248K)
[2018-03-15T11:10:05.124-0700][6.319s] GC(1) CMS: 0K->243K(393216K)
[2018-03-15T11:10:05.124-0700][6.319s] GC(1) Metaspace: 25289K->25289K(1073152K)
[2018-03-15T11:10:05.124-0700][6.319s] GC(1) Pause Young (Allocation Failure) 101M->21M(490M) (6.311s, 6.319s) 7.944ms
[2018-03-15T11:10:05.124-0700][6.319s] GC(1) User=0.04s Sys=0.00s Real=0.00s
[2018-03-15T11:10:05.125-0700][6.319s] GC(2) Pause Initial Mark (6.319s)
[2018-03-15T11:10:05.127-0700][6.321s] GC(2) Pause Initial Mark 22M->22M(490M) (6.319s, 6.321s) 2.034ms
[2018-03-15T11:10:05.127-0700][6.321s] GC(2) User=0.01s Sys=0.00s Real=0.00s
[2018-03-15T11:10:05.127-0700][6.321s] GC(2) Concurrent Mark (6.321s)
[2018-03-15T11:10:05.127-0700][6.321s] GC(2) GC Workers: 4
[2018-03-15T11:10:05.129-0700][6.323s] GC(2) Concurrent Mark (6.321s, 6.323s) 1.998ms
[2018-03-15T11:10:05.129-0700][6.323s] GC(2) User=0.01s Sys=0.00s Real=0.01s
[2018-03-15T11:10:05.129-0700][6.323s] GC(2) Concurrent Preclean (6.323s)
[2018-03-15T11:10:05.130-0700][6.325s] GC(2) Concurrent Preclean (6.323s, 6.325s) 1.288ms
[2018-03-15T11:10:05.130-0700][6.325s] GC(2) User=0.00s Sys=0.00s Real=0.00s
[2018-03-15T11:10:05.130-0700][6.325s] GC(2) Pause Remark (6.325s)
[2018-03-15T11:10:05.130-0700][6.325s] GC(3) Pause Young (CMS Final Remark) (6.325s)
[2018-03-15T11:10:05.130-0700][6.325s] GC(3) GC Workers: 4
[2018-03-15T11:10:05.155-0700][6.350s] GC(3) ParNew: 23197K->15878K(109248K)
[2018-03-15T11:10:05.155-0700][6.350s] GC(3) CMS: 243K->11977K(393216K)
[2018-03-15T11:10:05.155-0700][6.350s] GC(3) Metaspace: 25315K->25315K(1073152K)
[2018-03-15T11:10:05.155-0700][6.350s] GC(3) Pause Young (CMS Final Remark) 22M->27M(490M) (6.325s, 6.350s) 24.995ms
[2018-03-15T11:10:05.155-0700][6.350s] GC(3) User=0.09s Sys=0.01s Real=0.02s
[2018-03-15T11:10:05.163-0700][6.358s] GC(2) Pause Remark 22M->27M(490M) (6.325s, 6.358s) 32.781ms
[2018-03-15T11:10:05.163-0700][6.358s] GC(2) User=0.11s Sys=0.01s Real=0.03s
[2018-03-15T11:10:05.163-0700][6.358s] GC(2) Concurrent Sweep (6.358s)
[2018-03-15T11:10:05.167-0700][6.362s] GC(2) Concurrent Sweep (6.358s, 6.362s) 3.830ms
[2018-03-15T11:10:05.167-0700][6.362s] GC(2) User=0.01s Sys=0.00s Real=0.00s
[2018-03-15T11:10:05.167-0700][6.362s] GC(2) Concurrent Reset (6.362s)
[2018-03-15T11:10:05.169-0700][6.364s] GC(2) Concurrent Reset (6.362s, 6.364s) 1.981ms
[2018-03-15T11:10:05.169-0700][6.364s] GC(2) User=0.01s Sys=0.00s Real=0.01s
[2018-03-15T11:10:05.169-0700][6.364s] GC(2) Old: 243K->11977K(393216K)
[2018-03-15T11:10:05.314-0700][6.509s] GC(4) Pause Young (Allocation Failure) (6.509s)
[2018-03-15T11:10:05.314-0700][6.509s] GC(4) GC Workers: 4
[2018-03-15T11:10:05.318-0700][6.512s] GC(4) ParNew: 103302K->8474K(109248K)
[2018-03-15T11:10:05.318-0700][6.512s] GC(4) CMS: 11977K->11977K(393216K)
[2018-03-15T11:10:05.318-0700][6.512s] GC(4) Metaspace: 26621K->26621K(1073152K)
[2018-03-15T11:10:05.318-0700][6.512s] GC(4) Pause Young (Allocation Failure) 112M->19M(490M) (6.509s, 6.512s) 3.475ms
[2018-03-15T11:10:05.318-0700][6.512s] GC(4) User=0.01s Sys=0.00s Real=0.01s
[2018-03-15T11:10:05.597-0700][6.792s] GC(5) Pause Young (Allocation Failure) (6.792s)
[2018-03-15T11:10:05.597-0700][6.792s] GC(5) GC Workers: 4
[2018-03-15T11:10:05.601-0700][6.795s] GC(5) ParNew: 95898K->13572K(109248K)
[2018-03-15T11:10:05.601-0700][6.795s] GC(5) CMS: 11977K->11977K(393216K)
[2018-03-15T11:10:05.601-0700][6.795s] GC(5) Metaspace: 30333K->30333K(1077248K)
[2018-03-15T11:10:05.601-0700][6.795s] GC(5) Pause Young (Allocation Failure) 105M->24M(490M) (6.792s, 6.795s) 3.579ms
[2018-03-15T11:10:05.601-0700][6.795s] GC(5) User=0.02s Sys=0.00s Real=0.00s
[2018-03-15T11:14:49.646-0700][290.841s] GC(6) Pause Young (Allocation Failure) (290.841s)
[2018-03-15T11:14:49.646-0700][290.841s] GC(6) GC Workers: 4
[2018-03-15T11:14:49.652-0700][290.847s] GC(6) ParNew: 100996K->17917K(109248K)
[2018-03-15T11:14:49.652-0700][290.847s] GC(6) CMS: 11977K->11977K(393216K)
[2018-03-15T11:14:49.652-0700][290.847s] GC(6) Metaspace: 35085K->35085K(1081344K)
[2018-03-15T11:14:49.652-0700][290.847s] GC(6) Pause Young (Allocation Failure) 110M->29M(490M) (290.841s, 290.847s) 6.366ms
[2018-03-15T11:14:49.652-0700][290.847s] GC(6) User=0.02s Sys=0.00s Real=0.01s
