Java HotSpot(TM) 64-Bit Server VM (25.131-b11) for bsd-amd64 JRE (1.8.0_131-b11), built on Mar 15 2017 01:32:22 by "java_re" with gcc 4.2.1 (Based on Apple Inc. build 5658) (LLVM build 2336.11.00)
Memory: 4k page, physical 8388608k(357124k free)

/proc/meminfo:

CommandLine flags: -XX:CMSInitiatingOccupancyFraction=50 -XX:CMSMaxAbortablePrecleanTime=6000 -XX:+CMSParallelRemarkEnabled -XX:+CMSScavengeBeforeRemark -XX:ConcGCThreads=4 -XX:GCLogFileSize=20971520 -XX:InitialHeapSize=536870912 -XX:MaxHeapSize=536870912 -XX:MaxTenuringThreshold=8 -XX:NewRatio=3 -XX:NumberOfGCLogFiles=9 -XX:OldPLABSize=16 -XX:-OmitStackTraceInFastThrow -XX:OnOutOfMemoryError=/Users/vivianbuan/Documents/SEFS/SOLR/solr-7.2.0/bin/oom_solr.sh 8983 /Users/vivianbuan/Documents/SEFS/SOLR/solr-7.2.0/example/cloud/node1/solr/../logs -XX:ParallelGCThreads=4 -XX:+ParallelRefProcEnabled -XX:PretenureSizeThreshold=67108864 -XX:+PrintGC -XX:+PrintGCApplicationStoppedTime -XX:+PrintGCDateStamps -XX:+PrintGCDetails -XX:+PrintGCTimeStamps -XX:+PrintHeapAtGC -XX:+PrintTenuringDistribution -XX:SurvivorRatio=4 -XX:TargetSurvivorRatio=90 -XX:ThreadStackSize=256 -XX:+UseCMSInitiatingOccupancyOnly -XX:+UseCompressedClassPointers -XX:+UseCompressedOops -XX:+UseConcMarkSweepGC -XX:+UseGCLogFileRotation -XX:+UseParNewGC 
2018-02-17T16:57:50.006+0800: 0.149: Total time for which application threads were stopped: 0.0000808 seconds, Stopping threads took: 0.0000080 seconds
2018-02-17T16:57:50.024+0800: 0.168: Total time for which application threads were stopped: 0.0000587 seconds, Stopping threads took: 0.0000074 seconds
2018-02-17T16:57:50.114+0800: 0.257: Total time for which application threads were stopped: 0.0000721 seconds, Stopping threads took: 0.0000071 seconds
2018-02-17T16:57:50.138+0800: 0.281: Total time for which application threads were stopped: 0.0000760 seconds, Stopping threads took: 0.0000086 seconds
2018-02-17T16:57:50.526+0800: 0.669: Total time for which application threads were stopped: 0.0001894 seconds, Stopping threads took: 0.0000265 seconds
2018-02-17T16:57:50.652+0800: 0.795: Total time for which application threads were stopped: 0.0001693 seconds, Stopping threads took: 0.0000109 seconds
2018-02-17T16:57:50.673+0800: 0.817: Total time for which application threads were stopped: 0.0001595 seconds, Stopping threads took: 0.0000291 seconds
2018-02-17T16:57:50.877+0800: 1.020: Total time for which application threads were stopped: 0.0002598 seconds, Stopping threads took: 0.0000132 seconds
2018-02-17T16:57:50.911+0800: 1.054: Total time for which application threads were stopped: 0.0001700 seconds, Stopping threads took: 0.0000116 seconds
2018-02-17T16:57:51.232+0800: 1.375: Total time for which application threads were stopped: 0.0002746 seconds, Stopping threads took: 0.0000131 seconds
2018-02-17T16:57:51.234+0800: 1.377: Total time for which application threads were stopped: 0.0002024 seconds, Stopping threads took: 0.0000097 seconds
2018-02-17T16:57:51.239+0800: 1.382: Total time for which application threads were stopped: 0.0001693 seconds, Stopping threads took: 0.0000099 seconds
2018-02-17T16:57:51.261+0800: 1.404: Total time for which application threads were stopped: 0.0001806 seconds, Stopping threads took: 0.0000100 seconds
2018-02-17T16:57:51.347+0800: 1.490: Total time for which application threads were stopped: 0.0002259 seconds, Stopping threads took: 0.0000203 seconds
{Heap before GC invocations=0 (full 0):
 par new generation   total 109248K, used 87424K [0x00000007a0000000, 0x00000007a8000000, 0x00000007a8000000)
  eden space 87424K, 100% used [0x00000007a0000000, 0x00000007a5560000, 0x00000007a5560000)
  from space 21824K,   0% used [0x00000007a5560000, 0x00000007a5560000, 0x00000007a6ab0000)
  to   space 21824K,   0% used [0x00000007a6ab0000, 0x00000007a6ab0000, 0x00000007a8000000)
 concurrent mark-sweep generation total 393216K, used 0K [0x00000007a8000000, 0x00000007c0000000, 0x00000007c0000000)
 Metaspace       used 18245K, capacity 18574K, committed 18944K, reserved 1067008K
  class space    used 2098K, capacity 2229K, committed 2304K, reserved 1048576K
2018-02-17T16:57:51.424+0800: 1.567: [GC (Allocation Failure) 2018-02-17T16:57:51.424+0800: 1.567: [ParNew
Desired survivor size 20112992 bytes, new threshold 8 (max 8)
- age   1:   10678992 bytes,   10678992 total
: 87424K->10536K(109248K), 0.0123454 secs] 87424K->10536K(502464K), 0.0124037 secs] [Times: user=0.03 sys=0.01, real=0.01 secs] 
Heap after GC invocations=1 (full 0):
 par new generation   total 109248K, used 10536K [0x00000007a0000000, 0x00000007a8000000, 0x00000007a8000000)
  eden space 87424K,   0% used [0x00000007a0000000, 0x00000007a0000000, 0x00000007a5560000)
  from space 21824K,  48% used [0x00000007a6ab0000, 0x00000007a74fa2e0, 0x00000007a8000000)
  to   space 21824K,   0% used [0x00000007a5560000, 0x00000007a5560000, 0x00000007a6ab0000)
 concurrent mark-sweep generation total 393216K, used 0K [0x00000007a8000000, 0x00000007c0000000, 0x00000007c0000000)
 Metaspace       used 18245K, capacity 18574K, committed 18944K, reserved 1067008K
  class space    used 2098K, capacity 2229K, committed 2304K, reserved 1048576K
}
2018-02-17T16:57:51.436+0800: 1.579: Total time for which application threads were stopped: 0.0125968 seconds, Stopping threads took: 0.0000219 seconds
2018-02-17T16:57:52.439+0800: 2.582: Total time for which application threads were stopped: 0.0003642 seconds, Stopping threads took: 0.0000334 seconds
2018-02-17T16:57:53.961+0800: 4.104: Total time for which application threads were stopped: 0.0001676 seconds, Stopping threads took: 0.0000134 seconds
2018-02-17T16:57:56.701+0800: 6.844: Total time for which application threads were stopped: 0.0000758 seconds, Stopping threads took: 0.0000109 seconds
2018-02-17T16:57:56.701+0800: 6.844: Total time for which application threads were stopped: 0.0000571 seconds, Stopping threads took: 0.0000145 seconds
2018-02-17T16:57:56.701+0800: 6.844: Total time for which application threads were stopped: 0.0000684 seconds, Stopping threads took: 0.0000132 seconds
2018-02-17T16:57:56.802+0800: 6.945: Total time for which application threads were stopped: 0.0001685 seconds, Stopping threads took: 0.0000152 seconds
2018-02-17T16:57:56.845+0800: 6.988: Total time for which application threads were stopped: 0.0000778 seconds, Stopping threads took: 0.0000150 seconds
2018-02-17T16:57:56.865+0800: 7.008: Total time for which application threads were stopped: 0.0000734 seconds, Stopping threads took: 0.0000156 seconds
2018-02-17T16:57:57.443+0800: 7.586: [GC (CMS Initial Mark) [1 CMS-initial-mark: 0K(393216K)] 47311K(502464K), 0.0083939 secs] [Times: user=0.02 sys=0.00, real=0.01 secs] 
2018-02-17T16:57:57.451+0800: 7.594: Total time for which application threads were stopped: 0.0085870 seconds, Stopping threads took: 0.0000302 seconds
2018-02-17T16:57:57.451+0800: 7.594: [CMS-concurrent-mark-start]
2018-02-17T16:57:57.451+0800: 7.594: [CMS-concurrent-mark: 0.000/0.000 secs] [Times: user=0.01 sys=0.00, real=0.00 secs] 
2018-02-17T16:57:57.451+0800: 7.594: [CMS-concurrent-preclean-start]
2018-02-17T16:57:57.452+0800: 7.595: [CMS-concurrent-preclean: 0.001/0.001 secs] [Times: user=0.00 sys=0.00, real=0.00 secs] 
2018-02-17T16:57:57.452+0800: 7.595: [CMS-concurrent-abortable-preclean-start]
2018-02-17T16:57:58.451+0800: 8.594: Total time for which application threads were stopped: 0.0001168 seconds, Stopping threads took: 0.0000295 seconds
2018-02-17T16:58:01.642+0800: 11.784: Total time for which application threads were stopped: 0.0002203 seconds, Stopping threads took: 0.0000402 seconds
2018-02-17T16:58:01.658+0800: 11.800: Total time for which application threads were stopped: 0.0000923 seconds, Stopping threads took: 0.0000125 seconds
 CMS: abort preclean due to time 2018-02-17T16:58:03.536+0800: 13.679: [CMS-concurrent-abortable-preclean: 1.731/6.084 secs] [Times: user=1.67 sys=0.03, real=6.08 secs] 
2018-02-17T16:58:03.536+0800: 13.679: [GC (CMS Final Remark) [YG occupancy: 47311 K (109248 K)]{Heap before GC invocations=1 (full 1):
 par new generation   total 109248K, used 47311K [0x00000007a0000000, 0x00000007a8000000, 0x00000007a8000000)
  eden space 87424K,  42% used [0x00000007a0000000, 0x00000007a23e9c78, 0x00000007a5560000)
  from space 21824K,  48% used [0x00000007a6ab0000, 0x00000007a74fa2e0, 0x00000007a8000000)
  to   space 21824K,   0% used [0x00000007a5560000, 0x00000007a5560000, 0x00000007a6ab0000)
 concurrent mark-sweep generation total 393216K, used 0K [0x00000007a8000000, 0x00000007c0000000, 0x00000007c0000000)
 Metaspace       used 21433K, capacity 21782K, committed 22216K, reserved 1069056K
  class space    used 2508K, capacity 2653K, committed 2684K, reserved 1048576K
2018-02-17T16:58:03.536+0800: 13.679: [GC (CMS Final Remark) 2018-02-17T16:58:03.536+0800: 13.679: [ParNew
Desired survivor size 20112992 bytes, new threshold 8 (max 8)
- age   1:    5476240 bytes,    5476240 total
- age   2:    5112976 bytes,   10589216 total
: 47311K->13303K(109248K), 0.0157852 secs] 47311K->13303K(502464K), 0.0158419 secs] [Times: user=0.04 sys=0.01, real=0.02 secs] 
Heap after GC invocations=2 (full 1):
 par new generation   total 109248K, used 13303K [0x00000007a0000000, 0x00000007a8000000, 0x00000007a8000000)
  eden space 87424K,   0% used [0x00000007a0000000, 0x00000007a0000000, 0x00000007a5560000)
  from space 21824K,  60% used [0x00000007a5560000, 0x00000007a625df00, 0x00000007a6ab0000)
  to   space 21824K,   0% used [0x00000007a6ab0000, 0x00000007a6ab0000, 0x00000007a8000000)
 concurrent mark-sweep generation total 393216K, used 0K [0x00000007a8000000, 0x00000007c0000000, 0x00000007c0000000)
 Metaspace       used 21433K, capacity 21782K, committed 22216K, reserved 1069056K
  class space    used 2508K, capacity 2653K, committed 2684K, reserved 1048576K
}
2018-02-17T16:58:03.552+0800: 13.695: [Rescan (parallel) , 0.0030462 secs]2018-02-17T16:58:03.555+0800: 13.698: [weak refs processing, 0.0027355 secs]2018-02-17T16:58:03.558+0800: 13.701: [class unloading, 0.0043564 secs]2018-02-17T16:58:03.562+0800: 13.705: [scrub symbol table, 0.0035648 secs]2018-02-17T16:58:03.566+0800: 13.709: [scrub string table, 0.0003232 secs][1 CMS-remark: 0K(393216K)] 13303K(502464K), 0.0307214 secs] [Times: user=0.06 sys=0.01, real=0.03 secs] 
2018-02-17T16:58:03.567+0800: 13.710: Total time for which application threads were stopped: 0.0308419 seconds, Stopping threads took: 0.0000271 seconds
2018-02-17T16:58:03.567+0800: 13.710: [CMS-concurrent-sweep-start]
2018-02-17T16:58:03.567+0800: 13.710: [CMS-concurrent-sweep: 0.000/0.000 secs] [Times: user=0.00 sys=0.00, real=0.00 secs] 
2018-02-17T16:58:03.567+0800: 13.710: [CMS-concurrent-reset-start]
2018-02-17T16:58:03.568+0800: 13.711: Total time for which application threads were stopped: 0.0000601 seconds, Stopping threads took: 0.0000118 seconds
2018-02-17T16:58:03.569+0800: 13.712: Total time for which application threads were stopped: 0.0000419 seconds, Stopping threads took: 0.0000087 seconds
2018-02-17T16:58:03.570+0800: 13.713: Total time for which application threads were stopped: 0.0000360 seconds, Stopping threads took: 0.0000076 seconds
2018-02-17T16:58:03.571+0800: 13.713: Total time for which application threads were stopped: 0.0000493 seconds, Stopping threads took: 0.0000098 seconds
2018-02-17T16:58:03.571+0800: 13.714: [CMS-concurrent-reset: 0.004/0.004 secs] [Times: user=0.00 sys=0.01, real=0.01 secs] 
2018-02-17T16:58:06.680+0800: 16.823: Total time for which application threads were stopped: 0.0000625 seconds, Stopping threads took: 0.0000135 seconds
2018-02-17T16:58:06.688+0800: 16.831: Total time for which application threads were stopped: 0.0000859 seconds, Stopping threads took: 0.0000128 seconds
2018-02-17T16:58:06.689+0800: 16.832: Total time for which application threads were stopped: 0.0000879 seconds, Stopping threads took: 0.0000143 seconds
2018-02-17T16:58:06.690+0800: 16.833: Total time for which application threads were stopped: 0.0000424 seconds, Stopping threads took: 0.0000081 seconds
2018-02-17T16:58:06.690+0800: 16.833: Total time for which application threads were stopped: 0.0000284 seconds, Stopping threads took: 0.0000047 seconds
2018-02-17T16:58:06.695+0800: 16.837: Total time for which application threads were stopped: 0.0000824 seconds, Stopping threads took: 0.0000296 seconds
2018-02-17T16:58:06.695+0800: 16.837: Total time for which application threads were stopped: 0.0000381 seconds, Stopping threads took: 0.0000074 seconds
2018-02-17T16:58:06.702+0800: 16.845: Total time for which application threads were stopped: 0.0000536 seconds, Stopping threads took: 0.0000116 seconds
2018-02-17T16:58:06.738+0800: 16.881: Total time for which application threads were stopped: 0.0000529 seconds, Stopping threads took: 0.0000120 seconds
2018-02-17T16:58:06.738+0800: 16.881: Total time for which application threads were stopped: 0.0000440 seconds, Stopping threads took: 0.0000078 seconds
2018-02-17T16:58:06.739+0800: 16.881: Total time for which application threads were stopped: 0.0000374 seconds, Stopping threads took: 0.0000088 seconds
2018-02-17T16:58:06.739+0800: 16.882: Total time for which application threads were stopped: 0.0000324 seconds, Stopping threads took: 0.0000068 seconds
2018-02-17T16:58:06.739+0800: 16.882: Total time for which application threads were stopped: 0.0000287 seconds, Stopping threads took: 0.0000053 seconds
2018-02-17T16:58:06.739+0800: 16.882: Total time for which application threads were stopped: 0.0000303 seconds, Stopping threads took: 0.0000058 seconds
2018-02-17T16:58:06.739+0800: 16.882: Total time for which application threads were stopped: 0.0000258 seconds, Stopping threads took: 0.0000050 seconds
2018-02-17T16:58:06.740+0800: 16.882: Total time for which application threads were stopped: 0.0000329 seconds, Stopping threads took: 0.0000063 seconds
2018-02-17T16:58:06.740+0800: 16.882: Total time for which application threads were stopped: 0.0000319 seconds, Stopping threads took: 0.0000058 seconds
2018-02-17T16:58:06.740+0800: 16.883: Total time for which application threads were stopped: 0.0000402 seconds, Stopping threads took: 0.0000182 seconds
2018-02-17T16:58:06.740+0800: 16.883: Total time for which application threads were stopped: 0.0000338 seconds, Stopping threads took: 0.0000133 seconds
2018-02-17T16:58:06.740+0800: 16.883: Total time for which application threads were stopped: 0.0000341 seconds, Stopping threads took: 0.0000131 seconds
2018-02-17T16:58:06.741+0800: 16.884: Total time for which application threads were stopped: 0.0000388 seconds, Stopping threads took: 0.0000086 seconds
2018-02-17T16:58:06.741+0800: 16.884: Total time for which application threads were stopped: 0.0000577 seconds, Stopping threads took: 0.0000211 seconds
2018-02-17T16:58:06.744+0800: 16.887: Total time for which application threads were stopped: 0.0000541 seconds, Stopping threads took: 0.0000122 seconds
2018-02-17T16:58:06.750+0800: 16.892: Total time for which application threads were stopped: 0.0001757 seconds, Stopping threads took: 0.0000353 seconds
2018-02-17T16:58:06.753+0800: 16.895: Total time for which application threads were stopped: 0.0000679 seconds, Stopping threads took: 0.0000281 seconds
2018-02-17T16:58:06.753+0800: 16.896: Total time for which application threads were stopped: 0.0000641 seconds, Stopping threads took: 0.0000058 seconds
2018-02-17T16:58:06.753+0800: 16.896: Total time for which application threads were stopped: 0.0000420 seconds, Stopping threads took: 0.0000061 seconds
2018-02-17T16:58:06.754+0800: 16.897: Total time for which application threads were stopped: 0.0000513 seconds, Stopping threads took: 0.0000196 seconds
2018-02-17T16:58:06.754+0800: 16.897: Total time for which application threads were stopped: 0.0000380 seconds, Stopping threads took: 0.0000068 seconds
2018-02-17T16:58:06.754+0800: 16.897: Total time for which application threads were stopped: 0.0000698 seconds, Stopping threads took: 0.0000252 seconds
2018-02-17T16:58:06.755+0800: 16.897: Total time for which application threads were stopped: 0.0000614 seconds, Stopping threads took: 0.0000048 seconds
2018-02-17T16:58:06.761+0800: 16.904: Total time for which application threads were stopped: 0.0000595 seconds, Stopping threads took: 0.0000205 seconds
2018-02-17T16:58:06.765+0800: 16.908: Total time for which application threads were stopped: 0.0000614 seconds, Stopping threads took: 0.0000127 seconds
2018-02-17T16:58:06.782+0800: 16.925: Total time for which application threads were stopped: 0.0000568 seconds, Stopping threads took: 0.0000139 seconds
2018-02-17T16:58:06.783+0800: 16.925: Total time for which application threads were stopped: 0.0000644 seconds, Stopping threads took: 0.0000115 seconds
2018-02-17T16:58:06.783+0800: 16.926: Total time for which application threads were stopped: 0.0000578 seconds, Stopping threads took: 0.0000126 seconds
2018-02-17T16:58:06.784+0800: 16.926: Total time for which application threads were stopped: 0.0000433 seconds, Stopping threads took: 0.0000098 seconds
2018-02-17T16:58:06.785+0800: 16.927: Total time for which application threads were stopped: 0.0001293 seconds, Stopping threads took: 0.0000214 seconds
2018-02-17T16:58:06.785+0800: 16.927: Total time for which application threads were stopped: 0.0000507 seconds, Stopping threads took: 0.0000190 seconds
2018-02-17T16:58:06.786+0800: 16.929: Total time for which application threads were stopped: 0.0000638 seconds, Stopping threads took: 0.0000249 seconds
2018-02-17T16:58:06.787+0800: 16.929: Total time for which application threads were stopped: 0.0000378 seconds, Stopping threads took: 0.0000078 seconds
2018-02-17T16:58:06.791+0800: 16.934: Total time for which application threads were stopped: 0.0000529 seconds, Stopping threads took: 0.0000136 seconds
2018-02-17T16:58:06.795+0800: 16.938: Total time for which application threads were stopped: 0.0000645 seconds, Stopping threads took: 0.0000214 seconds
2018-02-17T16:58:06.823+0800: 16.965: Total time for which application threads were stopped: 0.0000586 seconds, Stopping threads took: 0.0000131 seconds
2018-02-17T16:58:06.823+0800: 16.966: Total time for which application threads were stopped: 0.0000428 seconds, Stopping threads took: 0.0000103 seconds
2018-02-17T16:58:06.825+0800: 16.967: Total time for which application threads were stopped: 0.0000511 seconds, Stopping threads took: 0.0000097 seconds
2018-02-17T16:58:06.825+0800: 16.968: Total time for which application threads were stopped: 0.0000301 seconds, Stopping threads took: 0.0000050 seconds
2018-02-17T16:58:06.825+0800: 16.968: Total time for which application threads were stopped: 0.0001480 seconds, Stopping threads took: 0.0000267 seconds
2018-02-17T16:58:06.832+0800: 16.974: Total time for which application threads were stopped: 0.0001129 seconds, Stopping threads took: 0.0000610 seconds
2018-02-17T16:58:06.903+0800: 17.045: Total time for which application threads were stopped: 0.0002981 seconds, Stopping threads took: 0.0000123 seconds
2018-02-17T16:58:06.915+0800: 17.057: Total time for which application threads were stopped: 0.0000832 seconds, Stopping threads took: 0.0000257 seconds
2018-02-17T16:58:06.915+0800: 17.057: Total time for which application threads were stopped: 0.0000734 seconds, Stopping threads took: 0.0000213 seconds
2018-02-17T16:58:06.915+0800: 17.058: Total time for which application threads were stopped: 0.0000824 seconds, Stopping threads took: 0.0000308 seconds
2018-02-17T16:58:06.918+0800: 17.061: Total time for which application threads were stopped: 0.0000876 seconds, Stopping threads took: 0.0000287 seconds
2018-02-17T16:58:06.919+0800: 17.062: Total time for which application threads were stopped: 0.0000758 seconds, Stopping threads took: 0.0000137 seconds
2018-02-17T16:58:06.919+0800: 17.062: Total time for which application threads were stopped: 0.0000895 seconds, Stopping threads took: 0.0000117 seconds
2018-02-17T16:58:06.920+0800: 17.063: Total time for which application threads were stopped: 0.0001231 seconds, Stopping threads took: 0.0000273 seconds
2018-02-17T16:58:06.922+0800: 17.065: Total time for which application threads were stopped: 0.0001023 seconds, Stopping threads took: 0.0000166 seconds
2018-02-17T16:58:06.922+0800: 17.065: Total time for which application threads were stopped: 0.0001357 seconds, Stopping threads took: 0.0000223 seconds
2018-02-17T16:58:06.926+0800: 17.068: Total time for which application threads were stopped: 0.0001075 seconds, Stopping threads took: 0.0000367 seconds
2018-02-17T16:58:06.928+0800: 17.070: Total time for which application threads were stopped: 0.0001699 seconds, Stopping threads took: 0.0000902 seconds
2018-02-17T16:58:06.935+0800: 17.077: Total time for which application threads were stopped: 0.0001284 seconds, Stopping threads took: 0.0000478 seconds
2018-02-17T16:58:06.935+0800: 17.078: Total time for which application threads were stopped: 0.0001494 seconds, Stopping threads took: 0.0000821 seconds
2018-02-17T16:58:06.935+0800: 17.078: Total time for which application threads were stopped: 0.0000749 seconds, Stopping threads took: 0.0000266 seconds
2018-02-17T16:58:06.938+0800: 17.081: Total time for which application threads were stopped: 0.0000780 seconds, Stopping threads took: 0.0000172 seconds
2018-02-17T16:58:06.951+0800: 17.094: Total time for which application threads were stopped: 0.0001219 seconds, Stopping threads took: 0.0000309 seconds
2018-02-17T16:58:06.962+0800: 17.105: Total time for which application threads were stopped: 0.0001084 seconds, Stopping threads took: 0.0000309 seconds
2018-02-17T16:58:06.963+0800: 17.106: Total time for which application threads were stopped: 0.0000833 seconds, Stopping threads took: 0.0000250 seconds
2018-02-17T16:58:06.982+0800: 17.125: Total time for which application threads were stopped: 0.0000863 seconds, Stopping threads took: 0.0000325 seconds
2018-02-17T16:58:06.989+0800: 17.132: Total time for which application threads were stopped: 0.0001007 seconds, Stopping threads took: 0.0000354 seconds
2018-02-17T16:58:06.993+0800: 17.136: Total time for which application threads were stopped: 0.0000920 seconds, Stopping threads took: 0.0000337 seconds
2018-02-17T16:58:06.993+0800: 17.136: Total time for which application threads were stopped: 0.0000623 seconds, Stopping threads took: 0.0000210 seconds
2018-02-17T16:58:07.006+0800: 17.148: Total time for which application threads were stopped: 0.0000908 seconds, Stopping threads took: 0.0000363 seconds
2018-02-17T16:58:07.007+0800: 17.149: Total time for which application threads were stopped: 0.0000888 seconds, Stopping threads took: 0.0000284 seconds
2018-02-17T16:58:07.014+0800: 17.157: Total time for which application threads were stopped: 0.0000978 seconds, Stopping threads took: 0.0000318 seconds
2018-02-17T16:58:07.017+0800: 17.160: Total time for which application threads were stopped: 0.0002114 seconds, Stopping threads took: 0.0001324 seconds
2018-02-17T16:58:07.017+0800: 17.160: Total time for which application threads were stopped: 0.0001203 seconds, Stopping threads took: 0.0000496 seconds
2018-02-17T16:58:07.019+0800: 17.161: Total time for which application threads were stopped: 0.0001047 seconds, Stopping threads took: 0.0000313 seconds
2018-02-17T16:58:07.022+0800: 17.165: Total time for which application threads were stopped: 0.0002027 seconds, Stopping threads took: 0.0001499 seconds
2018-02-17T16:58:07.022+0800: 17.165: Total time for which application threads were stopped: 0.0000872 seconds, Stopping threads took: 0.0000347 seconds
2018-02-17T16:58:07.022+0800: 17.165: Total time for which application threads were stopped: 0.0000669 seconds, Stopping threads took: 0.0000359 seconds
2018-02-17T16:58:07.022+0800: 17.165: Total time for which application threads were stopped: 0.0000574 seconds, Stopping threads took: 0.0000265 seconds
2018-02-17T16:58:07.037+0800: 17.179: Total time for which application threads were stopped: 0.0001226 seconds, Stopping threads took: 0.0000344 seconds
2018-02-17T16:58:07.037+0800: 17.179: Total time for which application threads were stopped: 0.0000908 seconds, Stopping threads took: 0.0000183 seconds
2018-02-17T16:58:07.037+0800: 17.180: Total time for which application threads were stopped: 0.0000546 seconds, Stopping threads took: 0.0000092 seconds
2018-02-17T16:58:07.042+0800: 17.185: Total time for which application threads were stopped: 0.0001873 seconds, Stopping threads took: 0.0000321 seconds
2018-02-17T16:58:07.044+0800: 17.187: Total time for which application threads were stopped: 0.0000993 seconds, Stopping threads took: 0.0000312 seconds
2018-02-17T16:58:07.056+0800: 17.199: Total time for which application threads were stopped: 0.0002274 seconds, Stopping threads took: 0.0000808 seconds
2018-02-17T16:58:07.123+0800: 17.265: Total time for which application threads were stopped: 0.0003277 seconds, Stopping threads took: 0.0000349 seconds
2018-02-17T16:58:07.132+0800: 17.275: Total time for which application threads were stopped: 0.0000704 seconds, Stopping threads took: 0.0000157 seconds
2018-02-17T16:58:07.134+0800: 17.277: Total time for which application threads were stopped: 0.0001215 seconds, Stopping threads took: 0.0000206 seconds
2018-02-17T16:58:07.135+0800: 17.278: Total time for which application threads were stopped: 0.0001213 seconds, Stopping threads took: 0.0000362 seconds
2018-02-17T16:58:07.138+0800: 17.281: Total time for which application threads were stopped: 0.0004566 seconds, Stopping threads took: 0.0000342 seconds
2018-02-17T16:58:07.165+0800: 17.308: Total time for which application threads were stopped: 0.0000945 seconds, Stopping threads took: 0.0000239 seconds
2018-02-17T16:58:08.168+0800: 18.311: Total time for which application threads were stopped: 0.0002196 seconds, Stopping threads took: 0.0000590 seconds
2018-02-17T16:58:09.034+0800: 19.177: Total time for which application threads were stopped: 0.0001028 seconds, Stopping threads took: 0.0000257 seconds
2018-02-17T16:58:09.034+0800: 19.177: Total time for which application threads were stopped: 0.0000352 seconds, Stopping threads took: 0.0000055 seconds
2018-02-17T16:58:09.035+0800: 19.177: Total time for which application threads were stopped: 0.0000331 seconds, Stopping threads took: 0.0000054 seconds
2018-02-17T16:58:10.038+0800: 20.180: Total time for which application threads were stopped: 0.0001345 seconds, Stopping threads took: 0.0000349 seconds
2018-02-17T16:58:11.038+0800: 21.181: Total time for which application threads were stopped: 0.0001366 seconds, Stopping threads took: 0.0000317 seconds
2018-02-17T16:58:12.257+0800: 22.399: Total time for which application threads were stopped: 0.0001671 seconds, Stopping threads took: 0.0000251 seconds
2018-02-17T16:58:12.290+0800: 22.433: Total time for which application threads were stopped: 0.0001069 seconds, Stopping threads took: 0.0000239 seconds
2018-02-17T16:58:12.290+0800: 22.433: Total time for which application threads were stopped: 0.0000749 seconds, Stopping threads took: 0.0000099 seconds
2018-02-17T16:58:12.291+0800: 22.433: Total time for which application threads were stopped: 0.0000793 seconds, Stopping threads took: 0.0000229 seconds
2018-02-17T16:58:12.291+0800: 22.433: Total time for which application threads were stopped: 0.0000567 seconds, Stopping threads took: 0.0000090 seconds
2018-02-17T16:58:12.292+0800: 22.435: Total time for which application threads were stopped: 0.0001199 seconds, Stopping threads took: 0.0000240 seconds
2018-02-17T16:58:12.294+0800: 22.436: Total time for which application threads were stopped: 0.0011063 seconds, Stopping threads took: 0.0010041 seconds
2018-02-17T16:58:12.295+0800: 22.438: Total time for which application threads were stopped: 0.0004525 seconds, Stopping threads took: 0.0000240 seconds
2018-02-17T16:58:12.296+0800: 22.438: Total time for which application threads were stopped: 0.0000729 seconds, Stopping threads took: 0.0000123 seconds
2018-02-17T16:58:12.296+0800: 22.438: Total time for which application threads were stopped: 0.0000527 seconds, Stopping threads took: 0.0000087 seconds
2018-02-17T16:58:12.296+0800: 22.438: Total time for which application threads were stopped: 0.0000523 seconds, Stopping threads took: 0.0000080 seconds
2018-02-17T16:58:12.296+0800: 22.438: Total time for which application threads were stopped: 0.0000486 seconds, Stopping threads took: 0.0000071 seconds
2018-02-17T16:58:12.296+0800: 22.438: Total time for which application threads were stopped: 0.0000488 seconds, Stopping threads took: 0.0000077 seconds
2018-02-17T16:58:12.296+0800: 22.439: Total time for which application threads were stopped: 0.0000733 seconds, Stopping threads took: 0.0000195 seconds
2018-02-17T16:58:12.296+0800: 22.439: Total time for which application threads were stopped: 0.0000667 seconds, Stopping threads took: 0.0000101 seconds
2018-02-17T16:58:12.297+0800: 22.439: Total time for which application threads were stopped: 0.0002053 seconds, Stopping threads took: 0.0000087 seconds
2018-02-17T16:58:12.379+0800: 22.521: Total time for which application threads were stopped: 0.0001653 seconds, Stopping threads took: 0.0000409 seconds
2018-02-17T16:58:12.379+0800: 22.521: Total time for which application threads were stopped: 0.0000872 seconds, Stopping threads took: 0.0000286 seconds
2018-02-17T16:58:12.379+0800: 22.522: Total time for which application threads were stopped: 0.0000928 seconds, Stopping threads took: 0.0000323 seconds
2018-02-17T16:58:12.380+0800: 22.522: Total time for which application threads were stopped: 0.0000893 seconds, Stopping threads took: 0.0000343 seconds
2018-02-17T16:58:12.381+0800: 22.524: Total time for which application threads were stopped: 0.0001159 seconds, Stopping threads took: 0.0000313 seconds
2018-02-17T16:58:12.385+0800: 22.527: Total time for which application threads were stopped: 0.0001107 seconds, Stopping threads took: 0.0000376 seconds
2018-02-17T16:58:12.385+0800: 22.528: Total time for which application threads were stopped: 0.0001812 seconds, Stopping threads took: 0.0000345 seconds
2018-02-17T16:58:12.396+0800: 22.538: Total time for which application threads were stopped: 0.0003414 seconds, Stopping threads took: 0.0000345 seconds
2018-02-17T16:58:12.446+0800: 22.589: Total time for which application threads were stopped: 0.0004970 seconds, Stopping threads took: 0.0003277 seconds
2018-02-17T16:58:12.446+0800: 22.589: Total time for which application threads were stopped: 0.0001334 seconds, Stopping threads took: 0.0000275 seconds
2018-02-17T16:58:12.447+0800: 22.590: Total time for which application threads were stopped: 0.0001296 seconds, Stopping threads took: 0.0000406 seconds
2018-02-17T16:58:12.449+0800: 22.592: Total time for which application threads were stopped: 0.0002855 seconds, Stopping threads took: 0.0001672 seconds
2018-02-17T16:58:12.452+0800: 22.595: Total time for which application threads were stopped: 0.0001225 seconds, Stopping threads took: 0.0000434 seconds
2018-02-17T16:58:12.454+0800: 22.597: Total time for which application threads were stopped: 0.0001647 seconds, Stopping threads took: 0.0000545 seconds
2018-02-17T16:58:12.455+0800: 22.598: Total time for which application threads were stopped: 0.0001141 seconds, Stopping threads took: 0.0000331 seconds
2018-02-17T16:58:12.456+0800: 22.598: Total time for which application threads were stopped: 0.0001057 seconds, Stopping threads took: 0.0000377 seconds
2018-02-17T16:58:12.456+0800: 22.598: Total time for which application threads were stopped: 0.0000903 seconds, Stopping threads took: 0.0000409 seconds
2018-02-17T16:58:12.456+0800: 22.599: Total time for which application threads were stopped: 0.0000730 seconds, Stopping threads took: 0.0000271 seconds
2018-02-17T16:58:12.462+0800: 22.604: Total time for which application threads were stopped: 0.0002340 seconds, Stopping threads took: 0.0001225 seconds
2018-02-17T16:58:12.462+0800: 22.604: Total time for which application threads were stopped: 0.0000855 seconds, Stopping threads took: 0.0000218 seconds
2018-02-17T16:58:12.466+0800: 22.609: Total time for which application threads were stopped: 0.0003317 seconds, Stopping threads took: 0.0002003 seconds
2018-02-17T16:58:12.469+0800: 22.612: Total time for which application threads were stopped: 0.0003340 seconds, Stopping threads took: 0.0000439 seconds
2018-02-17T16:58:12.472+0800: 22.615: Total time for which application threads were stopped: 0.0001342 seconds, Stopping threads took: 0.0000221 seconds
2018-02-17T16:58:12.473+0800: 22.615: Total time for which application threads were stopped: 0.0001236 seconds, Stopping threads took: 0.0000247 seconds
2018-02-17T16:58:12.473+0800: 22.616: Total time for which application threads were stopped: 0.0001338 seconds, Stopping threads took: 0.0000413 seconds
2018-02-17T16:58:12.476+0800: 22.618: Total time for which application threads were stopped: 0.0001351 seconds, Stopping threads took: 0.0000438 seconds
2018-02-17T16:58:12.476+0800: 22.619: Total time for which application threads were stopped: 0.0001378 seconds, Stopping threads took: 0.0000395 seconds
2018-02-17T16:58:12.478+0800: 22.621: Total time for which application threads were stopped: 0.0001450 seconds, Stopping threads took: 0.0000431 seconds
2018-02-17T16:58:12.478+0800: 22.621: Total time for which application threads were stopped: 0.0000847 seconds, Stopping threads took: 0.0000119 seconds
2018-02-17T16:58:12.479+0800: 22.621: Total time for which application threads were stopped: 0.0000718 seconds, Stopping threads took: 0.0000116 seconds
2018-02-17T16:58:12.479+0800: 22.621: Total time for which application threads were stopped: 0.0000870 seconds, Stopping threads took: 0.0000417 seconds
2018-02-17T16:58:12.479+0800: 22.621: Total time for which application threads were stopped: 0.0000619 seconds, Stopping threads took: 0.0000088 seconds
2018-02-17T16:58:12.479+0800: 22.621: Total time for which application threads were stopped: 0.0000601 seconds, Stopping threads took: 0.0000185 seconds
2018-02-17T16:58:12.487+0800: 22.629: Total time for which application threads were stopped: 0.0001850 seconds, Stopping threads took: 0.0000704 seconds
2018-02-17T16:58:12.487+0800: 22.630: Total time for which application threads were stopped: 0.0001067 seconds, Stopping threads took: 0.0000153 seconds
2018-02-17T16:58:12.532+0800: 22.674: Total time for which application threads were stopped: 0.0002072 seconds, Stopping threads took: 0.0001165 seconds
2018-02-17T16:58:12.534+0800: 22.677: Total time for which application threads were stopped: 0.0013692 seconds, Stopping threads took: 0.0012517 seconds
2018-02-17T16:58:12.534+0800: 22.677: Total time for which application threads were stopped: 0.0001106 seconds, Stopping threads took: 0.0000231 seconds
2018-02-17T16:58:12.535+0800: 22.677: Total time for which application threads were stopped: 0.0001026 seconds, Stopping threads took: 0.0000236 seconds
2018-02-17T16:58:12.535+0800: 22.677: Total time for which application threads were stopped: 0.0001305 seconds, Stopping threads took: 0.0000689 seconds
2018-02-17T16:58:12.535+0800: 22.678: Total time for which application threads were stopped: 0.0001111 seconds, Stopping threads took: 0.0000290 seconds
2018-02-17T16:58:12.535+0800: 22.678: Total time for which application threads were stopped: 0.0002702 seconds, Stopping threads took: 0.0000090 seconds
2018-02-17T16:58:12.536+0800: 22.678: Total time for which application threads were stopped: 0.0001206 seconds, Stopping threads took: 0.0000342 seconds
2018-02-17T16:58:12.536+0800: 22.679: Total time for which application threads were stopped: 0.0001463 seconds, Stopping threads took: 0.0000206 seconds
2018-02-17T16:58:12.536+0800: 22.679: Total time for which application threads were stopped: 0.0001178 seconds, Stopping threads took: 0.0000222 seconds
2018-02-17T16:58:12.615+0800: 22.757: Total time for which application threads were stopped: 0.0000969 seconds, Stopping threads took: 0.0000178 seconds
2018-02-17T16:58:12.672+0800: 22.814: Total time for which application threads were stopped: 0.0001258 seconds, Stopping threads took: 0.0000308 seconds
2018-02-17T16:58:12.673+0800: 22.816: Total time for which application threads were stopped: 0.0001148 seconds, Stopping threads took: 0.0000289 seconds
2018-02-17T16:58:12.674+0800: 22.816: Total time for which application threads were stopped: 0.0000851 seconds, Stopping threads took: 0.0000244 seconds
2018-02-17T16:58:12.722+0800: 22.865: Total time for which application threads were stopped: 0.0001753 seconds, Stopping threads took: 0.0000381 seconds
2018-02-17T16:58:12.725+0800: 22.867: Total time for which application threads were stopped: 0.0001466 seconds, Stopping threads took: 0.0000467 seconds
2018-02-17T16:58:12.731+0800: 22.873: Total time for which application threads were stopped: 0.0001248 seconds, Stopping threads took: 0.0000522 seconds
{Heap before GC invocations=2 (full 1):
 par new generation   total 109248K, used 100727K [0x00000007a0000000, 0x00000007a8000000, 0x00000007a8000000)
  eden space 87424K, 100% used [0x00000007a0000000, 0x00000007a5560000, 0x00000007a5560000)
  from space 21824K,  60% used [0x00000007a5560000, 0x00000007a625df00, 0x00000007a6ab0000)
  to   space 21824K,   0% used [0x00000007a6ab0000, 0x00000007a6ab0000, 0x00000007a8000000)
 concurrent mark-sweep generation total 393216K, used 0K [0x00000007a8000000, 0x00000007c0000000, 0x00000007c0000000)
 Metaspace       used 27732K, capacity 28600K, committed 28668K, reserved 1075200K
  class space    used 3304K, capacity 3580K, committed 3580K, reserved 1048576K
2018-02-17T16:58:12.743+0800: 22.885: [GC (Allocation Failure) 2018-02-17T16:58:12.743+0800: 22.886: [ParNew
Desired survivor size 20112992 bytes, new threshold 8 (max 8)
- age   1:    9340664 bytes,    9340664 total
- age   2:    3887064 bytes,   13227728 total
- age   3:    5047168 bytes,   18274896 total
: 100727K->20777K(109248K), 0.0196105 secs] 100727K->20777K(502464K), 0.0196853 secs] [Times: user=0.05 sys=0.00, real=0.02 secs] 
Heap after GC invocations=3 (full 1):
 par new generation   total 109248K, used 20777K [0x00000007a0000000, 0x00000007a8000000, 0x00000007a8000000)
  eden space 87424K,   0% used [0x00000007a0000000, 0x00000007a0000000, 0x00000007a5560000)
  from space 21824K,  95% used [0x00000007a6ab0000, 0x00000007a7efa7b8, 0x00000007a8000000)
  to   space 21824K,   0% used [0x00000007a5560000, 0x00000007a5560000, 0x00000007a6ab0000)
 concurrent mark-sweep generation total 393216K, used 0K [0x00000007a8000000, 0x00000007c0000000, 0x00000007c0000000)
 Metaspace       used 27732K, capacity 28600K, committed 28668K, reserved 1075200K
  class space    used 3304K, capacity 3580K, committed 3580K, reserved 1048576K
}
2018-02-17T16:58:12.763+0800: 22.905: Total time for which application threads were stopped: 0.0201721 seconds, Stopping threads took: 0.0003036 seconds
2018-02-17T16:58:12.763+0800: 22.906: Total time for which application threads were stopped: 0.0001284 seconds, Stopping threads took: 0.0000448 seconds
2018-02-17T16:58:12.764+0800: 22.906: Total time for which application threads were stopped: 0.0002792 seconds, Stopping threads took: 0.0001824 seconds
2018-02-17T16:58:12.764+0800: 22.906: Total time for which application threads were stopped: 0.0001244 seconds, Stopping threads took: 0.0000767 seconds
2018-02-17T16:58:12.824+0800: 22.967: Total time for which application threads were stopped: 0.0001293 seconds, Stopping threads took: 0.0000338 seconds
2018-02-17T16:58:12.867+0800: 23.010: Total time for which application threads were stopped: 0.0004240 seconds, Stopping threads took: 0.0000299 seconds
2018-02-17T16:58:12.912+0800: 23.054: Total time for which application threads were stopped: 0.0013593 seconds, Stopping threads took: 0.0009407 seconds
2018-02-17T16:58:12.916+0800: 23.058: Total time for which application threads were stopped: 0.0001440 seconds, Stopping threads took: 0.0000438 seconds
{Heap before GC invocations=3 (full 1):
 par new generation   total 109248K, used 108201K [0x00000007a0000000, 0x00000007a8000000, 0x00000007a8000000)
  eden space 87424K, 100% used [0x00000007a0000000, 0x00000007a5560000, 0x00000007a5560000)
  from space 21824K,  95% used [0x00000007a6ab0000, 0x00000007a7efa7b8, 0x00000007a8000000)
  to   space 21824K,   0% used [0x00000007a5560000, 0x00000007a5560000, 0x00000007a6ab0000)
 concurrent mark-sweep generation total 393216K, used 0K [0x00000007a8000000, 0x00000007c0000000, 0x00000007c0000000)
 Metaspace       used 28499K, capacity 29358K, committed 29564K, reserved 1075200K
  class space    used 3371K, capacity 3623K, committed 3708K, reserved 1048576K
2018-02-17T16:58:12.981+0800: 23.123: [GC (Allocation Failure) 2018-02-17T16:58:12.981+0800: 23.123: [ParNew
Desired survivor size 20112992 bytes, new threshold 8 (max 8)
- age   1:     817272 bytes,     817272 total
- age   2:    3415624 bytes,    4232896 total
- age   3:    3886936 bytes,    8119832 total
- age   4:    5046960 bytes,   13166792 total
: 108201K->18462K(109248K), 0.0121464 secs] 108201K->18462K(502464K), 0.0122383 secs] [Times: user=0.04 sys=0.00, real=0.01 secs] 
Heap after GC invocations=4 (full 1):
 par new generation   total 109248K, used 18462K [0x00000007a0000000, 0x00000007a8000000, 0x00000007a8000000)
  eden space 87424K,   0% used [0x00000007a0000000, 0x00000007a0000000, 0x00000007a5560000)
  from space 21824K,  84% used [0x00000007a5560000, 0x00000007a6767a00, 0x00000007a6ab0000)
  to   space 21824K,   0% used [0x00000007a6ab0000, 0x00000007a6ab0000, 0x00000007a8000000)
 concurrent mark-sweep generation total 393216K, used 0K [0x00000007a8000000, 0x00000007c0000000, 0x00000007c0000000)
 Metaspace       used 28499K, capacity 29358K, committed 29564K, reserved 1075200K
  class space    used 3371K, capacity 3623K, committed 3708K, reserved 1048576K
}
2018-02-17T16:58:12.993+0800: 23.135: Total time for which application threads were stopped: 0.0124925 seconds, Stopping threads took: 0.0000947 seconds
2018-02-17T16:58:12.996+0800: 23.139: Total time for which application threads were stopped: 0.0001296 seconds, Stopping threads took: 0.0000454 seconds
2018-02-17T16:58:12.996+0800: 23.139: Total time for which application threads were stopped: 0.0000760 seconds, Stopping threads took: 0.0000285 seconds
2018-02-17T16:58:12.996+0800: 23.139: Total time for which application threads were stopped: 0.0000761 seconds, Stopping threads took: 0.0000264 seconds
2018-02-17T16:58:12.996+0800: 23.139: Total time for which application threads were stopped: 0.0001170 seconds, Stopping threads took: 0.0000769 seconds
2018-02-17T16:58:12.997+0800: 23.139: Total time for which application threads were stopped: 0.0000546 seconds, Stopping threads took: 0.0000198 seconds
2018-02-17T16:58:12.997+0800: 23.139: Total time for which application threads were stopped: 0.0000682 seconds, Stopping threads took: 0.0000211 seconds
2018-02-17T16:58:12.997+0800: 23.139: Total time for which application threads were stopped: 0.0000590 seconds, Stopping threads took: 0.0000090 seconds
2018-02-17T16:58:12.997+0800: 23.139: Total time for which application threads were stopped: 0.0001042 seconds, Stopping threads took: 0.0000538 seconds
2018-02-17T16:58:12.997+0800: 23.139: Total time for which application threads were stopped: 0.0000631 seconds, Stopping threads took: 0.0000167 seconds
2018-02-17T16:58:12.997+0800: 23.140: Total time for which application threads were stopped: 0.0002055 seconds, Stopping threads took: 0.0000192 seconds
2018-02-17T16:58:13.056+0800: 23.199: Total time for which application threads were stopped: 0.0003262 seconds, Stopping threads took: 0.0001998 seconds
2018-02-17T16:58:13.056+0800: 23.199: Total time for which application threads were stopped: 0.0001291 seconds, Stopping threads took: 0.0000561 seconds
2018-02-17T16:58:13.056+0800: 23.199: Total time for which application threads were stopped: 0.0000747 seconds, Stopping threads took: 0.0000210 seconds
2018-02-17T16:58:13.057+0800: 23.199: Total time for which application threads were stopped: 0.0000857 seconds, Stopping threads took: 0.0000280 seconds
2018-02-17T16:58:13.057+0800: 23.199: Total time for which application threads were stopped: 0.0001157 seconds, Stopping threads took: 0.0000603 seconds
2018-02-17T16:58:13.072+0800: 23.214: Total time for which application threads were stopped: 0.0001856 seconds, Stopping threads took: 0.0000754 seconds
2018-02-17T16:58:13.080+0800: 23.223: Total time for which application threads were stopped: 0.0002168 seconds, Stopping threads took: 0.0001101 seconds
2018-02-17T16:58:13.143+0800: 23.286: Total time for which application threads were stopped: 0.0002750 seconds, Stopping threads took: 0.0001157 seconds
2018-02-17T16:58:13.193+0800: 23.335: Total time for which application threads were stopped: 0.0011522 seconds, Stopping threads took: 0.0009764 seconds
2018-02-17T16:58:13.196+0800: 23.338: Total time for which application threads were stopped: 0.0001771 seconds, Stopping threads took: 0.0000381 seconds
{Heap before GC invocations=4 (full 1):
 par new generation   total 109248K, used 105886K [0x00000007a0000000, 0x00000007a8000000, 0x00000007a8000000)
  eden space 87424K, 100% used [0x00000007a0000000, 0x00000007a5560000, 0x00000007a5560000)
  from space 21824K,  84% used [0x00000007a5560000, 0x00000007a6767a00, 0x00000007a6ab0000)
  to   space 21824K,   0% used [0x00000007a6ab0000, 0x00000007a6ab0000, 0x00000007a8000000)
 concurrent mark-sweep generation total 393216K, used 0K [0x00000007a8000000, 0x00000007c0000000, 0x00000007c0000000)
 Metaspace       used 30132K, capacity 30960K, committed 31356K, reserved 1077248K
  class space    used 3590K, capacity 3854K, committed 3964K, reserved 1048576K
2018-02-17T16:58:13.197+0800: 23.340: [GC (Allocation Failure) 2018-02-17T16:58:13.197+0800: 23.340: [ParNew
Desired survivor size 20112992 bytes, new threshold 8 (max 8)
- age   1:    4422592 bytes,    4422592 total
- age   2:     224952 bytes,    4647544 total
- age   3:    3264688 bytes,    7912232 total
- age   4:    3884952 bytes,   11797184 total
- age   5:    5044136 bytes,   16841320 total
: 105886K->21285K(109248K), 0.0192694 secs] 105886K->21285K(502464K), 0.0193216 secs] [Times: user=0.06 sys=0.00, real=0.02 secs] 
Heap after GC invocations=5 (full 1):
 par new generation   total 109248K, used 21285K [0x00000007a0000000, 0x00000007a8000000, 0x00000007a8000000)
  eden space 87424K,   0% used [0x00000007a0000000, 0x00000007a0000000, 0x00000007a5560000)
  from space 21824K,  97% used [0x00000007a6ab0000, 0x00000007a7f79680, 0x00000007a8000000)
  to   space 21824K,   0% used [0x00000007a5560000, 0x00000007a5560000, 0x00000007a6ab0000)
 concurrent mark-sweep generation total 393216K, used 0K [0x00000007a8000000, 0x00000007c0000000, 0x00000007c0000000)
 Metaspace       used 30132K, capacity 30960K, committed 31356K, reserved 1077248K
  class space    used 3590K, capacity 3854K, committed 3964K, reserved 1048576K
}
2018-02-17T16:58:13.216+0800: 23.359: Total time for which application threads were stopped: 0.0201487 seconds, Stopping threads took: 0.0006603 seconds
2018-02-17T16:58:13.219+0800: 23.362: Total time for which application threads were stopped: 0.0005025 seconds, Stopping threads took: 0.0000477 seconds
2018-02-17T16:58:13.235+0800: 23.377: Total time for which application threads were stopped: 0.0002087 seconds, Stopping threads took: 0.0001030 seconds
2018-02-17T16:58:13.235+0800: 23.378: Total time for which application threads were stopped: 0.0001443 seconds, Stopping threads took: 0.0000695 seconds
2018-02-17T16:58:13.235+0800: 23.378: Total time for which application threads were stopped: 0.0001224 seconds, Stopping threads took: 0.0000584 seconds
2018-02-17T16:58:13.263+0800: 23.406: Total time for which application threads were stopped: 0.0001382 seconds, Stopping threads took: 0.0000415 seconds
{Heap before GC invocations=5 (full 1):
 par new generation   total 109248K, used 108699K [0x00000007a0000000, 0x00000007a8000000, 0x00000007a8000000)
  eden space 87424K,  99% used [0x00000007a0000000, 0x00000007a555d5e8, 0x00000007a5560000)
  from space 21824K,  97% used [0x00000007a6ab0000, 0x00000007a7f79680, 0x00000007a8000000)
  to   space 21824K,   0% used [0x00000007a5560000, 0x00000007a5560000, 0x00000007a6ab0000)
 concurrent mark-sweep generation total 393216K, used 0K [0x00000007a8000000, 0x00000007c0000000, 0x00000007c0000000)
 Metaspace       used 30800K, capacity 31650K, committed 31868K, reserved 1077248K
  class space    used 3690K, capacity 3931K, committed 3964K, reserved 1048576K
2018-02-17T16:58:13.305+0800: 23.448: [GC (Allocation Failure) 2018-02-17T16:58:13.305+0800: 23.448: [ParNew
Desired survivor size 20112992 bytes, new threshold 8 (max 8)
- age   1:    1059856 bytes,    1059856 total
- age   2:    2789936 bytes,    3849792 total
- age   3:     224928 bytes,    4074720 total
- age   4:    3258600 bytes,    7333320 total
- age   5:    3883216 bytes,   11216536 total
- age   6:    5042992 bytes,   16259528 total
: 108699K->20738K(109248K), 0.0201329 secs] 108699K->20738K(502464K), 0.0202308 secs] [Times: user=0.06 sys=0.00, real=0.02 secs] 
Heap after GC invocations=6 (full 1):
 par new generation   total 109248K, used 20738K [0x00000007a0000000, 0x00000007a8000000, 0x00000007a8000000)
  eden space 87424K,   0% used [0x00000007a0000000, 0x00000007a0000000, 0x00000007a5560000)
  from space 21824K,  95% used [0x00000007a5560000, 0x00000007a69a0bf0, 0x00000007a6ab0000)
  to   space 21824K,   0% used [0x00000007a6ab0000, 0x00000007a6ab0000, 0x00000007a8000000)
 concurrent mark-sweep generation total 393216K, used 0K [0x00000007a8000000, 0x00000007c0000000, 0x00000007c0000000)
 Metaspace       used 30800K, capacity 31650K, committed 31868K, reserved 1077248K
  class space    used 3690K, capacity 3931K, committed 3964K, reserved 1048576K
}
2018-02-17T16:58:13.326+0800: 23.468: Total time for which application threads were stopped: 0.0205377 seconds, Stopping threads took: 0.0001209 seconds
{Heap before GC invocations=6 (full 1):
 par new generation   total 109248K, used 108162K [0x00000007a0000000, 0x00000007a8000000, 0x00000007a8000000)
  eden space 87424K, 100% used [0x00000007a0000000, 0x00000007a5560000, 0x00000007a5560000)
  from space 21824K,  95% used [0x00000007a5560000, 0x00000007a69a0bf0, 0x00000007a6ab0000)
  to   space 21824K,   0% used [0x00000007a6ab0000, 0x00000007a6ab0000, 0x00000007a8000000)
 concurrent mark-sweep generation total 393216K, used 0K [0x00000007a8000000, 0x00000007c0000000, 0x00000007c0000000)
 Metaspace       used 30883K, capacity 31764K, committed 31996K, reserved 1077248K
  class space    used 3701K, capacity 3966K, committed 4092K, reserved 1048576K
2018-02-17T16:58:13.411+0800: 23.554: [GC (Allocation Failure) 2018-02-17T16:58:13.411+0800: 23.554: [ParNew
Desired survivor size 20112992 bytes, new threshold 8 (max 8)
- age   1:    1111944 bytes,    1111944 total
- age   2:     202064 bytes,    1314008 total
- age   3:    2789176 bytes,    4103184 total
- age   4:     224928 bytes,    4328112 total
- age   5:    3256248 bytes,    7584360 total
- age   6:    3883216 bytes,   11467576 total
- age   7:    5043096 bytes,   16510672 total
: 108162K->21824K(109248K), 0.0226729 secs] 108162K->21824K(502464K), 0.0227760 secs] [Times: user=0.06 sys=0.01, real=0.02 secs] 
Heap after GC invocations=7 (full 1):
 par new generation   total 109248K, used 21824K [0x00000007a0000000, 0x00000007a8000000, 0x00000007a8000000)
  eden space 87424K,   0% used [0x00000007a0000000, 0x00000007a0000000, 0x00000007a5560000)
  from space 21824K, 100% used [0x00000007a6ab0000, 0x00000007a8000000, 0x00000007a8000000)
  to   space 21824K,   0% used [0x00000007a5560000, 0x00000007a5560000, 0x00000007a6ab0000)
 concurrent mark-sweep generation total 393216K, used 0K [0x00000007a8000000, 0x00000007c0000000, 0x00000007c0000000)
 Metaspace       used 30883K, capacity 31764K, committed 31996K, reserved 1077248K
  class space    used 3701K, capacity 3966K, committed 4092K, reserved 1048576K
}
2018-02-17T16:58:13.434+0800: 23.576: Total time for which application threads were stopped: 0.0230594 seconds, Stopping threads took: 0.0001009 seconds
2018-02-17T16:58:13.531+0800: 23.673: Total time for which application threads were stopped: 0.0001722 seconds, Stopping threads took: 0.0000555 seconds
{Heap before GC invocations=7 (full 1):
 par new generation   total 109248K, used 109248K [0x00000007a0000000, 0x00000007a8000000, 0x00000007a8000000)
  eden space 87424K, 100% used [0x00000007a0000000, 0x00000007a5560000, 0x00000007a5560000)
  from space 21824K, 100% used [0x00000007a6ab0000, 0x00000007a8000000, 0x00000007a8000000)
  to   space 21824K,   0% used [0x00000007a5560000, 0x00000007a5560000, 0x00000007a6ab0000)
 concurrent mark-sweep generation total 393216K, used 0K [0x00000007a8000000, 0x00000007c0000000, 0x00000007c0000000)
 Metaspace       used 31048K, capacity 31898K, committed 32252K, reserved 1077248K
  class space    used 3720K, capacity 3967K, committed 4092K, reserved 1048576K
2018-02-17T16:58:13.540+0800: 23.683: [GC (Allocation Failure) 2018-02-17T16:58:13.540+0800: 23.683: [ParNew
Desired survivor size 20112992 bytes, new threshold 8 (max 8)
- age   1:    1119000 bytes,    1119000 total
- age   2:     112544 bytes,    1231544 total
- age   3:     200992 bytes,    1432536 total
- age   4:    2789128 bytes,    4221664 total
- age   5:     224928 bytes,    4446592 total
- age   6:    3255912 bytes,    7702504 total
- age   7:    3883216 bytes,   11585720 total
- age   8:    5043184 bytes,   16628904 total
: 109248K->20133K(109248K), 0.0187746 secs] 109248K->20133K(502464K), 0.0188739 secs] [Times: user=0.05 sys=0.00, real=0.01 secs] 
Heap after GC invocations=8 (full 1):
 par new generation   total 109248K, used 20133K [0x00000007a0000000, 0x00000007a8000000, 0x00000007a8000000)
  eden space 87424K,   0% used [0x00000007a0000000, 0x00000007a0000000, 0x00000007a5560000)
  from space 21824K,  92% used [0x00000007a5560000, 0x00000007a6909660, 0x00000007a6ab0000)
  to   space 21824K,   0% used [0x00000007a6ab0000, 0x00000007a6ab0000, 0x00000007a8000000)
 concurrent mark-sweep generation total 393216K, used 0K [0x00000007a8000000, 0x00000007c0000000, 0x00000007c0000000)
 Metaspace       used 31048K, capacity 31898K, committed 32252K, reserved 1077248K
  class space    used 3720K, capacity 3967K, committed 4092K, reserved 1048576K
}
2018-02-17T16:58:13.559+0800: 23.701: Total time for which application threads were stopped: 0.0191527 seconds, Stopping threads took: 0.0000980 seconds
2018-02-17T16:58:13.561+0800: 23.703: Total time for which application threads were stopped: 0.0002000 seconds, Stopping threads took: 0.0000763 seconds
2018-02-17T16:58:13.566+0800: 23.709: Total time for which application threads were stopped: 0.0001727 seconds, Stopping threads took: 0.0000802 seconds
2018-02-17T16:58:13.573+0800: 23.715: Total time for which application threads were stopped: 0.0002368 seconds, Stopping threads took: 0.0001128 seconds
2018-02-17T16:58:13.580+0800: 23.722: Total time for which application threads were stopped: 0.0002636 seconds, Stopping threads took: 0.0001409 seconds
2018-02-17T16:58:13.599+0800: 23.741: Total time for which application threads were stopped: 0.0011347 seconds, Stopping threads took: 0.0009866 seconds
2018-02-17T16:58:13.600+0800: 23.743: Total time for which application threads were stopped: 0.0011069 seconds, Stopping threads took: 0.0009889 seconds
2018-02-17T16:58:13.602+0800: 23.744: Total time for which application threads were stopped: 0.0002148 seconds, Stopping threads took: 0.0000898 seconds
2018-02-17T16:58:13.658+0800: 23.800: Total time for which application threads were stopped: 0.0010052 seconds, Stopping threads took: 0.0008780 seconds
2018-02-17T16:58:13.668+0800: 23.811: Total time for which application threads were stopped: 0.0004278 seconds, Stopping threads took: 0.0003305 seconds
2018-02-17T16:58:13.669+0800: 23.812: Total time for which application threads were stopped: 0.0001153 seconds, Stopping threads took: 0.0000304 seconds
2018-02-17T16:58:13.670+0800: 23.813: Total time for which application threads were stopped: 0.0003259 seconds, Stopping threads took: 0.0002303 seconds
2018-02-17T16:58:13.671+0800: 23.813: Total time for which application threads were stopped: 0.0001023 seconds, Stopping threads took: 0.0000258 seconds
2018-02-17T16:58:13.672+0800: 23.815: Total time for which application threads were stopped: 0.0003612 seconds, Stopping threads took: 0.0002777 seconds
2018-02-17T16:58:13.779+0800: 23.921: Total time for which application threads were stopped: 0.0012143 seconds, Stopping threads took: 0.0003378 seconds
{Heap before GC invocations=8 (full 1):
 par new generation   total 109248K, used 107557K [0x00000007a0000000, 0x00000007a8000000, 0x00000007a8000000)
  eden space 87424K, 100% used [0x00000007a0000000, 0x00000007a5560000, 0x00000007a5560000)
  from space 21824K,  92% used [0x00000007a5560000, 0x00000007a6909660, 0x00000007a6ab0000)
  to   space 21824K,   0% used [0x00000007a6ab0000, 0x00000007a6ab0000, 0x00000007a8000000)
 concurrent mark-sweep generation total 393216K, used 0K [0x00000007a8000000, 0x00000007c0000000, 0x00000007c0000000)
 Metaspace       used 32243K, capacity 33116K, committed 33404K, reserved 1079296K
  class space    used 3861K, capacity 4096K, committed 4220K, reserved 1048576K
2018-02-17T16:58:13.803+0800: 23.945: [GC (Allocation Failure) 2018-02-17T16:58:13.803+0800: 23.945: [ParNew
Desired survivor size 20112992 bytes, new threshold 8 (max 8)
- age   1:    1874704 bytes,    1874704 total
- age   2:     112048 bytes,    1986752 total
- age   3:     111416 bytes,    2098168 total
- age   4:     198592 bytes,    2296760 total
- age   5:    2781648 bytes,    5078408 total
- age   6:     224928 bytes,    5303336 total
- age   7:    3255112 bytes,    8558448 total
- age   8:    3882448 bytes,   12440896 total
: 107557K->17740K(109248K), 0.0425187 secs] 107557K->23172K(502464K), 0.0426075 secs] [Times: user=0.09 sys=0.01, real=0.04 secs] 
Heap after GC invocations=9 (full 1):
 par new generation   total 109248K, used 17740K [0x00000007a0000000, 0x00000007a8000000, 0x00000007a8000000)
  eden space 87424K,   0% used [0x00000007a0000000, 0x00000007a0000000, 0x00000007a5560000)
  from space 21824K,  81% used [0x00000007a6ab0000, 0x00000007a7c032f8, 0x00000007a8000000)
  to   space 21824K,   0% used [0x00000007a5560000, 0x00000007a5560000, 0x00000007a6ab0000)
 concurrent mark-sweep generation total 393216K, used 5431K [0x00000007a8000000, 0x00000007c0000000, 0x00000007c0000000)
 Metaspace       used 32243K, capacity 33116K, committed 33404K, reserved 1079296K
  class space    used 3861K, capacity 4096K, committed 4220K, reserved 1048576K
}
2018-02-17T16:58:13.845+0800: 23.988: Total time for which application threads were stopped: 0.0430691 seconds, Stopping threads took: 0.0002711 seconds
2018-02-17T16:58:14.043+0800: 24.185: Total time for which application threads were stopped: 0.0002377 seconds, Stopping threads took: 0.0000412 seconds
2018-02-17T16:58:14.050+0800: 24.192: Total time for which application threads were stopped: 0.0015146 seconds, Stopping threads took: 0.0014118 seconds
2018-02-17T16:58:14.066+0800: 24.208: Total time for which application threads were stopped: 0.0014230 seconds, Stopping threads took: 0.0012913 seconds
2018-02-17T16:58:14.067+0800: 24.210: Total time for which application threads were stopped: 0.0001759 seconds, Stopping threads took: 0.0000803 seconds
2018-02-17T16:58:14.067+0800: 24.210: Total time for which application threads were stopped: 0.0000944 seconds, Stopping threads took: 0.0000114 seconds
2018-02-17T16:58:14.068+0800: 24.211: Total time for which application threads were stopped: 0.0001171 seconds, Stopping threads took: 0.0000469 seconds
2018-02-17T16:58:14.079+0800: 24.222: Total time for which application threads were stopped: 0.0001679 seconds, Stopping threads took: 0.0000731 seconds
2018-02-17T16:58:14.194+0800: 24.337: Total time for which application threads were stopped: 0.0001807 seconds, Stopping threads took: 0.0000499 seconds
2018-02-17T16:58:14.194+0800: 24.337: Total time for which application threads were stopped: 0.0001099 seconds, Stopping threads took: 0.0000391 seconds
2018-02-17T16:58:14.196+0800: 24.338: Total time for which application threads were stopped: 0.0001105 seconds, Stopping threads took: 0.0000382 seconds
2018-02-17T16:58:14.196+0800: 24.339: Total time for which application threads were stopped: 0.0000776 seconds, Stopping threads took: 0.0000140 seconds
2018-02-17T16:58:15.132+0800: 25.274: Total time for which application threads were stopped: 0.0002884 seconds, Stopping threads took: 0.0000415 seconds
2018-02-17T16:58:15.132+0800: 25.275: Total time for which application threads were stopped: 0.0001434 seconds, Stopping threads took: 0.0000327 seconds
2018-02-17T16:58:15.137+0800: 25.280: Total time for which application threads were stopped: 0.0003500 seconds, Stopping threads took: 0.0000242 seconds
2018-02-17T16:58:15.156+0800: 25.298: Total time for which application threads were stopped: 0.0006750 seconds, Stopping threads took: 0.0003719 seconds
2018-02-17T16:58:15.160+0800: 25.302: Total time for which application threads were stopped: 0.0008485 seconds, Stopping threads took: 0.0003835 seconds
2018-02-17T16:58:15.164+0800: 25.306: Total time for which application threads were stopped: 0.0004233 seconds, Stopping threads took: 0.0002679 seconds
{Heap before GC invocations=9 (full 1):
 par new generation   total 109248K, used 105164K [0x00000007a0000000, 0x00000007a8000000, 0x00000007a8000000)
  eden space 87424K, 100% used [0x00000007a0000000, 0x00000007a5560000, 0x00000007a5560000)
  from space 21824K,  81% used [0x00000007a6ab0000, 0x00000007a7c032f8, 0x00000007a8000000)
  to   space 21824K,   0% used [0x00000007a5560000, 0x00000007a5560000, 0x00000007a6ab0000)
 concurrent mark-sweep generation total 393216K, used 5431K [0x00000007a8000000, 0x00000007c0000000, 0x00000007c0000000)
 Metaspace       used 32940K, capacity 33846K, committed 33916K, reserved 1079296K
  class space    used 3909K, capacity 4179K, committed 4220K, reserved 1048576K
2018-02-17T16:58:15.188+0800: 25.330: [GC (Allocation Failure) 2018-02-17T16:58:15.188+0800: 25.330: [ParNew
Desired survivor size 20112992 bytes, new threshold 8 (max 8)
- age   1:    3515072 bytes,    3515072 total
- age   2:     213560 bytes,    3728632 total
- age   3:      26480 bytes,    3755112 total
- age   4:      21720 bytes,    3776832 total
- age   5:     113264 bytes,    3890096 total
- age   6:     654968 bytes,    4545064 total
- age   7:      85032 bytes,    4630096 total
- age   8:    1960000 bytes,    6590096 total
: 105164K->10130K(109248K), 0.0266936 secs] 110596K->19362K(502464K), 0.0267692 secs] [Times: user=0.06 sys=0.00, real=0.03 secs] 
Heap after GC invocations=10 (full 1):
 par new generation   total 109248K, used 10130K [0x00000007a0000000, 0x00000007a8000000, 0x00000007a8000000)
  eden space 87424K,   0% used [0x00000007a0000000, 0x00000007a0000000, 0x00000007a5560000)
  from space 21824K,  46% used [0x00000007a5560000, 0x00000007a5f448c8, 0x00000007a6ab0000)
  to   space 21824K,   0% used [0x00000007a6ab0000, 0x00000007a6ab0000, 0x00000007a8000000)
 concurrent mark-sweep generation total 393216K, used 9232K [0x00000007a8000000, 0x00000007c0000000, 0x00000007c0000000)
 Metaspace       used 32940K, capacity 33846K, committed 33916K, reserved 1079296K
  class space    used 3909K, capacity 4179K, committed 4220K, reserved 1048576K
}
2018-02-17T16:58:15.215+0800: 25.357: Total time for which application threads were stopped: 0.0270729 seconds, Stopping threads took: 0.0000276 seconds
2018-02-17T16:58:15.223+0800: 25.365: Total time for which application threads were stopped: 0.0006496 seconds, Stopping threads took: 0.0004881 seconds
2018-02-17T16:58:15.223+0800: 25.365: Total time for which application threads were stopped: 0.0001207 seconds, Stopping threads took: 0.0000273 seconds
2018-02-17T16:58:15.223+0800: 25.365: Total time for which application threads were stopped: 0.0001397 seconds, Stopping threads took: 0.0000475 seconds
{Heap before GC invocations=10 (full 1):
 par new generation   total 109248K, used 97554K [0x00000007a0000000, 0x00000007a8000000, 0x00000007a8000000)
  eden space 87424K, 100% used [0x00000007a0000000, 0x00000007a5560000, 0x00000007a5560000)
  from space 21824K,  46% used [0x00000007a5560000, 0x00000007a5f448c8, 0x00000007a6ab0000)
  to   space 21824K,   0% used [0x00000007a6ab0000, 0x00000007a6ab0000, 0x00000007a8000000)
 concurrent mark-sweep generation total 393216K, used 9232K [0x00000007a8000000, 0x00000007c0000000, 0x00000007c0000000)
 Metaspace       used 32958K, capacity 33846K, committed 33916K, reserved 1079296K
  class space    used 3909K, capacity 4179K, committed 4220K, reserved 1048576K
2018-02-17T16:58:15.291+0800: 25.433: [GC (Allocation Failure) 2018-02-17T16:58:15.291+0800: 25.433: [ParNew
Desired survivor size 20112992 bytes, new threshold 8 (max 8)
- age   1:    1808744 bytes,    1808744 total
- age   2:    2184832 bytes,    3993576 total
- age   3:     213560 bytes,    4207136 total
- age   4:      26480 bytes,    4233616 total
- age   5:      21720 bytes,    4255336 total
- age   6:     113264 bytes,    4368600 total
- age   7:     654968 bytes,    5023568 total
- age   8:      85032 bytes,    5108600 total
: 97554K->7269K(109248K), 0.0145991 secs] 106786K->18448K(502464K), 0.0147215 secs] [Times: user=0.04 sys=0.00, real=0.01 secs] 
Heap after GC invocations=11 (full 1):
 par new generation   total 109248K, used 7269K [0x00000007a0000000, 0x00000007a8000000, 0x00000007a8000000)
  eden space 87424K,   0% used [0x00000007a0000000, 0x00000007a0000000, 0x00000007a5560000)
  from space 21824K,  33% used [0x00000007a6ab0000, 0x00000007a71c9780, 0x00000007a8000000)
  to   space 21824K,   0% used [0x00000007a5560000, 0x00000007a5560000, 0x00000007a6ab0000)
 concurrent mark-sweep generation total 393216K, used 11178K [0x00000007a8000000, 0x00000007c0000000, 0x00000007c0000000)
 Metaspace       used 32958K, capacity 33846K, committed 33916K, reserved 1079296K
  class space    used 3909K, capacity 4179K, committed 4220K, reserved 1048576K
}
2018-02-17T16:58:15.306+0800: 25.448: Total time for which application threads were stopped: 0.0150930 seconds, Stopping threads took: 0.0001080 seconds
2018-02-17T16:58:15.306+0800: 25.448: Total time for which application threads were stopped: 0.0001894 seconds, Stopping threads took: 0.0000921 seconds
2018-02-17T16:58:15.306+0800: 25.448: Total time for which application threads were stopped: 0.0000780 seconds, Stopping threads took: 0.0000083 seconds
2018-02-17T16:58:15.306+0800: 25.448: Total time for which application threads were stopped: 0.0000889 seconds, Stopping threads took: 0.0000213 seconds
{Heap before GC invocations=11 (full 1):
 par new generation   total 109248K, used 94693K [0x00000007a0000000, 0x00000007a8000000, 0x00000007a8000000)
  eden space 87424K, 100% used [0x00000007a0000000, 0x00000007a5560000, 0x00000007a5560000)
  from space 21824K,  33% used [0x00000007a6ab0000, 0x00000007a71c9780, 0x00000007a8000000)
  to   space 21824K,   0% used [0x00000007a5560000, 0x00000007a5560000, 0x00000007a6ab0000)
 concurrent mark-sweep generation total 393216K, used 11178K [0x00000007a8000000, 0x00000007c0000000, 0x00000007c0000000)
 Metaspace       used 32985K, capacity 33922K, committed 34172K, reserved 1079296K
  class space    used 3910K, capacity 4181K, committed 4220K, reserved 1048576K
2018-02-17T16:58:15.340+0800: 25.482: [GC (Allocation Failure) 2018-02-17T16:58:15.340+0800: 25.483: [ParNew
Desired survivor size 20112992 bytes, new threshold 8 (max 8)
- age   1:    1304624 bytes,    1304624 total
- age   2:    1486392 bytes,    2791016 total
- age   3:    2155600 bytes,    4946616 total
- age   4:     213560 bytes,    5160176 total
- age   5:      26480 bytes,    5186656 total
- age   6:      21720 bytes,    5208376 total
- age   7:     113056 bytes,    5321432 total
- age   8:     654968 bytes,    5976400 total
: 94693K->6948K(109248K), 0.0118286 secs] 105872K->18213K(502464K), 0.0119136 secs] [Times: user=0.03 sys=0.00, real=0.01 secs] 
Heap after GC invocations=12 (full 1):
 par new generation   total 109248K, used 6948K [0x00000007a0000000, 0x00000007a8000000, 0x00000007a8000000)
  eden space 87424K,   0% used [0x00000007a0000000, 0x00000007a0000000, 0x00000007a5560000)
  from space 21824K,  31% used [0x00000007a5560000, 0x00000007a5c293a0, 0x00000007a6ab0000)
  to   space 21824K,   0% used [0x00000007a6ab0000, 0x00000007a6ab0000, 0x00000007a8000000)
 concurrent mark-sweep generation total 393216K, used 11264K [0x00000007a8000000, 0x00000007c0000000, 0x00000007c0000000)
 Metaspace       used 32985K, capacity 33922K, committed 34172K, reserved 1079296K
  class space    used 3910K, capacity 4181K, committed 4220K, reserved 1048576K
}
2018-02-17T16:58:15.352+0800: 25.494: Total time for which application threads were stopped: 0.0121997 seconds, Stopping threads took: 0.0001065 seconds
{Heap before GC invocations=12 (full 1):
 par new generation   total 109248K, used 94372K [0x00000007a0000000, 0x00000007a8000000, 0x00000007a8000000)
  eden space 87424K, 100% used [0x00000007a0000000, 0x00000007a5560000, 0x00000007a5560000)
  from space 21824K,  31% used [0x00000007a5560000, 0x00000007a5c293a0, 0x00000007a6ab0000)
  to   space 21824K,   0% used [0x00000007a6ab0000, 0x00000007a6ab0000, 0x00000007a8000000)
 concurrent mark-sweep generation total 393216K, used 11264K [0x00000007a8000000, 0x00000007c0000000, 0x00000007c0000000)
 Metaspace       used 33002K, capacity 33928K, committed 34172K, reserved 1079296K
  class space    used 3910K, capacity 4182K, committed 4220K, reserved 1048576K
2018-02-17T16:58:15.388+0800: 25.530: [GC (Allocation Failure) 2018-02-17T16:58:15.388+0800: 25.530: [ParNew
Desired survivor size 20112992 bytes, new threshold 8 (max 8)
- age   1:     398416 bytes,     398416 total
- age   2:     855496 bytes,    1253912 total
- age   3:    1487448 bytes,    2741360 total
- age   4:    2155600 bytes,    4896960 total
- age   5:     213560 bytes,    5110520 total
- age   6:      26480 bytes,    5137000 total
- age   7:      21616 bytes,    5158616 total
- age   8:     113056 bytes,    5271672 total
: 94372K->7608K(109248K), 0.0254429 secs] 105637K->19523K(502464K), 0.0255339 secs] [Times: user=0.05 sys=0.00, real=0.03 secs] 
Heap after GC invocations=13 (full 1):
 par new generation   total 109248K, used 7608K [0x00000007a0000000, 0x00000007a8000000, 0x00000007a8000000)
  eden space 87424K,   0% used [0x00000007a0000000, 0x00000007a0000000, 0x00000007a5560000)
  from space 21824K,  34% used [0x00000007a6ab0000, 0x00000007a721e0f0, 0x00000007a8000000)
  to   space 21824K,   0% used [0x00000007a5560000, 0x00000007a5560000, 0x00000007a6ab0000)
 concurrent mark-sweep generation total 393216K, used 11915K [0x00000007a8000000, 0x00000007c0000000, 0x00000007c0000000)
 Metaspace       used 33002K, capacity 33928K, committed 34172K, reserved 1079296K
  class space    used 3910K, capacity 4182K, committed 4220K, reserved 1048576K
}
2018-02-17T16:58:15.413+0800: 25.556: Total time for which application threads were stopped: 0.0258202 seconds, Stopping threads took: 0.0001159 seconds
{Heap before GC invocations=13 (full 1):
 par new generation   total 109248K, used 95032K [0x00000007a0000000, 0x00000007a8000000, 0x00000007a8000000)
  eden space 87424K, 100% used [0x00000007a0000000, 0x00000007a5560000, 0x00000007a5560000)
  from space 21824K,  34% used [0x00000007a6ab0000, 0x00000007a721e0f0, 0x00000007a8000000)
  to   space 21824K,   0% used [0x00000007a5560000, 0x00000007a5560000, 0x00000007a6ab0000)
 concurrent mark-sweep generation total 393216K, used 11915K [0x00000007a8000000, 0x00000007c0000000, 0x00000007c0000000)
 Metaspace       used 33013K, capacity 33940K, committed 34172K, reserved 1079296K
  class space    used 3911K, capacity 4184K, committed 4220K, reserved 1048576K
2018-02-17T16:58:15.449+0800: 25.591: [GC (Allocation Failure) 2018-02-17T16:58:15.449+0800: 25.591: [ParNew
Desired survivor size 20112992 bytes, new threshold 8 (max 8)
- age   1:     450400 bytes,     450400 total
- age   2:      88024 bytes,     538424 total
- age   3:     855008 bytes,    1393432 total
- age   4:    1486248 bytes,    2879680 total
- age   5:    2155600 bytes,    5035280 total
- age   6:     213560 bytes,    5248840 total
- age   7:      26480 bytes,    5275320 total
- age   8:      21616 bytes,    5296936 total
: 95032K->7195K(109248K), 0.0116610 secs] 106947K->19224K(502464K), 0.0117339 secs] [Times: user=0.03 sys=0.00, real=0.02 secs] 
Heap after GC invocations=14 (full 1):
 par new generation   total 109248K, used 7195K [0x00000007a0000000, 0x00000007a8000000, 0x00000007a8000000)
  eden space 87424K,   0% used [0x00000007a0000000, 0x00000007a0000000, 0x00000007a5560000)
  from space 21824K,  32% used [0x00000007a5560000, 0x00000007a5c66f68, 0x00000007a6ab0000)
  to   space 21824K,   0% used [0x00000007a6ab0000, 0x00000007a6ab0000, 0x00000007a8000000)
 concurrent mark-sweep generation total 393216K, used 12028K [0x00000007a8000000, 0x00000007c0000000, 0x00000007c0000000)
 Metaspace       used 33013K, capacity 33940K, committed 34172K, reserved 1079296K
  class space    used 3911K, capacity 4184K, committed 4220K, reserved 1048576K
}
2018-02-17T16:58:15.461+0800: 25.603: Total time for which application threads were stopped: 0.0120166 seconds, Stopping threads took: 0.0001101 seconds
{Heap before GC invocations=14 (full 1):
 par new generation   total 109248K, used 94619K [0x00000007a0000000, 0x00000007a8000000, 0x00000007a8000000)
  eden space 87424K, 100% used [0x00000007a0000000, 0x00000007a5560000, 0x00000007a5560000)
  from space 21824K,  32% used [0x00000007a5560000, 0x00000007a5c66f68, 0x00000007a6ab0000)
  to   space 21824K,   0% used [0x00000007a6ab0000, 0x00000007a6ab0000, 0x00000007a8000000)
 concurrent mark-sweep generation total 393216K, used 12028K [0x00000007a8000000, 0x00000007c0000000, 0x00000007c0000000)
 Metaspace       used 33077K, capacity 34008K, committed 34172K, reserved 1079296K
  class space    used 3911K, capacity 4184K, committed 4220K, reserved 1048576K
2018-02-17T16:58:15.571+0800: 25.714: [GC (Allocation Failure) 2018-02-17T16:58:15.571+0800: 25.714: [ParNew
Desired survivor size 20112992 bytes, new threshold 8 (max 8)
- age   1:    1017792 bytes,    1017792 total
- age   2:      81880 bytes,    1099672 total
- age   3:      87016 bytes,    1186688 total
- age   4:     853416 bytes,    2040104 total
- age   5:     928040 bytes,    2968144 total
- age   6:    2155600 bytes,    5123744 total
- age   7:     213560 bytes,    5337304 total
- age   8:      26480 bytes,    5363784 total
: 94619K->6163K(109248K), 0.0126118 secs] 106648K->18213K(502464K), 0.0126947 secs] [Times: user=0.04 sys=0.00, real=0.01 secs] 
Heap after GC invocations=15 (full 1):
 par new generation   total 109248K, used 6163K [0x00000007a0000000, 0x00000007a8000000, 0x00000007a8000000)
  eden space 87424K,   0% used [0x00000007a0000000, 0x00000007a0000000, 0x00000007a5560000)
  from space 21824K,  28% used [0x00000007a6ab0000, 0x00000007a70b4e18, 0x00000007a8000000)
  to   space 21824K,   0% used [0x00000007a5560000, 0x00000007a5560000, 0x00000007a6ab0000)
 concurrent mark-sweep generation total 393216K, used 12050K [0x00000007a8000000, 0x00000007c0000000, 0x00000007c0000000)
 Metaspace       used 33077K, capacity 34008K, committed 34172K, reserved 1079296K
  class space    used 3911K, capacity 4184K, committed 4220K, reserved 1048576K
}
2018-02-17T16:58:15.584+0800: 25.727: Total time for which application threads were stopped: 0.0131385 seconds, Stopping threads took: 0.0001582 seconds
2018-02-17T16:58:15.699+0800: 25.842: Total time for which application threads were stopped: 0.0010386 seconds, Stopping threads took: 0.0000860 seconds
2018-02-17T16:58:15.717+0800: 25.860: Total time for which application threads were stopped: 0.0006028 seconds, Stopping threads took: 0.0004720 seconds
2018-02-17T16:58:15.731+0800: 25.873: Total time for which application threads were stopped: 0.0002394 seconds, Stopping threads took: 0.0000452 seconds
2018-02-17T16:58:15.740+0800: 25.882: Total time for which application threads were stopped: 0.0002002 seconds, Stopping threads took: 0.0000514 seconds
2018-02-17T16:58:15.740+0800: 25.883: Total time for which application threads were stopped: 0.0001367 seconds, Stopping threads took: 0.0000308 seconds
2018-02-17T16:58:15.741+0800: 25.884: Total time for which application threads were stopped: 0.0001458 seconds, Stopping threads took: 0.0000337 seconds
2018-02-17T16:58:15.741+0800: 25.884: Total time for which application threads were stopped: 0.0001993 seconds, Stopping threads took: 0.0000896 seconds
2018-02-17T16:58:15.743+0800: 25.886: Total time for which application threads were stopped: 0.0002665 seconds, Stopping threads took: 0.0000991 seconds
2018-02-17T16:58:15.744+0800: 25.887: Total time for which application threads were stopped: 0.0001914 seconds, Stopping threads took: 0.0000777 seconds
2018-02-17T16:58:15.752+0800: 25.895: Total time for which application threads were stopped: 0.0001528 seconds, Stopping threads took: 0.0000253 seconds
2018-02-17T16:58:15.753+0800: 25.896: Total time for which application threads were stopped: 0.0001741 seconds, Stopping threads took: 0.0000330 seconds
2018-02-17T16:58:15.771+0800: 25.913: Total time for which application threads were stopped: 0.0005331 seconds, Stopping threads took: 0.0003825 seconds
{Heap before GC invocations=15 (full 1):
 par new generation   total 109248K, used 93587K [0x00000007a0000000, 0x00000007a8000000, 0x00000007a8000000)
  eden space 87424K, 100% used [0x00000007a0000000, 0x00000007a5560000, 0x00000007a5560000)
  from space 21824K,  28% used [0x00000007a6ab0000, 0x00000007a70b4e18, 0x00000007a8000000)
  to   space 21824K,   0% used [0x00000007a5560000, 0x00000007a5560000, 0x00000007a6ab0000)
 concurrent mark-sweep generation total 393216K, used 12050K [0x00000007a8000000, 0x00000007c0000000, 0x00000007c0000000)
 Metaspace       used 34852K, capacity 35844K, committed 35964K, reserved 1081344K
  class space    used 4174K, capacity 4442K, committed 4476K, reserved 1048576K
2018-02-17T16:58:15.950+0800: 26.092: [GC (Allocation Failure) 2018-02-17T16:58:15.950+0800: 26.092: [ParNew
Desired survivor size 20112992 bytes, new threshold 8 (max 8)
- age   1:    3224472 bytes,    3224472 total
- age   2:     467984 bytes,    3692456 total
- age   3:      80944 bytes,    3773400 total
- age   4:      86680 bytes,    3860080 total
- age   5:     152592 bytes,    4012672 total
- age   6:     196112 bytes,    4208784 total
- age   7:    2147584 bytes,    6356368 total
- age   8:     212888 bytes,    6569256 total
: 93587K->8073K(109248K), 0.0081515 secs] 105637K->20150K(502464K), 0.0082486 secs] [Times: user=0.02 sys=0.00, real=0.00 secs] 
Heap after GC invocations=16 (full 1):
 par new generation   total 109248K, used 8073K [0x00000007a0000000, 0x00000007a8000000, 0x00000007a8000000)
  eden space 87424K,   0% used [0x00000007a0000000, 0x00000007a0000000, 0x00000007a5560000)
  from space 21824K,  36% used [0x00000007a5560000, 0x00000007a5d425d8, 0x00000007a6ab0000)
  to   space 21824K,   0% used [0x00000007a6ab0000, 0x00000007a6ab0000, 0x00000007a8000000)
 concurrent mark-sweep generation total 393216K, used 12076K [0x00000007a8000000, 0x00000007c0000000, 0x00000007c0000000)
 Metaspace       used 34852K, capacity 35844K, committed 35964K, reserved 1081344K
  class space    used 4174K, capacity 4442K, committed 4476K, reserved 1048576K
}
2018-02-17T16:58:15.958+0800: 26.100: Total time for which application threads were stopped: 0.0085336 seconds, Stopping threads took: 0.0000650 seconds
2018-02-17T16:58:16.001+0800: 26.143: Total time for which application threads were stopped: 0.0001801 seconds, Stopping threads took: 0.0000298 seconds
2018-02-17T16:58:16.044+0800: 26.187: Total time for which application threads were stopped: 0.0001568 seconds, Stopping threads took: 0.0000461 seconds
2018-02-17T16:58:16.045+0800: 26.188: Total time for which application threads were stopped: 0.0001409 seconds, Stopping threads took: 0.0000397 seconds
2018-02-17T16:58:16.046+0800: 26.188: Total time for which application threads were stopped: 0.0001375 seconds, Stopping threads took: 0.0000262 seconds
2018-02-17T16:58:16.136+0800: 26.279: Total time for which application threads were stopped: 0.0001710 seconds, Stopping threads took: 0.0000426 seconds
2018-02-17T16:58:17.139+0800: 27.282: Total time for which application threads were stopped: 0.0002611 seconds, Stopping threads took: 0.0000371 seconds
2018-02-17T16:58:21.202+0800: 31.344: Total time for which application threads were stopped: 0.0001524 seconds, Stopping threads took: 0.0000213 seconds
2018-02-17T16:58:21.220+0800: 31.363: Total time for which application threads were stopped: 0.0001212 seconds, Stopping threads took: 0.0000217 seconds
2018-02-17T16:58:21.225+0800: 31.367: Total time for which application threads were stopped: 0.0006201 seconds, Stopping threads took: 0.0000254 seconds
2018-02-17T16:58:21.260+0800: 31.402: Total time for which application threads were stopped: 0.0004906 seconds, Stopping threads took: 0.0000206 seconds
2018-02-17T16:58:21.261+0800: 31.403: Total time for which application threads were stopped: 0.0001215 seconds, Stopping threads took: 0.0000183 seconds
{Heap before GC invocations=16 (full 1):
 par new generation   total 109248K, used 95497K [0x00000007a0000000, 0x00000007a8000000, 0x00000007a8000000)
  eden space 87424K, 100% used [0x00000007a0000000, 0x00000007a5560000, 0x00000007a5560000)
  from space 21824K,  36% used [0x00000007a5560000, 0x00000007a5d425d8, 0x00000007a6ab0000)
  to   space 21824K,   0% used [0x00000007a6ab0000, 0x00000007a6ab0000, 0x00000007a8000000)
 concurrent mark-sweep generation total 393216K, used 12076K [0x00000007a8000000, 0x00000007c0000000, 0x00000007c0000000)
 Metaspace       used 36364K, capacity 37525K, committed 37692K, reserved 1083392K
  class space    used 4331K, capacity 4643K, committed 4732K, reserved 1048576K
2018-02-17T16:58:21.278+0800: 31.420: [GC (Allocation Failure) 2018-02-17T16:58:21.278+0800: 31.420: [ParNew
Desired survivor size 20112992 bytes, new threshold 8 (max 8)
- age   1:    4803896 bytes,    4803896 total
- age   2:    1567008 bytes,    6370904 total
- age   3:     467920 bytes,    6838824 total
- age   4:      80944 bytes,    6919768 total
- age   5:      86616 bytes,    7006384 total
- age   6:     151688 bytes,    7158072 total
- age   7:     194400 bytes,    7352472 total
- age   8:    2143904 bytes,    9496376 total
: 95497K->11929K(109248K), 0.0101970 secs] 107574K->24217K(502464K), 0.0105136 secs] [Times: user=0.03 sys=0.00, real=0.01 secs] 
Heap after GC invocations=17 (full 1):
 par new generation   total 109248K, used 11929K [0x00000007a0000000, 0x00000007a8000000, 0x00000007a8000000)
  eden space 87424K,   0% used [0x00000007a0000000, 0x00000007a0000000, 0x00000007a5560000)
  from space 21824K,  54% used [0x00000007a6ab0000, 0x00000007a76566c0, 0x00000007a8000000)
  to   space 21824K,   0% used [0x00000007a5560000, 0x00000007a5560000, 0x00000007a6ab0000)
 concurrent mark-sweep generation total 393216K, used 12287K [0x00000007a8000000, 0x00000007c0000000, 0x00000007c0000000)
 Metaspace       used 36364K, capacity 37525K, committed 37692K, reserved 1083392K
  class space    used 4331K, capacity 4643K, committed 4732K, reserved 1048576K
}
2018-02-17T16:58:21.289+0800: 31.431: Total time for which application threads were stopped: 0.0107156 seconds, Stopping threads took: 0.0000206 seconds
2018-02-17T16:58:21.289+0800: 31.431: [GC (CMS Initial Mark) [1 CMS-initial-mark: 12287K(393216K)] 24866K(502464K), 0.0027375 secs] [Times: user=0.01 sys=0.00, real=0.01 secs] 
2018-02-17T16:58:21.291+0800: 31.434: Total time for which application threads were stopped: 0.0028731 seconds, Stopping threads took: 0.0000319 seconds
2018-02-17T16:58:21.292+0800: 31.434: [CMS-concurrent-mark-start]
2018-02-17T16:58:21.302+0800: 31.445: [CMS-concurrent-mark: 0.011/0.011 secs] [Times: user=0.04 sys=0.00, real=0.01 secs] 
2018-02-17T16:58:21.302+0800: 31.445: [CMS-concurrent-preclean-start]
2018-02-17T16:58:21.304+0800: 31.446: [CMS-concurrent-preclean: 0.001/0.001 secs] [Times: user=0.01 sys=0.00, real=0.00 secs] 
2018-02-17T16:58:21.304+0800: 31.446: [GC (CMS Final Remark) [YG occupancy: 12578 K (109248 K)]{Heap before GC invocations=17 (full 2):
 par new generation   total 109248K, used 12578K [0x00000007a0000000, 0x00000007a8000000, 0x00000007a8000000)
  eden space 87424K,   0% used [0x00000007a0000000, 0x00000007a00a24c0, 0x00000007a5560000)
  from space 21824K,  54% used [0x00000007a6ab0000, 0x00000007a76566c0, 0x00000007a8000000)
  to   space 21824K,   0% used [0x00000007a5560000, 0x00000007a5560000, 0x00000007a6ab0000)
 concurrent mark-sweep generation total 393216K, used 12287K [0x00000007a8000000, 0x00000007c0000000, 0x00000007c0000000)
 Metaspace       used 36403K, capacity 37589K, committed 37692K, reserved 1083392K
  class space    used 4335K, capacity 4643K, committed 4732K, reserved 1048576K
2018-02-17T16:58:21.304+0800: 31.446: [GC (CMS Final Remark) 2018-02-17T16:58:21.304+0800: 31.446: [ParNew
Desired survivor size 20112992 bytes, new threshold 8 (max 8)
- age   1:      38408 bytes,      38408 total
- age   2:    3330064 bytes,    3368472 total
- age   3:    1566928 bytes,    4935400 total
- age   4:     467920 bytes,    5403320 total
- age   5:      80944 bytes,    5484264 total
- age   6:      86616 bytes,    5570880 total
- age   7:     151688 bytes,    5722568 total
- age   8:     194400 bytes,    5916968 total
: 12578K->7453K(109248K), 0.0138970 secs] 24866K->21842K(502464K), 0.0139730 secs] [Times: user=0.04 sys=0.01, real=0.01 secs] 
Heap after GC invocations=18 (full 2):
 par new generation   total 109248K, used 7453K [0x00000007a0000000, 0x00000007a8000000, 0x00000007a8000000)
  eden space 87424K,   0% used [0x00000007a0000000, 0x00000007a0000000, 0x00000007a5560000)
  from space 21824K,  34% used [0x00000007a5560000, 0x00000007a5ca7540, 0x00000007a6ab0000)
  to   space 21824K,   0% used [0x00000007a6ab0000, 0x00000007a6ab0000, 0x00000007a8000000)
 concurrent mark-sweep generation total 393216K, used 14389K [0x00000007a8000000, 0x00000007c0000000, 0x00000007c0000000)
 Metaspace       used 36403K, capacity 37589K, committed 37692K, reserved 1083392K
  class space    used 4335K, capacity 4643K, committed 4732K, reserved 1048576K
}
2018-02-17T16:58:21.318+0800: 31.460: [Rescan (parallel) , 0.0035561 secs]2018-02-17T16:58:21.322+0800: 31.464: [weak refs processing, 0.0009054 secs]2018-02-17T16:58:21.322+0800: 31.465: [class unloading, 0.0079107 secs]2018-02-17T16:58:21.330+0800: 31.473: [scrub symbol table, 0.0056174 secs]2018-02-17T16:58:21.336+0800: 31.478: [scrub string table, 0.0003871 secs][1 CMS-remark: 14389K(393216K)] 21842K(502464K), 0.0336383 secs] [Times: user=0.07 sys=0.01, real=0.03 secs] 
2018-02-17T16:58:21.338+0800: 31.480: Total time for which application threads were stopped: 0.0338093 seconds, Stopping threads took: 0.0000518 seconds
2018-02-17T16:58:21.338+0800: 31.480: [CMS-concurrent-sweep-start]
2018-02-17T16:58:21.338+0800: 31.481: Total time for which application threads were stopped: 0.0002051 seconds, Stopping threads took: 0.0000905 seconds
2018-02-17T16:58:21.339+0800: 31.481: Total time for which application threads were stopped: 0.0001008 seconds, Stopping threads took: 0.0000312 seconds
2018-02-17T16:58:21.340+0800: 31.483: Total time for which application threads were stopped: 0.0005433 seconds, Stopping threads took: 0.0004165 seconds
2018-02-17T16:58:21.341+0800: 31.484: Total time for which application threads were stopped: 0.0001160 seconds, Stopping threads took: 0.0000252 seconds
2018-02-17T16:58:21.343+0800: 31.485: Total time for which application threads were stopped: 0.0001119 seconds, Stopping threads took: 0.0000296 seconds
2018-02-17T16:58:21.346+0800: 31.488: Total time for which application threads were stopped: 0.0002417 seconds, Stopping threads took: 0.0000459 seconds
2018-02-17T16:58:21.346+0800: 31.488: Total time for which application threads were stopped: 0.0001196 seconds, Stopping threads took: 0.0000150 seconds
2018-02-17T16:58:21.348+0800: 31.490: [CMS-concurrent-sweep: 0.008/0.010 secs] [Times: user=0.03 sys=0.00, real=0.01 secs] 
2018-02-17T16:58:21.348+0800: 31.490: [CMS-concurrent-reset-start]
2018-02-17T16:58:21.348+0800: 31.490: Total time for which application threads were stopped: 0.0002042 seconds, Stopping threads took: 0.0000288 seconds
2018-02-17T16:58:21.349+0800: 31.491: [CMS-concurrent-reset: 0.001/0.001 secs] [Times: user=0.01 sys=0.00, real=0.00 secs] 
2018-02-17T16:58:21.349+0800: 31.491: Total time for which application threads were stopped: 0.0001483 seconds, Stopping threads took: 0.0000451 seconds
2018-02-17T16:58:21.349+0800: 31.491: Total time for which application threads were stopped: 0.0001550 seconds, Stopping threads took: 0.0000772 seconds
2018-02-17T16:58:21.350+0800: 31.492: Total time for which application threads were stopped: 0.0002724 seconds, Stopping threads took: 0.0000923 seconds
2018-02-17T16:58:21.354+0800: 31.496: Total time for which application threads were stopped: 0.0001338 seconds, Stopping threads took: 0.0000284 seconds
2018-02-17T16:58:21.354+0800: 31.497: Total time for which application threads were stopped: 0.0001125 seconds, Stopping threads took: 0.0000388 seconds
2018-02-17T16:58:21.355+0800: 31.497: Total time for which application threads were stopped: 0.0001005 seconds, Stopping threads took: 0.0000091 seconds
2018-02-17T16:58:21.355+0800: 31.497: Total time for which application threads were stopped: 0.0001734 seconds, Stopping threads took: 0.0000961 seconds
2018-02-17T16:58:21.355+0800: 31.497: Total time for which application threads were stopped: 0.0000703 seconds, Stopping threads took: 0.0000081 seconds
2018-02-17T16:58:21.355+0800: 31.497: Total time for which application threads were stopped: 0.0000729 seconds, Stopping threads took: 0.0000101 seconds
2018-02-17T16:58:21.355+0800: 31.497: Total time for which application threads were stopped: 0.0000814 seconds, Stopping threads took: 0.0000228 seconds
2018-02-17T16:58:21.355+0800: 31.498: Total time for which application threads were stopped: 0.0001483 seconds, Stopping threads took: 0.0000896 seconds
2018-02-17T16:58:21.355+0800: 31.498: Total time for which application threads were stopped: 0.0001454 seconds, Stopping threads took: 0.0000880 seconds
2018-02-17T16:58:21.356+0800: 31.498: Total time for which application threads were stopped: 0.0000753 seconds, Stopping threads took: 0.0000198 seconds
2018-02-17T16:58:21.356+0800: 31.498: Total time for which application threads were stopped: 0.0000997 seconds, Stopping threads took: 0.0000458 seconds
2018-02-17T16:58:21.356+0800: 31.498: Total time for which application threads were stopped: 0.0000723 seconds, Stopping threads took: 0.0000189 seconds
2018-02-17T16:58:21.356+0800: 31.498: Total time for which application threads were stopped: 0.0000985 seconds, Stopping threads took: 0.0000345 seconds
2018-02-17T16:58:21.356+0800: 31.498: Total time for which application threads were stopped: 0.0000726 seconds, Stopping threads took: 0.0000199 seconds
2018-02-17T16:58:21.356+0800: 31.498: Total time for which application threads were stopped: 0.0000739 seconds, Stopping threads took: 0.0000184 seconds
2018-02-17T16:58:21.356+0800: 31.498: Total time for which application threads were stopped: 0.0000687 seconds, Stopping threads took: 0.0000158 seconds
2018-02-17T16:58:21.356+0800: 31.499: Total time for which application threads were stopped: 0.0000766 seconds, Stopping threads took: 0.0000108 seconds
2018-02-17T16:58:21.356+0800: 31.499: Total time for which application threads were stopped: 0.0001025 seconds, Stopping threads took: 0.0000467 seconds
2018-02-17T16:58:21.357+0800: 31.499: Total time for which application threads were stopped: 0.0000826 seconds, Stopping threads took: 0.0000205 seconds
2018-02-17T16:58:21.357+0800: 31.499: Total time for which application threads were stopped: 0.0000742 seconds, Stopping threads took: 0.0000189 seconds
2018-02-17T16:58:21.357+0800: 31.499: Total time for which application threads were stopped: 0.0000783 seconds, Stopping threads took: 0.0000239 seconds
2018-02-17T16:58:21.357+0800: 31.499: Total time for which application threads were stopped: 0.0001059 seconds, Stopping threads took: 0.0000457 seconds
2018-02-17T16:58:21.357+0800: 31.499: Total time for which application threads were stopped: 0.0000803 seconds, Stopping threads took: 0.0000245 seconds
2018-02-17T16:58:21.357+0800: 31.499: Total time for which application threads were stopped: 0.0000848 seconds, Stopping threads took: 0.0000204 seconds
2018-02-17T16:58:21.357+0800: 31.500: Total time for which application threads were stopped: 0.0001255 seconds, Stopping threads took: 0.0000605 seconds
2018-02-17T16:58:21.358+0800: 31.500: Total time for which application threads were stopped: 0.0001215 seconds, Stopping threads took: 0.0000647 seconds
2018-02-17T16:58:21.358+0800: 31.500: Total time for which application threads were stopped: 0.0000789 seconds, Stopping threads took: 0.0000230 seconds
2018-02-17T16:58:21.358+0800: 31.500: Total time for which application threads were stopped: 0.0001129 seconds, Stopping threads took: 0.0000557 seconds
2018-02-17T16:58:21.358+0800: 31.500: Total time for which application threads were stopped: 0.0000768 seconds, Stopping threads took: 0.0000206 seconds
2018-02-17T16:58:21.358+0800: 31.500: Total time for which application threads were stopped: 0.0000755 seconds, Stopping threads took: 0.0000200 seconds
2018-02-17T16:58:21.358+0800: 31.501: Total time for which application threads were stopped: 0.0001300 seconds, Stopping threads took: 0.0000695 seconds
2018-02-17T16:58:21.358+0800: 31.501: Total time for which application threads were stopped: 0.0000966 seconds, Stopping threads took: 0.0000406 seconds
2018-02-17T16:58:21.358+0800: 31.501: Total time for which application threads were stopped: 0.0000796 seconds, Stopping threads took: 0.0000251 seconds
2018-02-17T16:58:21.359+0800: 31.501: Total time for which application threads were stopped: 0.0000832 seconds, Stopping threads took: 0.0000272 seconds
2018-02-17T16:58:21.359+0800: 31.501: Total time for which application threads were stopped: 0.0000760 seconds, Stopping threads took: 0.0000212 seconds
2018-02-17T16:58:21.359+0800: 31.501: Total time for which application threads were stopped: 0.0000933 seconds, Stopping threads took: 0.0000401 seconds
2018-02-17T16:58:21.359+0800: 31.501: Total time for which application threads were stopped: 0.0000760 seconds, Stopping threads took: 0.0000241 seconds
2018-02-17T16:58:21.359+0800: 31.501: Total time for which application threads were stopped: 0.0000810 seconds, Stopping threads took: 0.0000296 seconds
2018-02-17T16:58:21.359+0800: 31.501: Total time for which application threads were stopped: 0.0000761 seconds, Stopping threads took: 0.0000230 seconds
2018-02-17T16:58:21.359+0800: 31.502: Total time for which application threads were stopped: 0.0000838 seconds, Stopping threads took: 0.0000267 seconds
2018-02-17T16:58:21.359+0800: 31.502: Total time for which application threads were stopped: 0.0001877 seconds, Stopping threads took: 0.0000199 seconds
2018-02-17T16:58:21.360+0800: 31.502: Total time for which application threads were stopped: 0.0001377 seconds, Stopping threads took: 0.0000340 seconds
2018-02-17T16:58:21.360+0800: 31.502: Total time for which application threads were stopped: 0.0002733 seconds, Stopping threads took: 0.0001964 seconds
2018-02-17T16:58:21.360+0800: 31.503: Total time for which application threads were stopped: 0.0002834 seconds, Stopping threads took: 0.0002216 seconds
2018-02-17T16:58:21.361+0800: 31.503: Total time for which application threads were stopped: 0.0001047 seconds, Stopping threads took: 0.0000226 seconds
2018-02-17T16:58:21.361+0800: 31.503: Total time for which application threads were stopped: 0.0000987 seconds, Stopping threads took: 0.0000316 seconds
2018-02-17T16:58:21.361+0800: 31.503: Total time for which application threads were stopped: 0.0002075 seconds, Stopping threads took: 0.0001457 seconds
2018-02-17T16:58:21.361+0800: 31.504: Total time for which application threads were stopped: 0.0001728 seconds, Stopping threads took: 0.0001131 seconds
2018-02-17T16:58:21.361+0800: 31.504: Total time for which application threads were stopped: 0.0000868 seconds, Stopping threads took: 0.0000208 seconds
2018-02-17T16:58:21.362+0800: 31.504: Total time for which application threads were stopped: 0.0000787 seconds, Stopping threads took: 0.0000205 seconds
2018-02-17T16:58:21.362+0800: 31.504: Total time for which application threads were stopped: 0.0000754 seconds, Stopping threads took: 0.0000191 seconds
2018-02-17T16:58:21.362+0800: 31.504: Total time for which application threads were stopped: 0.0001948 seconds, Stopping threads took: 0.0000192 seconds
2018-02-17T16:58:21.362+0800: 31.504: Total time for which application threads were stopped: 0.0002539 seconds, Stopping threads took: 0.0000758 seconds
2018-02-17T16:58:21.372+0800: 31.515: Total time for which application threads were stopped: 0.0004526 seconds, Stopping threads took: 0.0000158 seconds
2018-02-17T16:58:21.418+0800: 31.560: Total time for which application threads were stopped: 0.0001982 seconds, Stopping threads took: 0.0000236 seconds
2018-02-17T16:58:21.507+0800: 31.649: Total time for which application threads were stopped: 0.0001319 seconds, Stopping threads took: 0.0000331 seconds
2018-02-17T16:58:21.508+0800: 31.650: Total time for which application threads were stopped: 0.0001557 seconds, Stopping threads took: 0.0000266 seconds
2018-02-17T16:58:21.516+0800: 31.659: Total time for which application threads were stopped: 0.0002527 seconds, Stopping threads took: 0.0001095 seconds
2018-02-17T16:58:21.517+0800: 31.659: Total time for which application threads were stopped: 0.0000987 seconds, Stopping threads took: 0.0000221 seconds
2018-02-17T16:58:21.527+0800: 31.669: Total time for which application threads were stopped: 0.0001573 seconds, Stopping threads took: 0.0000350 seconds
2018-02-17T16:58:21.529+0800: 31.671: Total time for which application threads were stopped: 0.0001249 seconds, Stopping threads took: 0.0000304 seconds
2018-02-17T16:58:21.559+0800: 31.701: Total time for which application threads were stopped: 0.0004732 seconds, Stopping threads took: 0.0003042 seconds
{Heap before GC invocations=18 (full 2):
 par new generation   total 109248K, used 94877K [0x00000007a0000000, 0x00000007a8000000, 0x00000007a8000000)
  eden space 87424K, 100% used [0x00000007a0000000, 0x00000007a5560000, 0x00000007a5560000)
  from space 21824K,  34% used [0x00000007a5560000, 0x00000007a5ca7540, 0x00000007a6ab0000)
  to   space 21824K,   0% used [0x00000007a6ab0000, 0x00000007a6ab0000, 0x00000007a8000000)
 concurrent mark-sweep generation total 393216K, used 13950K [0x00000007a8000000, 0x00000007c0000000, 0x00000007c0000000)
 Metaspace       used 38063K, capacity 39273K, committed 39484K, reserved 1083392K
  class space    used 4585K, capacity 4885K, committed 4988K, reserved 1048576K
2018-02-17T16:58:21.602+0800: 31.744: [GC (Allocation Failure) 2018-02-17T16:58:21.602+0800: 31.744: [ParNew
Desired survivor size 20112992 bytes, new threshold 8 (max 8)
- age   1:    3726928 bytes,    3726928 total
- age   2:       3856 bytes,    3730784 total
- age   3:    2816088 bytes,    6546872 total
- age   4:    1560448 bytes,    8107320 total
- age   5:     467856 bytes,    8575176 total
- age   6:      80944 bytes,    8656120 total
- age   7:      86616 bytes,    8742736 total
- age   8:     151512 bytes,    8894248 total
: 94877K->9630K(109248K), 0.0102636 secs] 108827K->23773K(502464K), 0.0103566 secs] [Times: user=0.03 sys=0.00, real=0.01 secs] 
Heap after GC invocations=19 (full 2):
 par new generation   total 109248K, used 9630K [0x00000007a0000000, 0x00000007a8000000, 0x00000007a8000000)
  eden space 87424K,   0% used [0x00000007a0000000, 0x00000007a0000000, 0x00000007a5560000)
  from space 21824K,  44% used [0x00000007a6ab0000, 0x00000007a7417bc0, 0x00000007a8000000)
  to   space 21824K,   0% used [0x00000007a5560000, 0x00000007a5560000, 0x00000007a6ab0000)
 concurrent mark-sweep generation total 393216K, used 14142K [0x00000007a8000000, 0x00000007c0000000, 0x00000007c0000000)
 Metaspace       used 38063K, capacity 39273K, committed 39484K, reserved 1083392K
  class space    used 4585K, capacity 4885K, committed 4988K, reserved 1048576K
}
2018-02-17T16:58:21.612+0800: 31.754: Total time for which application threads were stopped: 0.0106465 seconds, Stopping threads took: 0.0000803 seconds
2018-02-17T16:58:21.615+0800: 31.757: Total time for which application threads were stopped: 0.0001449 seconds, Stopping threads took: 0.0000398 seconds
{Heap before GC invocations=19 (full 2):
 par new generation   total 109248K, used 97054K [0x00000007a0000000, 0x00000007a8000000, 0x00000007a8000000)
  eden space 87424K, 100% used [0x00000007a0000000, 0x00000007a5560000, 0x00000007a5560000)
  from space 21824K,  44% used [0x00000007a6ab0000, 0x00000007a7417bc0, 0x00000007a8000000)
  to   space 21824K,   0% used [0x00000007a5560000, 0x00000007a5560000, 0x00000007a6ab0000)
 concurrent mark-sweep generation total 393216K, used 14142K [0x00000007a8000000, 0x00000007c0000000, 0x00000007c0000000)
 Metaspace       used 38074K, capacity 39273K, committed 39484K, reserved 1083392K
  class space    used 4585K, capacity 4885K, committed 4988K, reserved 1048576K
2018-02-17T16:58:21.675+0800: 31.818: [GC (Allocation Failure) 2018-02-17T16:58:21.675+0800: 31.818: [ParNew
Desired survivor size 20112992 bytes, new threshold 8 (max 8)
- age   1:     273136 bytes,     273136 total
- age   2:    1592784 bytes,    1865920 total
- age   3:       3856 bytes,    1869776 total
- age   4:    2816088 bytes,    4685864 total
- age   5:    1560448 bytes,    6246312 total
- age   6:     467856 bytes,    6714168 total
- age   7:      80944 bytes,    6795112 total
- age   8:      86616 bytes,    6881728 total
: 97054K->10761K(109248K), 0.0072779 secs] 111197K->25054K(502464K), 0.0073722 secs] [Times: user=0.03 sys=0.00, real=0.01 secs] 
Heap after GC invocations=20 (full 2):
 par new generation   total 109248K, used 10761K [0x00000007a0000000, 0x00000007a8000000, 0x00000007a8000000)
  eden space 87424K,   0% used [0x00000007a0000000, 0x00000007a0000000, 0x00000007a5560000)
  from space 21824K,  49% used [0x00000007a5560000, 0x00000007a5fe27c0, 0x00000007a6ab0000)
  to   space 21824K,   0% used [0x00000007a6ab0000, 0x00000007a6ab0000, 0x00000007a8000000)
 concurrent mark-sweep generation total 393216K, used 14292K [0x00000007a8000000, 0x00000007c0000000, 0x00000007c0000000)
 Metaspace       used 38074K, capacity 39273K, committed 39484K, reserved 1083392K
  class space    used 4585K, capacity 4885K, committed 4988K, reserved 1048576K
}
2018-02-17T16:58:21.683+0800: 31.825: Total time for which application threads were stopped: 0.0075881 seconds, Stopping threads took: 0.0000209 seconds
2018-02-17T16:58:21.866+0800: 32.009: Total time for which application threads were stopped: 0.0001844 seconds, Stopping threads took: 0.0000326 seconds
{Heap before GC invocations=20 (full 2):
 par new generation   total 109248K, used 98185K [0x00000007a0000000, 0x00000007a8000000, 0x00000007a8000000)
  eden space 87424K, 100% used [0x00000007a0000000, 0x00000007a5560000, 0x00000007a5560000)
  from space 21824K,  49% used [0x00000007a5560000, 0x00000007a5fe27c0, 0x00000007a6ab0000)
  to   space 21824K,   0% used [0x00000007a6ab0000, 0x00000007a6ab0000, 0x00000007a8000000)
 concurrent mark-sweep generation total 393216K, used 14292K [0x00000007a8000000, 0x00000007c0000000, 0x00000007c0000000)
 Metaspace       used 38137K, capacity 39389K, committed 39484K, reserved 1083392K
  class space    used 4590K, capacity 4893K, committed 4988K, reserved 1048576K
2018-02-17T16:58:22.842+0800: 32.985: [GC (Allocation Failure) 2018-02-17T16:58:22.842+0800: 32.985: [ParNew
Desired survivor size 20112992 bytes, new threshold 8 (max 8)
- age   1:    1583440 bytes,    1583440 total
- age   2:       1896 bytes,    1585336 total
- age   3:     458912 bytes,    2044248 total
- age   4:       3856 bytes,    2048104 total
- age   5:    2815832 bytes,    4863936 total
- age   6:    1560448 bytes,    6424384 total
- age   7:     467856 bytes,    6892240 total
- age   8:      80944 bytes,    6973184 total
: 98185K->8071K(109248K), 0.0106279 secs] 112478K->22451K(502464K), 0.0107139 secs] [Times: user=0.04 sys=0.00, real=0.01 secs] 
Heap after GC invocations=21 (full 2):
 par new generation   total 109248K, used 8071K [0x00000007a0000000, 0x00000007a8000000, 0x00000007a8000000)
  eden space 87424K,   0% used [0x00000007a0000000, 0x00000007a0000000, 0x00000007a5560000)
  from space 21824K,  36% used [0x00000007a6ab0000, 0x00000007a7291fd0, 0x00000007a8000000)
  to   space 21824K,   0% used [0x00000007a5560000, 0x00000007a5560000, 0x00000007a6ab0000)
 concurrent mark-sweep generation total 393216K, used 14379K [0x00000007a8000000, 0x00000007c0000000, 0x00000007c0000000)
 Metaspace       used 38137K, capacity 39389K, committed 39484K, reserved 1083392K
  class space    used 4590K, capacity 4893K, committed 4988K, reserved 1048576K
}
2018-02-17T16:58:22.853+0800: 32.995: Total time for which application threads were stopped: 0.0109692 seconds, Stopping threads took: 0.0000280 seconds
2018-02-17T16:58:22.853+0800: 32.996: Total time for which application threads were stopped: 0.0001481 seconds, Stopping threads took: 0.0000309 seconds
{Heap before GC invocations=21 (full 2):
 par new generation   total 109248K, used 95495K [0x00000007a0000000, 0x00000007a8000000, 0x00000007a8000000)
  eden space 87424K, 100% used [0x00000007a0000000, 0x00000007a5560000, 0x00000007a5560000)
  from space 21824K,  36% used [0x00000007a6ab0000, 0x00000007a7291fd0, 0x00000007a8000000)
  to   space 21824K,   0% used [0x00000007a5560000, 0x00000007a5560000, 0x00000007a6ab0000)
 concurrent mark-sweep generation total 393216K, used 14379K [0x00000007a8000000, 0x00000007c0000000, 0x00000007c0000000)
 Metaspace       used 38169K, capacity 39431K, committed 39740K, reserved 1083392K
  class space    used 4594K, capacity 4900K, committed 4988K, reserved 1048576K
2018-02-17T16:58:22.909+0800: 33.051: [GC (Allocation Failure) 2018-02-17T16:58:22.909+0800: 33.052: [ParNew
Desired survivor size 20112992 bytes, new threshold 8 (max 8)
- age   1:     436400 bytes,     436400 total
- age   2:    1353128 bytes,    1789528 total
- age   3:       1896 bytes,    1791424 total
- age   4:     458912 bytes,    2250336 total
- age   5:       3856 bytes,    2254192 total
- age   6:    2815832 bytes,    5070024 total
- age   7:    1560448 bytes,    6630472 total
- age   8:     467856 bytes,    7098328 total
: 95495K->10121K(109248K), 0.0160478 secs] 109875K->24582K(502464K), 0.0161550 secs] [Times: user=0.06 sys=0.00, real=0.02 secs] 
Heap after GC invocations=22 (full 2):
 par new generation   total 109248K, used 10121K [0x00000007a0000000, 0x00000007a8000000, 0x00000007a8000000)
  eden space 87424K,   0% used [0x00000007a0000000, 0x00000007a0000000, 0x00000007a5560000)
  from space 21824K,  46% used [0x00000007a5560000, 0x00000007a5f42640, 0x00000007a6ab0000)
  to   space 21824K,   0% used [0x00000007a6ab0000, 0x00000007a6ab0000, 0x00000007a8000000)
 concurrent mark-sweep generation total 393216K, used 14461K [0x00000007a8000000, 0x00000007c0000000, 0x00000007c0000000)
 Metaspace       used 38169K, capacity 39431K, committed 39740K, reserved 1083392K
  class space    used 4594K, capacity 4900K, committed 4988K, reserved 1048576K
}
2018-02-17T16:58:22.925+0800: 33.068: Total time for which application threads were stopped: 0.0164180 seconds, Stopping threads took: 0.0000276 seconds
2018-02-17T16:58:23.012+0800: 33.155: Total time for which application threads were stopped: 0.0002284 seconds, Stopping threads took: 0.0000392 seconds
2018-02-17T16:58:24.016+0800: 34.158: Total time for which application threads were stopped: 0.0002511 seconds, Stopping threads took: 0.0000445 seconds
2018-02-17T16:58:26.152+0800: 36.295: Total time for which application threads were stopped: 0.0002069 seconds, Stopping threads took: 0.0000377 seconds
2018-02-17T16:58:26.153+0800: 36.295: Total time for which application threads were stopped: 0.0001091 seconds, Stopping threads took: 0.0000144 seconds
2018-02-17T16:58:26.153+0800: 36.295: Total time for which application threads were stopped: 0.0000904 seconds, Stopping threads took: 0.0000112 seconds
2018-02-17T16:58:26.155+0800: 36.297: Total time for which application threads were stopped: 0.0002046 seconds, Stopping threads took: 0.0000212 seconds
2018-02-17T16:58:26.157+0800: 36.299: Total time for which application threads were stopped: 0.0004901 seconds, Stopping threads took: 0.0000743 seconds
2018-02-17T16:58:26.159+0800: 36.302: Total time for which application threads were stopped: 0.0001613 seconds, Stopping threads took: 0.0000249 seconds
2018-02-17T16:58:26.163+0800: 36.305: Total time for which application threads were stopped: 0.0001856 seconds, Stopping threads took: 0.0000353 seconds
2018-02-17T16:58:26.164+0800: 36.307: Total time for which application threads were stopped: 0.0001373 seconds, Stopping threads took: 0.0000196 seconds
2018-02-17T16:58:26.166+0800: 36.308: Total time for which application threads were stopped: 0.0003297 seconds, Stopping threads took: 0.0000581 seconds
2018-02-17T16:58:26.168+0800: 36.310: Total time for which application threads were stopped: 0.0002051 seconds, Stopping threads took: 0.0000762 seconds
2018-02-17T16:58:26.170+0800: 36.312: Total time for which application threads were stopped: 0.0001668 seconds, Stopping threads took: 0.0000260 seconds
2018-02-17T16:58:26.171+0800: 36.313: Total time for which application threads were stopped: 0.0001795 seconds, Stopping threads took: 0.0000429 seconds
2018-02-17T16:58:26.175+0800: 36.317: Total time for which application threads were stopped: 0.0001823 seconds, Stopping threads took: 0.0000552 seconds
2018-02-17T16:58:26.179+0800: 36.321: Total time for which application threads were stopped: 0.0001471 seconds, Stopping threads took: 0.0000385 seconds
2018-02-17T16:58:26.180+0800: 36.322: Total time for which application threads were stopped: 0.0001081 seconds, Stopping threads took: 0.0000160 seconds
2018-02-17T16:58:26.183+0800: 36.325: Total time for which application threads were stopped: 0.0001602 seconds, Stopping threads took: 0.0000504 seconds
2018-02-17T16:58:26.186+0800: 36.328: Total time for which application threads were stopped: 0.0001529 seconds, Stopping threads took: 0.0000368 seconds
2018-02-17T16:58:27.190+0800: 37.332: Total time for which application threads were stopped: 0.0003584 seconds, Stopping threads took: 0.0000391 seconds
2018-02-17T16:58:29.197+0800: 39.339: Total time for which application threads were stopped: 0.0001985 seconds, Stopping threads took: 0.0000401 seconds
2018-02-17T16:58:31.157+0800: 41.299: Total time for which application threads were stopped: 0.0004018 seconds, Stopping threads took: 0.0000398 seconds
2018-02-17T16:58:31.199+0800: 41.341: Total time for which application threads were stopped: 0.0007144 seconds, Stopping threads took: 0.0000251 seconds
2018-02-17T16:58:31.222+0800: 41.364: Total time for which application threads were stopped: 0.0006936 seconds, Stopping threads took: 0.0000255 seconds
2018-02-17T16:58:31.296+0800: 41.438: Total time for which application threads were stopped: 0.0001895 seconds, Stopping threads took: 0.0000494 seconds
2018-02-17T16:58:31.314+0800: 41.456: Total time for which application threads were stopped: 0.0001738 seconds, Stopping threads took: 0.0000445 seconds
2018-02-17T16:58:31.315+0800: 41.457: Total time for which application threads were stopped: 0.0001489 seconds, Stopping threads took: 0.0000345 seconds
2018-02-17T16:58:31.321+0800: 41.463: Total time for which application threads were stopped: 0.0001910 seconds, Stopping threads took: 0.0000496 seconds
2018-02-17T16:58:32.322+0800: 42.464: Total time for which application threads were stopped: 0.0001459 seconds, Stopping threads took: 0.0000258 seconds
2018-02-17T16:58:33.325+0800: 43.467: Total time for which application threads were stopped: 0.0002198 seconds, Stopping threads took: 0.0000427 seconds
2018-02-17T16:58:35.331+0800: 45.473: Total time for which application threads were stopped: 0.0002113 seconds, Stopping threads took: 0.0000398 seconds
2018-02-17T16:58:36.157+0800: 46.299: Total time for which application threads were stopped: 0.0001331 seconds, Stopping threads took: 0.0000219 seconds
2018-02-17T16:58:36.194+0800: 46.336: Total time for which application threads were stopped: 0.0001504 seconds, Stopping threads took: 0.0000386 seconds
2018-02-17T16:58:36.196+0800: 46.338: Total time for which application threads were stopped: 0.0001265 seconds, Stopping threads took: 0.0000369 seconds
2018-02-17T16:58:36.196+0800: 46.338: Total time for which application threads were stopped: 0.0001130 seconds, Stopping threads took: 0.0000330 seconds
2018-02-17T16:58:36.201+0800: 46.343: Total time for which application threads were stopped: 0.0001526 seconds, Stopping threads took: 0.0000248 seconds
2018-02-17T16:58:37.206+0800: 47.348: Total time for which application threads were stopped: 0.0002685 seconds, Stopping threads took: 0.0000570 seconds
2018-02-17T16:58:38.148+0800: 48.290: Total time for which application threads were stopped: 0.0001326 seconds, Stopping threads took: 0.0000181 seconds
2018-02-17T16:58:39.152+0800: 49.294: Total time for which application threads were stopped: 0.0002534 seconds, Stopping threads took: 0.0000455 seconds
2018-02-17T16:58:40.155+0800: 50.297: Total time for which application threads were stopped: 0.0002393 seconds, Stopping threads took: 0.0000470 seconds
2018-02-17T16:58:41.160+0800: 51.302: Total time for which application threads were stopped: 0.0002744 seconds, Stopping threads took: 0.0000688 seconds
2018-02-17T16:58:43.163+0800: 53.304: Total time for which application threads were stopped: 0.0003395 seconds, Stopping threads took: 0.0000559 seconds
2018-02-17T16:58:43.819+0800: 53.961: Total time for which application threads were stopped: 0.0001834 seconds, Stopping threads took: 0.0000247 seconds
2018-02-17T16:58:44.824+0800: 54.966: Total time for which application threads were stopped: 0.0003267 seconds, Stopping threads took: 0.0000528 seconds
2018-02-17T16:58:45.826+0800: 55.968: Total time for which application threads were stopped: 0.0002446 seconds, Stopping threads took: 0.0000378 seconds
2018-02-17T16:58:46.201+0800: 56.342: Total time for which application threads were stopped: 0.0001800 seconds, Stopping threads took: 0.0000697 seconds
2018-02-17T16:58:46.201+0800: 56.343: Total time for which application threads were stopped: 0.0001039 seconds, Stopping threads took: 0.0000275 seconds
2018-02-17T16:58:46.201+0800: 56.343: Total time for which application threads were stopped: 0.0000686 seconds, Stopping threads took: 0.0000132 seconds
2018-02-17T16:58:46.203+0800: 56.344: Total time for which application threads were stopped: 0.0001192 seconds, Stopping threads took: 0.0000254 seconds
2018-02-17T16:58:46.203+0800: 56.345: Total time for which application threads were stopped: 0.0000849 seconds, Stopping threads took: 0.0000263 seconds
2018-02-17T16:58:46.991+0800: 57.133: Total time for which application threads were stopped: 0.0002076 seconds, Stopping threads took: 0.0000445 seconds
2018-02-17T16:58:47.012+0800: 57.153: Total time for which application threads were stopped: 0.0008046 seconds, Stopping threads took: 0.0000237 seconds
2018-02-17T16:58:47.013+0800: 57.154: Total time for which application threads were stopped: 0.0006058 seconds, Stopping threads took: 0.0000173 seconds
2018-02-17T16:58:47.014+0800: 57.155: Total time for which application threads were stopped: 0.0001440 seconds, Stopping threads took: 0.0000193 seconds
2018-02-17T16:58:47.014+0800: 57.155: Total time for which application threads were stopped: 0.0001377 seconds, Stopping threads took: 0.0000229 seconds
2018-02-17T16:58:47.028+0800: 57.170: Total time for which application threads were stopped: 0.0001793 seconds, Stopping threads took: 0.0000376 seconds
2018-02-17T16:58:47.028+0800: 57.170: Total time for which application threads were stopped: 0.0001210 seconds, Stopping threads took: 0.0000241 seconds
2018-02-17T16:58:47.035+0800: 57.177: Total time for which application threads were stopped: 0.0001590 seconds, Stopping threads took: 0.0000391 seconds
2018-02-17T16:58:47.035+0800: 57.177: Total time for which application threads were stopped: 0.0001134 seconds, Stopping threads took: 0.0000133 seconds
2018-02-17T16:58:47.035+0800: 57.177: Total time for which application threads were stopped: 0.0001014 seconds, Stopping threads took: 0.0000108 seconds
2018-02-17T16:58:47.036+0800: 57.177: Total time for which application threads were stopped: 0.0000926 seconds, Stopping threads took: 0.0000106 seconds
2018-02-17T16:58:47.036+0800: 57.178: Total time for which application threads were stopped: 0.0002909 seconds, Stopping threads took: 0.0000103 seconds
2018-02-17T16:58:47.053+0800: 57.195: Total time for which application threads were stopped: 0.0001810 seconds, Stopping threads took: 0.0000429 seconds
2018-02-17T16:58:47.053+0800: 57.195: Total time for which application threads were stopped: 0.0001109 seconds, Stopping threads took: 0.0000118 seconds
2018-02-17T16:58:47.068+0800: 57.210: Total time for which application threads were stopped: 0.0001804 seconds, Stopping threads took: 0.0000493 seconds
2018-02-17T16:58:47.069+0800: 57.210: Total time for which application threads were stopped: 0.0001022 seconds, Stopping threads took: 0.0000198 seconds
2018-02-17T16:58:48.072+0800: 58.214: Total time for which application threads were stopped: 0.0006426 seconds, Stopping threads took: 0.0000448 seconds
2018-02-17T16:58:49.073+0800: 59.214: Total time for which application threads were stopped: 0.0001432 seconds, Stopping threads took: 0.0000315 seconds
2018-02-17T16:58:49.233+0800: 59.375: Total time for which application threads were stopped: 0.0001658 seconds, Stopping threads took: 0.0000366 seconds
2018-02-17T16:58:49.234+0800: 59.376: Total time for which application threads were stopped: 0.0002152 seconds, Stopping threads took: 0.0000368 seconds
2018-02-17T16:58:49.235+0800: 59.376: Total time for which application threads were stopped: 0.0001904 seconds, Stopping threads took: 0.0000360 seconds
2018-02-17T16:58:49.235+0800: 59.377: Total time for which application threads were stopped: 0.0001716 seconds, Stopping threads took: 0.0000253 seconds
2018-02-17T16:58:49.235+0800: 59.377: Total time for which application threads were stopped: 0.0001396 seconds, Stopping threads took: 0.0000312 seconds
2018-02-17T16:58:49.236+0800: 59.377: Total time for which application threads were stopped: 0.0001768 seconds, Stopping threads took: 0.0000398 seconds
2018-02-17T16:58:49.236+0800: 59.377: Total time for which application threads were stopped: 0.0001291 seconds, Stopping threads took: 0.0000157 seconds
2018-02-17T16:58:49.236+0800: 59.378: Total time for which application threads were stopped: 0.0001408 seconds, Stopping threads took: 0.0000286 seconds
2018-02-17T16:58:49.236+0800: 59.378: Total time for which application threads were stopped: 0.0001495 seconds, Stopping threads took: 0.0000484 seconds
2018-02-17T16:58:49.237+0800: 59.379: Total time for which application threads were stopped: 0.0001520 seconds, Stopping threads took: 0.0000342 seconds
2018-02-17T16:58:49.238+0800: 59.379: Total time for which application threads were stopped: 0.0001189 seconds, Stopping threads took: 0.0000140 seconds
2018-02-17T16:58:49.240+0800: 59.381: Total time for which application threads were stopped: 0.0001771 seconds, Stopping threads took: 0.0000415 seconds
2018-02-17T16:58:49.257+0800: 59.399: Total time for which application threads were stopped: 0.0001937 seconds, Stopping threads took: 0.0000436 seconds
2018-02-17T16:58:49.258+0800: 59.399: Total time for which application threads were stopped: 0.0001429 seconds, Stopping threads took: 0.0000329 seconds
2018-02-17T16:58:49.343+0800: 59.485: Total time for which application threads were stopped: 0.0001942 seconds, Stopping threads took: 0.0000264 seconds
2018-02-17T16:58:49.343+0800: 59.485: Total time for which application threads were stopped: 0.0001090 seconds, Stopping threads took: 0.0000154 seconds
2018-02-17T16:58:50.344+0800: 60.485: Total time for which application threads were stopped: 0.0001745 seconds, Stopping threads took: 0.0000373 seconds
2018-02-17T16:58:51.025+0800: 61.166: Total time for which application threads were stopped: 0.0001799 seconds, Stopping threads took: 0.0000425 seconds
2018-02-17T16:58:51.143+0800: 61.285: Total time for which application threads were stopped: 0.0001595 seconds, Stopping threads took: 0.0000408 seconds
2018-02-17T16:58:51.143+0800: 61.285: Total time for which application threads were stopped: 0.0000856 seconds, Stopping threads took: 0.0000096 seconds
2018-02-17T16:58:52.144+0800: 62.286: Total time for which application threads were stopped: 0.0001575 seconds, Stopping threads took: 0.0000344 seconds
2018-02-17T16:58:52.342+0800: 62.483: Total time for which application threads were stopped: 0.0001559 seconds, Stopping threads took: 0.0000307 seconds
2018-02-17T16:58:52.348+0800: 62.490: Total time for which application threads were stopped: 0.0001748 seconds, Stopping threads took: 0.0000418 seconds
2018-02-17T16:58:52.348+0800: 62.490: Total time for which application threads were stopped: 0.0001278 seconds, Stopping threads took: 0.0000154 seconds
2018-02-17T16:58:52.368+0800: 62.510: Total time for which application threads were stopped: 0.0001655 seconds, Stopping threads took: 0.0000322 seconds
2018-02-17T16:58:52.369+0800: 62.511: Total time for which application threads were stopped: 0.0001345 seconds, Stopping threads took: 0.0000345 seconds
{Heap before GC invocations=22 (full 2):
 par new generation   total 109248K, used 97514K [0x00000007a0000000, 0x00000007a8000000, 0x00000007a8000000)
  eden space 87424K,  99% used [0x00000007a0000000, 0x00000007a5558268, 0x00000007a5560000)
  from space 21824K,  46% used [0x00000007a5560000, 0x00000007a5f42640, 0x00000007a6ab0000)
  to   space 21824K,   0% used [0x00000007a6ab0000, 0x00000007a6ab0000, 0x00000007a8000000)
 concurrent mark-sweep generation total 393216K, used 14461K [0x00000007a8000000, 0x00000007c0000000, 0x00000007c0000000)
 Metaspace       used 39505K, capacity 40943K, committed 41148K, reserved 1085440K
  class space    used 4736K, capacity 5094K, committed 5116K, reserved 1048576K
2018-02-17T16:58:52.376+0800: 62.518: [GC (Allocation Failure) 2018-02-17T16:58:52.378+0800: 62.520: [ParNew
Desired survivor size 20112992 bytes, new threshold 8 (max 8)
- age   1:    9085944 bytes,    9085944 total
- age   2:     103568 bytes,    9189512 total
- age   3:     744368 bytes,    9933880 total
- age   4:       1896 bytes,    9935776 total
- age   5:     455176 bytes,   10390952 total
- age   6:       3856 bytes,   10394808 total
- age   7:    2795280 bytes,   13190088 total
- age   8:    1555072 bytes,   14745160 total
: 97514K->16437K(109248K), 0.0331370 secs] 111975K->31359K(502464K), 0.0351029 secs] [Times: user=0.05 sys=0.01, real=0.04 secs] 
Heap after GC invocations=23 (full 2):
 par new generation   total 109248K, used 16437K [0x00000007a0000000, 0x00000007a8000000, 0x00000007a8000000)
  eden space 87424K,   0% used [0x00000007a0000000, 0x00000007a0000000, 0x00000007a5560000)
  from space 21824K,  75% used [0x00000007a6ab0000, 0x00000007a7abd710, 0x00000007a8000000)
  to   space 21824K,   0% used [0x00000007a5560000, 0x00000007a5560000, 0x00000007a6ab0000)
 concurrent mark-sweep generation total 393216K, used 14921K [0x00000007a8000000, 0x00000007c0000000, 0x00000007c0000000)
 Metaspace       used 39505K, capacity 40943K, committed 41148K, reserved 1085440K
  class space    used 4736K, capacity 5094K, committed 5116K, reserved 1048576K
}
2018-02-17T16:58:52.411+0800: 62.553: Total time for which application threads were stopped: 0.0353377 seconds, Stopping threads took: 0.0000200 seconds
2018-02-17T16:58:53.412+0800: 63.553: Total time for which application threads were stopped: 0.0002160 seconds, Stopping threads took: 0.0000397 seconds
2018-02-17T16:58:54.413+0800: 64.554: Total time for which application threads were stopped: 0.0003638 seconds, Stopping threads took: 0.0001027 seconds
2018-02-17T16:58:55.414+0800: 65.555: Total time for which application threads were stopped: 0.0002338 seconds, Stopping threads took: 0.0000357 seconds
2018-02-17T16:58:57.254+0800: 67.395: Total time for which application threads were stopped: 0.0001729 seconds, Stopping threads took: 0.0000316 seconds
2018-02-17T16:58:57.265+0800: 67.407: Total time for which application threads were stopped: 0.0001466 seconds, Stopping threads took: 0.0000244 seconds
2018-02-17T16:58:57.270+0800: 67.412: Total time for which application threads were stopped: 0.0001643 seconds, Stopping threads took: 0.0000254 seconds
2018-02-17T16:58:57.568+0800: 67.710: Total time for which application threads were stopped: 0.0003024 seconds, Stopping threads took: 0.0000479 seconds
2018-02-17T16:58:57.582+0800: 67.723: Total time for which application threads were stopped: 0.0001260 seconds, Stopping threads took: 0.0000183 seconds
2018-02-17T16:58:57.582+0800: 67.723: Total time for which application threads were stopped: 0.0000758 seconds, Stopping threads took: 0.0000093 seconds
2018-02-17T16:58:57.693+0800: 67.834: Total time for which application threads were stopped: 0.0003271 seconds, Stopping threads took: 0.0000687 seconds
2018-02-17T16:58:57.858+0800: 67.999: Total time for which application threads were stopped: 0.0003236 seconds, Stopping threads took: 0.0000958 seconds
2018-02-17T16:58:58.128+0800: 68.270: Total time for which application threads were stopped: 0.0003201 seconds, Stopping threads took: 0.0000784 seconds
2018-02-17T16:58:58.129+0800: 68.271: Total time for which application threads were stopped: 0.0003289 seconds, Stopping threads took: 0.0000349 seconds
2018-02-17T16:58:59.130+0800: 69.271: Total time for which application threads were stopped: 0.0002043 seconds, Stopping threads took: 0.0000388 seconds
2018-02-17T16:59:01.621+0800: 71.762: Total time for which application threads were stopped: 0.0007163 seconds, Stopping threads took: 0.0000198 seconds
2018-02-17T16:59:01.623+0800: 71.764: Total time for which application threads were stopped: 0.0001051 seconds, Stopping threads took: 0.0000175 seconds
2018-02-17T16:59:01.623+0800: 71.764: Total time for which application threads were stopped: 0.0000786 seconds, Stopping threads took: 0.0000108 seconds
2018-02-17T16:59:01.623+0800: 71.764: Total time for which application threads were stopped: 0.0000571 seconds, Stopping threads took: 0.0000077 seconds
2018-02-17T16:59:01.623+0800: 71.764: Total time for which application threads were stopped: 0.0000572 seconds, Stopping threads took: 0.0000076 seconds
2018-02-17T16:59:01.626+0800: 71.767: Total time for which application threads were stopped: 0.0001278 seconds, Stopping threads took: 0.0000205 seconds
2018-02-17T16:59:01.646+0800: 71.788: Total time for which application threads were stopped: 0.0001834 seconds, Stopping threads took: 0.0000278 seconds
2018-02-17T16:59:01.867+0800: 72.008: Total time for which application threads were stopped: 0.0006861 seconds, Stopping threads took: 0.0000577 seconds
2018-02-17T16:59:01.868+0800: 72.009: Total time for which application threads were stopped: 0.0003156 seconds, Stopping threads took: 0.0000446 seconds
2018-02-17T16:59:02.170+0800: 72.311: Total time for which application threads were stopped: 0.0002213 seconds, Stopping threads took: 0.0000454 seconds
2018-02-17T16:59:02.173+0800: 72.314: Total time for which application threads were stopped: 0.0002076 seconds, Stopping threads took: 0.0000316 seconds
2018-02-17T16:59:02.173+0800: 72.315: Total time for which application threads were stopped: 0.0001291 seconds, Stopping threads took: 0.0000181 seconds
2018-02-17T16:59:02.286+0800: 72.427: Total time for which application threads were stopped: 0.0003302 seconds, Stopping threads took: 0.0000708 seconds
2018-02-17T16:59:02.450+0800: 72.592: Total time for which application threads were stopped: 0.0002408 seconds, Stopping threads took: 0.0000449 seconds
2018-02-17T16:59:02.827+0800: 72.969: Total time for which application threads were stopped: 0.0003899 seconds, Stopping threads took: 0.0000716 seconds
2018-02-17T16:59:02.829+0800: 72.970: Total time for which application threads were stopped: 0.0007955 seconds, Stopping threads took: 0.0000444 seconds
2018-02-17T16:59:03.831+0800: 73.972: Total time for which application threads were stopped: 0.0003421 seconds, Stopping threads took: 0.0000534 seconds
2018-02-17T16:59:06.249+0800: 76.390: Total time for which application threads were stopped: 0.0001429 seconds, Stopping threads took: 0.0000364 seconds
2018-02-17T16:59:06.249+0800: 76.390: Total time for which application threads were stopped: 0.0001392 seconds, Stopping threads took: 0.0000249 seconds
2018-02-17T16:59:06.249+0800: 76.390: Total time for which application threads were stopped: 0.0000949 seconds, Stopping threads took: 0.0000195 seconds
2018-02-17T16:59:06.249+0800: 76.390: Total time for which application threads were stopped: 0.0000626 seconds, Stopping threads took: 0.0000089 seconds
2018-02-17T16:59:06.249+0800: 76.391: Total time for which application threads were stopped: 0.0001138 seconds, Stopping threads took: 0.0000138 seconds
2018-02-17T16:59:06.258+0800: 76.399: Total time for which application threads were stopped: 0.0001438 seconds, Stopping threads took: 0.0000305 seconds
2018-02-17T16:59:07.027+0800: 77.168: Total time for which application threads were stopped: 0.0002203 seconds, Stopping threads took: 0.0000365 seconds
2018-02-17T16:59:07.028+0800: 77.169: Total time for which application threads were stopped: 0.0001646 seconds, Stopping threads took: 0.0000235 seconds
2018-02-17T16:59:07.331+0800: 77.472: Total time for which application threads were stopped: 0.0003666 seconds, Stopping threads took: 0.0000500 seconds
2018-02-17T16:59:07.332+0800: 77.473: Total time for which application threads were stopped: 0.0002712 seconds, Stopping threads took: 0.0000489 seconds
2018-02-17T16:59:07.332+0800: 77.473: Total time for which application threads were stopped: 0.0002164 seconds, Stopping threads took: 0.0000257 seconds
2018-02-17T16:59:07.349+0800: 77.490: Total time for which application threads were stopped: 0.0001646 seconds, Stopping threads took: 0.0000430 seconds
2018-02-17T16:59:07.349+0800: 77.490: Total time for which application threads were stopped: 0.0001399 seconds, Stopping threads took: 0.0000406 seconds
2018-02-17T16:59:07.349+0800: 77.490: Total time for which application threads were stopped: 0.0001163 seconds, Stopping threads took: 0.0000361 seconds
2018-02-17T16:59:07.349+0800: 77.491: Total time for which application threads were stopped: 0.0001015 seconds, Stopping threads took: 0.0000125 seconds
2018-02-17T16:59:07.350+0800: 77.491: Total time for which application threads were stopped: 0.0000674 seconds, Stopping threads took: 0.0000098 seconds
2018-02-17T16:59:07.350+0800: 77.491: Total time for which application threads were stopped: 0.0000753 seconds, Stopping threads took: 0.0000100 seconds
2018-02-17T16:59:07.356+0800: 77.497: Total time for which application threads were stopped: 0.0001412 seconds, Stopping threads took: 0.0000341 seconds
2018-02-17T16:59:07.357+0800: 77.498: Total time for which application threads were stopped: 0.0001209 seconds, Stopping threads took: 0.0000154 seconds
2018-02-17T16:59:07.365+0800: 77.506: Total time for which application threads were stopped: 0.0002642 seconds, Stopping threads took: 0.0000184 seconds
2018-02-17T16:59:07.366+0800: 77.507: Total time for which application threads were stopped: 0.0001298 seconds, Stopping threads took: 0.0000174 seconds
2018-02-17T16:59:07.476+0800: 77.617: Total time for which application threads were stopped: 0.0002773 seconds, Stopping threads took: 0.0000396 seconds
2018-02-17T16:59:07.635+0800: 77.776: Total time for which application threads were stopped: 0.0002981 seconds, Stopping threads took: 0.0000409 seconds
2018-02-17T16:59:07.824+0800: 77.965: Total time for which application threads were stopped: 0.0001743 seconds, Stopping threads took: 0.0000418 seconds
2018-02-17T16:59:07.927+0800: 78.068: Total time for which application threads were stopped: 0.0002920 seconds, Stopping threads took: 0.0000659 seconds
2018-02-17T16:59:07.927+0800: 78.068: Total time for which application threads were stopped: 0.0002067 seconds, Stopping threads took: 0.0000491 seconds
2018-02-17T16:59:08.932+0800: 79.073: Total time for which application threads were stopped: 0.0003709 seconds, Stopping threads took: 0.0001767 seconds
2018-02-17T16:59:09.429+0800: 79.570: Total time for which application threads were stopped: 0.0002490 seconds, Stopping threads took: 0.0000896 seconds
2018-02-17T16:59:09.437+0800: 79.578: Total time for which application threads were stopped: 0.0001467 seconds, Stopping threads took: 0.0000358 seconds
2018-02-17T16:59:09.438+0800: 79.579: Total time for which application threads were stopped: 0.0001277 seconds, Stopping threads took: 0.0000272 seconds
2018-02-17T16:59:09.440+0800: 79.581: Total time for which application threads were stopped: 0.0001203 seconds, Stopping threads took: 0.0000163 seconds
2018-02-17T16:59:09.442+0800: 79.583: Total time for which application threads were stopped: 0.0002403 seconds, Stopping threads took: 0.0001215 seconds
2018-02-17T16:59:09.442+0800: 79.583: Total time for which application threads were stopped: 0.0001375 seconds, Stopping threads took: 0.0000331 seconds
2018-02-17T16:59:09.444+0800: 79.585: Total time for which application threads were stopped: 0.0002044 seconds, Stopping threads took: 0.0000468 seconds
2018-02-17T16:59:09.456+0800: 79.597: Total time for which application threads were stopped: 0.0003472 seconds, Stopping threads took: 0.0001940 seconds
2018-02-17T16:59:09.457+0800: 79.598: Total time for which application threads were stopped: 0.0001444 seconds, Stopping threads took: 0.0000165 seconds
2018-02-17T16:59:09.461+0800: 79.602: Total time for which application threads were stopped: 0.0001915 seconds, Stopping threads took: 0.0000499 seconds
2018-02-17T16:59:09.461+0800: 79.602: Total time for which application threads were stopped: 0.0001487 seconds, Stopping threads took: 0.0000173 seconds
2018-02-17T16:59:09.462+0800: 79.603: Total time for which application threads were stopped: 0.0001570 seconds, Stopping threads took: 0.0000297 seconds
2018-02-17T16:59:09.462+0800: 79.603: Total time for which application threads were stopped: 0.0001549 seconds, Stopping threads took: 0.0000214 seconds
2018-02-17T16:59:09.468+0800: 79.609: Total time for which application threads were stopped: 0.0002070 seconds, Stopping threads took: 0.0000424 seconds
2018-02-17T16:59:09.468+0800: 79.609: Total time for which application threads were stopped: 0.0001979 seconds, Stopping threads took: 0.0000177 seconds
2018-02-17T16:59:09.469+0800: 79.610: Total time for which application threads were stopped: 0.0002676 seconds, Stopping threads took: 0.0001412 seconds
2018-02-17T16:59:09.470+0800: 79.611: Total time for which application threads were stopped: 0.0002147 seconds, Stopping threads took: 0.0000410 seconds
2018-02-17T16:59:09.471+0800: 79.612: Total time for which application threads were stopped: 0.0001959 seconds, Stopping threads took: 0.0000449 seconds
2018-02-17T16:59:09.482+0800: 79.623: Total time for which application threads were stopped: 0.0002062 seconds, Stopping threads took: 0.0000284 seconds
2018-02-17T16:59:09.483+0800: 79.624: Total time for which application threads were stopped: 0.0001877 seconds, Stopping threads took: 0.0000263 seconds
2018-02-17T16:59:09.484+0800: 79.625: Total time for which application threads were stopped: 0.0003038 seconds, Stopping threads took: 0.0000503 seconds
2018-02-17T16:59:09.488+0800: 79.629: Total time for which application threads were stopped: 0.0002283 seconds, Stopping threads took: 0.0000495 seconds
2018-02-17T16:59:09.489+0800: 79.630: Total time for which application threads were stopped: 0.0002192 seconds, Stopping threads took: 0.0000448 seconds
2018-02-17T16:59:09.611+0800: 79.752: Total time for which application threads were stopped: 0.0002922 seconds, Stopping threads took: 0.0000442 seconds
2018-02-17T16:59:09.614+0800: 79.755: Total time for which application threads were stopped: 0.0003276 seconds, Stopping threads took: 0.0000556 seconds
2018-02-17T16:59:09.615+0800: 79.756: Total time for which application threads were stopped: 0.0001472 seconds, Stopping threads took: 0.0000383 seconds
2018-02-17T16:59:09.617+0800: 79.759: Total time for which application threads were stopped: 0.0002141 seconds, Stopping threads took: 0.0000845 seconds
2018-02-17T16:59:09.618+0800: 79.759: Total time for which application threads were stopped: 0.0001570 seconds, Stopping threads took: 0.0000212 seconds
2018-02-17T16:59:09.620+0800: 79.761: Total time for which application threads were stopped: 0.0001250 seconds, Stopping threads took: 0.0000174 seconds
2018-02-17T16:59:09.623+0800: 79.764: Total time for which application threads were stopped: 0.0001683 seconds, Stopping threads took: 0.0000303 seconds
2018-02-17T16:59:09.623+0800: 79.764: Total time for which application threads were stopped: 0.0000994 seconds, Stopping threads took: 0.0000159 seconds
2018-02-17T16:59:09.623+0800: 79.764: Total time for which application threads were stopped: 0.0000710 seconds, Stopping threads took: 0.0000085 seconds
2018-02-17T16:59:09.623+0800: 79.764: Total time for which application threads were stopped: 0.0000783 seconds, Stopping threads took: 0.0000100 seconds
2018-02-17T16:59:09.623+0800: 79.764: Total time for which application threads were stopped: 0.0000699 seconds, Stopping threads took: 0.0000085 seconds
2018-02-17T16:59:10.235+0800: 80.376: Total time for which application threads were stopped: 0.0001531 seconds, Stopping threads took: 0.0000358 seconds
2018-02-17T16:59:10.236+0800: 80.377: Total time for which application threads were stopped: 0.0001034 seconds, Stopping threads took: 0.0000284 seconds
2018-02-17T16:59:10.236+0800: 80.377: Total time for which application threads were stopped: 0.0002430 seconds, Stopping threads took: 0.0000259 seconds
2018-02-17T16:59:10.238+0800: 80.379: Total time for which application threads were stopped: 0.0001389 seconds, Stopping threads took: 0.0000307 seconds
2018-02-17T16:59:10.329+0800: 80.470: Total time for which application threads were stopped: 0.0002174 seconds, Stopping threads took: 0.0000288 seconds
2018-02-17T16:59:10.329+0800: 80.470: Total time for which application threads were stopped: 0.0001406 seconds, Stopping threads took: 0.0000167 seconds
2018-02-17T16:59:10.344+0800: 80.485: Total time for which application threads were stopped: 0.0004340 seconds, Stopping threads took: 0.0000276 seconds
2018-02-17T16:59:10.345+0800: 80.486: Total time for which application threads were stopped: 0.0004153 seconds, Stopping threads took: 0.0000782 seconds
2018-02-17T16:59:11.350+0800: 81.491: Total time for which application threads were stopped: 0.0005293 seconds, Stopping threads took: 0.0003744 seconds
2018-02-17T16:59:11.918+0800: 82.059: Total time for which application threads were stopped: 0.0003759 seconds, Stopping threads took: 0.0000408 seconds
2018-02-17T16:59:12.220+0800: 82.361: Total time for which application threads were stopped: 0.0002165 seconds, Stopping threads took: 0.0000403 seconds
2018-02-17T16:59:12.220+0800: 82.361: Total time for which application threads were stopped: 0.0001264 seconds, Stopping threads took: 0.0000169 seconds
2018-02-17T16:59:12.220+0800: 82.361: Total time for which application threads were stopped: 0.0001190 seconds, Stopping threads took: 0.0000144 seconds
2018-02-17T16:59:12.234+0800: 82.375: Total time for which application threads were stopped: 0.0002214 seconds, Stopping threads took: 0.0000336 seconds
2018-02-17T16:59:12.234+0800: 82.375: Total time for which application threads were stopped: 0.0001781 seconds, Stopping threads took: 0.0000164 seconds
2018-02-17T16:59:12.235+0800: 82.376: Total time for which application threads were stopped: 0.0000918 seconds, Stopping threads took: 0.0000112 seconds
2018-02-17T16:59:12.235+0800: 82.376: Total time for which application threads were stopped: 0.0001225 seconds, Stopping threads took: 0.0000218 seconds
2018-02-17T16:59:12.235+0800: 82.376: Total time for which application threads were stopped: 0.0001335 seconds, Stopping threads took: 0.0000105 seconds
2018-02-17T16:59:12.235+0800: 82.376: Total time for which application threads were stopped: 0.0001193 seconds, Stopping threads took: 0.0000124 seconds
2018-02-17T16:59:12.914+0800: 83.055: Total time for which application threads were stopped: 0.0003841 seconds, Stopping threads took: 0.0000506 seconds
2018-02-17T16:59:16.324+0800: 86.465: Total time for which application threads were stopped: 0.0002874 seconds, Stopping threads took: 0.0000793 seconds
2018-02-17T16:59:17.328+0800: 87.469: Total time for which application threads were stopped: 0.0002266 seconds, Stopping threads took: 0.0000424 seconds
2018-02-17T16:59:22.341+0800: 92.482: Total time for which application threads were stopped: 0.0003001 seconds, Stopping threads took: 0.0000418 seconds
2018-02-17T16:59:28.350+0800: 98.490: Total time for which application threads were stopped: 0.0002817 seconds, Stopping threads took: 0.0000487 seconds
2018-02-17T16:59:46.913+0800: 117.053: Total time for which application threads were stopped: 0.0001554 seconds, Stopping threads took: 0.0000381 seconds
2018-02-17T16:59:48.923+0800: 119.063: Total time for which application threads were stopped: 0.0002229 seconds, Stopping threads took: 0.0000445 seconds
2018-02-17T17:00:00.162+0800: 130.302: Total time for which application threads were stopped: 0.0001655 seconds, Stopping threads took: 0.0000226 seconds
2018-02-17T17:00:00.287+0800: 130.427: Total time for which application threads were stopped: 0.0006081 seconds, Stopping threads took: 0.0000187 seconds
2018-02-17T17:00:00.517+0800: 130.656: Total time for which application threads were stopped: 0.0003592 seconds, Stopping threads took: 0.0000747 seconds
2018-02-17T17:00:00.519+0800: 130.659: Total time for which application threads were stopped: 0.0002304 seconds, Stopping threads took: 0.0000665 seconds
2018-02-17T17:00:00.524+0800: 130.663: Total time for which application threads were stopped: 0.0002073 seconds, Stopping threads took: 0.0000579 seconds
2018-02-17T17:00:00.524+0800: 130.664: Total time for which application threads were stopped: 0.0001483 seconds, Stopping threads took: 0.0000303 seconds
2018-02-17T17:00:00.525+0800: 130.664: Total time for which application threads were stopped: 0.0001507 seconds, Stopping threads took: 0.0000323 seconds
2018-02-17T17:00:00.528+0800: 130.667: Total time for which application threads were stopped: 0.0002312 seconds, Stopping threads took: 0.0000496 seconds
2018-02-17T17:00:00.532+0800: 130.672: Total time for which application threads were stopped: 0.0002128 seconds, Stopping threads took: 0.0000283 seconds
2018-02-17T17:00:01.533+0800: 131.673: Total time for which application threads were stopped: 0.0003390 seconds, Stopping threads took: 0.0000516 seconds
2018-02-17T17:00:01.665+0800: 131.808: Total time for which application threads were stopped: 0.0045235 seconds, Stopping threads took: 0.0008504 seconds
{Heap before GC invocations=23 (full 2):
 par new generation   total 109248K, used 103861K [0x00000007a0000000, 0x00000007a8000000, 0x00000007a8000000)
  eden space 87424K, 100% used [0x00000007a0000000, 0x00000007a5560000, 0x00000007a5560000)
  from space 21824K,  75% used [0x00000007a6ab0000, 0x00000007a7abd710, 0x00000007a8000000)
  to   space 21824K,   0% used [0x00000007a5560000, 0x00000007a5560000, 0x00000007a6ab0000)
 concurrent mark-sweep generation total 393216K, used 14921K [0x00000007a8000000, 0x00000007c0000000, 0x00000007c0000000)
 Metaspace       used 40509K, capacity 42029K, committed 42300K, reserved 1087488K
  class space    used 4824K, capacity 5185K, committed 5244K, reserved 1048576K
2018-02-17T17:00:01.692+0800: 131.832: [GC (Allocation Failure) 2018-02-17T17:00:01.692+0800: 131.832: [ParNew
Desired survivor size 20112992 bytes, new threshold 8 (max 8)
- age   1:    3768088 bytes,    3768088 total
- age   2:    7910464 bytes,   11678552 total
- age   3:     103568 bytes,   11782120 total
- age   4:     725648 bytes,   12507768 total
- age   5:       1896 bytes,   12509664 total
- age   6:     436144 bytes,   12945808 total
- age   7:       3312 bytes,   12949120 total
- age   8:    2792568 bytes,   15741688 total
: 103861K->21824K(109248K), 0.0276968 secs] 118783K->38279K(502464K), 0.0278104 secs] [Times: user=0.07 sys=0.00, real=0.03 secs] 
Heap after GC invocations=24 (full 2):
 par new generation   total 109248K, used 21824K [0x00000007a0000000, 0x00000007a8000000, 0x00000007a8000000)
  eden space 87424K,   0% used [0x00000007a0000000, 0x00000007a0000000, 0x00000007a5560000)
  from space 21824K, 100% used [0x00000007a5560000, 0x00000007a6ab0000, 0x00000007a6ab0000)
  to   space 21824K,   0% used [0x00000007a6ab0000, 0x00000007a6ab0000, 0x00000007a8000000)
 concurrent mark-sweep generation total 393216K, used 16455K [0x00000007a8000000, 0x00000007c0000000, 0x00000007c0000000)
 Metaspace       used 40509K, capacity 42029K, committed 42300K, reserved 1087488K
  class space    used 4824K, capacity 5185K, committed 5244K, reserved 1048576K
}
2018-02-17T17:00:01.720+0800: 131.860: Total time for which application threads were stopped: 0.0395810 seconds, Stopping threads took: 0.0114355 seconds
2018-02-17T17:00:01.753+0800: 131.893: Total time for which application threads were stopped: 0.0010605 seconds, Stopping threads took: 0.0008431 seconds
2018-02-17T17:00:01.754+0800: 131.894: Total time for which application threads were stopped: 0.0003139 seconds, Stopping threads took: 0.0001221 seconds
{Heap before GC invocations=24 (full 2):
 par new generation   total 109248K, used 109248K [0x00000007a0000000, 0x00000007a8000000, 0x00000007a8000000)
  eden space 87424K, 100% used [0x00000007a0000000, 0x00000007a5560000, 0x00000007a5560000)
  from space 21824K, 100% used [0x00000007a5560000, 0x00000007a6ab0000, 0x00000007a6ab0000)
  to   space 21824K,   0% used [0x00000007a6ab0000, 0x00000007a6ab0000, 0x00000007a8000000)
 concurrent mark-sweep generation total 393216K, used 16455K [0x00000007a8000000, 0x00000007c0000000, 0x00000007c0000000)
 Metaspace       used 40511K, capacity 42029K, committed 42300K, reserved 1087488K
  class space    used 4824K, capacity 5185K, committed 5244K, reserved 1048576K
2018-02-17T17:00:01.868+0800: 132.008: [GC (Allocation Failure) 2018-02-17T17:00:01.868+0800: 132.008: [ParNew
Desired survivor size 20112992 bytes, new threshold 8 (max 8)
- age   1:    1895800 bytes,    1895800 total
- age   2:    2764744 bytes,    4660544 total
- age   3:    7732864 bytes,   12393408 total
- age   4:     103568 bytes,   12496976 total
- age   5:     725648 bytes,   13222624 total
- age   6:       1896 bytes,   13224520 total
- age   7:     436144 bytes,   13660664 total
- age   8:       3312 bytes,   13663976 total
: 109248K->19506K(109248K), 0.0545981 secs] 125703K->38929K(502464K), 0.0547077 secs] [Times: user=0.07 sys=0.00, real=0.06 secs] 
Heap after GC invocations=25 (full 2):
 par new generation   total 109248K, used 19506K [0x00000007a0000000, 0x00000007a8000000, 0x00000007a8000000)
  eden space 87424K,   0% used [0x00000007a0000000, 0x00000007a0000000, 0x00000007a5560000)
  from space 21824K,  89% used [0x00000007a6ab0000, 0x00000007a7dbc980, 0x00000007a8000000)
  to   space 21824K,   0% used [0x00000007a5560000, 0x00000007a5560000, 0x00000007a6ab0000)
 concurrent mark-sweep generation total 393216K, used 19423K [0x00000007a8000000, 0x00000007c0000000, 0x00000007c0000000)
 Metaspace       used 40511K, capacity 42029K, committed 42300K, reserved 1087488K
  class space    used 4824K, capacity 5185K, committed 5244K, reserved 1048576K
}
2018-02-17T17:00:01.923+0800: 132.062: Total time for which application threads were stopped: 0.0665093 seconds, Stopping threads took: 0.0114035 seconds
{Heap before GC invocations=25 (full 2):
 par new generation   total 109248K, used 106930K [0x00000007a0000000, 0x00000007a8000000, 0x00000007a8000000)
  eden space 87424K, 100% used [0x00000007a0000000, 0x00000007a5560000, 0x00000007a5560000)
  from space 21824K,  89% used [0x00000007a6ab0000, 0x00000007a7dbc980, 0x00000007a8000000)
  to   space 21824K,   0% used [0x00000007a5560000, 0x00000007a5560000, 0x00000007a6ab0000)
 concurrent mark-sweep generation total 393216K, used 19423K [0x00000007a8000000, 0x00000007c0000000, 0x00000007c0000000)
 Metaspace       used 40511K, capacity 42029K, committed 42300K, reserved 1087488K
  class space    used 4824K, capacity 5185K, committed 5244K, reserved 1048576K
2018-02-17T17:00:02.049+0800: 132.189: [GC (Allocation Failure) 2018-02-17T17:00:02.049+0800: 132.189: [ParNew
Desired survivor size 20112992 bytes, new threshold 8 (max 8)
- age   1:     437864 bytes,     437864 total
- age   2:    1596048 bytes,    2033912 total
- age   3:    2764528 bytes,    4798440 total
- age   4:    7732864 bytes,   12531304 total
- age   5:     103568 bytes,   12634872 total
- age   6:     725648 bytes,   13360520 total
- age   7:       1896 bytes,   13362416 total
- age   8:     436144 bytes,   13798560 total
: 106930K->16647K(109248K), 0.0613830 secs] 126353K->36073K(502464K), 0.0614796 secs] [Times: user=0.05 sys=0.00, real=0.07 secs] 
Heap after GC invocations=26 (full 2):
 par new generation   total 109248K, used 16647K [0x00000007a0000000, 0x00000007a8000000, 0x00000007a8000000)
  eden space 87424K,   0% used [0x00000007a0000000, 0x00000007a0000000, 0x00000007a5560000)
  from space 21824K,  76% used [0x00000007a5560000, 0x00000007a65a1da8, 0x00000007a6ab0000)
  to   space 21824K,   0% used [0x00000007a6ab0000, 0x00000007a6ab0000, 0x00000007a8000000)
 concurrent mark-sweep generation total 393216K, used 19426K [0x00000007a8000000, 0x00000007c0000000, 0x00000007c0000000)
 Metaspace       used 40511K, capacity 42029K, committed 42300K, reserved 1087488K
  class space    used 4824K, capacity 5185K, committed 5244K, reserved 1048576K
}
2018-02-17T17:00:02.111+0800: 132.251: Total time for which application threads were stopped: 0.0618223 seconds, Stopping threads took: 0.0000480 seconds
{Heap before GC invocations=26 (full 2):
 par new generation   total 109248K, used 104071K [0x00000007a0000000, 0x00000007a8000000, 0x00000007a8000000)
  eden space 87424K, 100% used [0x00000007a0000000, 0x00000007a5560000, 0x00000007a5560000)
  from space 21824K,  76% used [0x00000007a5560000, 0x00000007a65a1da8, 0x00000007a6ab0000)
  to   space 21824K,   0% used [0x00000007a6ab0000, 0x00000007a6ab0000, 0x00000007a8000000)
 concurrent mark-sweep generation total 393216K, used 19426K [0x00000007a8000000, 0x00000007c0000000, 0x00000007c0000000)
 Metaspace       used 40511K, capacity 42029K, committed 42300K, reserved 1087488K
  class space    used 4824K, capacity 5185K, committed 5244K, reserved 1048576K
2018-02-17T17:00:02.178+0800: 132.318: [GC (Allocation Failure) 2018-02-17T17:00:02.178+0800: 132.318: [ParNew
Desired survivor size 20112992 bytes, new threshold 8 (max 8)
- age   1:     309632 bytes,     309632 total
- age   2:      79560 bytes,     389192 total
- age   3:    1596048 bytes,    1985240 total
- age   4:    2763920 bytes,    4749160 total
- age   5:    7732864 bytes,   12482024 total
- age   6:     103568 bytes,   12585592 total
- age   7:     725648 bytes,   13311240 total
- age   8:       1896 bytes,   13313136 total
: 104071K->20151K(109248K), 0.0701875 secs] 123497K->40013K(502464K), 0.0702896 secs] [Times: user=0.05 sys=0.00, real=0.07 secs] 
Heap after GC invocations=27 (full 2):
 par new generation   total 109248K, used 20151K [0x00000007a0000000, 0x00000007a8000000, 0x00000007a8000000)
  eden space 87424K,   0% used [0x00000007a0000000, 0x00000007a0000000, 0x00000007a5560000)
  from space 21824K,  92% used [0x00000007a6ab0000, 0x00000007a7e5de50, 0x00000007a8000000)
  to   space 21824K,   0% used [0x00000007a5560000, 0x00000007a5560000, 0x00000007a6ab0000)
 concurrent mark-sweep generation total 393216K, used 19861K [0x00000007a8000000, 0x00000007c0000000, 0x00000007c0000000)
 Metaspace       used 40511K, capacity 42029K, committed 42300K, reserved 1087488K
  class space    used 4824K, capacity 5185K, committed 5244K, reserved 1048576K
}
2018-02-17T17:00:02.249+0800: 132.388: Total time for which application threads were stopped: 0.0710142 seconds, Stopping threads took: 0.0004563 seconds
2018-02-17T17:00:02.371+0800: 132.511: Total time for which application threads were stopped: 0.0002347 seconds, Stopping threads took: 0.0000384 seconds
2018-02-17T17:00:02.454+0800: 132.593: Total time for which application threads were stopped: 0.0118057 seconds, Stopping threads took: 0.0115966 seconds
2018-02-17T17:00:03.455+0800: 133.594: Total time for which application threads were stopped: 0.0004236 seconds, Stopping threads took: 0.0001189 seconds
2018-02-17T17:00:07.516+0800: 137.655: Total time for which application threads were stopped: 0.0002974 seconds, Stopping threads took: 0.0001201 seconds
2018-02-17T17:00:07.525+0800: 137.664: Total time for which application threads were stopped: 0.0002513 seconds, Stopping threads took: 0.0000885 seconds
2018-02-17T17:00:08.525+0800: 138.665: Total time for which application threads were stopped: 0.0002452 seconds, Stopping threads took: 0.0000394 seconds
2018-02-17T17:00:10.350+0800: 140.490: Total time for which application threads were stopped: 0.0003853 seconds, Stopping threads took: 0.0000630 seconds
2018-02-17T17:00:12.520+0800: 142.659: Total time for which application threads were stopped: 0.0003070 seconds, Stopping threads took: 0.0000943 seconds
2018-02-17T17:00:12.529+0800: 142.669: Total time for which application threads were stopped: 0.0002497 seconds, Stopping threads took: 0.0000770 seconds
2018-02-17T17:00:12.786+0800: 142.925: Total time for which application threads were stopped: 0.0002430 seconds, Stopping threads took: 0.0000362 seconds
2018-02-17T17:00:12.787+0800: 142.927: Total time for which application threads were stopped: 0.0002426 seconds, Stopping threads took: 0.0000304 seconds
2018-02-17T17:00:13.075+0800: 143.214: Total time for which application threads were stopped: 0.0003016 seconds, Stopping threads took: 0.0000307 seconds
2018-02-17T17:00:14.079+0800: 144.218: Total time for which application threads were stopped: 0.0001766 seconds, Stopping threads took: 0.0000252 seconds
2018-02-17T17:00:15.084+0800: 145.223: Total time for which application threads were stopped: 0.0002904 seconds, Stopping threads took: 0.0000491 seconds
2018-02-17T17:00:21.174+0800: 151.313: Total time for which application threads were stopped: 0.0001975 seconds, Stopping threads took: 0.0000333 seconds
2018-02-17T17:00:21.174+0800: 151.313: Total time for which application threads were stopped: 0.0001502 seconds, Stopping threads took: 0.0000183 seconds
2018-02-17T17:00:21.197+0800: 151.336: Total time for which application threads were stopped: 0.0006031 seconds, Stopping threads took: 0.0000254 seconds
2018-02-17T17:00:21.198+0800: 151.337: Total time for which application threads were stopped: 0.0002880 seconds, Stopping threads took: 0.0000201 seconds
{Heap before GC invocations=27 (full 2):
 par new generation   total 109248K, used 107551K [0x00000007a0000000, 0x00000007a8000000, 0x00000007a8000000)
  eden space 87424K,  99% used [0x00000007a0000000, 0x00000007a555a140, 0x00000007a5560000)
  from space 21824K,  92% used [0x00000007a6ab0000, 0x00000007a7e5de50, 0x00000007a8000000)
  to   space 21824K,   0% used [0x00000007a5560000, 0x00000007a5560000, 0x00000007a6ab0000)
 concurrent mark-sweep generation total 393216K, used 19861K [0x00000007a8000000, 0x00000007c0000000, 0x00000007c0000000)
 Metaspace       used 40681K, capacity 42207K, committed 42300K, reserved 1087488K
  class space    used 4835K, capacity 5192K, committed 5244K, reserved 1048576K
2018-02-17T17:00:21.214+0800: 151.353: [GC (Allocation Failure) 2018-02-17T17:00:21.214+0800: 151.353: [ParNew
Desired survivor size 20112992 bytes, new threshold 8 (max 8)
- age   1:    6049496 bytes,    6049496 total
- age   2:      85352 bytes,    6134848 total
- age   3:      78560 bytes,    6213408 total
- age   4:     192048 bytes,    6405456 total
- age   5:    2661144 bytes,    9066600 total
- age   6:    7728880 bytes,   16795480 total
- age   7:     103568 bytes,   16899048 total
- age   8:     725648 bytes,   17624696 total
: 107551K->19919K(109248K), 0.0399994 secs] 127413K->39783K(502464K), 0.0400983 secs] [Times: user=0.07 sys=0.00, real=0.04 secs] 
Heap after GC invocations=28 (full 2):
 par new generation   total 109248K, used 19919K [0x00000007a0000000, 0x00000007a8000000, 0x00000007a8000000)
  eden space 87424K,   0% used [0x00000007a0000000, 0x00000007a0000000, 0x00000007a5560000)
  from space 21824K,  91% used [0x00000007a5560000, 0x00000007a68d3dd0, 0x00000007a6ab0000)
  to   space 21824K,   0% used [0x00000007a6ab0000, 0x00000007a6ab0000, 0x00000007a8000000)
 concurrent mark-sweep generation total 393216K, used 19863K [0x00000007a8000000, 0x00000007c0000000, 0x00000007c0000000)
 Metaspace       used 40681K, capacity 42207K, committed 42300K, reserved 1087488K
  class space    used 4835K, capacity 5192K, committed 5244K, reserved 1048576K
}
2018-02-17T17:00:21.254+0800: 151.394: Total time for which application threads were stopped: 0.0404281 seconds, Stopping threads took: 0.0000260 seconds
2018-02-17T17:00:23.028+0800: 153.167: Total time for which application threads were stopped: 0.0001725 seconds, Stopping threads took: 0.0000253 seconds
2018-02-17T17:00:23.028+0800: 153.167: Total time for which application threads were stopped: 0.0001339 seconds, Stopping threads took: 0.0000143 seconds
2018-02-17T17:00:23.043+0800: 153.183: Total time for which application threads were stopped: 0.0001446 seconds, Stopping threads took: 0.0000251 seconds
2018-02-17T17:00:23.044+0800: 153.183: Total time for which application threads were stopped: 0.0001112 seconds, Stopping threads took: 0.0000144 seconds
2018-02-17T17:00:29.732+0800: 159.871: Total time for which application threads were stopped: 0.0002868 seconds, Stopping threads took: 0.0000948 seconds
2018-02-17T17:00:29.736+0800: 159.875: Total time for which application threads were stopped: 0.0001816 seconds, Stopping threads took: 0.0000346 seconds
2018-02-17T17:00:29.737+0800: 159.876: Total time for which application threads were stopped: 0.0002384 seconds, Stopping threads took: 0.0000606 seconds
2018-02-17T17:00:29.738+0800: 159.877: Total time for which application threads were stopped: 0.0002622 seconds, Stopping threads took: 0.0000252 seconds
2018-02-17T17:00:29.741+0800: 159.880: Total time for which application threads were stopped: 0.0001895 seconds, Stopping threads took: 0.0000276 seconds
2018-02-17T17:00:29.743+0800: 159.882: Total time for which application threads were stopped: 0.0001912 seconds, Stopping threads took: 0.0000422 seconds
2018-02-17T17:00:29.744+0800: 159.883: Total time for which application threads were stopped: 0.0001530 seconds, Stopping threads took: 0.0000291 seconds
2018-02-17T17:00:29.744+0800: 159.883: Total time for which application threads were stopped: 0.0003525 seconds, Stopping threads took: 0.0000422 seconds
2018-02-17T17:00:29.745+0800: 159.884: Total time for which application threads were stopped: 0.0003272 seconds, Stopping threads took: 0.0000919 seconds
2018-02-17T17:00:29.745+0800: 159.884: Total time for which application threads were stopped: 0.0001638 seconds, Stopping threads took: 0.0000192 seconds
2018-02-17T17:00:29.745+0800: 159.884: Total time for which application threads were stopped: 0.0001438 seconds, Stopping threads took: 0.0000171 seconds
2018-02-17T17:00:29.746+0800: 159.885: Total time for which application threads were stopped: 0.0001711 seconds, Stopping threads took: 0.0000305 seconds
2018-02-17T17:00:29.747+0800: 159.886: Total time for which application threads were stopped: 0.0003122 seconds, Stopping threads took: 0.0001549 seconds
2018-02-17T17:00:29.754+0800: 159.893: Total time for which application threads were stopped: 0.0002061 seconds, Stopping threads took: 0.0000500 seconds
2018-02-17T17:00:29.755+0800: 159.894: Total time for which application threads were stopped: 0.0001662 seconds, Stopping threads took: 0.0000302 seconds
2018-02-17T17:00:29.777+0800: 159.916: Total time for which application threads were stopped: 0.0001831 seconds, Stopping threads took: 0.0000260 seconds
2018-02-17T17:00:29.777+0800: 159.916: Total time for which application threads were stopped: 0.0001151 seconds, Stopping threads took: 0.0000102 seconds
2018-02-17T17:00:29.801+0800: 159.940: Total time for which application threads were stopped: 0.0002172 seconds, Stopping threads took: 0.0000277 seconds
2018-02-17T17:00:29.801+0800: 159.940: Total time for which application threads were stopped: 0.0004069 seconds, Stopping threads took: 0.0000142 seconds
2018-02-17T17:00:33.292+0800: 163.431: Total time for which application threads were stopped: 0.0001855 seconds, Stopping threads took: 0.0000401 seconds
2018-02-17T17:00:33.294+0800: 163.433: Total time for which application threads were stopped: 0.0001850 seconds, Stopping threads took: 0.0000331 seconds
2018-02-17T17:00:33.294+0800: 163.433: Total time for which application threads were stopped: 0.0001340 seconds, Stopping threads took: 0.0000141 seconds
2018-02-17T17:00:33.298+0800: 163.436: Total time for which application threads were stopped: 0.0008843 seconds, Stopping threads took: 0.0000265 seconds
2018-02-17T17:00:33.314+0800: 163.453: Total time for which application threads were stopped: 0.0002903 seconds, Stopping threads took: 0.0000984 seconds
2018-02-17T17:00:33.314+0800: 163.453: Total time for which application threads were stopped: 0.0001935 seconds, Stopping threads took: 0.0000578 seconds
2018-02-17T17:00:33.337+0800: 163.476: Total time for which application threads were stopped: 0.0001871 seconds, Stopping threads took: 0.0000251 seconds
2018-02-17T17:00:33.338+0800: 163.476: Total time for which application threads were stopped: 0.0001201 seconds, Stopping threads took: 0.0000174 seconds
2018-02-17T17:00:33.446+0800: 163.585: Total time for which application threads were stopped: 0.0002105 seconds, Stopping threads took: 0.0000493 seconds
2018-02-17T17:00:33.446+0800: 163.585: Total time for which application threads were stopped: 0.0001065 seconds, Stopping threads took: 0.0000130 seconds
2018-02-17T17:00:48.472+0800: 178.610: Total time for which application threads were stopped: 0.0001718 seconds, Stopping threads took: 0.0000319 seconds
2018-02-17T17:01:09.504+0800: 199.642: Total time for which application threads were stopped: 0.0003150 seconds, Stopping threads took: 0.0000958 seconds
2018-02-17T17:01:12.512+0800: 202.650: Total time for which application threads were stopped: 0.0003026 seconds, Stopping threads took: 0.0000451 seconds
2018-02-17T17:01:33.342+0800: 223.480: Total time for which application threads were stopped: 0.0004062 seconds, Stopping threads took: 0.0000346 seconds
2018-02-17T17:01:53.397+0800: 243.533: Total time for which application threads were stopped: 0.0001768 seconds, Stopping threads took: 0.0000233 seconds
2018-02-17T17:01:53.401+0800: 243.538: Total time for which application threads were stopped: 0.0002213 seconds, Stopping threads took: 0.0000536 seconds
2018-02-17T17:01:53.402+0800: 243.539: Total time for which application threads were stopped: 0.0001870 seconds, Stopping threads took: 0.0000395 seconds
2018-02-17T17:01:53.402+0800: 243.539: Total time for which application threads were stopped: 0.0001610 seconds, Stopping threads took: 0.0000233 seconds
2018-02-17T17:01:53.403+0800: 243.540: Total time for which application threads were stopped: 0.0001446 seconds, Stopping threads took: 0.0000128 seconds
2018-02-17T17:01:53.403+0800: 243.540: Total time for which application threads were stopped: 0.0001613 seconds, Stopping threads took: 0.0000311 seconds
{Heap before GC invocations=28 (full 2):
 par new generation   total 109248K, used 107322K [0x00000007a0000000, 0x00000007a8000000, 0x00000007a8000000)
  eden space 87424K,  99% used [0x00000007a0000000, 0x00000007a555ad70, 0x00000007a5560000)
  from space 21824K,  91% used [0x00000007a5560000, 0x00000007a68d3dd0, 0x00000007a6ab0000)
  to   space 21824K,   0% used [0x00000007a6ab0000, 0x00000007a6ab0000, 0x00000007a8000000)
 concurrent mark-sweep generation total 393216K, used 19863K [0x00000007a8000000, 0x00000007c0000000, 0x00000007c0000000)
 Metaspace       used 40898K, capacity 42425K, committed 42556K, reserved 1087488K
  class space    used 4860K, capacity 5207K, committed 5244K, reserved 1048576K
2018-02-17T17:01:53.520+0800: 243.657: [GC (Allocation Failure) 2018-02-17T17:01:53.520+0800: 243.657: [ParNew
Desired survivor size 20112992 bytes, new threshold 8 (max 8)
- age   1:    1181320 bytes,    1181320 total
- age   2:    5435520 bytes,    6616840 total
- age   3:      66432 bytes,    6683272 total
- age   4:      52480 bytes,    6735752 total
- age   5:     157384 bytes,    6893136 total
- age   6:    2484448 bytes,    9377584 total
- age   7:    7697320 bytes,   17074904 total
- age   8:     103568 bytes,   17178472 total
: 107322K->21824K(109248K), 0.0159546 secs] 127186K->42811K(502464K), 0.0160283 secs] [Times: user=0.05 sys=0.01, real=0.01 secs] 
Heap after GC invocations=29 (full 2):
 par new generation   total 109248K, used 21824K [0x00000007a0000000, 0x00000007a8000000, 0x00000007a8000000)
  eden space 87424K,   0% used [0x00000007a0000000, 0x00000007a0000000, 0x00000007a5560000)
  from space 21824K, 100% used [0x00000007a6ab0000, 0x00000007a8000000, 0x00000007a8000000)
  to   space 21824K,   0% used [0x00000007a5560000, 0x00000007a5560000, 0x00000007a6ab0000)
 concurrent mark-sweep generation total 393216K, used 20987K [0x00000007a8000000, 0x00000007c0000000, 0x00000007c0000000)
 Metaspace       used 40898K, capacity 42425K, committed 42556K, reserved 1087488K
  class space    used 4860K, capacity 5207K, committed 5244K, reserved 1048576K
}
2018-02-17T17:01:53.536+0800: 243.673: Total time for which application threads were stopped: 0.0177873 seconds, Stopping threads took: 0.0000216 seconds
2018-02-17T17:01:53.609+0800: 243.746: Total time for which application threads were stopped: 0.0001841 seconds, Stopping threads took: 0.0000232 seconds
2018-02-17T17:01:53.658+0800: 243.794: Total time for which application threads were stopped: 0.0007683 seconds, Stopping threads took: 0.0000238 seconds
2018-02-17T17:01:53.665+0800: 243.802: Total time for which application threads were stopped: 0.0001854 seconds, Stopping threads took: 0.0000489 seconds
2018-02-17T17:01:53.667+0800: 243.803: Total time for which application threads were stopped: 0.0001469 seconds, Stopping threads took: 0.0000218 seconds
2018-02-17T17:01:53.679+0800: 243.816: Total time for which application threads were stopped: 0.0091201 seconds, Stopping threads took: 0.0089639 seconds
2018-02-17T17:01:53.690+0800: 243.827: Total time for which application threads were stopped: 0.0001742 seconds, Stopping threads took: 0.0000374 seconds
2018-02-17T17:01:53.700+0800: 243.837: Total time for which application threads were stopped: 0.0001957 seconds, Stopping threads took: 0.0000262 seconds
{Heap before GC invocations=29 (full 2):
 par new generation   total 109248K, used 109248K [0x00000007a0000000, 0x00000007a8000000, 0x00000007a8000000)
  eden space 87424K, 100% used [0x00000007a0000000, 0x00000007a5560000, 0x00000007a5560000)
  from space 21824K, 100% used [0x00000007a6ab0000, 0x00000007a8000000, 0x00000007a8000000)
  to   space 21824K,   0% used [0x00000007a5560000, 0x00000007a5560000, 0x00000007a6ab0000)
 concurrent mark-sweep generation total 393216K, used 20987K [0x00000007a8000000, 0x00000007c0000000, 0x00000007c0000000)
 Metaspace       used 41013K, capacity 42529K, committed 42684K, reserved 1087488K
  class space    used 4882K, capacity 5257K, committed 5372K, reserved 1048576K
2018-02-17T17:01:53.727+0800: 243.864: [GC (Allocation Failure) 2018-02-17T17:01:53.727+0800: 243.864: [ParNew
Desired survivor size 20112992 bytes, new threshold 8 (max 8)
- age   1:    1652560 bytes,    1652560 total
- age   2:     527608 bytes,    2180168 total
- age   3:    5106176 bytes,    7286344 total
- age   4:      66432 bytes,    7352776 total
- age   5:      52480 bytes,    7405256 total
- age   6:     157384 bytes,    7562640 total
- age   7:    2480928 bytes,   10043568 total
- age   8:    7664104 bytes,   17707672 total
: 109248K->21824K(109248K), 0.0565464 secs] 130235K->42953K(502464K), 0.0566428 secs] [Times: user=0.07 sys=0.00, real=0.06 secs] 
Heap after GC invocations=30 (full 2):
 par new generation   total 109248K, used 21824K [0x00000007a0000000, 0x00000007a8000000, 0x00000007a8000000)
  eden space 87424K,   0% used [0x00000007a0000000, 0x00000007a0000000, 0x00000007a5560000)
  from space 21824K, 100% used [0x00000007a5560000, 0x00000007a6ab0000, 0x00000007a6ab0000)
  to   space 21824K,   0% used [0x00000007a6ab0000, 0x00000007a6ab0000, 0x00000007a8000000)
 concurrent mark-sweep generation total 393216K, used 21129K [0x00000007a8000000, 0x00000007c0000000, 0x00000007c0000000)
 Metaspace       used 41013K, capacity 42529K, committed 42684K, reserved 1087488K
  class space    used 4882K, capacity 5257K, committed 5372K, reserved 1048576K
}
2018-02-17T17:01:53.784+0800: 243.921: Total time for which application threads were stopped: 0.0569349 seconds, Stopping threads took: 0.0000401 seconds
2018-02-17T17:01:53.860+0800: 243.997: Total time for which application threads were stopped: 0.0004599 seconds, Stopping threads took: 0.0002668 seconds
{Heap before GC invocations=30 (full 2):
 par new generation   total 109248K, used 109248K [0x00000007a0000000, 0x00000007a8000000, 0x00000007a8000000)
  eden space 87424K, 100% used [0x00000007a0000000, 0x00000007a5560000, 0x00000007a5560000)
  from space 21824K, 100% used [0x00000007a5560000, 0x00000007a6ab0000, 0x00000007a6ab0000)
  to   space 21824K,   0% used [0x00000007a6ab0000, 0x00000007a6ab0000, 0x00000007a8000000)
 concurrent mark-sweep generation total 393216K, used 22593K [0x00000007a8000000, 0x00000007c0000000, 0x00000007c0000000)
 Metaspace       used 41015K, capacity 42529K, committed 42684K, reserved 1087488K
  class space    used 4882K, capacity 5257K, committed 5372K, reserved 1048576K
2018-02-17T17:01:53.864+0800: 244.001: [GC (GCLocker Initiated GC) 2018-02-17T17:01:53.864+0800: 244.001: [ParNew
Desired survivor size 20112992 bytes, new threshold 8 (max 8)
- age   1:    2116904 bytes,    2116904 total
- age   2:    1416680 bytes,    3533584 total
- age   3:     527608 bytes,    4061192 total
- age   4:    5105104 bytes,    9166296 total
- age   5:      66432 bytes,    9232728 total
- age   6:      52480 bytes,    9285208 total
- age   7:     157384 bytes,    9442592 total
- age   8:    2470536 bytes,   11913128 total
: 109248K->19306K(109248K), 0.0760357 secs] 131841K->50530K(502464K), 0.0761348 secs] [Times: user=0.12 sys=0.01, real=0.08 secs] 
Heap after GC invocations=31 (full 2):
 par new generation   total 109248K, used 19306K [0x00000007a0000000, 0x00000007a8000000, 0x00000007a8000000)
  eden space 87424K,   0% used [0x00000007a0000000, 0x00000007a0000000, 0x00000007a5560000)
  from space 21824K,  88% used [0x00000007a6ab0000, 0x00000007a7d8a810, 0x00000007a8000000)
  to   space 21824K,   0% used [0x00000007a5560000, 0x00000007a5560000, 0x00000007a6ab0000)
 concurrent mark-sweep generation total 393216K, used 31224K [0x00000007a8000000, 0x00000007c0000000, 0x00000007c0000000)
 Metaspace       used 41015K, capacity 42529K, committed 42684K, reserved 1087488K
  class space    used 4882K, capacity 5257K, committed 5372K, reserved 1048576K
}
2018-02-17T17:01:53.940+0800: 244.077: Total time for which application threads were stopped: 0.0764152 seconds, Stopping threads took: 0.0000483 seconds
2018-02-17T17:01:53.940+0800: 244.077: Total time for which application threads were stopped: 0.0002460 seconds, Stopping threads took: 0.0000668 seconds
2018-02-17T17:01:53.950+0800: 244.087: Total time for which application threads were stopped: 0.0002623 seconds, Stopping threads took: 0.0001281 seconds
2018-02-17T17:01:53.990+0800: 244.127: Total time for which application threads were stopped: 0.0214191 seconds, Stopping threads took: 0.0211962 seconds
{Heap before GC invocations=31 (full 2):
 par new generation   total 109248K, used 106726K [0x00000007a0000000, 0x00000007a8000000, 0x00000007a8000000)
  eden space 87424K,  99% used [0x00000007a0000000, 0x00000007a555f2d8, 0x00000007a5560000)
  from space 21824K,  88% used [0x00000007a6ab0000, 0x00000007a7d8a810, 0x00000007a8000000)
  to   space 21824K,   0% used [0x00000007a5560000, 0x00000007a5560000, 0x00000007a6ab0000)
 concurrent mark-sweep generation total 393216K, used 31224K [0x00000007a8000000, 0x00000007c0000000, 0x00000007c0000000)
 Metaspace       used 41016K, capacity 42529K, committed 42684K, reserved 1087488K
  class space    used 4882K, capacity 5257K, committed 5372K, reserved 1048576K
2018-02-17T17:01:53.998+0800: 244.134: [GC (Allocation Failure) 2018-02-17T17:01:53.998+0800: 244.134: [ParNew
Desired survivor size 20112992 bytes, new threshold 8 (max 8)
- age   1:    1429864 bytes,    1429864 total
- age   2:    1300696 bytes,    2730560 total
- age   3:    1416744 bytes,    4147304 total
- age   4:     527608 bytes,    4674912 total
- age   5:    5105104 bytes,    9780016 total
- age   6:      66432 bytes,    9846448 total
- age   7:      52480 bytes,    9898928 total
- age   8:     157384 bytes,   10056312 total
: 106726K->12102K(109248K), 0.0651470 secs] 137951K->45751K(502464K), 0.0652392 secs] [Times: user=0.05 sys=0.00, real=0.07 secs] 
Heap after GC invocations=32 (full 2):
 par new generation   total 109248K, used 12102K [0x00000007a0000000, 0x00000007a8000000, 0x00000007a8000000)
  eden space 87424K,   0% used [0x00000007a0000000, 0x00000007a0000000, 0x00000007a5560000)
  from space 21824K,  55% used [0x00000007a5560000, 0x00000007a6131ba8, 0x00000007a6ab0000)
  to   space 21824K,   0% used [0x00000007a6ab0000, 0x00000007a6ab0000, 0x00000007a8000000)
 concurrent mark-sweep generation total 393216K, used 33648K [0x00000007a8000000, 0x00000007c0000000, 0x00000007c0000000)
 Metaspace       used 41016K, capacity 42529K, committed 42684K, reserved 1087488K
  class space    used 4882K, capacity 5257K, committed 5372K, reserved 1048576K
}
2018-02-17T17:01:54.063+0800: 244.200: Total time for which application threads were stopped: 0.0657591 seconds, Stopping threads took: 0.0002629 seconds
{Heap before GC invocations=32 (full 2):
 par new generation   total 109248K, used 99526K [0x00000007a0000000, 0x00000007a8000000, 0x00000007a8000000)
  eden space 87424K, 100% used [0x00000007a0000000, 0x00000007a5560000, 0x00000007a5560000)
  from space 21824K,  55% used [0x00000007a5560000, 0x00000007a6131ba8, 0x00000007a6ab0000)
  to   space 21824K,   0% used [0x00000007a6ab0000, 0x00000007a6ab0000, 0x00000007a8000000)
 concurrent mark-sweep generation total 393216K, used 33648K [0x00000007a8000000, 0x00000007c0000000, 0x00000007c0000000)
 Metaspace       used 41018K, capacity 42529K, committed 42684K, reserved 1087488K
  class space    used 4882K, capacity 5257K, committed 5372K, reserved 1048576K
2018-02-17T17:01:54.096+0800: 244.233: [GC (Allocation Failure) 2018-02-17T17:01:54.097+0800: 244.233: [ParNew
Desired survivor size 20112992 bytes, new threshold 8 (max 8)
- age   1:    1343760 bytes,    1343760 total
- age   2:     778720 bytes,    2122480 total
- age   3:    1282472 bytes,    3404952 total
- age   4:    1416288 bytes,    4821240 total
- age   5:     527392 bytes,    5348632 total
- age   6:    5105104 bytes,   10453736 total
- age   7:      66432 bytes,   10520168 total
- age   8:      52480 bytes,   10572648 total
: 99526K->13298K(109248K), 0.0422343 secs] 133175K->47103K(502464K), 0.0423374 secs] [Times: user=0.07 sys=0.00, real=0.04 secs] 
Heap after GC invocations=33 (full 2):
 par new generation   total 109248K, used 13298K [0x00000007a0000000, 0x00000007a8000000, 0x00000007a8000000)
  eden space 87424K,   0% used [0x00000007a0000000, 0x00000007a0000000, 0x00000007a5560000)
  from space 21824K,  60% used [0x00000007a6ab0000, 0x00000007a77acb10, 0x00000007a8000000)
  to   space 21824K,   0% used [0x00000007a5560000, 0x00000007a5560000, 0x00000007a6ab0000)
 concurrent mark-sweep generation total 393216K, used 33804K [0x00000007a8000000, 0x00000007c0000000, 0x00000007c0000000)
 Metaspace       used 41018K, capacity 42529K, committed 42684K, reserved 1087488K
  class space    used 4882K, capacity 5257K, committed 5372K, reserved 1048576K
}
2018-02-17T17:01:54.139+0800: 244.276: Total time for which application threads were stopped: 0.0426468 seconds, Stopping threads took: 0.0000366 seconds
2018-02-17T17:01:54.162+0800: 244.299: Total time for which application threads were stopped: 0.0002604 seconds, Stopping threads took: 0.0000997 seconds
{Heap before GC invocations=33 (full 2):
 par new generation   total 109248K, used 100710K [0x00000007a0000000, 0x00000007a8000000, 0x00000007a8000000)
  eden space 87424K,  99% used [0x00000007a0000000, 0x00000007a555ce90, 0x00000007a5560000)
  from space 21824K,  60% used [0x00000007a6ab0000, 0x00000007a77acb10, 0x00000007a8000000)
  to   space 21824K,   0% used [0x00000007a5560000, 0x00000007a5560000, 0x00000007a6ab0000)
 concurrent mark-sweep generation total 393216K, used 33804K [0x00000007a8000000, 0x00000007c0000000, 0x00000007c0000000)
 Metaspace       used 41019K, capacity 42529K, committed 42684K, reserved 1087488K
  class space    used 4882K, capacity 5257K, committed 5372K, reserved 1048576K
2018-02-17T17:01:54.193+0800: 244.330: [GC (Allocation Failure) 2018-02-17T17:01:54.193+0800: 244.330: [ParNew
Desired survivor size 20112992 bytes, new threshold 8 (max 8)
- age   1:    1023720 bytes,    1023720 total
- age   2:     861992 bytes,    1885712 total
- age   3:     778720 bytes,    2664432 total
- age   4:    1282472 bytes,    3946904 total
- age   5:    1049144 bytes,    4996048 total
- age   6:     527392 bytes,    5523440 total
- age   7:    5105104 bytes,   10628544 total
- age   8:      66432 bytes,   10694976 total
: 100710K->13698K(109248K), 0.0287113 secs] 134514K->47556K(502464K), 0.0288148 secs] [Times: user=0.05 sys=0.00, real=0.03 secs] 
Heap after GC invocations=34 (full 2):
 par new generation   total 109248K, used 13698K [0x00000007a0000000, 0x00000007a8000000, 0x00000007a8000000)
  eden space 87424K,   0% used [0x00000007a0000000, 0x00000007a0000000, 0x00000007a5560000)
  from space 21824K,  62% used [0x00000007a5560000, 0x00000007a62c0a88, 0x00000007a6ab0000)
  to   space 21824K,   0% used [0x00000007a6ab0000, 0x00000007a6ab0000, 0x00000007a8000000)
 concurrent mark-sweep generation total 393216K, used 33857K [0x00000007a8000000, 0x00000007c0000000, 0x00000007c0000000)
 Metaspace       used 41019K, capacity 42529K, committed 42684K, reserved 1087488K
  class space    used 4882K, capacity 5257K, committed 5372K, reserved 1048576K
}
2018-02-17T17:01:54.222+0800: 244.359: Total time for which application threads were stopped: 0.0450714 seconds, Stopping threads took: 0.0159808 seconds
2018-02-17T17:01:54.290+0800: 244.427: Total time for which application threads were stopped: 0.0002384 seconds, Stopping threads took: 0.0000680 seconds
{Heap before GC invocations=34 (full 2):
 par new generation   total 109248K, used 101122K [0x00000007a0000000, 0x00000007a8000000, 0x00000007a8000000)
  eden space 87424K, 100% used [0x00000007a0000000, 0x00000007a5560000, 0x00000007a5560000)
  from space 21824K,  62% used [0x00000007a5560000, 0x00000007a62c0a88, 0x00000007a6ab0000)
  to   space 21824K,   0% used [0x00000007a6ab0000, 0x00000007a6ab0000, 0x00000007a8000000)
 concurrent mark-sweep generation total 393216K, used 33857K [0x00000007a8000000, 0x00000007c0000000, 0x00000007c0000000)
 Metaspace       used 41020K, capacity 42529K, committed 42684K, reserved 1087488K
  class space    used 4882K, capacity 5257K, committed 5372K, reserved 1048576K
2018-02-17T17:01:54.295+0800: 244.431: [GC (Allocation Failure) 2018-02-17T17:01:54.295+0800: 244.431: [ParNew
Desired survivor size 20112992 bytes, new threshold 8 (max 8)
- age   1:     617848 bytes,     617848 total
- age   2:     389552 bytes,    1007400 total
- age   3:     860928 bytes,    1868328 total
- age   4:     778376 bytes,    2646704 total
- age   5:    1282472 bytes,    3929176 total
- age   6:    1049144 bytes,    4978320 total
- age   7:     527392 bytes,    5505712 total
- age   8:    5105104 bytes,   10610816 total
: 101122K->14956K(109248K), 0.0199946 secs] 134980K->48880K(502464K), 0.0200838 secs] [Times: user=0.06 sys=0.00, real=0.02 secs] 
Heap after GC invocations=35 (full 2):
 par new generation   total 109248K, used 14956K [0x00000007a0000000, 0x00000007a8000000, 0x00000007a8000000)
  eden space 87424K,   0% used [0x00000007a0000000, 0x00000007a0000000, 0x00000007a5560000)
  from space 21824K,  68% used [0x00000007a6ab0000, 0x00000007a794b190, 0x00000007a8000000)
  to   space 21824K,   0% used [0x00000007a5560000, 0x00000007a5560000, 0x00000007a6ab0000)
 concurrent mark-sweep generation total 393216K, used 33923K [0x00000007a8000000, 0x00000007c0000000, 0x00000007c0000000)
 Metaspace       used 41020K, capacity 42529K, committed 42684K, reserved 1087488K
  class space    used 4882K, capacity 5257K, committed 5372K, reserved 1048576K
}
2018-02-17T17:01:54.315+0800: 244.452: Total time for which application threads were stopped: 0.0203819 seconds, Stopping threads took: 0.0000758 seconds
2018-02-17T17:01:54.380+0800: 244.517: Total time for which application threads were stopped: 0.0001970 seconds, Stopping threads took: 0.0000401 seconds
2018-02-17T17:01:54.381+0800: 244.518: Total time for which application threads were stopped: 0.0001314 seconds, Stopping threads took: 0.0000259 seconds
2018-02-17T17:01:54.383+0800: 244.520: Total time for which application threads were stopped: 0.0001167 seconds, Stopping threads took: 0.0000266 seconds
2018-02-17T17:01:54.399+0800: 244.536: Total time for which application threads were stopped: 0.0002131 seconds, Stopping threads took: 0.0000385 seconds
2018-02-17T17:01:54.400+0800: 244.537: Total time for which application threads were stopped: 0.0002254 seconds, Stopping threads took: 0.0000704 seconds
2018-02-17T17:01:54.402+0800: 244.539: Total time for which application threads were stopped: 0.0003186 seconds, Stopping threads took: 0.0000347 seconds
2018-02-17T17:01:59.449+0800: 249.585: Total time for which application threads were stopped: 0.0003825 seconds, Stopping threads took: 0.0000249 seconds
2018-02-17T17:01:59.450+0800: 249.586: Total time for which application threads were stopped: 0.0001559 seconds, Stopping threads took: 0.0000205 seconds
2018-02-17T17:01:59.450+0800: 249.586: Total time for which application threads were stopped: 0.0001149 seconds, Stopping threads took: 0.0000127 seconds
2018-02-17T17:01:59.450+0800: 249.587: Total time for which application threads were stopped: 0.0000722 seconds, Stopping threads took: 0.0000076 seconds
2018-02-17T17:01:59.450+0800: 249.587: Total time for which application threads were stopped: 0.0000766 seconds, Stopping threads took: 0.0000085 seconds
2018-02-17T17:01:59.450+0800: 249.587: Total time for which application threads were stopped: 0.0000837 seconds, Stopping threads took: 0.0000078 seconds
2018-02-17T17:01:59.450+0800: 249.587: Total time for which application threads were stopped: 0.0000768 seconds, Stopping threads took: 0.0000090 seconds
2018-02-17T17:01:59.456+0800: 249.593: Total time for which application threads were stopped: 0.0001864 seconds, Stopping threads took: 0.0000461 seconds
2018-02-17T17:01:59.457+0800: 249.594: Total time for which application threads were stopped: 0.0002804 seconds, Stopping threads took: 0.0001717 seconds
2018-02-17T17:01:59.458+0800: 249.594: Total time for which application threads were stopped: 0.0001186 seconds, Stopping threads took: 0.0000140 seconds
2018-02-17T17:01:59.458+0800: 249.595: Total time for which application threads were stopped: 0.0006107 seconds, Stopping threads took: 0.0005120 seconds
2018-02-17T17:01:59.458+0800: 249.595: Total time for which application threads were stopped: 0.0001132 seconds, Stopping threads took: 0.0000232 seconds
2018-02-17T17:01:59.459+0800: 249.595: Total time for which application threads were stopped: 0.0001165 seconds, Stopping threads took: 0.0000250 seconds
2018-02-17T17:01:59.459+0800: 249.596: Total time for which application threads were stopped: 0.0001064 seconds, Stopping threads took: 0.0000231 seconds
2018-02-17T17:01:59.459+0800: 249.596: Total time for which application threads were stopped: 0.0000977 seconds, Stopping threads took: 0.0000198 seconds
2018-02-17T17:01:59.459+0800: 249.596: Total time for which application threads were stopped: 0.0000953 seconds, Stopping threads took: 0.0000194 seconds
2018-02-17T17:01:59.459+0800: 249.596: Total time for which application threads were stopped: 0.0000855 seconds, Stopping threads took: 0.0000174 seconds
2018-02-17T17:01:59.459+0800: 249.596: Total time for which application threads were stopped: 0.0000874 seconds, Stopping threads took: 0.0000172 seconds
2018-02-17T17:01:59.460+0800: 249.596: Total time for which application threads were stopped: 0.0000990 seconds, Stopping threads took: 0.0000189 seconds
2018-02-17T17:01:59.460+0800: 249.596: Total time for which application threads were stopped: 0.0001022 seconds, Stopping threads took: 0.0000248 seconds
2018-02-17T17:01:59.460+0800: 249.596: Total time for which application threads were stopped: 0.0000952 seconds, Stopping threads took: 0.0000191 seconds
2018-02-17T17:01:59.460+0800: 249.597: Total time for which application threads were stopped: 0.0000940 seconds, Stopping threads took: 0.0000165 seconds
2018-02-17T17:01:59.460+0800: 249.597: Total time for which application threads were stopped: 0.0000835 seconds, Stopping threads took: 0.0000078 seconds
2018-02-17T17:01:59.460+0800: 249.597: Total time for which application threads were stopped: 0.0000812 seconds, Stopping threads took: 0.0000075 seconds
2018-02-17T17:01:59.460+0800: 249.597: Total time for which application threads were stopped: 0.0000898 seconds, Stopping threads took: 0.0000165 seconds
2018-02-17T17:01:59.460+0800: 249.597: Total time for which application threads were stopped: 0.0001027 seconds, Stopping threads took: 0.0000289 seconds
2018-02-17T17:01:59.461+0800: 249.597: Total time for which application threads were stopped: 0.0000889 seconds, Stopping threads took: 0.0000170 seconds
2018-02-17T17:01:59.461+0800: 249.597: Total time for which application threads were stopped: 0.0002755 seconds, Stopping threads took: 0.0000085 seconds
2018-02-17T17:01:59.463+0800: 249.600: Total time for which application threads were stopped: 0.0001675 seconds, Stopping threads took: 0.0000323 seconds
2018-02-17T17:01:59.463+0800: 249.600: Total time for which application threads were stopped: 0.0001216 seconds, Stopping threads took: 0.0000239 seconds
2018-02-17T17:01:59.466+0800: 249.603: Total time for which application threads were stopped: 0.0001740 seconds, Stopping threads took: 0.0000237 seconds
2018-02-17T17:02:00.467+0800: 250.603: Total time for which application threads were stopped: 0.0001980 seconds, Stopping threads took: 0.0000330 seconds
2018-02-17T17:02:03.362+0800: 253.498: Total time for which application threads were stopped: 0.0001924 seconds, Stopping threads took: 0.0000243 seconds
2018-02-17T17:02:04.362+0800: 254.499: Total time for which application threads were stopped: 0.0001857 seconds, Stopping threads took: 0.0000213 seconds
2018-02-17T17:02:04.414+0800: 254.550: Total time for which application threads were stopped: 0.0002211 seconds, Stopping threads took: 0.0000366 seconds
2018-02-17T17:02:04.415+0800: 254.551: Total time for which application threads were stopped: 0.0002226 seconds, Stopping threads took: 0.0000184 seconds
2018-02-17T17:02:04.415+0800: 254.551: Total time for which application threads were stopped: 0.0001278 seconds, Stopping threads took: 0.0000143 seconds
2018-02-17T17:02:04.415+0800: 254.552: Total time for which application threads were stopped: 0.0000775 seconds, Stopping threads took: 0.0000193 seconds
2018-02-17T17:02:04.415+0800: 254.552: Total time for which application threads were stopped: 0.0000556 seconds, Stopping threads took: 0.0000072 seconds
2018-02-17T17:02:04.415+0800: 254.552: Total time for which application threads were stopped: 0.0000614 seconds, Stopping threads took: 0.0000142 seconds
2018-02-17T17:02:04.415+0800: 254.552: Total time for which application threads were stopped: 0.0000951 seconds, Stopping threads took: 0.0000092 seconds
2018-02-17T17:02:04.422+0800: 254.558: Total time for which application threads were stopped: 0.0001231 seconds, Stopping threads took: 0.0000184 seconds
2018-02-17T17:02:04.422+0800: 254.558: Total time for which application threads were stopped: 0.0000798 seconds, Stopping threads took: 0.0000101 seconds
2018-02-17T17:02:04.423+0800: 254.560: Total time for which application threads were stopped: 0.0001020 seconds, Stopping threads took: 0.0000131 seconds
2018-02-17T17:02:04.423+0800: 254.560: Total time for which application threads were stopped: 0.0000696 seconds, Stopping threads took: 0.0000090 seconds
2018-02-17T17:02:04.427+0800: 254.563: Total time for which application threads were stopped: 0.0001826 seconds, Stopping threads took: 0.0000503 seconds
2018-02-17T17:02:04.433+0800: 254.570: Total time for which application threads were stopped: 0.0013919 seconds, Stopping threads took: 0.0011984 seconds
2018-02-17T17:02:04.446+0800: 254.583: Total time for which application threads were stopped: 0.0002500 seconds, Stopping threads took: 0.0000559 seconds
{Heap before GC invocations=35 (full 2):
 par new generation   total 109248K, used 102380K [0x00000007a0000000, 0x00000007a8000000, 0x00000007a8000000)
  eden space 87424K, 100% used [0x00000007a0000000, 0x00000007a5560000, 0x00000007a5560000)
  from space 21824K,  68% used [0x00000007a6ab0000, 0x00000007a794b190, 0x00000007a8000000)
  to   space 21824K,   0% used [0x00000007a5560000, 0x00000007a5560000, 0x00000007a6ab0000)
 concurrent mark-sweep generation total 393216K, used 33923K [0x00000007a8000000, 0x00000007c0000000, 0x00000007c0000000)
 Metaspace       used 41125K, capacity 42725K, committed 42940K, reserved 1087488K
  class space    used 4889K, capacity 5267K, committed 5372K, reserved 1048576K
2018-02-17T17:02:04.455+0800: 254.591: [GC (Allocation Failure) 2018-02-17T17:02:04.455+0800: 254.592: [ParNew
Desired survivor size 20112992 bytes, new threshold 8 (max 8)
- age   1:    5940040 bytes,    5940040 total
- age   2:     119496 bytes,    6059536 total
- age   3:     388480 bytes,    6448016 total
- age   4:     309872 bytes,    6757888 total
- age   5:     225352 bytes,    6983240 total
- age   6:    1254408 bytes,    8237648 total
- age   7:     919088 bytes,    9156736 total
- age   8:     524056 bytes,    9680792 total
: 102380K->11802K(109248K), 0.0200322 secs] 136304K->47625K(502464K), 0.0201383 secs] [Times: user=0.05 sys=0.00, real=0.02 secs] 
Heap after GC invocations=36 (full 2):
 par new generation   total 109248K, used 11802K [0x00000007a0000000, 0x00000007a8000000, 0x00000007a8000000)
  eden space 87424K,   0% used [0x00000007a0000000, 0x00000007a0000000, 0x00000007a5560000)
  from space 21824K,  54% used [0x00000007a5560000, 0x00000007a60e68a8, 0x00000007a6ab0000)
  to   space 21824K,   0% used [0x00000007a6ab0000, 0x00000007a6ab0000, 0x00000007a8000000)
 concurrent mark-sweep generation total 393216K, used 35822K [0x00000007a8000000, 0x00000007c0000000, 0x00000007c0000000)
 Metaspace       used 41125K, capacity 42725K, committed 42940K, reserved 1087488K
  class space    used 4889K, capacity 5267K, committed 5372K, reserved 1048576K
}
2018-02-17T17:02:04.475+0800: 254.612: Total time for which application threads were stopped: 0.0204738 seconds, Stopping threads took: 0.0000424 seconds
2018-02-17T17:02:04.476+0800: 254.613: Total time for which application threads were stopped: 0.0003215 seconds, Stopping threads took: 0.0000487 seconds
2018-02-17T17:02:04.478+0800: 254.615: Total time for which application threads were stopped: 0.0002501 seconds, Stopping threads took: 0.0000679 seconds
2018-02-17T17:02:04.484+0800: 254.620: Total time for which application threads were stopped: 0.0001838 seconds, Stopping threads took: 0.0000471 seconds
2018-02-17T17:02:04.494+0800: 254.631: Total time for which application threads were stopped: 0.0002108 seconds, Stopping threads took: 0.0000819 seconds
{Heap before GC invocations=36 (full 2):
 par new generation   total 109248K, used 99226K [0x00000007a0000000, 0x00000007a8000000, 0x00000007a8000000)
  eden space 87424K, 100% used [0x00000007a0000000, 0x00000007a5560000, 0x00000007a5560000)
  from space 21824K,  54% used [0x00000007a5560000, 0x00000007a60e68a8, 0x00000007a6ab0000)
  to   space 21824K,   0% used [0x00000007a6ab0000, 0x00000007a6ab0000, 0x00000007a8000000)
 concurrent mark-sweep generation total 393216K, used 35822K [0x00000007a8000000, 0x00000007c0000000, 0x00000007c0000000)
 Metaspace       used 41133K, capacity 42725K, committed 42940K, reserved 1087488K
  class space    used 4889K, capacity 5267K, committed 5372K, reserved 1048576K
2018-02-17T17:02:04.531+0800: 254.667: [GC (Allocation Failure) 2018-02-17T17:02:04.531+0800: 254.667: [ParNew
Desired survivor size 20112992 bytes, new threshold 8 (max 8)
- age   1:    1268672 bytes,    1268672 total
- age   2:    5484952 bytes,    6753624 total
- age   3:     119496 bytes,    6873120 total
- age   4:     388480 bytes,    7261600 total
- age   5:     309872 bytes,    7571472 total
- age   6:     224448 bytes,    7795920 total
- age   7:    1247616 bytes,    9043536 total
- age   8:     381024 bytes,    9424560 total
: 99226K->14703K(109248K), 0.0138313 secs] 135049K->50976K(502464K), 0.0139031 secs] [Times: user=0.04 sys=0.00, real=0.01 secs] 
Heap after GC invocations=37 (full 2):
 par new generation   total 109248K, used 14703K [0x00000007a0000000, 0x00000007a8000000, 0x00000007a8000000)
  eden space 87424K,   0% used [0x00000007a0000000, 0x00000007a0000000, 0x00000007a5560000)
  from space 21824K,  67% used [0x00000007a6ab0000, 0x00000007a790bc78, 0x00000007a8000000)
  to   space 21824K,   0% used [0x00000007a5560000, 0x00000007a5560000, 0x00000007a6ab0000)
 concurrent mark-sweep generation total 393216K, used 36273K [0x00000007a8000000, 0x00000007c0000000, 0x00000007c0000000)
 Metaspace       used 41133K, capacity 42725K, committed 42940K, reserved 1087488K
  class space    used 4889K, capacity 5267K, committed 5372K, reserved 1048576K
}
2018-02-17T17:02:04.545+0800: 254.681: Total time for which application threads were stopped: 0.0142558 seconds, Stopping threads took: 0.0000762 seconds
2018-02-17T17:02:04.545+0800: 254.682: Total time for which application threads were stopped: 0.0002716 seconds, Stopping threads took: 0.0001175 seconds
2018-02-17T17:02:04.615+0800: 254.752: Total time for which application threads were stopped: 0.0002046 seconds, Stopping threads took: 0.0000878 seconds
2018-02-17T17:02:04.616+0800: 254.753: Total time for which application threads were stopped: 0.0002116 seconds, Stopping threads took: 0.0000947 seconds
2018-02-17T17:02:04.617+0800: 254.754: Total time for which application threads were stopped: 0.0002348 seconds, Stopping threads took: 0.0001101 seconds
2018-02-17T17:02:04.618+0800: 254.754: Total time for which application threads were stopped: 0.0001773 seconds, Stopping threads took: 0.0000662 seconds
2018-02-17T17:02:04.619+0800: 254.755: Total time for which application threads were stopped: 0.0001893 seconds, Stopping threads took: 0.0000786 seconds
2018-02-17T17:02:04.621+0800: 254.757: Total time for which application threads were stopped: 0.0004288 seconds, Stopping threads took: 0.0002673 seconds
2018-02-17T17:02:04.626+0800: 254.763: Total time for which application threads were stopped: 0.0030286 seconds, Stopping threads took: 0.0028568 seconds
2018-02-17T17:02:04.632+0800: 254.769: Total time for which application threads were stopped: 0.0012309 seconds, Stopping threads took: 0.0010747 seconds
2018-02-17T17:02:04.635+0800: 254.771: Total time for which application threads were stopped: 0.0005614 seconds, Stopping threads took: 0.0001095 seconds
{Heap before GC invocations=37 (full 2):
 par new generation   total 109248K, used 102127K [0x00000007a0000000, 0x00000007a8000000, 0x00000007a8000000)
  eden space 87424K, 100% used [0x00000007a0000000, 0x00000007a5560000, 0x00000007a5560000)
  from space 21824K,  67% used [0x00000007a6ab0000, 0x00000007a790bc78, 0x00000007a8000000)
  to   space 21824K,   0% used [0x00000007a5560000, 0x00000007a5560000, 0x00000007a6ab0000)
 concurrent mark-sweep generation total 393216K, used 36273K [0x00000007a8000000, 0x00000007c0000000, 0x00000007c0000000)
 Metaspace       used 41145K, capacity 42731K, committed 42940K, reserved 1087488K
  class space    used 4890K, capacity 5268K, committed 5372K, reserved 1048576K
2018-02-17T17:02:04.637+0800: 254.773: [GC (Allocation Failure) 2018-02-17T17:02:04.637+0800: 254.774: [ParNew
Desired survivor size 20112992 bytes, new threshold 8 (max 8)
- age   1:    1808520 bytes,    1808520 total
- age   2:     703672 bytes,    2512192 total
- age   3:    4596736 bytes,    7108928 total
- age   4:     119496 bytes,    7228424 total
- age   5:     388480 bytes,    7616904 total
- age   6:     309872 bytes,    7926776 total
- age   7:     224448 bytes,    8151224 total
- age   8:    1247616 bytes,    9398840 total
: 102127K->11003K(109248K), 0.0315594 secs] 138400K->47649K(502464K), 0.0316847 secs] [Times: user=0.05 sys=0.00, real=0.03 secs] 
Heap after GC invocations=38 (full 2):
 par new generation   total 109248K, used 11003K [0x00000007a0000000, 0x00000007a8000000, 0x00000007a8000000)
  eden space 87424K,   0% used [0x00000007a0000000, 0x00000007a0000000, 0x00000007a5560000)
  from space 21824K,  50% used [0x00000007a5560000, 0x00000007a601edc0, 0x00000007a6ab0000)
  to   space 21824K,   0% used [0x00000007a6ab0000, 0x00000007a6ab0000, 0x00000007a8000000)
 concurrent mark-sweep generation total 393216K, used 36646K [0x00000007a8000000, 0x00000007c0000000, 0x00000007c0000000)
 Metaspace       used 41145K, capacity 42731K, committed 42940K, reserved 1087488K
  class space    used 4890K, capacity 5268K, committed 5372K, reserved 1048576K
}
2018-02-17T17:02:04.669+0800: 254.805: Total time for which application threads were stopped: 0.0319396 seconds, Stopping threads took: 0.0000288 seconds
{Heap before GC invocations=38 (full 2):
 par new generation   total 109248K, used 98427K [0x00000007a0000000, 0x00000007a8000000, 0x00000007a8000000)
  eden space 87424K, 100% used [0x00000007a0000000, 0x00000007a5560000, 0x00000007a5560000)
  from space 21824K,  50% used [0x00000007a5560000, 0x00000007a601edc0, 0x00000007a6ab0000)
  to   space 21824K,   0% used [0x00000007a6ab0000, 0x00000007a6ab0000, 0x00000007a8000000)
 concurrent mark-sweep generation total 393216K, used 36646K [0x00000007a8000000, 0x00000007c0000000, 0x00000007c0000000)
 Metaspace       used 41230K, capacity 42863K, committed 43196K, reserved 1087488K
  class space    used 4902K, capacity 5290K, committed 5372K, reserved 1048576K
2018-02-17T17:02:04.722+0800: 254.858: [GC (Allocation Failure) 2018-02-17T17:02:04.722+0800: 254.859: [ParNew
Desired survivor size 20112992 bytes, new threshold 8 (max 8)
- age   1:     138888 bytes,     138888 total
- age   2:    1280312 bytes,    1419200 total
- age   3:     626336 bytes,    2045536 total
- age   4:    4522544 bytes,    6568080 total
- age   5:     119496 bytes,    6687576 total
- age   6:     388480 bytes,    7076056 total
- age   7:     309872 bytes,    7385928 total
- age   8:     224448 bytes,    7610376 total
: 98427K->11976K(109248K), 0.0209616 secs] 135073K->49845K(502464K), 0.0210420 secs] [Times: user=0.05 sys=0.01, real=0.02 secs] 
Heap after GC invocations=39 (full 2):
 par new generation   total 109248K, used 11976K [0x00000007a0000000, 0x00000007a8000000, 0x00000007a8000000)
  eden space 87424K,   0% used [0x00000007a0000000, 0x00000007a0000000, 0x00000007a5560000)
  from space 21824K,  54% used [0x00000007a6ab0000, 0x00000007a7662180, 0x00000007a8000000)
  to   space 21824K,   0% used [0x00000007a5560000, 0x00000007a5560000, 0x00000007a6ab0000)
 concurrent mark-sweep generation total 393216K, used 37869K [0x00000007a8000000, 0x00000007c0000000, 0x00000007c0000000)
 Metaspace       used 41230K, capacity 42863K, committed 43196K, reserved 1087488K
  class space    used 4902K, capacity 5290K, committed 5372K, reserved 1048576K
}
2018-02-17T17:02:04.743+0800: 254.880: Total time for which application threads were stopped: 0.0225009 seconds, Stopping threads took: 0.0011542 seconds
{Heap before GC invocations=39 (full 2):
 par new generation   total 109248K, used 99400K [0x00000007a0000000, 0x00000007a8000000, 0x00000007a8000000)
  eden space 87424K, 100% used [0x00000007a0000000, 0x00000007a5560000, 0x00000007a5560000)
  from space 21824K,  54% used [0x00000007a6ab0000, 0x00000007a7662180, 0x00000007a8000000)
  to   space 21824K,   0% used [0x00000007a5560000, 0x00000007a5560000, 0x00000007a6ab0000)
 concurrent mark-sweep generation total 393216K, used 37869K [0x00000007a8000000, 0x00000007c0000000, 0x00000007c0000000)
 Metaspace       used 41279K, capacity 42929K, committed 43196K, reserved 1087488K
  class space    used 4909K, capacity 5301K, committed 5372K, reserved 1048576K
2018-02-17T17:02:04.782+0800: 254.919: [GC (Allocation Failure) 2018-02-17T17:02:04.782+0800: 254.919: [ParNew
Desired survivor size 20112992 bytes, new threshold 8 (max 8)
- age   1:     230592 bytes,     230592 total
- age   2:     108840 bytes,     339432 total
- age   3:    1279136 bytes,    1618568 total
- age   4:     626336 bytes,    2244904 total
- age   5:    4522216 bytes,    6767120 total
- age   6:     119496 bytes,    6886616 total
- age   7:     388480 bytes,    7275096 total
- age   8:     309872 bytes,    7584968 total
: 99400K->9635K(109248K), 0.0145128 secs] 137269K->47726K(502464K), 0.0145909 secs] [Times: user=0.05 sys=0.00, real=0.01 secs] 
Heap after GC invocations=40 (full 2):
 par new generation   total 109248K, used 9635K [0x00000007a0000000, 0x00000007a8000000, 0x00000007a8000000)
  eden space 87424K,   0% used [0x00000007a0000000, 0x00000007a0000000, 0x00000007a5560000)
  from space 21824K,  44% used [0x00000007a5560000, 0x00000007a5ec8ca0, 0x00000007a6ab0000)
  to   space 21824K,   0% used [0x00000007a6ab0000, 0x00000007a6ab0000, 0x00000007a8000000)
 concurrent mark-sweep generation total 393216K, used 38091K [0x00000007a8000000, 0x00000007c0000000, 0x00000007c0000000)
 Metaspace       used 41279K, capacity 42929K, committed 43196K, reserved 1087488K
  class space    used 4909K, capacity 5301K, committed 5372K, reserved 1048576K
}
2018-02-17T17:02:04.797+0800: 254.933: Total time for which application threads were stopped: 0.0148480 seconds, Stopping threads took: 0.0000309 seconds
2018-02-17T17:02:04.890+0800: 255.027: Total time for which application threads were stopped: 0.0001814 seconds, Stopping threads took: 0.0000431 seconds
2018-02-17T17:02:05.895+0800: 256.031: Total time for which application threads were stopped: 0.0003700 seconds, Stopping threads took: 0.0000536 seconds
2018-02-17T17:02:09.921+0800: 260.057: Total time for which application threads were stopped: 0.0002879 seconds, Stopping threads took: 0.0001164 seconds
2018-02-17T17:02:09.922+0800: 260.058: Total time for which application threads were stopped: 0.0001148 seconds, Stopping threads took: 0.0000141 seconds
2018-02-17T17:02:09.922+0800: 260.058: Total time for which application threads were stopped: 0.0000782 seconds, Stopping threads took: 0.0000097 seconds
2018-02-17T17:02:09.922+0800: 260.058: Total time for which application threads were stopped: 0.0000892 seconds, Stopping threads took: 0.0000209 seconds
2018-02-17T17:02:09.922+0800: 260.058: Total time for which application threads were stopped: 0.0000739 seconds, Stopping threads took: 0.0000089 seconds
2018-02-17T17:02:09.922+0800: 260.059: Total time for which application threads were stopped: 0.0000731 seconds, Stopping threads took: 0.0000088 seconds
2018-02-17T17:02:09.922+0800: 260.059: Total time for which application threads were stopped: 0.0000742 seconds, Stopping threads took: 0.0000095 seconds
2018-02-17T17:02:09.922+0800: 260.059: Total time for which application threads were stopped: 0.0000729 seconds, Stopping threads took: 0.0000087 seconds
2018-02-17T17:02:09.922+0800: 260.059: Total time for which application threads were stopped: 0.0000715 seconds, Stopping threads took: 0.0000077 seconds
2018-02-17T17:02:09.927+0800: 260.063: Total time for which application threads were stopped: 0.0002269 seconds, Stopping threads took: 0.0001136 seconds
2018-02-17T17:02:09.927+0800: 260.063: Total time for which application threads were stopped: 0.0000971 seconds, Stopping threads took: 0.0000121 seconds
2018-02-17T17:02:09.927+0800: 260.063: Total time for which application threads were stopped: 0.0000783 seconds, Stopping threads took: 0.0000117 seconds
2018-02-17T17:02:09.927+0800: 260.063: Total time for which application threads were stopped: 0.0000947 seconds, Stopping threads took: 0.0000281 seconds
2018-02-17T17:02:09.927+0800: 260.064: Total time for which application threads were stopped: 0.0001509 seconds, Stopping threads took: 0.0000875 seconds
2018-02-17T17:02:09.927+0800: 260.064: Total time for which application threads were stopped: 0.0001140 seconds, Stopping threads took: 0.0000504 seconds
2018-02-17T17:02:09.927+0800: 260.064: Total time for which application threads were stopped: 0.0000910 seconds, Stopping threads took: 0.0000229 seconds
2018-02-17T17:02:09.928+0800: 260.064: Total time for which application threads were stopped: 0.0000968 seconds, Stopping threads took: 0.0000265 seconds
2018-02-17T17:02:09.928+0800: 260.064: Total time for which application threads were stopped: 0.0000822 seconds, Stopping threads took: 0.0000212 seconds
2018-02-17T17:02:09.928+0800: 260.064: Total time for which application threads were stopped: 0.0000790 seconds, Stopping threads took: 0.0000212 seconds
2018-02-17T17:02:09.928+0800: 260.064: Total time for which application threads were stopped: 0.0001708 seconds, Stopping threads took: 0.0001010 seconds
2018-02-17T17:02:09.928+0800: 260.064: Total time for which application threads were stopped: 0.0000829 seconds, Stopping threads took: 0.0000231 seconds
2018-02-17T17:02:09.928+0800: 260.065: Total time for which application threads were stopped: 0.0000770 seconds, Stopping threads took: 0.0000208 seconds
2018-02-17T17:02:09.928+0800: 260.065: Total time for which application threads were stopped: 0.0001065 seconds, Stopping threads took: 0.0000438 seconds
2018-02-17T17:02:09.929+0800: 260.065: Total time for which application threads were stopped: 0.0001725 seconds, Stopping threads took: 0.0000969 seconds
2018-02-17T17:02:09.929+0800: 260.065: Total time for which application threads were stopped: 0.0000755 seconds, Stopping threads took: 0.0000206 seconds
2018-02-17T17:02:09.929+0800: 260.065: Total time for which application threads were stopped: 0.0000739 seconds, Stopping threads took: 0.0000207 seconds
2018-02-17T17:02:09.929+0800: 260.065: Total time for which application threads were stopped: 0.0000722 seconds, Stopping threads took: 0.0000189 seconds
2018-02-17T17:02:09.929+0800: 260.065: Total time for which application threads were stopped: 0.0000723 seconds, Stopping threads took: 0.0000194 seconds
2018-02-17T17:02:09.929+0800: 260.066: Total time for which application threads were stopped: 0.0002026 seconds, Stopping threads took: 0.0000253 seconds
2018-02-17T17:02:09.932+0800: 260.068: Total time for which application threads were stopped: 0.0000941 seconds, Stopping threads took: 0.0000124 seconds
2018-02-17T17:02:09.932+0800: 260.069: Total time for which application threads were stopped: 0.0000791 seconds, Stopping threads took: 0.0000103 seconds
2018-02-17T17:02:15.937+0800: 266.074: Total time for which application threads were stopped: 0.0002588 seconds, Stopping threads took: 0.0000401 seconds
2018-02-17T17:02:19.943+0800: 270.079: Total time for which application threads were stopped: 0.0001482 seconds, Stopping threads took: 0.0000289 seconds
2018-02-17T17:02:20.944+0800: 271.080: Total time for which application threads were stopped: 0.0001597 seconds, Stopping threads took: 0.0000297 seconds
2018-02-17T17:03:21.649+0800: 331.784: Total time for which application threads were stopped: 0.0001370 seconds, Stopping threads took: 0.0000348 seconds
2018-02-17T17:03:21.656+0800: 331.791: Total time for which application threads were stopped: 0.0001442 seconds, Stopping threads took: 0.0000233 seconds
{Heap before GC invocations=40 (full 2):
 par new generation   total 109248K, used 97059K [0x00000007a0000000, 0x00000007a8000000, 0x00000007a8000000)
  eden space 87424K, 100% used [0x00000007a0000000, 0x00000007a5560000, 0x00000007a5560000)
  from space 21824K,  44% used [0x00000007a5560000, 0x00000007a5ec8ca0, 0x00000007a6ab0000)
  to   space 21824K,   0% used [0x00000007a6ab0000, 0x00000007a6ab0000, 0x00000007a8000000)
 concurrent mark-sweep generation total 393216K, used 38091K [0x00000007a8000000, 0x00000007c0000000, 0x00000007c0000000)
 Metaspace       used 41334K, capacity 42935K, committed 43196K, reserved 1087488K
  class space    used 4910K, capacity 5302K, committed 5372K, reserved 1048576K
2018-02-17T17:03:21.659+0800: 331.793: [GC (Allocation Failure) 2018-02-17T17:03:21.659+0800: 331.794: [ParNew
Desired survivor size 20112992 bytes, new threshold 8 (max 8)
- age   1:    3660640 bytes,    3660640 total
- age   2:     135392 bytes,    3796032 total
- age   3:     108104 bytes,    3904136 total
- age   4:     178616 bytes,    4082752 total
- age   5:     623432 bytes,    4706184 total
- age   6:    2926912 bytes,    7633096 total
- age   7:     119496 bytes,    7752592 total
- age   8:     388448 bytes,    8141040 total
: 97059K->9353K(109248K), 0.0117493 secs] 135150K->47750K(502464K), 0.0121861 secs] [Times: user=0.04 sys=0.00, real=0.02 secs] 
Heap after GC invocations=41 (full 2):
 par new generation   total 109248K, used 9353K [0x00000007a0000000, 0x00000007a8000000, 0x00000007a8000000)
  eden space 87424K,   0% used [0x00000007a0000000, 0x00000007a0000000, 0x00000007a5560000)
  from space 21824K,  42% used [0x00000007a6ab0000, 0x00000007a73d2430, 0x00000007a8000000)
  to   space 21824K,   0% used [0x00000007a5560000, 0x00000007a5560000, 0x00000007a6ab0000)
 concurrent mark-sweep generation total 393216K, used 38397K [0x00000007a8000000, 0x00000007c0000000, 0x00000007c0000000)
 Metaspace       used 41334K, capacity 42935K, committed 43196K, reserved 1087488K
  class space    used 4910K, capacity 5302K, committed 5372K, reserved 1048576K
}
2018-02-17T17:03:21.671+0800: 331.806: Total time for which application threads were stopped: 0.0124326 seconds, Stopping threads took: 0.0000256 seconds
{Heap before GC invocations=41 (full 2):
 par new generation   total 109248K, used 96777K [0x00000007a0000000, 0x00000007a8000000, 0x00000007a8000000)
  eden space 87424K, 100% used [0x00000007a0000000, 0x00000007a5560000, 0x00000007a5560000)
  from space 21824K,  42% used [0x00000007a6ab0000, 0x00000007a73d2430, 0x00000007a8000000)
  to   space 21824K,   0% used [0x00000007a5560000, 0x00000007a5560000, 0x00000007a6ab0000)
 concurrent mark-sweep generation total 393216K, used 38397K [0x00000007a8000000, 0x00000007c0000000, 0x00000007c0000000)
 Metaspace       used 41335K, capacity 42935K, committed 43196K, reserved 1087488K
  class space    used 4910K, capacity 5302K, committed 5372K, reserved 1048576K
2018-02-17T17:03:21.709+0800: 331.844: [GC (Allocation Failure) 2018-02-17T17:03:21.710+0800: 331.844: [ParNew
Desired survivor size 20112992 bytes, new threshold 8 (max 8)
- age   1:     500328 bytes,     500328 total
- age   2:    3540056 bytes,    4040384 total
- age   3:     135392 bytes,    4175776 total
- age   4:     108104 bytes,    4283880 total
- age   5:     178616 bytes,    4462496 total
- age   6:     623432 bytes,    5085928 total
- age   7:    2920584 bytes,    8006512 total
- age   8:     119496 bytes,    8126008 total
: 96777K->10347K(109248K), 0.0217931 secs] 135174K->49126K(502464K), 0.0219219 secs] [Times: user=0.07 sys=0.00, real=0.03 secs] 
Heap after GC invocations=42 (full 2):
 par new generation   total 109248K, used 10347K [0x00000007a0000000, 0x00000007a8000000, 0x00000007a8000000)
  eden space 87424K,   0% used [0x00000007a0000000, 0x00000007a0000000, 0x00000007a5560000)
  from space 21824K,  47% used [0x00000007a5560000, 0x00000007a5f7ac00, 0x00000007a6ab0000)
  to   space 21824K,   0% used [0x00000007a6ab0000, 0x00000007a6ab0000, 0x00000007a8000000)
 concurrent mark-sweep generation total 393216K, used 38779K [0x00000007a8000000, 0x00000007c0000000, 0x00000007c0000000)
 Metaspace       used 41335K, capacity 42935K, committed 43196K, reserved 1087488K
  class space    used 4910K, capacity 5302K, committed 5372K, reserved 1048576K
}
2018-02-17T17:03:21.731+0800: 331.866: Total time for which application threads were stopped: 0.0221924 seconds, Stopping threads took: 0.0000388 seconds
2018-02-17T17:03:21.800+0800: 331.935: Total time for which application threads were stopped: 0.0001536 seconds, Stopping threads took: 0.0000289 seconds
2018-02-17T17:03:21.849+0800: 331.984: Total time for which application threads were stopped: 0.0001829 seconds, Stopping threads took: 0.0000334 seconds
2018-02-17T17:03:21.850+0800: 331.984: Total time for which application threads were stopped: 0.0001485 seconds, Stopping threads took: 0.0000313 seconds
2018-02-17T17:03:21.850+0800: 331.985: Total time for which application threads were stopped: 0.0001228 seconds, Stopping threads took: 0.0000253 seconds
2018-02-17T17:03:21.862+0800: 331.997: Total time for which application threads were stopped: 0.0054105 seconds, Stopping threads took: 0.0051491 seconds
{Heap before GC invocations=42 (full 2):
 par new generation   total 109248K, used 97757K [0x00000007a0000000, 0x00000007a8000000, 0x00000007a8000000)
  eden space 87424K,  99% used [0x00000007a0000000, 0x00000007a555cb18, 0x00000007a5560000)
  from space 21824K,  47% used [0x00000007a5560000, 0x00000007a5f7ac00, 0x00000007a6ab0000)
  to   space 21824K,   0% used [0x00000007a6ab0000, 0x00000007a6ab0000, 0x00000007a8000000)
 concurrent mark-sweep generation total 393216K, used 38779K [0x00000007a8000000, 0x00000007c0000000, 0x00000007c0000000)
 Metaspace       used 41337K, capacity 42935K, committed 43196K, reserved 1087488K
  class space    used 4910K, capacity 5302K, committed 5372K, reserved 1048576K
2018-02-17T17:03:21.882+0800: 332.016: [GC (Allocation Failure) 2018-02-17T17:03:21.882+0800: 332.016: [ParNew
Desired survivor size 20112992 bytes, new threshold 8 (max 8)
- age   1:    1391304 bytes,    1391304 total
- age   2:      82032 bytes,    1473336 total
- age   3:    2830176 bytes,    4303512 total
- age   4:     135392 bytes,    4438904 total
- age   5:     108104 bytes,    4547008 total
- age   6:     178616 bytes,    4725624 total
- age   7:     623432 bytes,    5349056 total
- age   8:    2920112 bytes,    8269168 total
: 97757K->10575K(109248K), 0.0378826 secs] 136537K->49474K(502464K), 0.0379814 secs] [Times: user=0.04 sys=0.00, real=0.04 secs] 
Heap after GC invocations=43 (full 2):
 par new generation   total 109248K, used 10575K [0x00000007a0000000, 0x00000007a8000000, 0x00000007a8000000)
  eden space 87424K,   0% used [0x00000007a0000000, 0x00000007a0000000, 0x00000007a5560000)
  from space 21824K,  48% used [0x00000007a6ab0000, 0x00000007a7503ed0, 0x00000007a8000000)
  to   space 21824K,   0% used [0x00000007a5560000, 0x00000007a5560000, 0x00000007a6ab0000)
 concurrent mark-sweep generation total 393216K, used 38898K [0x00000007a8000000, 0x00000007c0000000, 0x00000007c0000000)
 Metaspace       used 41337K, capacity 42935K, committed 43196K, reserved 1087488K
  class space    used 4910K, capacity 5302K, committed 5372K, reserved 1048576K
}
2018-02-17T17:03:21.920+0800: 332.054: Total time for which application threads were stopped: 0.0423490 seconds, Stopping threads took: 0.0041315 seconds
{Heap before GC invocations=43 (full 2):
 par new generation   total 109248K, used 97985K [0x00000007a0000000, 0x00000007a8000000, 0x00000007a8000000)
  eden space 87424K,  99% used [0x00000007a0000000, 0x00000007a555c590, 0x00000007a5560000)
  from space 21824K,  48% used [0x00000007a6ab0000, 0x00000007a7503ed0, 0x00000007a8000000)
  to   space 21824K,   0% used [0x00000007a5560000, 0x00000007a5560000, 0x00000007a6ab0000)
 concurrent mark-sweep generation total 393216K, used 38898K [0x00000007a8000000, 0x00000007c0000000, 0x00000007c0000000)
 Metaspace       used 41407K, capacity 43101K, committed 43196K, reserved 1087488K
  class space    used 4919K, capacity 5319K, committed 5372K, reserved 1048576K
2018-02-17T17:03:21.966+0800: 332.101: [GC (Allocation Failure) 2018-02-17T17:03:21.966+0800: 332.101: [ParNew
Desired survivor size 20112992 bytes, new threshold 8 (max 8)
- age   1:    2106104 bytes,    2106104 total
- age   2:    1375320 bytes,    3481424 total
- age   3:      82032 bytes,    3563456 total
- age   4:    2828480 bytes,    6391936 total
- age   5:     135392 bytes,    6527328 total
- age   6:     108104 bytes,    6635432 total
- age   7:     178616 bytes,    6814048 total
- age   8:     615736 bytes,    7429784 total
: 97985K->9457K(109248K), 0.0644288 secs] 136883K->51215K(502464K), 0.0645054 secs] [Times: user=0.07 sys=0.00, real=0.07 secs] 
Heap after GC invocations=44 (full 2):
 par new generation   total 109248K, used 9457K [0x00000007a0000000, 0x00000007a8000000, 0x00000007a8000000)
  eden space 87424K,   0% used [0x00000007a0000000, 0x00000007a0000000, 0x00000007a5560000)
  from space 21824K,  43% used [0x00000007a5560000, 0x00000007a5e9c618, 0x00000007a6ab0000)
  to   space 21824K,   0% used [0x00000007a6ab0000, 0x00000007a6ab0000, 0x00000007a8000000)
 concurrent mark-sweep generation total 393216K, used 41757K [0x00000007a8000000, 0x00000007c0000000, 0x00000007c0000000)
 Metaspace       used 41407K, capacity 43101K, committed 43196K, reserved 1087488K
  class space    used 4919K, capacity 5319K, committed 5372K, reserved 1048576K
}
2018-02-17T17:03:22.031+0800: 332.165: Total time for which application threads were stopped: 0.0648412 seconds, Stopping threads took: 0.0000772 seconds
2018-02-17T17:03:22.031+0800: 332.166: Total time for which application threads were stopped: 0.0005971 seconds, Stopping threads took: 0.0004561 seconds
2018-02-17T17:03:22.032+0800: 332.167: Total time for which application threads were stopped: 0.0006258 seconds, Stopping threads took: 0.0005005 seconds
2018-02-17T17:03:22.038+0800: 332.172: Total time for which application threads were stopped: 0.0002390 seconds, Stopping threads took: 0.0000886 seconds
{Heap before GC invocations=44 (full 2):
 par new generation   total 109248K, used 96881K [0x00000007a0000000, 0x00000007a8000000, 0x00000007a8000000)
  eden space 87424K, 100% used [0x00000007a0000000, 0x00000007a5560000, 0x00000007a5560000)
  from space 21824K,  43% used [0x00000007a5560000, 0x00000007a5e9c618, 0x00000007a6ab0000)
  to   space 21824K,   0% used [0x00000007a6ab0000, 0x00000007a6ab0000, 0x00000007a8000000)
 concurrent mark-sweep generation total 393216K, used 41757K [0x00000007a8000000, 0x00000007c0000000, 0x00000007c0000000)
 Metaspace       used 41409K, capacity 43101K, committed 43196K, reserved 1087488K
  class space    used 4919K, capacity 5319K, committed 5372K, reserved 1048576K
2018-02-17T17:03:22.058+0800: 332.193: [GC (Allocation Failure) 2018-02-17T17:03:22.058+0800: 332.193: [ParNew
Desired survivor size 20112992 bytes, new threshold 8 (max 8)
- age   1:    1111456 bytes,    1111456 total
- age   2:    1352664 bytes,    2464120 total
- age   3:    1374768 bytes,    3838888 total
- age   4:      82032 bytes,    3920920 total
- age   5:    2828264 bytes,    6749184 total
- age   6:     135392 bytes,    6884576 total
- age   7:     108104 bytes,    6992680 total
- age   8:     178616 bytes,    7171296 total
: 96881K->8486K(109248K), 0.0443686 secs] 138639K->50847K(502464K), 0.0444665 secs] [Times: user=0.04 sys=0.00, real=0.05 secs] 
Heap after GC invocations=45 (full 2):
 par new generation   total 109248K, used 8486K [0x00000007a0000000, 0x00000007a8000000, 0x00000007a8000000)
  eden space 87424K,   0% used [0x00000007a0000000, 0x00000007a0000000, 0x00000007a5560000)
  from space 21824K,  38% used [0x00000007a6ab0000, 0x00000007a72f9978, 0x00000007a8000000)
  to   space 21824K,   0% used [0x00000007a5560000, 0x00000007a5560000, 0x00000007a6ab0000)
 concurrent mark-sweep generation total 393216K, used 42361K [0x00000007a8000000, 0x00000007c0000000, 0x00000007c0000000)
 Metaspace       used 41409K, capacity 43101K, committed 43196K, reserved 1087488K
  class space    used 4919K, capacity 5319K, committed 5372K, reserved 1048576K
}
2018-02-17T17:03:22.103+0800: 332.237: Total time for which application threads were stopped: 0.0447326 seconds, Stopping threads took: 0.0000420 seconds
{Heap before GC invocations=45 (full 2):
 par new generation   total 109248K, used 95910K [0x00000007a0000000, 0x00000007a8000000, 0x00000007a8000000)
  eden space 87424K, 100% used [0x00000007a0000000, 0x00000007a5560000, 0x00000007a5560000)
  from space 21824K,  38% used [0x00000007a6ab0000, 0x00000007a72f9978, 0x00000007a8000000)
  to   space 21824K,   0% used [0x00000007a5560000, 0x00000007a5560000, 0x00000007a6ab0000)
 concurrent mark-sweep generation total 393216K, used 42361K [0x00000007a8000000, 0x00000007c0000000, 0x00000007c0000000)
 Metaspace       used 41410K, capacity 43101K, committed 43196K, reserved 1087488K
  class space    used 4919K, capacity 5319K, committed 5372K, reserved 1048576K
2018-02-17T17:03:22.150+0800: 332.284: [GC (Allocation Failure) 2018-02-17T17:03:22.150+0800: 332.285: [ParNew
Desired survivor size 20112992 bytes, new threshold 8 (max 8)
- age   1:    1177040 bytes,    1177040 total
- age   2:     727248 bytes,    1904288 total
- age   3:    1342920 bytes,    3247208 total
- age   4:    1374544 bytes,    4621752 total
- age   5:      82032 bytes,    4703784 total
- age   6:    2828264 bytes,    7532048 total
- age   7:     135392 bytes,    7667440 total
- age   8:     108104 bytes,    7775544 total
: 95910K->10841K(109248K), 0.0309935 secs] 138271K->53378K(502464K), 0.0312162 secs] [Times: user=0.04 sys=0.00, real=0.03 secs] 
Heap after GC invocations=46 (full 2):
 par new generation   total 109248K, used 10841K [0x00000007a0000000, 0x00000007a8000000, 0x00000007a8000000)
  eden space 87424K,   0% used [0x00000007a0000000, 0x00000007a0000000, 0x00000007a5560000)
  from space 21824K,  49% used [0x00000007a5560000, 0x00000007a5ff67a0, 0x00000007a6ab0000)
  to   space 21824K,   0% used [0x00000007a6ab0000, 0x00000007a6ab0000, 0x00000007a8000000)
 concurrent mark-sweep generation total 393216K, used 42536K [0x00000007a8000000, 0x00000007c0000000, 0x00000007c0000000)
 Metaspace       used 41410K, capacity 43101K, committed 43196K, reserved 1087488K
  class space    used 4919K, capacity 5319K, committed 5372K, reserved 1048576K
}
2018-02-17T17:03:22.181+0800: 332.316: Total time for which application threads were stopped: 0.0318220 seconds, Stopping threads took: 0.0003009 seconds
2018-02-17T17:03:22.235+0800: 332.369: Total time for which application threads were stopped: 0.0108190 seconds, Stopping threads took: 0.0106653 seconds
{Heap before GC invocations=46 (full 2):
 par new generation   total 109248K, used 98265K [0x00000007a0000000, 0x00000007a8000000, 0x00000007a8000000)
  eden space 87424K, 100% used [0x00000007a0000000, 0x00000007a5560000, 0x00000007a5560000)
  from space 21824K,  49% used [0x00000007a5560000, 0x00000007a5ff67a0, 0x00000007a6ab0000)
  to   space 21824K,   0% used [0x00000007a6ab0000, 0x00000007a6ab0000, 0x00000007a8000000)
 concurrent mark-sweep generation total 393216K, used 42536K [0x00000007a8000000, 0x00000007c0000000, 0x00000007c0000000)
 Metaspace       used 41412K, capacity 43101K, committed 43196K, reserved 1087488K
  class space    used 4919K, capacity 5319K, committed 5372K, reserved 1048576K
2018-02-17T17:03:22.256+0800: 332.391: [GC (Allocation Failure) 2018-02-17T17:03:22.256+0800: 332.391: [ParNew
Desired survivor size 20112992 bytes, new threshold 8 (max 8)
- age   1:    1477216 bytes,    1477216 total
- age   2:     696568 bytes,    2173784 total
- age   3:     727088 bytes,    2900872 total
- age   4:    1342920 bytes,    4243792 total
- age   5:     835440 bytes,    5079232 total
- age   6:      82032 bytes,    5161264 total
- age   7:    2828264 bytes,    7989528 total
- age   8:     135392 bytes,    8124920 total
: 98265K->9891K(109248K), 0.0495411 secs] 140802K->52537K(502464K), 0.0496145 secs] [Times: user=0.07 sys=0.00, real=0.05 secs] 
Heap after GC invocations=47 (full 2):
 par new generation   total 109248K, used 9891K [0x00000007a0000000, 0x00000007a8000000, 0x00000007a8000000)
  eden space 87424K,   0% used [0x00000007a0000000, 0x00000007a0000000, 0x00000007a5560000)
  from space 21824K,  45% used [0x00000007a6ab0000, 0x00000007a7458ed0, 0x00000007a8000000)
  to   space 21824K,   0% used [0x00000007a5560000, 0x00000007a5560000, 0x00000007a6ab0000)
 concurrent mark-sweep generation total 393216K, used 42646K [0x00000007a8000000, 0x00000007c0000000, 0x00000007c0000000)
 Metaspace       used 41412K, capacity 43101K, committed 43196K, reserved 1087488K
  class space    used 4919K, capacity 5319K, committed 5372K, reserved 1048576K
}
2018-02-17T17:03:22.306+0800: 332.441: Total time for which application threads were stopped: 0.0608881 seconds, Stopping threads took: 0.0110239 seconds
2018-02-17T17:03:22.339+0800: 332.474: Total time for which application threads were stopped: 0.0002244 seconds, Stopping threads took: 0.0000757 seconds
{Heap before GC invocations=47 (full 2):
 par new generation   total 109248K, used 97315K [0x00000007a0000000, 0x00000007a8000000, 0x00000007a8000000)
  eden space 87424K, 100% used [0x00000007a0000000, 0x00000007a5560000, 0x00000007a5560000)
  from space 21824K,  45% used [0x00000007a6ab0000, 0x00000007a7458ed0, 0x00000007a8000000)
  to   space 21824K,   0% used [0x00000007a5560000, 0x00000007a5560000, 0x00000007a6ab0000)
 concurrent mark-sweep generation total 393216K, used 42646K [0x00000007a8000000, 0x00000007c0000000, 0x00000007c0000000)
 Metaspace       used 41418K, capacity 43101K, committed 43196K, reserved 1087488K
  class space    used 4919K, capacity 5319K, committed 5372K, reserved 1048576K
2018-02-17T17:03:22.407+0800: 332.541: [GC (Allocation Failure) 2018-02-17T17:03:22.407+0800: 332.541: [ParNew
Desired survivor size 20112992 bytes, new threshold 8 (max 8)
- age   1:     793120 bytes,     793120 total
- age   2:     520552 bytes,    1313672 total
- age   3:     694976 bytes,    2008648 total
- age   4:     175544 bytes,    2184192 total
- age   5:    1342216 bytes,    3526408 total
- age   6:     835440 bytes,    4361848 total
- age   7:      82032 bytes,    4443880 total
- age   8:    2828360 bytes,    7272240 total
: 97315K->10574K(109248K), 0.0404417 secs] 139961K->53356K(502464K), 0.0405444 secs] [Times: user=0.05 sys=0.00, real=0.04 secs] 
Heap after GC invocations=48 (full 2):
 par new generation   total 109248K, used 10574K [0x00000007a0000000, 0x00000007a8000000, 0x00000007a8000000)
  eden space 87424K,   0% used [0x00000007a0000000, 0x00000007a0000000, 0x00000007a5560000)
  from space 21824K,  48% used [0x00000007a5560000, 0x00000007a5fb3bd0, 0x00000007a6ab0000)
  to   space 21824K,   0% used [0x00000007a6ab0000, 0x00000007a6ab0000, 0x00000007a8000000)
 concurrent mark-sweep generation total 393216K, used 42781K [0x00000007a8000000, 0x00000007c0000000, 0x00000007c0000000)
 Metaspace       used 41418K, capacity 43101K, committed 43196K, reserved 1087488K
  class space    used 4919K, capacity 5319K, committed 5372K, reserved 1048576K
}
2018-02-17T17:03:22.447+0800: 332.582: Total time for which application threads were stopped: 0.0518899 seconds, Stopping threads took: 0.0110854 seconds
2018-02-17T17:03:22.448+0800: 332.582: Total time for which application threads were stopped: 0.0001338 seconds, Stopping threads took: 0.0000168 seconds
2018-02-17T17:03:22.494+0800: 332.628: Total time for which application threads were stopped: 0.0002482 seconds, Stopping threads took: 0.0000411 seconds
2018-02-17T17:03:27.496+0800: 337.630: Total time for which application threads were stopped: 0.0004513 seconds, Stopping threads took: 0.0001722 seconds
2018-02-17T17:03:27.497+0800: 337.632: Total time for which application threads were stopped: 0.0002307 seconds, Stopping threads took: 0.0000640 seconds
2018-02-17T17:03:27.498+0800: 337.632: Total time for which application threads were stopped: 0.0002266 seconds, Stopping threads took: 0.0000932 seconds
2018-02-17T17:03:27.498+0800: 337.632: Total time for which application threads were stopped: 0.0002367 seconds, Stopping threads took: 0.0000280 seconds
2018-02-17T17:03:27.499+0800: 337.633: Total time for which application threads were stopped: 0.0002119 seconds, Stopping threads took: 0.0000289 seconds
2018-02-17T17:03:27.499+0800: 337.633: Total time for which application threads were stopped: 0.0001690 seconds, Stopping threads took: 0.0000464 seconds
2018-02-17T17:03:27.499+0800: 337.633: Total time for which application threads were stopped: 0.0002132 seconds, Stopping threads took: 0.0000992 seconds
2018-02-17T17:03:27.499+0800: 337.634: Total time for which application threads were stopped: 0.0001748 seconds, Stopping threads took: 0.0000442 seconds
2018-02-17T17:03:27.500+0800: 337.634: Total time for which application threads were stopped: 0.0001480 seconds, Stopping threads took: 0.0000371 seconds
2018-02-17T17:03:27.512+0800: 337.646: Total time for which application threads were stopped: 0.0001519 seconds, Stopping threads took: 0.0000228 seconds
2018-02-17T17:03:27.512+0800: 337.646: Total time for which application threads were stopped: 0.0001026 seconds, Stopping threads took: 0.0000120 seconds
2018-02-17T17:03:29.515+0800: 339.649: Total time for which application threads were stopped: 0.0002382 seconds, Stopping threads took: 0.0000432 seconds
2018-02-17T17:03:32.480+0800: 342.614: Total time for which application threads were stopped: 0.0003096 seconds, Stopping threads took: 0.0000638 seconds
2018-02-17T17:03:32.481+0800: 342.616: Total time for which application threads were stopped: 0.0001681 seconds, Stopping threads took: 0.0000223 seconds
2018-02-17T17:03:32.482+0800: 342.616: Total time for which application threads were stopped: 0.0001184 seconds, Stopping threads took: 0.0000144 seconds
2018-02-17T17:03:32.482+0800: 342.616: Total time for which application threads were stopped: 0.0001232 seconds, Stopping threads took: 0.0000187 seconds
2018-02-17T17:03:32.482+0800: 342.616: Total time for which application threads were stopped: 0.0001147 seconds, Stopping threads took: 0.0000141 seconds
2018-02-17T17:03:32.482+0800: 342.616: Total time for which application threads were stopped: 0.0001129 seconds, Stopping threads took: 0.0000138 seconds
2018-02-17T17:03:32.482+0800: 342.616: Total time for which application threads were stopped: 0.0001120 seconds, Stopping threads took: 0.0000133 seconds
2018-02-17T17:03:32.482+0800: 342.617: Total time for which application threads were stopped: 0.0001308 seconds, Stopping threads took: 0.0000182 seconds
2018-02-17T17:03:32.483+0800: 342.617: Total time for which application threads were stopped: 0.0001026 seconds, Stopping threads took: 0.0000089 seconds
2018-02-17T17:03:32.495+0800: 342.629: Total time for which application threads were stopped: 0.0001681 seconds, Stopping threads took: 0.0000422 seconds
2018-02-17T17:03:32.495+0800: 342.630: Total time for which application threads were stopped: 0.0001286 seconds, Stopping threads took: 0.0000335 seconds
2018-02-17T17:03:32.501+0800: 342.635: Total time for which application threads were stopped: 0.0001992 seconds, Stopping threads took: 0.0000447 seconds
2018-02-17T17:03:32.501+0800: 342.636: Total time for which application threads were stopped: 0.0002371 seconds, Stopping threads took: 0.0001053 seconds
2018-02-17T17:03:32.505+0800: 342.640: Total time for which application threads were stopped: 0.0002160 seconds, Stopping threads took: 0.0000864 seconds
2018-02-17T17:03:32.507+0800: 342.641: Total time for which application threads were stopped: 0.0002245 seconds, Stopping threads took: 0.0000448 seconds
2018-02-17T17:03:32.514+0800: 342.648: Total time for which application threads were stopped: 0.0002589 seconds, Stopping threads took: 0.0000721 seconds
2018-02-17T17:03:32.514+0800: 342.649: Total time for which application threads were stopped: 0.0002150 seconds, Stopping threads took: 0.0000447 seconds
2018-02-17T17:03:32.515+0800: 342.649: Total time for which application threads were stopped: 0.0001617 seconds, Stopping threads took: 0.0000316 seconds
{Heap before GC invocations=48 (full 2):
 par new generation   total 109248K, used 97998K [0x00000007a0000000, 0x00000007a8000000, 0x00000007a8000000)
  eden space 87424K, 100% used [0x00000007a0000000, 0x00000007a5560000, 0x00000007a5560000)
  from space 21824K,  48% used [0x00000007a5560000, 0x00000007a5fb3bd0, 0x00000007a6ab0000)
  to   space 21824K,   0% used [0x00000007a6ab0000, 0x00000007a6ab0000, 0x00000007a8000000)
 concurrent mark-sweep generation total 393216K, used 42781K [0x00000007a8000000, 0x00000007c0000000, 0x00000007c0000000)
 Metaspace       used 41444K, capacity 43169K, committed 43452K, reserved 1087488K
  class space    used 4919K, capacity 5319K, committed 5372K, reserved 1048576K
2018-02-17T17:03:32.530+0800: 342.664: [GC (Allocation Failure) 2018-02-17T17:03:32.530+0800: 342.664: [ParNew
Desired survivor size 20112992 bytes, new threshold 8 (max 8)
- age   1:    2127464 bytes,    2127464 total
- age   2:     596160 bytes,    2723624 total
- age   3:     520552 bytes,    3244176 total
- age   4:     143608 bytes,    3387784 total
- age   5:     174016 bytes,    3561800 total
- age   6:    1306392 bytes,    4868192 total
- age   7:     711624 bytes,    5579816 total
- age   8:      82032 bytes,    5661848 total
: 97998K->8851K(109248K), 0.0307457 secs] 140780K->54395K(502464K), 0.0308337 secs] [Times: user=0.06 sys=0.00, real=0.03 secs] 
Heap after GC invocations=49 (full 2):
 par new generation   total 109248K, used 8851K [0x00000007a0000000, 0x00000007a8000000, 0x00000007a8000000)
  eden space 87424K,   0% used [0x00000007a0000000, 0x00000007a0000000, 0x00000007a5560000)
  from space 21824K,  40% used [0x00000007a6ab0000, 0x00000007a7354d00, 0x00000007a8000000)
  to   space 21824K,   0% used [0x00000007a5560000, 0x00000007a5560000, 0x00000007a6ab0000)
 concurrent mark-sweep generation total 393216K, used 45544K [0x00000007a8000000, 0x00000007c0000000, 0x00000007c0000000)
 Metaspace       used 41444K, capacity 43169K, committed 43452K, reserved 1087488K
  class space    used 4919K, capacity 5319K, committed 5372K, reserved 1048576K
}
2018-02-17T17:03:32.561+0800: 342.695: Total time for which application threads were stopped: 0.0311903 seconds, Stopping threads took: 0.0000658 seconds
2018-02-17T17:03:32.570+0800: 342.704: Total time for which application threads were stopped: 0.0001946 seconds, Stopping threads took: 0.0000441 seconds
{Heap before GC invocations=49 (full 2):
 par new generation   total 109248K, used 96275K [0x00000007a0000000, 0x00000007a8000000, 0x00000007a8000000)
  eden space 87424K, 100% used [0x00000007a0000000, 0x00000007a5560000, 0x00000007a5560000)
  from space 21824K,  40% used [0x00000007a6ab0000, 0x00000007a7354d00, 0x00000007a8000000)
  to   space 21824K,   0% used [0x00000007a5560000, 0x00000007a5560000, 0x00000007a6ab0000)
 concurrent mark-sweep generation total 393216K, used 45544K [0x00000007a8000000, 0x00000007c0000000, 0x00000007c0000000)
 Metaspace       used 41468K, capacity 43239K, committed 43452K, reserved 1087488K
  class space    used 4920K, capacity 5320K, committed 5372K, reserved 1048576K
2018-02-17T17:03:32.618+0800: 342.752: [GC (Allocation Failure) 2018-02-17T17:03:32.618+0800: 342.752: [ParNew
Desired survivor size 20112992 bytes, new threshold 8 (max 8)
- age   1:    1114184 bytes,    1114184 total
- age   2:    1832784 bytes,    2946968 total
- age   3:     596160 bytes,    3543128 total
- age   4:     520552 bytes,    4063680 total
- age   5:     143632 bytes,    4207312 total
- age   6:     174016 bytes,    4381328 total
- age   7:    1298560 bytes,    5679888 total
- age   8:     711600 bytes,    6391488 total
: 96275K->7466K(109248K), 0.0150226 secs] 141819K->53092K(502464K), 0.0151101 secs] [Times: user=0.03 sys=0.00, real=0.02 secs] 
Heap after GC invocations=50 (full 2):
 par new generation   total 109248K, used 7466K [0x00000007a0000000, 0x00000007a8000000, 0x00000007a8000000)
  eden space 87424K,   0% used [0x00000007a0000000, 0x00000007a0000000, 0x00000007a5560000)
  from space 21824K,  34% used [0x00000007a5560000, 0x00000007a5caa840, 0x00000007a6ab0000)
  to   space 21824K,   0% used [0x00000007a6ab0000, 0x00000007a6ab0000, 0x00000007a8000000)
 concurrent mark-sweep generation total 393216K, used 45626K [0x00000007a8000000, 0x00000007c0000000, 0x00000007c0000000)
 Metaspace       used 41468K, capacity 43239K, committed 43452K, reserved 1087488K
  class space    used 4920K, capacity 5320K, committed 5372K, reserved 1048576K
}
2018-02-17T17:03:32.633+0800: 342.767: Total time for which application threads were stopped: 0.0154647 seconds, Stopping threads took: 0.0001270 seconds
2018-02-17T17:03:32.635+0800: 342.769: Total time for which application threads were stopped: 0.0006109 seconds, Stopping threads took: 0.0002545 seconds
{Heap before GC invocations=50 (full 2):
 par new generation   total 109248K, used 94890K [0x00000007a0000000, 0x00000007a8000000, 0x00000007a8000000)
  eden space 87424K, 100% used [0x00000007a0000000, 0x00000007a5560000, 0x00000007a5560000)
  from space 21824K,  34% used [0x00000007a5560000, 0x00000007a5caa840, 0x00000007a6ab0000)
  to   space 21824K,   0% used [0x00000007a6ab0000, 0x00000007a6ab0000, 0x00000007a8000000)
 concurrent mark-sweep generation total 393216K, used 45626K [0x00000007a8000000, 0x00000007c0000000, 0x00000007c0000000)
 Metaspace       used 41474K, capacity 43245K, committed 43452K, reserved 1087488K
  class space    used 4920K, capacity 5321K, committed 5372K, reserved 1048576K
2018-02-17T17:03:32.669+0800: 342.803: [GC (Allocation Failure) 2018-02-17T17:03:32.669+0800: 342.803: [ParNew
Desired survivor size 20112992 bytes, new threshold 8 (max 8)
- age   1:     871440 bytes,     871440 total
- age   2:     729648 bytes,    1601088 total
- age   3:    1483368 bytes,    3084456 total
- age   4:     596160 bytes,    3680616 total
- age   5:     520552 bytes,    4201168 total
- age   6:     143608 bytes,    4344776 total
- age   7:     174016 bytes,    4518792 total
- age   8:    1298560 bytes,    5817352 total
: 94890K->7955K(109248K), 0.0140302 secs] 140516K->54284K(502464K), 0.0141414 secs] [Times: user=0.03 sys=0.01, real=0.02 secs] 
Heap after GC invocations=51 (full 2):
 par new generation   total 109248K, used 7955K [0x00000007a0000000, 0x00000007a8000000, 0x00000007a8000000)
  eden space 87424K,   0% used [0x00000007a0000000, 0x00000007a0000000, 0x00000007a5560000)
  from space 21824K,  36% used [0x00000007a6ab0000, 0x00000007a7274ca0, 0x00000007a8000000)
  to   space 21824K,   0% used [0x00000007a5560000, 0x00000007a5560000, 0x00000007a6ab0000)
 concurrent mark-sweep generation total 393216K, used 46329K [0x00000007a8000000, 0x00000007c0000000, 0x00000007c0000000)
 Metaspace       used 41474K, capacity 43245K, committed 43452K, reserved 1087488K
  class space    used 4920K, capacity 5321K, committed 5372K, reserved 1048576K
}
2018-02-17T17:03:32.683+0800: 342.818: Total time for which application threads were stopped: 0.0145065 seconds, Stopping threads took: 0.0001223 seconds
2018-02-17T17:03:32.762+0800: 342.896: Total time for which application threads were stopped: 0.0001258 seconds, Stopping threads took: 0.0000185 seconds
2018-02-17T17:03:32.806+0800: 342.941: Total time for which application threads were stopped: 0.0003747 seconds, Stopping threads took: 0.0000340 seconds
{Heap before GC invocations=51 (full 2):
 par new generation   total 109248K, used 95379K [0x00000007a0000000, 0x00000007a8000000, 0x00000007a8000000)
  eden space 87424K, 100% used [0x00000007a0000000, 0x00000007a5560000, 0x00000007a5560000)
  from space 21824K,  36% used [0x00000007a6ab0000, 0x00000007a7274ca0, 0x00000007a8000000)
  to   space 21824K,   0% used [0x00000007a5560000, 0x00000007a5560000, 0x00000007a6ab0000)
 concurrent mark-sweep generation total 393216K, used 46329K [0x00000007a8000000, 0x00000007c0000000, 0x00000007c0000000)
 Metaspace       used 41486K, capacity 43245K, committed 43452K, reserved 1087488K
  class space    used 4920K, capacity 5321K, committed 5372K, reserved 1048576K
2018-02-17T17:03:32.814+0800: 342.948: [GC (Allocation Failure) 2018-02-17T17:03:32.814+0800: 342.948: [ParNew
Desired survivor size 20112992 bytes, new threshold 8 (max 8)
- age   1:    1292144 bytes,    1292144 total
- age   2:     162680 bytes,    1454824 total
- age   3:     716984 bytes,    2171808 total
- age   4:     942056 bytes,    3113864 total
- age   5:     596160 bytes,    3710024 total
- age   6:     520552 bytes,    4230576 total
- age   7:     143608 bytes,    4374184 total
- age   8:     174016 bytes,    4548200 total
: 95379K->6048K(109248K), 0.0094232 secs] 141708K->53651K(502464K), 0.0095040 secs] [Times: user=0.03 sys=0.00, real=0.01 secs] 
Heap after GC invocations=52 (full 2):
 par new generation   total 109248K, used 6048K [0x00000007a0000000, 0x00000007a8000000, 0x00000007a8000000)
  eden space 87424K,   0% used [0x00000007a0000000, 0x00000007a0000000, 0x00000007a5560000)
  from space 21824K,  27% used [0x00000007a5560000, 0x00000007a5b48188, 0x00000007a6ab0000)
  to   space 21824K,   0% used [0x00000007a6ab0000, 0x00000007a6ab0000, 0x00000007a8000000)
 concurrent mark-sweep generation total 393216K, used 47603K [0x00000007a8000000, 0x00000007c0000000, 0x00000007c0000000)
 Metaspace       used 41486K, capacity 43245K, committed 43452K, reserved 1087488K
  class space    used 4920K, capacity 5321K, committed 5372K, reserved 1048576K
}
2018-02-17T17:03:32.823+0800: 342.957: Total time for which application threads were stopped: 0.0097266 seconds, Stopping threads took: 0.0000203 seconds
2018-02-17T17:03:33.827+0800: 343.962: Total time for which application threads were stopped: 0.0002922 seconds, Stopping threads took: 0.0000453 seconds
2018-02-17T17:03:37.840+0800: 347.974: Total time for which application threads were stopped: 0.0005676 seconds, Stopping threads took: 0.0002788 seconds
2018-02-17T17:03:37.841+0800: 347.975: Total time for which application threads were stopped: 0.0001928 seconds, Stopping threads took: 0.0000329 seconds
2018-02-17T17:03:37.841+0800: 347.975: Total time for which application threads were stopped: 0.0001671 seconds, Stopping threads took: 0.0000200 seconds
2018-02-17T17:03:37.841+0800: 347.976: Total time for which application threads were stopped: 0.0001184 seconds, Stopping threads took: 0.0000126 seconds
2018-02-17T17:03:37.842+0800: 347.976: Total time for which application threads were stopped: 0.0000767 seconds, Stopping threads took: 0.0000098 seconds
2018-02-17T17:03:37.842+0800: 347.976: Total time for which application threads were stopped: 0.0000756 seconds, Stopping threads took: 0.0000100 seconds
2018-02-17T17:03:37.842+0800: 347.976: Total time for which application threads were stopped: 0.0000743 seconds, Stopping threads took: 0.0000094 seconds
2018-02-17T17:03:37.842+0800: 347.976: Total time for which application threads were stopped: 0.0000750 seconds, Stopping threads took: 0.0000100 seconds
2018-02-17T17:03:37.842+0800: 347.976: Total time for which application threads were stopped: 0.0000720 seconds, Stopping threads took: 0.0000077 seconds
2018-02-17T17:03:37.850+0800: 347.984: Total time for which application threads were stopped: 0.0001289 seconds, Stopping threads took: 0.0000215 seconds
2018-02-17T17:03:37.850+0800: 347.984: Total time for which application threads were stopped: 0.0000900 seconds, Stopping threads took: 0.0000148 seconds
2018-02-17T17:03:38.851+0800: 348.985: Total time for which application threads were stopped: 0.0007603 seconds, Stopping threads took: 0.0001010 seconds
2018-02-17T17:03:46.872+0800: 357.005: Total time for which application threads were stopped: 0.0002799 seconds, Stopping threads took: 0.0000648 seconds
2018-02-17T17:03:53.854+0800: 363.988: Total time for which application threads were stopped: 0.0001181 seconds, Stopping threads took: 0.0000243 seconds
{Heap before GC invocations=52 (full 2):
 par new generation   total 109248K, used 93462K [0x00000007a0000000, 0x00000007a8000000, 0x00000007a8000000)
  eden space 87424K,  99% used [0x00000007a0000000, 0x00000007a555d710, 0x00000007a5560000)
  from space 21824K,  27% used [0x00000007a5560000, 0x00000007a5b48188, 0x00000007a6ab0000)
  to   space 21824K,   0% used [0x00000007a6ab0000, 0x00000007a6ab0000, 0x00000007a8000000)
 concurrent mark-sweep generation total 393216K, used 47603K [0x00000007a8000000, 0x00000007c0000000, 0x00000007c0000000)
 Metaspace       used 41498K, capacity 43245K, committed 43452K, reserved 1087488K
  class space    used 4920K, capacity 5321K, committed 5372K, reserved 1048576K
2018-02-17T17:03:53.898+0800: 364.032: [GC (Allocation Failure) 2018-02-17T17:03:53.899+0800: 364.032: [ParNew
Desired survivor size 20112992 bytes, new threshold 8 (max 8)
- age   1:    1086336 bytes,    1086336 total
- age   2:    1112024 bytes,    2198360 total
- age   3:     162504 bytes,    2360864 total
- age   4:     716280 bytes,    3077144 total
- age   5:     922912 bytes,    4000056 total
- age   6:     596160 bytes,    4596216 total
- age   7:     520552 bytes,    5116768 total
- age   8:     143608 bytes,    5260376 total
: 93462K->6956K(109248K), 0.0063341 secs] 141065K->54733K(502464K), 0.0072005 secs] [Times: user=0.02 sys=0.00, real=0.01 secs] 
Heap after GC invocations=53 (full 2):
 par new generation   total 109248K, used 6956K [0x00000007a0000000, 0x00000007a8000000, 0x00000007a8000000)
  eden space 87424K,   0% used [0x00000007a0000000, 0x00000007a0000000, 0x00000007a5560000)
  from space 21824K,  31% used [0x00000007a6ab0000, 0x00000007a717b238, 0x00000007a8000000)
  to   space 21824K,   0% used [0x00000007a5560000, 0x00000007a5560000, 0x00000007a6ab0000)
 concurrent mark-sweep generation total 393216K, used 47776K [0x00000007a8000000, 0x00000007c0000000, 0x00000007c0000000)
 Metaspace       used 41498K, capacity 43245K, committed 43452K, reserved 1087488K
  class space    used 4920K, capacity 5321K, committed 5372K, reserved 1048576K
}
2018-02-17T17:03:53.905+0800: 364.039: Total time for which application threads were stopped: 0.0074703 seconds, Stopping threads took: 0.0000414 seconds
2018-02-17T17:03:53.987+0800: 364.120: Total time for which application threads were stopped: 0.0002043 seconds, Stopping threads took: 0.0000369 seconds
2018-02-17T17:03:53.988+0800: 364.121: Total time for which application threads were stopped: 0.0001792 seconds, Stopping threads took: 0.0000271 seconds
2018-02-17T17:03:53.988+0800: 364.122: Total time for which application threads were stopped: 0.0001723 seconds, Stopping threads took: 0.0000323 seconds
2018-02-17T17:03:53.988+0800: 364.122: Total time for which application threads were stopped: 0.0001882 seconds, Stopping threads took: 0.0000719 seconds
2018-02-17T17:03:53.989+0800: 364.123: Total time for which application threads were stopped: 0.0002156 seconds, Stopping threads took: 0.0000816 seconds
2018-02-17T17:03:53.990+0800: 364.123: Total time for which application threads were stopped: 0.0001931 seconds, Stopping threads took: 0.0000572 seconds
2018-02-17T17:03:53.990+0800: 364.124: Total time for which application threads were stopped: 0.0001452 seconds, Stopping threads took: 0.0000274 seconds
2018-02-17T17:03:53.992+0800: 364.125: Total time for which application threads were stopped: 0.0001756 seconds, Stopping threads took: 0.0000261 seconds
2018-02-17T17:03:53.994+0800: 364.127: Total time for which application threads were stopped: 0.0002036 seconds, Stopping threads took: 0.0000467 seconds
2018-02-17T17:03:53.994+0800: 364.128: Total time for which application threads were stopped: 0.0001537 seconds, Stopping threads took: 0.0000299 seconds
2018-02-17T17:03:53.994+0800: 364.128: Total time for which application threads were stopped: 0.0001383 seconds, Stopping threads took: 0.0000373 seconds
2018-02-17T17:03:53.994+0800: 364.128: Total time for which application threads were stopped: 0.0001038 seconds, Stopping threads took: 0.0000122 seconds
{Heap before GC invocations=53 (full 2):
 par new generation   total 109248K, used 94380K [0x00000007a0000000, 0x00000007a8000000, 0x00000007a8000000)
  eden space 87424K, 100% used [0x00000007a0000000, 0x00000007a5560000, 0x00000007a5560000)
  from space 21824K,  31% used [0x00000007a6ab0000, 0x00000007a717b238, 0x00000007a8000000)
  to   space 21824K,   0% used [0x00000007a5560000, 0x00000007a5560000, 0x00000007a6ab0000)
 concurrent mark-sweep generation total 393216K, used 47776K [0x00000007a8000000, 0x00000007c0000000, 0x00000007c0000000)
 Metaspace       used 41517K, capacity 43245K, committed 43452K, reserved 1087488K
  class space    used 4920K, capacity 5321K, committed 5372K, reserved 1048576K
2018-02-17T17:04:29.053+0800: 399.185: [GC (Allocation Failure) 2018-02-17T17:04:29.053+0800: 399.185: [ParNew
Desired survivor size 20112992 bytes, new threshold 8 (max 8)
- age   1:     690160 bytes,     690160 total
- age   2:     280336 bytes,     970496 total
- age   3:    1073616 bytes,    2044112 total
- age   4:     162504 bytes,    2206616 total
- age   5:     716136 bytes,    2922752 total
- age   6:     916496 bytes,    3839248 total
- age   7:     596160 bytes,    4435408 total
- age   8:     520520 bytes,    4955928 total
: 94380K->5757K(109248K), 0.0068075 secs] 142157K->53676K(502464K), 0.0068970 secs] [Times: user=0.02 sys=0.00, real=0.00 secs] 
Heap after GC invocations=54 (full 2):
 par new generation   total 109248K, used 5757K [0x00000007a0000000, 0x00000007a8000000, 0x00000007a8000000)
  eden space 87424K,   0% used [0x00000007a0000000, 0x00000007a0000000, 0x00000007a5560000)
  from space 21824K,  26% used [0x00000007a5560000, 0x00000007a5aff550, 0x00000007a6ab0000)
  to   space 21824K,   0% used [0x00000007a6ab0000, 0x00000007a6ab0000, 0x00000007a8000000)
 concurrent mark-sweep generation total 393216K, used 47919K [0x00000007a8000000, 0x00000007c0000000, 0x00000007c0000000)
 Metaspace       used 41517K, capacity 43245K, committed 43452K, reserved 1087488K
  class space    used 4920K, capacity 5321K, committed 5372K, reserved 1048576K
}
2018-02-17T17:04:29.060+0800: 399.192: Total time for which application threads were stopped: 0.0071255 seconds, Stopping threads took: 0.0000229 seconds
{Heap before GC invocations=54 (full 2):
 par new generation   total 109248K, used 93180K [0x00000007a0000000, 0x00000007a8000000, 0x00000007a8000000)
  eden space 87424K,  99% used [0x00000007a0000000, 0x00000007a555fd18, 0x00000007a5560000)
  from space 21824K,  26% used [0x00000007a5560000, 0x00000007a5aff550, 0x00000007a6ab0000)
  to   space 21824K,   0% used [0x00000007a6ab0000, 0x00000007a6ab0000, 0x00000007a8000000)
 concurrent mark-sweep generation total 393216K, used 47919K [0x00000007a8000000, 0x00000007c0000000, 0x00000007c0000000)
 Metaspace       used 41517K, capacity 43245K, committed 43452K, reserved 1087488K
  class space    used 4920K, capacity 5321K, committed 5372K, reserved 1048576K
2018-02-17T17:04:29.108+0800: 399.241: [GC (Allocation Failure) 2018-02-17T17:04:29.108+0800: 399.241: [ParNew
Desired survivor size 20112992 bytes, new threshold 8 (max 8)
- age   1:     249008 bytes,     249008 total
- age   2:     668040 bytes,     917048 total
- age   3:     146904 bytes,    1063952 total
- age   4:    1073616 bytes,    2137568 total
- age   5:     162504 bytes,    2300072 total
- age   6:     716136 bytes,    3016208 total
- age   7:     916496 bytes,    3932704 total
- age   8:     596160 bytes,    4528864 total
: 93180K->6404K(109248K), 0.0067843 secs] 141099K->54834K(502464K), 0.0068640 secs] [Times: user=0.02 sys=0.00, real=0.01 secs] 
Heap after GC invocations=55 (full 2):
 par new generation   total 109248K, used 6404K [0x00000007a0000000, 0x00000007a8000000, 0x00000007a8000000)
  eden space 87424K,   0% used [0x00000007a0000000, 0x00000007a0000000, 0x00000007a5560000)
  from space 21824K,  29% used [0x00000007a6ab0000, 0x00000007a70f1160, 0x00000007a8000000)
  to   space 21824K,   0% used [0x00000007a5560000, 0x00000007a5560000, 0x00000007a6ab0000)
 concurrent mark-sweep generation total 393216K, used 48430K [0x00000007a8000000, 0x00000007c0000000, 0x00000007c0000000)
 Metaspace       used 41517K, capacity 43245K, committed 43452K, reserved 1087488K
  class space    used 4920K, capacity 5321K, committed 5372K, reserved 1048576K
}
2018-02-17T17:04:29.115+0800: 399.248: Total time for which application threads were stopped: 0.0070766 seconds, Stopping threads took: 0.0000208 seconds
2018-02-17T17:04:29.183+0800: 399.316: Total time for which application threads were stopped: 0.0002000 seconds, Stopping threads took: 0.0000262 seconds
2018-02-17T17:04:29.184+0800: 399.316: Total time for which application threads were stopped: 0.0001349 seconds, Stopping threads took: 0.0000148 seconds
2018-02-17T17:04:29.184+0800: 399.317: Total time for which application threads were stopped: 0.0001476 seconds, Stopping threads took: 0.0000233 seconds
2018-02-17T17:04:29.190+0800: 399.323: Total time for which application threads were stopped: 0.0001638 seconds, Stopping threads took: 0.0000249 seconds
{Heap before GC invocations=55 (full 2):
 par new generation   total 109248K, used 93828K [0x00000007a0000000, 0x00000007a8000000, 0x00000007a8000000)
  eden space 87424K, 100% used [0x00000007a0000000, 0x00000007a5560000, 0x00000007a5560000)
  from space 21824K,  29% used [0x00000007a6ab0000, 0x00000007a70f1160, 0x00000007a8000000)
  to   space 21824K,   0% used [0x00000007a5560000, 0x00000007a5560000, 0x00000007a6ab0000)
 concurrent mark-sweep generation total 393216K, used 48430K [0x00000007a8000000, 0x00000007c0000000, 0x00000007c0000000)
 Metaspace       used 41538K, capacity 43245K, committed 43452K, reserved 1087488K
  class space    used 4920K, capacity 5321K, committed 5372K, reserved 1048576K
2018-02-17T17:04:29.230+0800: 399.363: [GC (Allocation Failure) 2018-02-17T17:04:29.230+0800: 399.363: [ParNew
Desired survivor size 20112992 bytes, new threshold 8 (max 8)
- age   1:    1847088 bytes,    1847088 total
- age   2:      94192 bytes,    1941280 total
- age   3:     128392 bytes,    2069672 total
- age   4:     146904 bytes,    2216576 total
- age   5:    1073552 bytes,    3290128 total
- age   6:     162504 bytes,    3452632 total
- age   7:     716136 bytes,    4168768 total
- age   8:     916496 bytes,    5085264 total
: 93828K->6133K(109248K), 0.0226243 secs] 142258K->55149K(502464K), 0.0227404 secs] [Times: user=0.03 sys=0.00, real=0.02 secs] 
Heap after GC invocations=56 (full 2):
 par new generation   total 109248K, used 6133K [0x00000007a0000000, 0x00000007a8000000, 0x00000007a8000000)
  eden space 87424K,   0% used [0x00000007a0000000, 0x00000007a0000000, 0x00000007a5560000)
  from space 21824K,  28% used [0x00000007a5560000, 0x00000007a5b5d528, 0x00000007a6ab0000)
  to   space 21824K,   0% used [0x00000007a6ab0000, 0x00000007a6ab0000, 0x00000007a8000000)
 concurrent mark-sweep generation total 393216K, used 49016K [0x00000007a8000000, 0x00000007c0000000, 0x00000007c0000000)
 Metaspace       used 41538K, capacity 43245K, committed 43452K, reserved 1087488K
  class space    used 4920K, capacity 5321K, committed 5372K, reserved 1048576K
}
2018-02-17T17:04:29.253+0800: 399.385: Total time for which application threads were stopped: 0.0334252 seconds, Stopping threads took: 0.0104181 seconds
{Heap before GC invocations=56 (full 2):
 par new generation   total 109248K, used 93557K [0x00000007a0000000, 0x00000007a8000000, 0x00000007a8000000)
  eden space 87424K, 100% used [0x00000007a0000000, 0x00000007a5560000, 0x00000007a5560000)
  from space 21824K,  28% used [0x00000007a5560000, 0x00000007a5b5d528, 0x00000007a6ab0000)
  to   space 21824K,   0% used [0x00000007a6ab0000, 0x00000007a6ab0000, 0x00000007a8000000)
 concurrent mark-sweep generation total 393216K, used 49016K [0x00000007a8000000, 0x00000007c0000000, 0x00000007c0000000)
 Metaspace       used 41543K, capacity 43245K, committed 43452K, reserved 1087488K
  class space    used 4920K, capacity 5321K, committed 5372K, reserved 1048576K
2018-02-17T17:04:29.321+0800: 399.454: [GC (Allocation Failure) 2018-02-17T17:04:29.321+0800: 399.454: [ParNew
Desired survivor size 20112992 bytes, new threshold 8 (max 8)
- age   1:    2116192 bytes,    2116192 total
- age   2:    1378600 bytes,    3494792 total
- age   3:      94192 bytes,    3588984 total
- age   4:     128392 bytes,    3717376 total
- age   5:     146904 bytes,    3864280 total
- age   6:    1071856 bytes,    4936136 total
- age   7:     162504 bytes,    5098640 total
- age   8:     708440 bytes,    5807080 total
: 93557K->7710K(109248K), 0.0100501 secs] 142573K->57631K(502464K), 0.0101225 secs] [Times: user=0.02 sys=0.00, real=0.01 secs] 
Heap after GC invocations=57 (full 2):
 par new generation   total 109248K, used 7710K [0x00000007a0000000, 0x00000007a8000000, 0x00000007a8000000)
  eden space 87424K,   0% used [0x00000007a0000000, 0x00000007a0000000, 0x00000007a5560000)
  from space 21824K,  35% used [0x00000007a6ab0000, 0x00000007a7237a38, 0x00000007a8000000)
  to   space 21824K,   0% used [0x00000007a5560000, 0x00000007a5560000, 0x00000007a6ab0000)
 concurrent mark-sweep generation total 393216K, used 49920K [0x00000007a8000000, 0x00000007c0000000, 0x00000007c0000000)
 Metaspace       used 41543K, capacity 43245K, committed 43452K, reserved 1087488K
  class space    used 4920K, capacity 5321K, committed 5372K, reserved 1048576K
}
2018-02-17T17:04:29.331+0800: 399.464: Total time for which application threads were stopped: 0.0104644 seconds, Stopping threads took: 0.0000819 seconds
2018-02-17T17:04:29.405+0800: 399.538: Total time for which application threads were stopped: 0.0178265 seconds, Stopping threads took: 0.0176534 seconds
2018-02-17T17:04:29.405+0800: 399.538: Total time for which application threads were stopped: 0.0001404 seconds, Stopping threads took: 0.0000224 seconds
{Heap before GC invocations=57 (full 2):
 par new generation   total 109248K, used 95134K [0x00000007a0000000, 0x00000007a8000000, 0x00000007a8000000)
  eden space 87424K, 100% used [0x00000007a0000000, 0x00000007a5560000, 0x00000007a5560000)
  from space 21824K,  35% used [0x00000007a6ab0000, 0x00000007a7237a38, 0x00000007a8000000)
  to   space 21824K,   0% used [0x00000007a5560000, 0x00000007a5560000, 0x00000007a6ab0000)
 concurrent mark-sweep generation total 393216K, used 49920K [0x00000007a8000000, 0x00000007c0000000, 0x00000007c0000000)
 Metaspace       used 41546K, capacity 43245K, committed 43452K, reserved 1087488K
  class space    used 4920K, capacity 5321K, committed 5372K, reserved 1048576K
2018-02-17T17:04:29.458+0800: 399.591: [GC (Allocation Failure) 2018-02-17T17:04:29.458+0800: 399.591: [ParNew
Desired survivor size 20112992 bytes, new threshold 8 (max 8)
- age   1:    1640880 bytes,    1640880 total
- age   2:    1354424 bytes,    2995304 total
- age   3:    1377512 bytes,    4372816 total
- age   4:      94192 bytes,    4467008 total
- age   5:     128392 bytes,    4595400 total
- age   6:     146904 bytes,    4742304 total
- age   7:    1071856 bytes,    5814160 total
- age   8:     162504 bytes,    5976664 total
: 95134K->8070K(109248K), 0.0154466 secs] 145055K->58686K(502464K), 0.0155404 secs] [Times: user=0.04 sys=0.01, real=0.02 secs] 
Heap after GC invocations=58 (full 2):
 par new generation   total 109248K, used 8070K [0x00000007a0000000, 0x00000007a8000000, 0x00000007a8000000)
  eden space 87424K,   0% used [0x00000007a0000000, 0x00000007a0000000, 0x00000007a5560000)
  from space 21824K,  36% used [0x00000007a5560000, 0x00000007a5d41940, 0x00000007a6ab0000)
  to   space 21824K,   0% used [0x00000007a6ab0000, 0x00000007a6ab0000, 0x00000007a8000000)
 concurrent mark-sweep generation total 393216K, used 50616K [0x00000007a8000000, 0x00000007c0000000, 0x00000007c0000000)
 Metaspace       used 41546K, capacity 43245K, committed 43452K, reserved 1087488K
  class space    used 4920K, capacity 5321K, committed 5372K, reserved 1048576K
}
2018-02-17T17:04:29.473+0800: 399.606: Total time for which application threads were stopped: 0.0158136 seconds, Stopping threads took: 0.0000258 seconds
{Heap before GC invocations=58 (full 2):
 par new generation   total 109248K, used 95494K [0x00000007a0000000, 0x00000007a8000000, 0x00000007a8000000)
  eden space 87424K, 100% used [0x00000007a0000000, 0x00000007a5560000, 0x00000007a5560000)
  from space 21824K,  36% used [0x00000007a5560000, 0x00000007a5d41940, 0x00000007a6ab0000)
  to   space 21824K,   0% used [0x00000007a6ab0000, 0x00000007a6ab0000, 0x00000007a8000000)
 concurrent mark-sweep generation total 393216K, used 50616K [0x00000007a8000000, 0x00000007c0000000, 0x00000007c0000000)
 Metaspace       used 41552K, capacity 43309K, committed 43452K, reserved 1087488K
  class space    used 4920K, capacity 5321K, committed 5372K, reserved 1048576K
2018-02-17T17:04:29.571+0800: 399.703: [GC (Allocation Failure) 2018-02-17T17:04:29.571+0800: 399.703: [ParNew
Desired survivor size 20112992 bytes, new threshold 8 (max 8)
- age   1:     695928 bytes,     695928 total
- age   2:    1327696 bytes,    2023624 total
- age   3:    1334936 bytes,    3358560 total
- age   4:    1377512 bytes,    4736072 total
- age   5:      94192 bytes,    4830264 total
- age   6:     128392 bytes,    4958656 total
- age   7:     146904 bytes,    5105560 total
- age   8:    1071856 bytes,    6177416 total
: 95494K->7489K(109248K), 0.0159656 secs] 146110K->58267K(502464K), 0.0160370 secs] [Times: user=0.03 sys=0.00, real=0.01 secs] 
Heap after GC invocations=59 (full 2):
 par new generation   total 109248K, used 7489K [0x00000007a0000000, 0x00000007a8000000, 0x00000007a8000000)
  eden space 87424K,   0% used [0x00000007a0000000, 0x00000007a0000000, 0x00000007a5560000)
  from space 21824K,  34% used [0x00000007a6ab0000, 0x00000007a7200580, 0x00000007a8000000)
  to   space 21824K,   0% used [0x00000007a5560000, 0x00000007a5560000, 0x00000007a6ab0000)
 concurrent mark-sweep generation total 393216K, used 50778K [0x00000007a8000000, 0x00000007c0000000, 0x00000007c0000000)
 Metaspace       used 41552K, capacity 43309K, committed 43452K, reserved 1087488K
  class space    used 4920K, capacity 5321K, committed 5372K, reserved 1048576K
}
2018-02-17T17:04:29.587+0800: 399.720: Total time for which application threads were stopped: 0.0192547 seconds, Stopping threads took: 0.0029610 seconds
2018-02-17T17:04:29.598+0800: 399.730: Total time for which application threads were stopped: 0.0012784 seconds, Stopping threads took: 0.0011409 seconds
{Heap before GC invocations=59 (full 2):
 par new generation   total 109248K, used 94913K [0x00000007a0000000, 0x00000007a8000000, 0x00000007a8000000)
  eden space 87424K, 100% used [0x00000007a0000000, 0x00000007a5560000, 0x00000007a5560000)
  from space 21824K,  34% used [0x00000007a6ab0000, 0x00000007a7200580, 0x00000007a8000000)
  to   space 21824K,   0% used [0x00000007a5560000, 0x00000007a5560000, 0x00000007a6ab0000)
 concurrent mark-sweep generation total 393216K, used 50778K [0x00000007a8000000, 0x00000007c0000000, 0x00000007c0000000)
 Metaspace       used 41553K, capacity 43309K, committed 43452K, reserved 1087488K
  class space    used 4921K, capacity 5321K, committed 5372K, reserved 1048576K
2018-02-17T17:04:29.696+0800: 399.829: [GC (Allocation Failure) 2018-02-17T17:04:29.696+0800: 399.829: [ParNew
Desired survivor size 20112992 bytes, new threshold 8 (max 8)
- age   1:     569880 bytes,     569880 total
- age   2:     379168 bytes,     949048 total
- age   3:    1326848 bytes,    2275896 total
- age   4:    1334936 bytes,    3610832 total
- age   5:     837448 bytes,    4448280 total
- age   6:      94192 bytes,    4542472 total
- age   7:     128392 bytes,    4670864 total
- age   8:     146904 bytes,    4817768 total
: 94913K->7910K(109248K), 0.0348906 secs] 145691K->59740K(502464K), 0.0349905 secs] [Times: user=0.03 sys=0.00, real=0.04 secs] 
Heap after GC invocations=60 (full 2):
 par new generation   total 109248K, used 7910K [0x00000007a0000000, 0x00000007a8000000, 0x00000007a8000000)
  eden space 87424K,   0% used [0x00000007a0000000, 0x00000007a0000000, 0x00000007a5560000)
  from space 21824K,  36% used [0x00000007a5560000, 0x00000007a5d198a0, 0x00000007a6ab0000)
  to   space 21824K,   0% used [0x00000007a6ab0000, 0x00000007a6ab0000, 0x00000007a8000000)
 concurrent mark-sweep generation total 393216K, used 51830K [0x00000007a8000000, 0x00000007c0000000, 0x00000007c0000000)
 Metaspace       used 41553K, capacity 43309K, committed 43452K, reserved 1087488K
  class space    used 4921K, capacity 5321K, committed 5372K, reserved 1048576K
}
2018-02-17T17:04:29.731+0800: 399.864: Total time for which application threads were stopped: 0.0463279 seconds, Stopping threads took: 0.0110903 seconds
2018-02-17T17:04:29.767+0800: 399.900: Total time for which application threads were stopped: 0.0004771 seconds, Stopping threads took: 0.0003215 seconds
2018-02-17T17:04:29.783+0800: 399.915: Total time for which application threads were stopped: 0.0112180 seconds, Stopping threads took: 0.0110583 seconds
2018-02-17T17:04:29.831+0800: 399.964: Total time for which application threads were stopped: 0.0002160 seconds, Stopping threads took: 0.0000459 seconds
2018-02-17T17:04:29.832+0800: 399.965: Total time for which application threads were stopped: 0.0001597 seconds, Stopping threads took: 0.0000359 seconds
{Heap before GC invocations=60 (full 2):
 par new generation   total 109248K, used 95333K [0x00000007a0000000, 0x00000007a8000000, 0x00000007a8000000)
  eden space 87424K,  99% used [0x00000007a0000000, 0x00000007a555fc38, 0x00000007a5560000)
  from space 21824K,  36% used [0x00000007a5560000, 0x00000007a5d198a0, 0x00000007a6ab0000)
  to   space 21824K,   0% used [0x00000007a6ab0000, 0x00000007a6ab0000, 0x00000007a8000000)
 concurrent mark-sweep generation total 393216K, used 51830K [0x00000007a8000000, 0x00000007c0000000, 0x00000007c0000000)
 Metaspace       used 41569K, capacity 43309K, committed 43452K, reserved 1087488K
  class space    used 4921K, capacity 5321K, committed 5372K, reserved 1048576K
2018-02-17T17:04:29.918+0800: 400.050: [GC (Allocation Failure) 2018-02-17T17:04:29.918+0800: 400.050: [ParNew
Desired survivor size 20112992 bytes, new threshold 8 (max 8)
- age   1:    1736992 bytes,    1736992 total
- age   2:     241328 bytes,    1978320 total
- age   3:     378056 bytes,    2356376 total
- age   4:     219944 bytes,    2576320 total
- age   5:    1330560 bytes,    3906880 total
- age   6:     837448 bytes,    4744328 total
- age   7:      94192 bytes,    4838520 total
- age   8:     128392 bytes,    4966912 total
: 95333K->6236K(109248K), 0.0076044 secs] 147163K->58211K(502464K), 0.0077006 secs] [Times: user=0.03 sys=0.01, real=0.01 secs] 
Heap after GC invocations=61 (full 2):
 par new generation   total 109248K, used 6236K [0x00000007a0000000, 0x00000007a8000000, 0x00000007a8000000)
  eden space 87424K,   0% used [0x00000007a0000000, 0x00000007a0000000, 0x00000007a5560000)
  from space 21824K,  28% used [0x00000007a6ab0000, 0x00000007a70c71a0, 0x00000007a8000000)
  to   space 21824K,   0% used [0x00000007a5560000, 0x00000007a5560000, 0x00000007a6ab0000)
 concurrent mark-sweep generation total 393216K, used 51975K [0x00000007a8000000, 0x00000007c0000000, 0x00000007c0000000)
 Metaspace       used 41569K, capacity 43309K, committed 43452K, reserved 1087488K
  class space    used 4921K, capacity 5321K, committed 5372K, reserved 1048576K
}
2018-02-17T17:04:29.925+0800: 400.058: Total time for which application threads were stopped: 0.0079848 seconds, Stopping threads took: 0.0000278 seconds
2018-02-17T17:04:30.927+0800: 401.060: Total time for which application threads were stopped: 0.0003090 seconds, Stopping threads took: 0.0000449 seconds
2018-02-17T17:04:32.933+0800: 403.066: Total time for which application threads were stopped: 0.0002327 seconds, Stopping threads took: 0.0000465 seconds
2018-02-17T17:04:34.895+0800: 405.028: Total time for which application threads were stopped: 0.0003644 seconds, Stopping threads took: 0.0001193 seconds
2018-02-17T17:04:34.896+0800: 405.029: Total time for which application threads were stopped: 0.0001687 seconds, Stopping threads took: 0.0000214 seconds
2018-02-17T17:04:34.896+0800: 405.029: Total time for which application threads were stopped: 0.0002229 seconds, Stopping threads took: 0.0000294 seconds
2018-02-17T17:04:34.897+0800: 405.029: Total time for which application threads were stopped: 0.0001925 seconds, Stopping threads took: 0.0000199 seconds
2018-02-17T17:04:34.897+0800: 405.030: Total time for which application threads were stopped: 0.0002036 seconds, Stopping threads took: 0.0000241 seconds
2018-02-17T17:04:34.897+0800: 405.030: Total time for which application threads were stopped: 0.0002006 seconds, Stopping threads took: 0.0000218 seconds
2018-02-17T17:04:34.897+0800: 405.030: Total time for which application threads were stopped: 0.0001880 seconds, Stopping threads took: 0.0000206 seconds
2018-02-17T17:04:34.898+0800: 405.030: Total time for which application threads were stopped: 0.0001968 seconds, Stopping threads took: 0.0000209 seconds
2018-02-17T17:04:34.898+0800: 405.031: Total time for which application threads were stopped: 0.0002128 seconds, Stopping threads took: 0.0000134 seconds
2018-02-17T17:04:34.910+0800: 405.042: Total time for which application threads were stopped: 0.0002206 seconds, Stopping threads took: 0.0000432 seconds
2018-02-17T17:04:34.910+0800: 405.043: Total time for which application threads were stopped: 0.0002123 seconds, Stopping threads took: 0.0000593 seconds
2018-02-17T17:04:39.456+0800: 409.589: Total time for which application threads were stopped: 0.0001228 seconds, Stopping threads took: 0.0000205 seconds
2018-02-17T17:04:39.460+0800: 409.593: Total time for which application threads were stopped: 0.0001184 seconds, Stopping threads took: 0.0000203 seconds
{Heap before GC invocations=61 (full 2):
 par new generation   total 109248K, used 93646K [0x00000007a0000000, 0x00000007a8000000, 0x00000007a8000000)
  eden space 87424K,  99% used [0x00000007a0000000, 0x00000007a555c918, 0x00000007a5560000)
  from space 21824K,  28% used [0x00000007a6ab0000, 0x00000007a70c71a0, 0x00000007a8000000)
  to   space 21824K,   0% used [0x00000007a5560000, 0x00000007a5560000, 0x00000007a6ab0000)
 concurrent mark-sweep generation total 393216K, used 51975K [0x00000007a8000000, 0x00000007c0000000, 0x00000007c0000000)
 Metaspace       used 41582K, capacity 43309K, committed 43452K, reserved 1087488K
  class space    used 4921K, capacity 5321K, committed 5372K, reserved 1048576K
2018-02-17T17:04:39.498+0800: 409.631: [GC (Allocation Failure) 2018-02-17T17:04:39.498+0800: 409.631: [ParNew
Desired survivor size 20112992 bytes, new threshold 8 (max 8)
- age   1:    1080992 bytes,    1080992 total
- age   2:    1562760 bytes,    2643752 total
- age   3:     241328 bytes,    2885080 total
- age   4:     378056 bytes,    3263136 total
- age   5:     219768 bytes,    3482904 total
- age   6:    1299848 bytes,    4782752 total
- age   7:     837416 bytes,    5620168 total
- age   8:      94192 bytes,    5714360 total
: 93646K->7457K(109248K), 0.0131751 secs] 145622K->59559K(502464K), 0.0132637 secs] [Times: user=0.03 sys=0.00, real=0.02 secs] 
Heap after GC invocations=62 (full 2):
 par new generation   total 109248K, used 7457K [0x00000007a0000000, 0x00000007a8000000, 0x00000007a8000000)
  eden space 87424K,   0% used [0x00000007a0000000, 0x00000007a0000000, 0x00000007a5560000)
  from space 21824K,  34% used [0x00000007a5560000, 0x00000007a5ca86f0, 0x00000007a6ab0000)
  to   space 21824K,   0% used [0x00000007a6ab0000, 0x00000007a6ab0000, 0x00000007a8000000)
 concurrent mark-sweep generation total 393216K, used 52101K [0x00000007a8000000, 0x00000007c0000000, 0x00000007c0000000)
 Metaspace       used 41582K, capacity 43309K, committed 43452K, reserved 1087488K
  class space    used 4921K, capacity 5321K, committed 5372K, reserved 1048576K
}
2018-02-17T17:04:39.511+0800: 409.644: Total time for which application threads were stopped: 0.0135477 seconds, Stopping threads took: 0.0000319 seconds
2018-02-17T17:04:39.571+0800: 409.704: Total time for which application threads were stopped: 0.0001492 seconds, Stopping threads took: 0.0000209 seconds
2018-02-17T17:04:39.572+0800: 409.705: Total time for which application threads were stopped: 0.0001902 seconds, Stopping threads took: 0.0000315 seconds
2018-02-17T17:04:39.572+0800: 409.705: Total time for which application threads were stopped: 0.0002261 seconds, Stopping threads took: 0.0001354 seconds
2018-02-17T17:04:39.573+0800: 409.705: Total time for which application threads were stopped: 0.0001969 seconds, Stopping threads took: 0.0000983 seconds
2018-02-17T17:04:39.575+0800: 409.707: Total time for which application threads were stopped: 0.0001754 seconds, Stopping threads took: 0.0000496 seconds
2018-02-17T17:04:39.575+0800: 409.707: Total time for which application threads were stopped: 0.0001791 seconds, Stopping threads took: 0.0000334 seconds
2018-02-17T17:04:39.578+0800: 409.710: Total time for which application threads were stopped: 0.0003744 seconds, Stopping threads took: 0.0000262 seconds
2018-02-17T17:04:39.581+0800: 409.714: Total time for which application threads were stopped: 0.0004373 seconds, Stopping threads took: 0.0000356 seconds
2018-02-17T17:04:39.585+0800: 409.718: Total time for which application threads were stopped: 0.0001731 seconds, Stopping threads took: 0.0000352 seconds
2018-02-17T17:04:39.587+0800: 409.719: Total time for which application threads were stopped: 0.0001745 seconds, Stopping threads took: 0.0000545 seconds
2018-02-17T17:04:39.869+0800: 410.001: Total time for which application threads were stopped: 0.0001929 seconds, Stopping threads took: 0.0000245 seconds
2018-02-17T17:04:39.869+0800: 410.002: Total time for which application threads were stopped: 0.0001612 seconds, Stopping threads took: 0.0000146 seconds
2018-02-17T17:04:39.869+0800: 410.002: Total time for which application threads were stopped: 0.0000718 seconds, Stopping threads took: 0.0000100 seconds
2018-02-17T17:04:39.871+0800: 410.003: Total time for which application threads were stopped: 0.0003467 seconds, Stopping threads took: 0.0000856 seconds
2018-02-17T17:04:39.871+0800: 410.004: Total time for which application threads were stopped: 0.0006051 seconds, Stopping threads took: 0.0004172 seconds
2018-02-17T17:04:39.872+0800: 410.004: Total time for which application threads were stopped: 0.0002061 seconds, Stopping threads took: 0.0000796 seconds
2018-02-17T17:04:39.872+0800: 410.004: Total time for which application threads were stopped: 0.0001996 seconds, Stopping threads took: 0.0000782 seconds
2018-02-17T17:04:39.872+0800: 410.005: Total time for which application threads were stopped: 0.0002026 seconds, Stopping threads took: 0.0000976 seconds
2018-02-17T17:04:39.879+0800: 410.012: Total time for which application threads were stopped: 0.0001693 seconds, Stopping threads took: 0.0000257 seconds
2018-02-17T17:04:39.879+0800: 410.012: Total time for which application threads were stopped: 0.0001085 seconds, Stopping threads took: 0.0000151 seconds
{Heap before GC invocations=62 (full 2):
 par new generation   total 109248K, used 94881K [0x00000007a0000000, 0x00000007a8000000, 0x00000007a8000000)
  eden space 87424K, 100% used [0x00000007a0000000, 0x00000007a5560000, 0x00000007a5560000)
  from space 21824K,  34% used [0x00000007a5560000, 0x00000007a5ca86f0, 0x00000007a6ab0000)
  to   space 21824K,   0% used [0x00000007a6ab0000, 0x00000007a6ab0000, 0x00000007a8000000)
 concurrent mark-sweep generation total 393216K, used 52101K [0x00000007a8000000, 0x00000007c0000000, 0x00000007c0000000)
 Metaspace       used 41606K, capacity 43321K, committed 43452K, reserved 1087488K
  class space    used 4922K, capacity 5323K, committed 5372K, reserved 1048576K
2018-02-17T17:04:39.939+0800: 410.071: [GC (Allocation Failure) 2018-02-17T17:04:39.939+0800: 410.071: [ParNew
Desired survivor size 20112992 bytes, new threshold 8 (max 8)
- age   1:    1095600 bytes,    1095600 total
- age   2:     136008 bytes,    1231608 total
- age   3:    1214960 bytes,    2446568 total
- age   4:     241328 bytes,    2687896 total
- age   5:     378056 bytes,    3065952 total
- age   6:     219768 bytes,    3285720 total
- age   7:    1259168 bytes,    4544888 total
- age   8:     837416 bytes,    5382304 total
: 94881K->6316K(109248K), 0.0067433 secs] 146983K->58511K(502464K), 0.0068566 secs] [Times: user=0.03 sys=0.00, real=0.01 secs] 
Heap after GC invocations=63 (full 2):
 par new generation   total 109248K, used 6316K [0x00000007a0000000, 0x00000007a8000000, 0x00000007a8000000)
  eden space 87424K,   0% used [0x00000007a0000000, 0x00000007a0000000, 0x00000007a5560000)
  from space 21824K,  28% used [0x00000007a6ab0000, 0x00000007a70db040, 0x00000007a8000000)
  to   space 21824K,   0% used [0x00000007a5560000, 0x00000007a5560000, 0x00000007a6ab0000)
 concurrent mark-sweep generation total 393216K, used 52195K [0x00000007a8000000, 0x00000007c0000000, 0x00000007c0000000)
 Metaspace       used 41606K, capacity 43321K, committed 43452K, reserved 1087488K
  class space    used 4922K, capacity 5323K, committed 5372K, reserved 1048576K
}
2018-02-17T17:04:39.946+0800: 410.078: Total time for which application threads were stopped: 0.0074716 seconds, Stopping threads took: 0.0000828 seconds
2018-02-17T17:04:39.946+0800: 410.078: Total time for which application threads were stopped: 0.0002083 seconds, Stopping threads took: 0.0000882 seconds
{Heap before GC invocations=63 (full 2):
 par new generation   total 109248K, used 93732K [0x00000007a0000000, 0x00000007a8000000, 0x00000007a8000000)
  eden space 87424K,  99% used [0x00000007a0000000, 0x00000007a555e1e0, 0x00000007a5560000)
  from space 21824K,  28% used [0x00000007a6ab0000, 0x00000007a70db040, 0x00000007a8000000)
  to   space 21824K,   0% used [0x00000007a5560000, 0x00000007a5560000, 0x00000007a6ab0000)
 concurrent mark-sweep generation total 393216K, used 52195K [0x00000007a8000000, 0x00000007c0000000, 0x00000007c0000000)
 Metaspace       used 41606K, capacity 43321K, committed 43452K, reserved 1087488K
  class space    used 4922K, capacity 5323K, committed 5372K, reserved 1048576K
2018-02-17T17:04:39.990+0800: 410.123: [GC (Allocation Failure) 2018-02-17T17:04:39.990+0800: 410.123: [ParNew
Desired survivor size 20112992 bytes, new threshold 8 (max 8)
- age   1:     813200 bytes,     813200 total
- age   2:     736584 bytes,    1549784 total
- age   3:     133128 bytes,    1682912 total
- age   4:    1214960 bytes,    2897872 total
- age   5:     241328 bytes,    3139200 total
- age   6:     378056 bytes,    3517256 total
- age   7:     219768 bytes,    3737024 total
- age   8:    1259072 bytes,    4996096 total
: 93732K->7097K(109248K), 0.0124265 secs] 145928K->60118K(502464K), 0.0125180 secs] [Times: user=0.04 sys=0.00, real=0.01 secs] 
Heap after GC invocations=64 (full 2):
 par new generation   total 109248K, used 7097K [0x00000007a0000000, 0x00000007a8000000, 0x00000007a8000000)
  eden space 87424K,   0% used [0x00000007a0000000, 0x00000007a0000000, 0x00000007a5560000)
  from space 21824K,  32% used [0x00000007a5560000, 0x00000007a5c4e5f0, 0x00000007a6ab0000)
  to   space 21824K,   0% used [0x00000007a6ab0000, 0x00000007a6ab0000, 0x00000007a8000000)
 concurrent mark-sweep generation total 393216K, used 53021K [0x00000007a8000000, 0x00000007c0000000, 0x00000007c0000000)
 Metaspace       used 41606K, capacity 43321K, committed 43452K, reserved 1087488K
  class space    used 4922K, capacity 5323K, committed 5372K, reserved 1048576K
}
2018-02-17T17:04:40.003+0800: 410.135: Total time for which application threads were stopped: 0.0127796 seconds, Stopping threads took: 0.0000266 seconds
2018-02-17T17:04:40.107+0800: 410.239: Total time for which application threads were stopped: 0.0002189 seconds, Stopping threads took: 0.0000355 seconds
2018-02-17T17:04:41.110+0800: 411.243: Total time for which application threads were stopped: 0.0003630 seconds, Stopping threads took: 0.0000974 seconds
2018-02-17T17:04:45.135+0800: 415.268: Total time for which application threads were stopped: 0.0005533 seconds, Stopping threads took: 0.0000764 seconds
2018-02-17T17:04:45.138+0800: 415.270: Total time for which application threads were stopped: 0.0001863 seconds, Stopping threads took: 0.0000304 seconds
2018-02-17T17:04:45.138+0800: 415.271: Total time for which application threads were stopped: 0.0002357 seconds, Stopping threads took: 0.0000189 seconds
2018-02-17T17:04:45.139+0800: 415.271: Total time for which application threads were stopped: 0.0001844 seconds, Stopping threads took: 0.0000218 seconds
2018-02-17T17:04:45.139+0800: 415.271: Total time for which application threads were stopped: 0.0001228 seconds, Stopping threads took: 0.0000158 seconds
2018-02-17T17:04:45.139+0800: 415.272: Total time for which application threads were stopped: 0.0002306 seconds, Stopping threads took: 0.0000269 seconds
2018-02-17T17:04:45.139+0800: 415.272: Total time for which application threads were stopped: 0.0002196 seconds, Stopping threads took: 0.0000210 seconds
2018-02-17T17:04:45.140+0800: 415.272: Total time for which application threads were stopped: 0.0001397 seconds, Stopping threads took: 0.0000171 seconds
2018-02-17T17:04:45.140+0800: 415.272: Total time for which application threads were stopped: 0.0001865 seconds, Stopping threads took: 0.0000193 seconds
2018-02-17T17:04:45.153+0800: 415.285: Total time for which application threads were stopped: 0.0002361 seconds, Stopping threads took: 0.0000424 seconds
2018-02-17T17:04:45.164+0800: 415.296: Total time for which application threads were stopped: 0.0001885 seconds, Stopping threads took: 0.0000349 seconds
2018-02-17T17:04:45.164+0800: 415.297: Total time for which application threads were stopped: 0.0001399 seconds, Stopping threads took: 0.0000187 seconds
2018-02-17T17:04:45.171+0800: 415.303: Total time for which application threads were stopped: 0.0002165 seconds, Stopping threads took: 0.0000422 seconds
2018-02-17T17:04:45.173+0800: 415.305: Total time for which application threads were stopped: 0.0002639 seconds, Stopping threads took: 0.0000906 seconds
2018-02-17T17:04:45.174+0800: 415.306: Total time for which application threads were stopped: 0.0002497 seconds, Stopping threads took: 0.0000520 seconds
{Heap before GC invocations=64 (full 2):
 par new generation   total 109248K, used 94521K [0x00000007a0000000, 0x00000007a8000000, 0x00000007a8000000)
  eden space 87424K, 100% used [0x00000007a0000000, 0x00000007a5560000, 0x00000007a5560000)
  from space 21824K,  32% used [0x00000007a5560000, 0x00000007a5c4e5f0, 0x00000007a6ab0000)
  to   space 21824K,   0% used [0x00000007a6ab0000, 0x00000007a6ab0000, 0x00000007a8000000)
 concurrent mark-sweep generation total 393216K, used 53021K [0x00000007a8000000, 0x00000007c0000000, 0x00000007c0000000)
 Metaspace       used 41622K, capacity 43385K, committed 43452K, reserved 1087488K
  class space    used 4923K, capacity 5323K, committed 5372K, reserved 1048576K
2018-02-17T17:04:45.193+0800: 415.325: [GC (Allocation Failure) 2018-02-17T17:04:45.193+0800: 415.325: [ParNew
Desired survivor size 20112992 bytes, new threshold 8 (max 8)
- age   1:    1788744 bytes,    1788744 total
- age   2:     137360 bytes,    1926104 total
- age   3:     713696 bytes,    2639800 total
- age   4:     132072 bytes,    2771872 total
- age   5:    1208472 bytes,    3980344 total
- age   6:     241328 bytes,    4221672 total
- age   7:     378056 bytes,    4599728 total
- age   8:     219768 bytes,    4819496 total
: 94521K->6778K(109248K), 0.0242042 secs] 147542K->61034K(502464K), 0.0243052 secs] [Times: user=0.04 sys=0.01, real=0.02 secs] 
Heap after GC invocations=65 (full 2):
 par new generation   total 109248K, used 6778K [0x00000007a0000000, 0x00000007a8000000, 0x00000007a8000000)
  eden space 87424K,   0% used [0x00000007a0000000, 0x00000007a0000000, 0x00000007a5560000)
  from space 21824K,  31% used [0x00000007a6ab0000, 0x00000007a714e8c8, 0x00000007a8000000)
  to   space 21824K,   0% used [0x00000007a5560000, 0x00000007a5560000, 0x00000007a6ab0000)
 concurrent mark-sweep generation total 393216K, used 54256K [0x00000007a8000000, 0x00000007c0000000, 0x00000007c0000000)
 Metaspace       used 41622K, capacity 43385K, committed 43452K, reserved 1087488K
  class space    used 4923K, capacity 5323K, committed 5372K, reserved 1048576K
}
2018-02-17T17:04:45.217+0800: 415.350: Total time for which application threads were stopped: 0.0268802 seconds, Stopping threads took: 0.0018206 seconds
2018-02-17T17:04:45.218+0800: 415.350: Total time for which application threads were stopped: 0.0002359 seconds, Stopping threads took: 0.0000850 seconds
2018-02-17T17:04:45.218+0800: 415.351: Total time for which application threads were stopped: 0.0001959 seconds, Stopping threads took: 0.0000328 seconds
2018-02-17T17:04:45.222+0800: 415.354: Total time for which application threads were stopped: 0.0004907 seconds, Stopping threads took: 0.0003391 seconds
2018-02-17T17:04:45.222+0800: 415.355: Total time for which application threads were stopped: 0.0001923 seconds, Stopping threads took: 0.0000363 seconds
2018-02-17T17:04:45.223+0800: 415.355: Total time for which application threads were stopped: 0.0002247 seconds, Stopping threads took: 0.0000945 seconds
{Heap before GC invocations=65 (full 2):
 par new generation   total 109248K, used 94202K [0x00000007a0000000, 0x00000007a8000000, 0x00000007a8000000)
  eden space 87424K, 100% used [0x00000007a0000000, 0x00000007a5560000, 0x00000007a5560000)
  from space 21824K,  31% used [0x00000007a6ab0000, 0x00000007a714e8c8, 0x00000007a8000000)
  to   space 21824K,   0% used [0x00000007a5560000, 0x00000007a5560000, 0x00000007a6ab0000)
 concurrent mark-sweep generation total 393216K, used 54256K [0x00000007a8000000, 0x00000007c0000000, 0x00000007c0000000)
 Metaspace       used 41627K, capacity 43385K, committed 43452K, reserved 1087488K
  class space    used 4923K, capacity 5323K, committed 5372K, reserved 1048576K
2018-02-17T17:04:45.264+0800: 415.397: [GC (Allocation Failure) 2018-02-17T17:04:45.264+0800: 415.397: [ParNew
Desired survivor size 20112992 bytes, new threshold 8 (max 8)
- age   1:     102168 bytes,     102168 total
- age   2:    1506592 bytes,    1608760 total
- age   3:     137360 bytes,    1746120 total
- age   4:     713456 bytes,    2459576 total
- age   5:     132040 bytes,    2591616 total
- age   6:    1208472 bytes,    3800088 total
- age   7:     241328 bytes,    4041416 total
- age   8:     378056 bytes,    4419472 total
: 94202K->5665K(109248K), 0.0056571 secs] 148458K->60139K(502464K), 0.0057427 secs] [Times: user=0.02 sys=0.00, real=0.01 secs] 
Heap after GC invocations=66 (full 2):
 par new generation   total 109248K, used 5665K [0x00000007a0000000, 0x00000007a8000000, 0x00000007a8000000)
  eden space 87424K,   0% used [0x00000007a0000000, 0x00000007a0000000, 0x00000007a5560000)
  from space 21824K,  25% used [0x00000007a5560000, 0x00000007a5ae86d8, 0x00000007a6ab0000)
  to   space 21824K,   0% used [0x00000007a6ab0000, 0x00000007a6ab0000, 0x00000007a8000000)
 concurrent mark-sweep generation total 393216K, used 54473K [0x00000007a8000000, 0x00000007c0000000, 0x00000007c0000000)
 Metaspace       used 41627K, capacity 43385K, committed 43452K, reserved 1087488K
  class space    used 4923K, capacity 5323K, committed 5372K, reserved 1048576K
}
2018-02-17T17:04:45.270+0800: 415.403: Total time for which application threads were stopped: 0.0059788 seconds, Stopping threads took: 0.0000286 seconds
2018-02-17T17:04:46.272+0800: 416.404: Total time for which application threads were stopped: 0.0002224 seconds, Stopping threads took: 0.0000391 seconds
2018-02-17T17:04:53.880+0800: 424.013: Total time for which application threads were stopped: 0.0002590 seconds, Stopping threads took: 0.0000396 seconds
2018-02-17T17:04:53.886+0800: 424.018: Total time for which application threads were stopped: 0.0001592 seconds, Stopping threads took: 0.0000218 seconds
{Heap before GC invocations=66 (full 2):
 par new generation   total 109248K, used 93063K [0x00000007a0000000, 0x00000007a8000000, 0x00000007a8000000)
  eden space 87424K,  99% used [0x00000007a0000000, 0x00000007a55595d8, 0x00000007a5560000)
  from space 21824K,  25% used [0x00000007a5560000, 0x00000007a5ae86d8, 0x00000007a6ab0000)
  to   space 21824K,   0% used [0x00000007a6ab0000, 0x00000007a6ab0000, 0x00000007a8000000)
 concurrent mark-sweep generation total 393216K, used 54473K [0x00000007a8000000, 0x00000007c0000000, 0x00000007c0000000)
 Metaspace       used 41632K, capacity 43385K, committed 43452K, reserved 1087488K
  class space    used 4923K, capacity 5323K, committed 5372K, reserved 1048576K
2018-02-17T17:04:53.910+0800: 424.042: [GC (Allocation Failure) 2018-02-17T17:04:53.910+0800: 424.042: [ParNew
Desired survivor size 20112992 bytes, new threshold 8 (max 8)
- age   1:    1367856 bytes,    1367856 total
- age   2:      90344 bytes,    1458200 total
- age   3:     786840 bytes,    2245040 total
- age   4:     137360 bytes,    2382400 total
- age   5:     713520 bytes,    3095920 total
- age   6:     131656 bytes,    3227576 total
- age   7:    1208472 bytes,    4436048 total
- age   8:     241328 bytes,    4677376 total
: 93063K->5619K(109248K), 0.0098289 secs] 147536K->60465K(502464K), 0.0099050 secs] [Times: user=0.03 sys=0.00, real=0.00 secs] 
Heap after GC invocations=67 (full 2):
 par new generation   total 109248K, used 5619K [0x00000007a0000000, 0x00000007a8000000, 0x00000007a8000000)
  eden space 87424K,   0% used [0x00000007a0000000, 0x00000007a0000000, 0x00000007a5560000)
  from space 21824K,  25% used [0x00000007a6ab0000, 0x00000007a702cfb0, 0x00000007a8000000)
  to   space 21824K,   0% used [0x00000007a5560000, 0x00000007a5560000, 0x00000007a6ab0000)
 concurrent mark-sweep generation total 393216K, used 54845K [0x00000007a8000000, 0x00000007c0000000, 0x00000007c0000000)
 Metaspace       used 41632K, capacity 43385K, committed 43452K, reserved 1087488K
  class space    used 4923K, capacity 5323K, committed 5372K, reserved 1048576K
}
2018-02-17T17:04:53.919+0800: 424.052: Total time for which application threads were stopped: 0.0101291 seconds, Stopping threads took: 0.0000218 seconds
2018-02-17T17:04:53.977+0800: 424.109: Total time for which application threads were stopped: 0.0001359 seconds, Stopping threads took: 0.0000253 seconds
2018-02-17T17:04:54.017+0800: 424.149: Total time for which application threads were stopped: 0.0096936 seconds, Stopping threads took: 0.0000266 seconds
{Heap before GC invocations=67 (full 2):
 par new generation   total 109248K, used 93043K [0x00000007a0000000, 0x00000007a8000000, 0x00000007a8000000)
  eden space 87424K, 100% used [0x00000007a0000000, 0x00000007a5560000, 0x00000007a5560000)
  from space 21824K,  25% used [0x00000007a6ab0000, 0x00000007a702cfb0, 0x00000007a8000000)
  to   space 21824K,   0% used [0x00000007a5560000, 0x00000007a5560000, 0x00000007a6ab0000)
 concurrent mark-sweep generation total 393216K, used 54845K [0x00000007a8000000, 0x00000007c0000000, 0x00000007c0000000)
 Metaspace       used 41640K, capacity 43385K, committed 43452K, reserved 1087488K
  class space    used 4923K, capacity 5323K, committed 5372K, reserved 1048576K
2018-02-17T17:04:54.049+0800: 424.181: [GC (Allocation Failure) 2018-02-17T17:04:54.049+0800: 424.181: [ParNew
Desired survivor size 20112992 bytes, new threshold 8 (max 8)
- age   1:    1432912 bytes,    1432912 total
- age   2:     604608 bytes,    2037520 total
- age   3:      90344 bytes,    2127864 total
- age   4:     786840 bytes,    2914704 total
- age   5:     137360 bytes,    3052064 total
- age   6:     713384 bytes,    3765448 total
- age   7:     131656 bytes,    3897104 total
- age   8:    1208472 bytes,    5105576 total
: 93043K->6978K(109248K), 0.0130871 secs] 147889K->62062K(502464K), 0.0131849 secs] [Times: user=0.03 sys=0.00, real=0.02 secs] 
Heap after GC invocations=68 (full 2):
 par new generation   total 109248K, used 6978K [0x00000007a0000000, 0x00000007a8000000, 0x00000007a8000000)
  eden space 87424K,   0% used [0x00000007a0000000, 0x00000007a0000000, 0x00000007a5560000)
  from space 21824K,  31% used [0x00000007a5560000, 0x00000007a5c309d0, 0x00000007a6ab0000)
  to   space 21824K,   0% used [0x00000007a6ab0000, 0x00000007a6ab0000, 0x00000007a8000000)
 concurrent mark-sweep generation total 393216K, used 55083K [0x00000007a8000000, 0x00000007c0000000, 0x00000007c0000000)
 Metaspace       used 41640K, capacity 43385K, committed 43452K, reserved 1087488K
  class space    used 4923K, capacity 5323K, committed 5372K, reserved 1048576K
}
2018-02-17T17:04:54.063+0800: 424.195: Total time for which application threads were stopped: 0.0249301 seconds, Stopping threads took: 0.0114908 seconds
{Heap before GC invocations=68 (full 2):
 par new generation   total 109248K, used 94402K [0x00000007a0000000, 0x00000007a8000000, 0x00000007a8000000)
  eden space 87424K, 100% used [0x00000007a0000000, 0x00000007a5560000, 0x00000007a5560000)
  from space 21824K,  31% used [0x00000007a5560000, 0x00000007a5c309d0, 0x00000007a6ab0000)
  to   space 21824K,   0% used [0x00000007a6ab0000, 0x00000007a6ab0000, 0x00000007a8000000)
 concurrent mark-sweep generation total 393216K, used 55083K [0x00000007a8000000, 0x00000007c0000000, 0x00000007c0000000)
 Metaspace       used 41650K, capacity 43385K, committed 43452K, reserved 1087488K
  class space    used 4923K, capacity 5323K, committed 5372K, reserved 1048576K
2018-02-17T17:04:54.133+0800: 424.266: [GC (Allocation Failure) 2018-02-17T17:04:54.134+0800: 424.266: [ParNew
Desired survivor size 20112992 bytes, new threshold 8 (max 8)
- age   1:    2119328 bytes,    2119328 total
- age   2:    1371200 bytes,    3490528 total
- age   3:     604320 bytes,    4094848 total
- age   4:      90344 bytes,    4185192 total
- age   5:     784096 bytes,    4969288 total
- age   6:     137360 bytes,    5106648 total
- age   7:     705664 bytes,    5812312 total
- age   8:     131656 bytes,    5943968 total
: 94402K->7166K(109248K), 0.0289657 secs] 149486K->63437K(502464K), 0.0290600 secs] [Times: user=0.03 sys=0.00, real=0.03 secs] 
Heap after GC invocations=69 (full 2):
 par new generation   total 109248K, used 7166K [0x00000007a0000000, 0x00000007a8000000, 0x00000007a8000000)
  eden space 87424K,   0% used [0x00000007a0000000, 0x00000007a0000000, 0x00000007a5560000)
  from space 21824K,  32% used [0x00000007a6ab0000, 0x00000007a71afa40, 0x00000007a8000000)
  to   space 21824K,   0% used [0x00000007a5560000, 0x00000007a5560000, 0x00000007a6ab0000)
 concurrent mark-sweep generation total 393216K, used 56270K [0x00000007a8000000, 0x00000007c0000000, 0x00000007c0000000)
 Metaspace       used 41650K, capacity 43385K, committed 43452K, reserved 1087488K
  class space    used 4923K, capacity 5323K, committed 5372K, reserved 1048576K
}
2018-02-17T17:04:54.163+0800: 424.295: Total time for which application threads were stopped: 0.0294546 seconds, Stopping threads took: 0.0001184 seconds
2018-02-17T17:04:54.163+0800: 424.296: Total time for which application threads were stopped: 0.0006477 seconds, Stopping threads took: 0.0002135 seconds
2018-02-17T17:04:54.164+0800: 424.296: Total time for which application threads were stopped: 0.0001550 seconds, Stopping threads took: 0.0000165 seconds
2018-02-17T17:04:54.175+0800: 424.307: Total time for which application threads were stopped: 0.0008758 seconds, Stopping threads took: 0.0007027 seconds
2018-02-17T17:04:54.177+0800: 424.309: Total time for which application threads were stopped: 0.0003136 seconds, Stopping threads took: 0.0001149 seconds
{Heap before GC invocations=69 (full 2):
 par new generation   total 109248K, used 94590K [0x00000007a0000000, 0x00000007a8000000, 0x00000007a8000000)
  eden space 87424K, 100% used [0x00000007a0000000, 0x00000007a5560000, 0x00000007a5560000)
  from space 21824K,  32% used [0x00000007a6ab0000, 0x00000007a71afa40, 0x00000007a8000000)
  to   space 21824K,   0% used [0x00000007a5560000, 0x00000007a5560000, 0x00000007a6ab0000)
 concurrent mark-sweep generation total 393216K, used 56270K [0x00000007a8000000, 0x00000007c0000000, 0x00000007c0000000)
 Metaspace       used 41654K, capacity 43385K, committed 43452K, reserved 1087488K
  class space    used 4923K, capacity 5323K, committed 5372K, reserved 1048576K
2018-02-17T17:04:54.219+0800: 424.351: [GC (Allocation Failure) 2018-02-17T17:04:54.219+0800: 424.351: [ParNew
Desired survivor size 20112992 bytes, new threshold 8 (max 8)
- age   1:     975352 bytes,     975352 total
- age   2:    1312472 bytes,    2287824 total
- age   3:    1371200 bytes,    3659024 total
- age   4:     604320 bytes,    4263344 total
- age   5:      90344 bytes,    4353688 total
- age   6:     784096 bytes,    5137784 total
- age   7:     137360 bytes,    5275144 total
- age   8:     705664 bytes,    5980808 total
: 94590K->8872K(109248K), 0.0271844 secs] 150861K->65274K(502464K), 0.0272834 secs] [Times: user=0.03 sys=0.00, real=0.03 secs] 
Heap after GC invocations=70 (full 2):
 par new generation   total 109248K, used 8872K [0x00000007a0000000, 0x00000007a8000000, 0x00000007a8000000)
  eden space 87424K,   0% used [0x00000007a0000000, 0x00000007a0000000, 0x00000007a5560000)
  from space 21824K,  40% used [0x00000007a5560000, 0x00000007a5e0a350, 0x00000007a6ab0000)
  to   space 21824K,   0% used [0x00000007a6ab0000, 0x00000007a6ab0000, 0x00000007a8000000)
 concurrent mark-sweep generation total 393216K, used 56401K [0x00000007a8000000, 0x00000007c0000000, 0x00000007c0000000)
 Metaspace       used 41654K, capacity 43385K, committed 43452K, reserved 1087488K
  class space    used 4923K, capacity 5323K, committed 5372K, reserved 1048576K
}
2018-02-17T17:04:54.246+0800: 424.379: Total time for which application threads were stopped: 0.0276249 seconds, Stopping threads took: 0.0000765 seconds
{Heap before GC invocations=70 (full 2):
 par new generation   total 109248K, used 96296K [0x00000007a0000000, 0x00000007a8000000, 0x00000007a8000000)
  eden space 87424K, 100% used [0x00000007a0000000, 0x00000007a5560000, 0x00000007a5560000)
  from space 21824K,  40% used [0x00000007a5560000, 0x00000007a5e0a350, 0x00000007a6ab0000)
  to   space 21824K,   0% used [0x00000007a6ab0000, 0x00000007a6ab0000, 0x00000007a8000000)
 concurrent mark-sweep generation total 393216K, used 56401K [0x00000007a8000000, 0x00000007c0000000, 0x00000007c0000000)
 Metaspace       used 41655K, capacity 43385K, committed 43452K, reserved 1087488K
  class space    used 4923K, capacity 5323K, committed 5372K, reserved 1048576K
2018-02-17T17:04:54.280+0800: 424.412: [GC (Allocation Failure) 2018-02-17T17:04:54.280+0800: 424.412: [ParNew
Desired survivor size 20112992 bytes, new threshold 8 (max 8)
- age   1:     871832 bytes,     871832 total
- age   2:     713640 bytes,    1585472 total
- age   3:    1292984 bytes,    2878456 total
- age   4:    1371200 bytes,    4249656 total
- age   5:     604320 bytes,    4853976 total
- age   6:      90344 bytes,    4944320 total
- age   7:     784096 bytes,    5728416 total
- age   8:     137360 bytes,    5865776 total
: 96296K->6819K(109248K), 0.0327721 secs] 152698K->63913K(502464K), 0.0328735 secs] [Times: user=0.02 sys=0.00, real=0.03 secs] 
Heap after GC invocations=71 (full 2):
 par new generation   total 109248K, used 6819K [0x00000007a0000000, 0x00000007a8000000, 0x00000007a8000000)
  eden space 87424K,   0% used [0x00000007a0000000, 0x00000007a0000000, 0x00000007a5560000)
  from space 21824K,  31% used [0x00000007a6ab0000, 0x00000007a7158ce0, 0x00000007a8000000)
  to   space 21824K,   0% used [0x00000007a5560000, 0x00000007a5560000, 0x00000007a6ab0000)
 concurrent mark-sweep generation total 393216K, used 57094K [0x00000007a8000000, 0x00000007c0000000, 0x00000007c0000000)
 Metaspace       used 41655K, capacity 43385K, committed 43452K, reserved 1087488K
  class space    used 4923K, capacity 5323K, committed 5372K, reserved 1048576K
}
2018-02-17T17:04:54.313+0800: 424.445: Total time for which application threads were stopped: 0.0352927 seconds, Stopping threads took: 0.0021534 seconds
{Heap before GC invocations=71 (full 2):
 par new generation   total 109248K, used 94243K [0x00000007a0000000, 0x00000007a8000000, 0x00000007a8000000)
  eden space 87424K, 100% used [0x00000007a0000000, 0x00000007a5560000, 0x00000007a5560000)
  from space 21824K,  31% used [0x00000007a6ab0000, 0x00000007a7158ce0, 0x00000007a8000000)
  to   space 21824K,   0% used [0x00000007a5560000, 0x00000007a5560000, 0x00000007a6ab0000)
 concurrent mark-sweep generation total 393216K, used 57094K [0x00000007a8000000, 0x00000007c0000000, 0x00000007c0000000)
 Metaspace       used 41657K, capacity 43385K, committed 43452K, reserved 1087488K
  class space    used 4923K, capacity 5323K, committed 5372K, reserved 1048576K
2018-02-17T17:04:54.348+0800: 424.480: [GC (Allocation Failure) 2018-02-17T17:04:54.348+0800: 424.480: [ParNew
Desired survivor size 20112992 bytes, new threshold 8 (max 8)
- age   1:     794336 bytes,     794336 total
- age   2:     686288 bytes,    1480624 total
- age   3:     712992 bytes,    2193616 total
- age   4:    1292144 bytes,    3485760 total
- age   5:    1370904 bytes,    4856664 total
- age   6:     604320 bytes,    5460984 total
- age   7:      90344 bytes,    5551328 total
- age   8:     784096 bytes,    6335424 total
: 94243K->8711K(109248K), 0.0095712 secs] 151337K->65943K(502464K), 0.0096438 secs] [Times: user=0.03 sys=0.00, real=0.01 secs] 
Heap after GC invocations=72 (full 2):
 par new generation   total 109248K, used 8711K [0x00000007a0000000, 0x00000007a8000000, 0x00000007a8000000)
  eden space 87424K,   0% used [0x00000007a0000000, 0x00000007a0000000, 0x00000007a5560000)
  from space 21824K,  39% used [0x00000007a5560000, 0x00000007a5de1f18, 0x00000007a6ab0000)
  to   space 21824K,   0% used [0x00000007a6ab0000, 0x00000007a6ab0000, 0x00000007a8000000)
 concurrent mark-sweep generation total 393216K, used 57231K [0x00000007a8000000, 0x00000007c0000000, 0x00000007c0000000)
 Metaspace       used 41657K, capacity 43385K, committed 43452K, reserved 1087488K
  class space    used 4923K, capacity 5323K, committed 5372K, reserved 1048576K
}
2018-02-17T17:04:54.358+0800: 424.490: Total time for which application threads were stopped: 0.0100108 seconds, Stopping threads took: 0.0000950 seconds
{Heap before GC invocations=72 (full 2):
 par new generation   total 109248K, used 96135K [0x00000007a0000000, 0x00000007a8000000, 0x00000007a8000000)
  eden space 87424K, 100% used [0x00000007a0000000, 0x00000007a5560000, 0x00000007a5560000)
  from space 21824K,  39% used [0x00000007a5560000, 0x00000007a5de1f18, 0x00000007a6ab0000)
  to   space 21824K,   0% used [0x00000007a6ab0000, 0x00000007a6ab0000, 0x00000007a8000000)
 concurrent mark-sweep generation total 393216K, used 57231K [0x00000007a8000000, 0x00000007c0000000, 0x00000007c0000000)
 Metaspace       used 41663K, capacity 43385K, committed 43452K, reserved 1087488K
  class space    used 4924K, capacity 5323K, committed 5372K, reserved 1048576K
2018-02-17T17:04:54.432+0800: 424.564: [GC (Allocation Failure) 2018-02-17T17:04:54.432+0800: 424.564: [ParNew
Desired survivor size 20112992 bytes, new threshold 8 (max 8)
- age   1:    1127168 bytes,    1127168 total
- age   2:     174712 bytes,    1301880 total
- age   3:     684840 bytes,    1986720 total
- age   4:     712504 bytes,    2699224 total
- age   5:    1292144 bytes,    3991368 total
- age   6:     829872 bytes,    4821240 total
- age   7:     604320 bytes,    5425560 total
- age   8:      90344 bytes,    5515904 total
: 96135K->7129K(109248K), 0.0250441 secs] 153367K->65133K(502464K), 0.0251454 secs] [Times: user=0.03 sys=0.00, real=0.02 secs] 
Heap after GC invocations=73 (full 2):
 par new generation   total 109248K, used 7129K [0x00000007a0000000, 0x00000007a8000000, 0x00000007a8000000)
  eden space 87424K,   0% used [0x00000007a0000000, 0x00000007a0000000, 0x00000007a5560000)
  from space 21824K,  32% used [0x00000007a6ab0000, 0x00000007a71a6540, 0x00000007a8000000)
  to   space 21824K,   0% used [0x00000007a5560000, 0x00000007a5560000, 0x00000007a6ab0000)
 concurrent mark-sweep generation total 393216K, used 58004K [0x00000007a8000000, 0x00000007c0000000, 0x00000007c0000000)
 Metaspace       used 41663K, capacity 43385K, committed 43452K, reserved 1087488K
  class space    used 4924K, capacity 5323K, committed 5372K, reserved 1048576K
}
2018-02-17T17:04:54.458+0800: 424.590: Total time for which application threads were stopped: 0.0255300 seconds, Stopping threads took: 0.0001010 seconds
2018-02-17T17:04:54.510+0800: 424.642: Total time for which application threads were stopped: 0.0002021 seconds, Stopping threads took: 0.0000341 seconds
2018-02-17T17:04:54.524+0800: 424.656: Total time for which application threads were stopped: 0.0001877 seconds, Stopping threads took: 0.0000332 seconds
2018-02-17T17:04:54.597+0800: 424.729: Total time for which application threads were stopped: 0.0002083 seconds, Stopping threads took: 0.0000343 seconds
2018-02-17T17:04:55.597+0800: 425.729: Total time for which application threads were stopped: 0.0003753 seconds, Stopping threads took: 0.0000573 seconds
2018-02-17T17:04:59.576+0800: 429.708: Total time for which application threads were stopped: 0.0002963 seconds, Stopping threads took: 0.0001141 seconds
2018-02-17T17:04:59.577+0800: 429.709: Total time for which application threads were stopped: 0.0001390 seconds, Stopping threads took: 0.0000173 seconds
2018-02-17T17:04:59.577+0800: 429.709: Total time for which application threads were stopped: 0.0001092 seconds, Stopping threads took: 0.0000158 seconds
2018-02-17T17:04:59.577+0800: 429.709: Total time for which application threads were stopped: 0.0001540 seconds, Stopping threads took: 0.0000655 seconds
2018-02-17T17:04:59.577+0800: 429.709: Total time for which application threads were stopped: 0.0001268 seconds, Stopping threads took: 0.0000523 seconds
2018-02-17T17:04:59.577+0800: 429.709: Total time for which application threads were stopped: 0.0000768 seconds, Stopping threads took: 0.0000091 seconds
2018-02-17T17:04:59.577+0800: 429.710: Total time for which application threads were stopped: 0.0000765 seconds, Stopping threads took: 0.0000097 seconds
2018-02-17T17:04:59.578+0800: 429.710: Total time for which application threads were stopped: 0.0001016 seconds, Stopping threads took: 0.0000332 seconds
2018-02-17T17:04:59.578+0800: 429.710: Total time for which application threads were stopped: 0.0000700 seconds, Stopping threads took: 0.0000077 seconds
2018-02-17T17:04:59.590+0800: 429.722: Total time for which application threads were stopped: 0.0001931 seconds, Stopping threads took: 0.0000256 seconds
2018-02-17T17:04:59.590+0800: 429.722: Total time for which application threads were stopped: 0.0001039 seconds, Stopping threads took: 0.0000121 seconds
2018-02-17T17:04:59.595+0800: 429.727: Total time for which application threads were stopped: 0.0002306 seconds, Stopping threads took: 0.0000404 seconds
2018-02-17T17:04:59.600+0800: 429.732: Total time for which application threads were stopped: 0.0002060 seconds, Stopping threads took: 0.0000419 seconds
2018-02-17T17:04:59.607+0800: 429.739: Total time for which application threads were stopped: 0.0004178 seconds, Stopping threads took: 0.0000422 seconds
2018-02-17T17:04:59.608+0800: 429.740: Total time for which application threads were stopped: 0.0002346 seconds, Stopping threads took: 0.0000525 seconds
{Heap before GC invocations=73 (full 2):
 par new generation   total 109248K, used 94553K [0x00000007a0000000, 0x00000007a8000000, 0x00000007a8000000)
  eden space 87424K, 100% used [0x00000007a0000000, 0x00000007a5560000, 0x00000007a5560000)
  from space 21824K,  32% used [0x00000007a6ab0000, 0x00000007a71a6540, 0x00000007a8000000)
  to   space 21824K,   0% used [0x00000007a5560000, 0x00000007a5560000, 0x00000007a6ab0000)
 concurrent mark-sweep generation total 393216K, used 58004K [0x00000007a8000000, 0x00000007c0000000, 0x00000007c0000000)
 Metaspace       used 42036K, capacity 43931K, committed 44092K, reserved 1087488K
  class space    used 4974K, capacity 5414K, committed 5500K, reserved 1048576K
2018-02-17T17:04:59.611+0800: 429.743: [GC (Allocation Failure) 2018-02-17T17:04:59.611+0800: 429.743: [ParNew
Desired survivor size 20112992 bytes, new threshold 8 (max 8)
- age   1:    2786016 bytes,    2786016 total
- age   2:     503856 bytes,    3289872 total
- age   3:     174016 bytes,    3463888 total
- age   4:     130936 bytes,    3594824 total
- age   5:     157848 bytes,    3752672 total
- age   6:    1284872 bytes,    5037544 total
- age   7:     707336 bytes,    5744880 total
- age   8:     603584 bytes,    6348464 total
: 94553K->7277K(109248K), 0.0114023 secs] 152557K->65372K(502464K), 0.0114832 secs] [Times: user=0.03 sys=0.01, real=0.01 secs] 
Heap after GC invocations=74 (full 2):
 par new generation   total 109248K, used 7277K [0x00000007a0000000, 0x00000007a8000000, 0x00000007a8000000)
  eden space 87424K,   0% used [0x00000007a0000000, 0x00000007a0000000, 0x00000007a5560000)
  from space 21824K,  33% used [0x00000007a5560000, 0x00000007a5c7b790, 0x00000007a6ab0000)
  to   space 21824K,   0% used [0x00000007a6ab0000, 0x00000007a6ab0000, 0x00000007a8000000)
 concurrent mark-sweep generation total 393216K, used 58094K [0x00000007a8000000, 0x00000007c0000000, 0x00000007c0000000)
 Metaspace       used 42036K, capacity 43931K, committed 44092K, reserved 1087488K
  class space    used 4974K, capacity 5414K, committed 5500K, reserved 1048576K
}
2018-02-17T17:04:59.623+0800: 429.755: Total time for which application threads were stopped: 0.0118724 seconds, Stopping threads took: 0.0000280 seconds
2018-02-17T17:04:59.625+0800: 429.757: Total time for which application threads were stopped: 0.0001987 seconds, Stopping threads took: 0.0000552 seconds
2018-02-17T17:04:59.626+0800: 429.758: Total time for which application threads were stopped: 0.0001740 seconds, Stopping threads took: 0.0000443 seconds
{Heap before GC invocations=74 (full 2):
 par new generation   total 109248K, used 94694K [0x00000007a0000000, 0x00000007a8000000, 0x00000007a8000000)
  eden space 87424K,  99% used [0x00000007a0000000, 0x00000007a555e158, 0x00000007a5560000)
  from space 21824K,  33% used [0x00000007a5560000, 0x00000007a5c7b790, 0x00000007a6ab0000)
  to   space 21824K,   0% used [0x00000007a6ab0000, 0x00000007a6ab0000, 0x00000007a8000000)
 concurrent mark-sweep generation total 393216K, used 58094K [0x00000007a8000000, 0x00000007c0000000, 0x00000007c0000000)
 Metaspace       used 42048K, capacity 43931K, committed 44092K, reserved 1087488K
  class space    used 4974K, capacity 5414K, committed 5500K, reserved 1048576K
2018-02-17T17:04:59.674+0800: 429.806: [GC (Allocation Failure) 2018-02-17T17:04:59.674+0800: 429.806: [ParNew
Desired survivor size 20112992 bytes, new threshold 8 (max 8)
- age   1:    1057248 bytes,    1057248 total
- age   2:    2340768 bytes,    3398016 total
- age   3:     503856 bytes,    3901872 total
- age   4:     174016 bytes,    4075888 total
- age   5:     130936 bytes,    4206824 total
- age   6:     157848 bytes,    4364672 total
- age   7:    1277104 bytes,    5641776 total
- age   8:     150192 bytes,    5791968 total
: 94694K->8066K(109248K), 0.0109265 secs] 152789K->66650K(502464K), 0.0110222 secs] [Times: user=0.03 sys=0.00, real=0.01 secs] 
Heap after GC invocations=75 (full 2):
 par new generation   total 109248K, used 8066K [0x00000007a0000000, 0x00000007a8000000, 0x00000007a8000000)
  eden space 87424K,   0% used [0x00000007a0000000, 0x00000007a0000000, 0x00000007a5560000)
  from space 21824K,  36% used [0x00000007a6ab0000, 0x00000007a7290930, 0x00000007a8000000)
  to   space 21824K,   0% used [0x00000007a5560000, 0x00000007a5560000, 0x00000007a6ab0000)
 concurrent mark-sweep generation total 393216K, used 58584K [0x00000007a8000000, 0x00000007c0000000, 0x00000007c0000000)
 Metaspace       used 42048K, capacity 43931K, committed 44092K, reserved 1087488K
  class space    used 4974K, capacity 5414K, committed 5500K, reserved 1048576K
}
2018-02-17T17:04:59.685+0800: 429.817: Total time for which application threads were stopped: 0.0113130 seconds, Stopping threads took: 0.0000281 seconds
2018-02-17T17:04:59.685+0800: 429.817: Total time for which application threads were stopped: 0.0002553 seconds, Stopping threads took: 0.0000910 seconds
{Heap before GC invocations=75 (full 2):
 par new generation   total 109248K, used 95490K [0x00000007a0000000, 0x00000007a8000000, 0x00000007a8000000)
  eden space 87424K, 100% used [0x00000007a0000000, 0x00000007a5560000, 0x00000007a5560000)
  from space 21824K,  36% used [0x00000007a6ab0000, 0x00000007a7290930, 0x00000007a8000000)
  to   space 21824K,   0% used [0x00000007a5560000, 0x00000007a5560000, 0x00000007a6ab0000)
 concurrent mark-sweep generation total 393216K, used 58584K [0x00000007a8000000, 0x00000007c0000000, 0x00000007c0000000)
 Metaspace       used 42051K, capacity 43931K, committed 44092K, reserved 1087488K
  class space    used 4974K, capacity 5414K, committed 5500K, reserved 1048576K
2018-02-17T17:04:59.725+0800: 429.857: [GC (Allocation Failure) 2018-02-17T17:04:59.725+0800: 429.857: [ParNew
Desired survivor size 20112992 bytes, new threshold 8 (max 8)
- age   1:     831808 bytes,     831808 total
- age   2:     711864 bytes,    1543672 total
- age   3:    1993840 bytes,    3537512 total
- age   4:     503856 bytes,    4041368 total
- age   5:     174016 bytes,    4215384 total
- age   6:     130936 bytes,    4346320 total
- age   7:     157848 bytes,    4504168 total
- age   8:    1277104 bytes,    5781272 total
: 95490K->7797K(109248K), 0.0066080 secs] 154074K->66528K(502464K), 0.0066843 secs] [Times: user=0.02 sys=0.00, real=0.01 secs] 
Heap after GC invocations=76 (full 2):
 par new generation   total 109248K, used 7797K [0x00000007a0000000, 0x00000007a8000000, 0x00000007a8000000)
  eden space 87424K,   0% used [0x00000007a0000000, 0x00000007a0000000, 0x00000007a5560000)
  from space 21824K,  35% used [0x00000007a5560000, 0x00000007a5cfd538, 0x00000007a6ab0000)
  to   space 21824K,   0% used [0x00000007a6ab0000, 0x00000007a6ab0000, 0x00000007a8000000)
 concurrent mark-sweep generation total 393216K, used 58731K [0x00000007a8000000, 0x00000007c0000000, 0x00000007c0000000)
 Metaspace       used 42051K, capacity 43931K, committed 44092K, reserved 1087488K
  class space    used 4974K, capacity 5414K, committed 5500K, reserved 1048576K
}
2018-02-17T17:04:59.732+0800: 429.863: Total time for which application threads were stopped: 0.0069198 seconds, Stopping threads took: 0.0000274 seconds
{Heap before GC invocations=76 (full 2):
 par new generation   total 109248K, used 95221K [0x00000007a0000000, 0x00000007a8000000, 0x00000007a8000000)
  eden space 87424K, 100% used [0x00000007a0000000, 0x00000007a5560000, 0x00000007a5560000)
  from space 21824K,  35% used [0x00000007a5560000, 0x00000007a5cfd538, 0x00000007a6ab0000)
  to   space 21824K,   0% used [0x00000007a6ab0000, 0x00000007a6ab0000, 0x00000007a8000000)
 concurrent mark-sweep generation total 393216K, used 58731K [0x00000007a8000000, 0x00000007c0000000, 0x00000007c0000000)
 Metaspace       used 42051K, capacity 43931K, committed 44092K, reserved 1087488K
  class space    used 4974K, capacity 5414K, committed 5500K, reserved 1048576K
2018-02-17T17:04:59.775+0800: 429.907: [GC (Allocation Failure) 2018-02-17T17:04:59.775+0800: 429.907: [ParNew
Desired survivor size 20112992 bytes, new threshold 8 (max 8)
- age   1:     956560 bytes,     956560 total
- age   2:     810656 bytes,    1767216 total
- age   3:     702120 bytes,    2469336 total
- age   4:    1454136 bytes,    3923472 total
- age   5:     503856 bytes,    4427328 total
- age   6:     174016 bytes,    4601344 total
- age   7:     130936 bytes,    4732280 total
- age   8:     157848 bytes,    4890128 total
: 95221K->6712K(109248K), 0.0088438 secs] 153952K->66696K(502464K), 0.0089236 secs] [Times: user=0.02 sys=0.00, real=0.01 secs] 
Heap after GC invocations=77 (full 2):
 par new generation   total 109248K, used 6712K [0x00000007a0000000, 0x00000007a8000000, 0x00000007a8000000)
  eden space 87424K,   0% used [0x00000007a0000000, 0x00000007a0000000, 0x00000007a5560000)
  from space 21824K,  30% used [0x00000007a6ab0000, 0x00000007a713e3c8, 0x00000007a8000000)
  to   space 21824K,   0% used [0x00000007a5560000, 0x00000007a5560000, 0x00000007a6ab0000)
 concurrent mark-sweep generation total 393216K, used 59984K [0x00000007a8000000, 0x00000007c0000000, 0x00000007c0000000)
 Metaspace       used 42051K, capacity 43931K, committed 44092K, reserved 1087488K
  class space    used 4974K, capacity 5414K, committed 5500K, reserved 1048576K
}
2018-02-17T17:04:59.784+0800: 429.916: Total time for which application threads were stopped: 0.0091507 seconds, Stopping threads took: 0.0000217 seconds
2018-02-17T17:05:00.788+0800: 430.920: Total time for which application threads were stopped: 0.0003220 seconds, Stopping threads took: 0.0000417 seconds
2018-02-17T17:05:01.477+0800: 431.609: Total time for which application threads were stopped: 0.0001980 seconds, Stopping threads took: 0.0000285 seconds
2018-02-17T17:05:01.478+0800: 431.610: Total time for which application threads were stopped: 0.0001773 seconds, Stopping threads took: 0.0000654 seconds
2018-02-17T17:05:01.478+0800: 431.610: Total time for which application threads were stopped: 0.0001149 seconds, Stopping threads took: 0.0000268 seconds
2018-02-17T17:05:01.507+0800: 431.639: Total time for which application threads were stopped: 0.0001757 seconds, Stopping threads took: 0.0000396 seconds
2018-02-17T17:05:01.507+0800: 431.639: Total time for which application threads were stopped: 0.0001148 seconds, Stopping threads took: 0.0000128 seconds
2018-02-17T17:05:02.509+0800: 432.641: Total time for which application threads were stopped: 0.0002288 seconds, Stopping threads took: 0.0000421 seconds
2018-02-17T17:05:04.574+0800: 434.706: Total time for which application threads were stopped: 0.0001693 seconds, Stopping threads took: 0.0000318 seconds
2018-02-17T17:05:04.575+0800: 434.706: Total time for which application threads were stopped: 0.0001949 seconds, Stopping threads took: 0.0000272 seconds
2018-02-17T17:05:04.575+0800: 434.707: Total time for which application threads were stopped: 0.0001095 seconds, Stopping threads took: 0.0000394 seconds
2018-02-17T17:05:04.575+0800: 434.707: Total time for which application threads were stopped: 0.0000651 seconds, Stopping threads took: 0.0000178 seconds
2018-02-17T17:05:04.575+0800: 434.707: Total time for which application threads were stopped: 0.0000628 seconds, Stopping threads took: 0.0000162 seconds
2018-02-17T17:05:04.575+0800: 434.707: Total time for which application threads were stopped: 0.0000590 seconds, Stopping threads took: 0.0000136 seconds
2018-02-17T17:05:04.575+0800: 434.707: Total time for which application threads were stopped: 0.0000611 seconds, Stopping threads took: 0.0000163 seconds
2018-02-17T17:05:04.583+0800: 434.715: Total time for which application threads were stopped: 0.0001735 seconds, Stopping threads took: 0.0000423 seconds
2018-02-17T17:05:04.583+0800: 434.715: Total time for which application threads were stopped: 0.0001159 seconds, Stopping threads took: 0.0000224 seconds
2018-02-17T17:05:05.585+0800: 435.717: Total time for which application threads were stopped: 0.0001591 seconds, Stopping threads took: 0.0000405 seconds
2018-02-17T17:05:09.576+0800: 439.708: Total time for which application threads were stopped: 0.0002685 seconds, Stopping threads took: 0.0000482 seconds
2018-02-17T17:05:09.577+0800: 439.708: Total time for which application threads were stopped: 0.0001356 seconds, Stopping threads took: 0.0000152 seconds
2018-02-17T17:05:09.577+0800: 439.709: Total time for which application threads were stopped: 0.0001201 seconds, Stopping threads took: 0.0000111 seconds
2018-02-17T17:05:09.577+0800: 439.709: Total time for which application threads were stopped: 0.0000994 seconds, Stopping threads took: 0.0000114 seconds
2018-02-17T17:05:09.577+0800: 439.709: Total time for which application threads were stopped: 0.0000975 seconds, Stopping threads took: 0.0000208 seconds
2018-02-17T17:05:09.577+0800: 439.709: Total time for which application threads were stopped: 0.0000794 seconds, Stopping threads took: 0.0000099 seconds
2018-02-17T17:05:09.583+0800: 439.715: Total time for which application threads were stopped: 0.0001395 seconds, Stopping threads took: 0.0000229 seconds
2018-02-17T17:05:09.584+0800: 439.715: Total time for which application threads were stopped: 0.0001015 seconds, Stopping threads took: 0.0000107 seconds
2018-02-17T17:05:10.217+0800: 440.349: Total time for which application threads were stopped: 0.0002227 seconds, Stopping threads took: 0.0000318 seconds
{Heap before GC invocations=77 (full 2):
 par new generation   total 109248K, used 94121K [0x00000007a0000000, 0x00000007a8000000, 0x00000007a8000000)
  eden space 87424K,  99% used [0x00000007a0000000, 0x00000007a555c2a0, 0x00000007a5560000)
  from space 21824K,  30% used [0x00000007a6ab0000, 0x00000007a713e3c8, 0x00000007a8000000)
  to   space 21824K,   0% used [0x00000007a5560000, 0x00000007a5560000, 0x00000007a6ab0000)
 concurrent mark-sweep generation total 393216K, used 59984K [0x00000007a8000000, 0x00000007c0000000, 0x00000007c0000000)
 Metaspace       used 42081K, capacity 44071K, committed 44348K, reserved 1087488K
  class space    used 4976K, capacity 5416K, committed 5500K, reserved 1048576K
2018-02-17T17:05:10.236+0800: 440.368: [GC (Allocation Failure) 2018-02-17T17:05:10.236+0800: 440.368: [ParNew
Desired survivor size 20112992 bytes, new threshold 8 (max 8)
- age   1:    1935816 bytes,    1935816 total
- age   2:     444296 bytes,    2380112 total
- age   3:     255760 bytes,    2635872 total
- age   4:     699720 bytes,    3335592 total
- age   5:    1430576 bytes,    4766168 total
- age   6:     503856 bytes,    5270024 total
- age   7:     174016 bytes,    5444040 total
- age   8:     130936 bytes,    5574976 total
: 94121K->6975K(109248K), 0.0099577 secs] 154105K->67116K(502464K), 0.0100573 secs] [Times: user=0.03 sys=0.00, real=0.01 secs] 
Heap after GC invocations=78 (full 2):
 par new generation   total 109248K, used 6975K [0x00000007a0000000, 0x00000007a8000000, 0x00000007a8000000)
  eden space 87424K,   0% used [0x00000007a0000000, 0x00000007a0000000, 0x00000007a5560000)
  from space 21824K,  31% used [0x00000007a5560000, 0x00000007a5c2ffe8, 0x00000007a6ab0000)
  to   space 21824K,   0% used [0x00000007a6ab0000, 0x00000007a6ab0000, 0x00000007a8000000)
 concurrent mark-sweep generation total 393216K, used 60140K [0x00000007a8000000, 0x00000007c0000000, 0x00000007c0000000)
 Metaspace       used 42081K, capacity 44071K, committed 44348K, reserved 1087488K
  class space    used 4976K, capacity 5416K, committed 5500K, reserved 1048576K
}
2018-02-17T17:05:10.246+0800: 440.378: Total time for which application threads were stopped: 0.0103451 seconds, Stopping threads took: 0.0000275 seconds
2018-02-17T17:05:10.305+0800: 440.437: Total time for which application threads were stopped: 0.0001159 seconds, Stopping threads took: 0.0000198 seconds
{Heap before GC invocations=78 (full 2):
 par new generation   total 109248K, used 94399K [0x00000007a0000000, 0x00000007a8000000, 0x00000007a8000000)
  eden space 87424K, 100% used [0x00000007a0000000, 0x00000007a5560000, 0x00000007a5560000)
  from space 21824K,  31% used [0x00000007a5560000, 0x00000007a5c2ffe8, 0x00000007a6ab0000)
  to   space 21824K,   0% used [0x00000007a6ab0000, 0x00000007a6ab0000, 0x00000007a8000000)
 concurrent mark-sweep generation total 393216K, used 60140K [0x00000007a8000000, 0x00000007c0000000, 0x00000007c0000000)
 Metaspace       used 42094K, capacity 44079K, committed 44348K, reserved 1087488K
  class space    used 4976K, capacity 5416K, committed 5500K, reserved 1048576K
2018-02-17T17:05:10.321+0800: 440.453: [GC (Allocation Failure) 2018-02-17T17:05:10.321+0800: 440.453: [ParNew
Desired survivor size 20112992 bytes, new threshold 8 (max 8)
- age   1:     564896 bytes,     564896 total
- age   2:    1078616 bytes,    1643512 total
- age   3:     444296 bytes,    2087808 total
- age   4:     255760 bytes,    2343568 total
- age   5:     699720 bytes,    3043288 total
- age   6:    1430576 bytes,    4473864 total
- age   7:     503856 bytes,    4977720 total
- age   8:     174016 bytes,    5151736 total
: 94399K->7076K(109248K), 0.0097139 secs] 154540K->67347K(502464K), 0.0098051 secs] [Times: user=0.03 sys=0.00, real=0.01 secs] 
Heap after GC invocations=79 (full 2):
 par new generation   total 109248K, used 7076K [0x00000007a0000000, 0x00000007a8000000, 0x00000007a8000000)
  eden space 87424K,   0% used [0x00000007a0000000, 0x00000007a0000000, 0x00000007a5560000)
  from space 21824K,  32% used [0x00000007a6ab0000, 0x00000007a7199070, 0x00000007a8000000)
  to   space 21824K,   0% used [0x00000007a5560000, 0x00000007a5560000, 0x00000007a6ab0000)
 concurrent mark-sweep generation total 393216K, used 60271K [0x00000007a8000000, 0x00000007c0000000, 0x00000007c0000000)
 Metaspace       used 42094K, capacity 44079K, committed 44348K, reserved 1087488K
  class space    used 4976K, capacity 5416K, committed 5500K, reserved 1048576K
}
2018-02-17T17:05:10.331+0800: 440.462: Total time for which application threads were stopped: 0.0100374 seconds, Stopping threads took: 0.0000179 seconds
2018-02-17T17:05:10.347+0800: 440.478: Total time for which application threads were stopped: 0.0001698 seconds, Stopping threads took: 0.0000331 seconds
{Heap before GC invocations=79 (full 2):
 par new generation   total 109248K, used 94500K [0x00000007a0000000, 0x00000007a8000000, 0x00000007a8000000)
  eden space 87424K, 100% used [0x00000007a0000000, 0x00000007a5560000, 0x00000007a5560000)
  from space 21824K,  32% used [0x00000007a6ab0000, 0x00000007a7199070, 0x00000007a8000000)
  to   space 21824K,   0% used [0x00000007a5560000, 0x00000007a5560000, 0x00000007a6ab0000)
 concurrent mark-sweep generation total 393216K, used 60271K [0x00000007a8000000, 0x00000007c0000000, 0x00000007c0000000)
 Metaspace       used 42104K, capacity 44079K, committed 44348K, reserved 1087488K
  class space    used 4976K, capacity 5416K, committed 5500K, reserved 1048576K
2018-02-17T17:05:10.405+0800: 440.537: [GC (Allocation Failure) 2018-02-17T17:05:10.405+0800: 440.537: [ParNew
Desired survivor size 20112992 bytes, new threshold 8 (max 8)
- age   1:    3002848 bytes,    3002848 total
- age   2:     490960 bytes,    3493808 total
- age   3:     901720 bytes,    4395528 total
- age   4:     444232 bytes,    4839760 total
- age   5:     255760 bytes,    5095520 total
- age   6:     698264 bytes,    5793784 total
- age   7:    1427856 bytes,    7221640 total
- age   8:     503792 bytes,    7725432 total
: 94500K->9197K(109248K), 0.0081364 secs] 154771K->69641K(502464K), 0.0082190 secs] [Times: user=0.03 sys=0.00, real=0.01 secs] 
Heap after GC invocations=80 (full 2):
 par new generation   total 109248K, used 9197K [0x00000007a0000000, 0x00000007a8000000, 0x00000007a8000000)
  eden space 87424K,   0% used [0x00000007a0000000, 0x00000007a0000000, 0x00000007a5560000)
  from space 21824K,  42% used [0x00000007a5560000, 0x00000007a5e5b7a0, 0x00000007a6ab0000)
  to   space 21824K,   0% used [0x00000007a6ab0000, 0x00000007a6ab0000, 0x00000007a8000000)
 concurrent mark-sweep generation total 393216K, used 60443K [0x00000007a8000000, 0x00000007c0000000, 0x00000007c0000000)
 Metaspace       used 42104K, capacity 44079K, committed 44348K, reserved 1087488K
  class space    used 4976K, capacity 5416K, committed 5500K, reserved 1048576K
}
2018-02-17T17:05:10.413+0800: 440.545: Total time for which application threads were stopped: 0.0085355 seconds, Stopping threads took: 0.0000522 seconds
2018-02-17T17:05:10.415+0800: 440.547: Total time for which application threads were stopped: 0.0002222 seconds, Stopping threads took: 0.0000600 seconds
2018-02-17T17:05:10.417+0800: 440.548: Total time for which application threads were stopped: 0.0001841 seconds, Stopping threads took: 0.0000522 seconds
2018-02-17T17:05:10.455+0800: 440.587: Total time for which application threads were stopped: 0.0004508 seconds, Stopping threads took: 0.0002705 seconds
{Heap before GC invocations=80 (full 2):
 par new generation   total 109248K, used 96621K [0x00000007a0000000, 0x00000007a8000000, 0x00000007a8000000)
  eden space 87424K, 100% used [0x00000007a0000000, 0x00000007a5560000, 0x00000007a5560000)
  from space 21824K,  42% used [0x00000007a5560000, 0x00000007a5e5b7a0, 0x00000007a6ab0000)
  to   space 21824K,   0% used [0x00000007a6ab0000, 0x00000007a6ab0000, 0x00000007a8000000)
 concurrent mark-sweep generation total 393216K, used 60443K [0x00000007a8000000, 0x00000007c0000000, 0x00000007c0000000)
 Metaspace       used 42105K, capacity 44079K, committed 44348K, reserved 1087488K
  class space    used 4976K, capacity 5416K, committed 5500K, reserved 1048576K
2018-02-17T17:05:10.501+0800: 440.633: [GC (Allocation Failure) 2018-02-17T17:05:10.501+0800: 440.633: [ParNew
Desired survivor size 20112992 bytes, new threshold 8 (max 8)
- age   1:    1113968 bytes,    1113968 total
- age   2:    2166592 bytes,    3280560 total
- age   3:     490960 bytes,    3771520 total
- age   4:     901720 bytes,    4673240 total
- age   5:     444232 bytes,    5117472 total
- age   6:     255760 bytes,    5373232 total
- age   7:     692088 bytes,    6065320 total
- age   8:    1427856 bytes,    7493176 total
: 96621K->9637K(109248K), 0.0743055 secs] 157065K->70576K(502464K), 0.0744205 secs] [Times: user=0.07 sys=0.00, real=0.07 secs] 
Heap after GC invocations=81 (full 2):
 par new generation   total 109248K, used 9637K [0x00000007a0000000, 0x00000007a8000000, 0x00000007a8000000)
  eden space 87424K,   0% used [0x00000007a0000000, 0x00000007a0000000, 0x00000007a5560000)
  from space 21824K,  44% used [0x00000007a6ab0000, 0x00000007a74194b0, 0x00000007a8000000)
  to   space 21824K,   0% used [0x00000007a5560000, 0x00000007a5560000, 0x00000007a6ab0000)
 concurrent mark-sweep generation total 393216K, used 60938K [0x00000007a8000000, 0x00000007c0000000, 0x00000007c0000000)
 Metaspace       used 42105K, capacity 44079K, committed 44348K, reserved 1087488K
  class space    used 4976K, capacity 5416K, committed 5500K, reserved 1048576K
}
2018-02-17T17:05:10.575+0800: 440.707: Total time for which application threads were stopped: 0.0747883 seconds, Stopping threads took: 0.0001119 seconds
{Heap before GC invocations=81 (full 2):
 par new generation   total 109248K, used 97061K [0x00000007a0000000, 0x00000007a8000000, 0x00000007a8000000)
  eden space 87424K, 100% used [0x00000007a0000000, 0x00000007a5560000, 0x00000007a5560000)
  from space 21824K,  44% used [0x00000007a6ab0000, 0x00000007a74194b0, 0x00000007a8000000)
  to   space 21824K,   0% used [0x00000007a5560000, 0x00000007a5560000, 0x00000007a6ab0000)
 concurrent mark-sweep generation total 393216K, used 60938K [0x00000007a8000000, 0x00000007c0000000, 0x00000007c0000000)
 Metaspace       used 42105K, capacity 44079K, committed 44348K, reserved 1087488K
  class space    used 4976K, capacity 5416K, committed 5500K, reserved 1048576K
2018-02-17T17:05:10.591+0800: 440.723: [GC (Allocation Failure) 2018-02-17T17:05:10.591+0800: 440.723: [ParNew
Desired survivor size 20112992 bytes, new threshold 8 (max 8)
- age   1:    1004968 bytes,    1004968 total
- age   2:     559568 bytes,    1564536 total
- age   3:    2147104 bytes,    3711640 total
- age   4:     490960 bytes,    4202600 total
- age   5:     901720 bytes,    5104320 total
- age   6:     444232 bytes,    5548552 total
- age   7:     255760 bytes,    5804312 total
- age   8:     692024 bytes,    6496336 total
: 97061K->8700K(109248K), 0.0448672 secs] 158000K->71047K(502464K), 0.0449638 secs] [Times: user=0.07 sys=0.01, real=0.04 secs] 
Heap after GC invocations=82 (full 2):
 par new generation   total 109248K, used 8700K [0x00000007a0000000, 0x00000007a8000000, 0x00000007a8000000)
  eden space 87424K,   0% used [0x00000007a0000000, 0x00000007a0000000, 0x00000007a5560000)
  from space 21824K,  39% used [0x00000007a5560000, 0x00000007a5ddf200, 0x00000007a6ab0000)
  to   space 21824K,   0% used [0x00000007a6ab0000, 0x00000007a6ab0000, 0x00000007a8000000)
 concurrent mark-sweep generation total 393216K, used 62347K [0x00000007a8000000, 0x00000007c0000000, 0x00000007c0000000)
 Metaspace       used 42105K, capacity 44079K, committed 44348K, reserved 1087488K
  class space    used 4976K, capacity 5416K, committed 5500K, reserved 1048576K
}
2018-02-17T17:05:10.636+0800: 440.768: Total time for which application threads were stopped: 0.0452706 seconds, Stopping threads took: 0.0000446 seconds
{Heap before GC invocations=82 (full 2):
 par new generation   total 109248K, used 96124K [0x00000007a0000000, 0x00000007a8000000, 0x00000007a8000000)
  eden space 87424K, 100% used [0x00000007a0000000, 0x00000007a5560000, 0x00000007a5560000)
  from space 21824K,  39% used [0x00000007a5560000, 0x00000007a5ddf200, 0x00000007a6ab0000)
  to   space 21824K,   0% used [0x00000007a6ab0000, 0x00000007a6ab0000, 0x00000007a8000000)
 concurrent mark-sweep generation total 393216K, used 62347K [0x00000007a8000000, 0x00000007c0000000, 0x00000007c0000000)
 Metaspace       used 42105K, capacity 44079K, committed 44348K, reserved 1087488K
  class space    used 4976K, capacity 5416K, committed 5500K, reserved 1048576K
2018-02-17T17:05:10.673+0800: 440.805: [GC (Allocation Failure) 2018-02-17T17:05:10.673+0800: 440.805: [ParNew
Desired survivor size 20112992 bytes, new threshold 8 (max 8)
- age   1:     477968 bytes,     477968 total
- age   2:     865024 bytes,    1342992 total
- age   3:     558920 bytes,    1901912 total
- age   4:    2145896 bytes,    4047808 total
- age   5:     490960 bytes,    4538768 total
- age   6:     901720 bytes,    5440488 total
- age   7:     444232 bytes,    5884720 total
- age   8:     255760 bytes,    6140480 total
: 96124K->6933K(109248K), 0.0299487 secs] 158471K->69959K(502464K), 0.0300333 secs] [Times: user=0.05 sys=0.00, real=0.03 secs] 
Heap after GC invocations=83 (full 2):
 par new generation   total 109248K, used 6933K [0x00000007a0000000, 0x00000007a8000000, 0x00000007a8000000)
  eden space 87424K,   0% used [0x00000007a0000000, 0x00000007a0000000, 0x00000007a5560000)
  from space 21824K,  31% used [0x00000007a6ab0000, 0x00000007a71754c0, 0x00000007a8000000)
  to   space 21824K,   0% used [0x00000007a5560000, 0x00000007a5560000, 0x00000007a6ab0000)
 concurrent mark-sweep generation total 393216K, used 63026K [0x00000007a8000000, 0x00000007c0000000, 0x00000007c0000000)
 Metaspace       used 42105K, capacity 44079K, committed 44348K, reserved 1087488K
  class space    used 4976K, capacity 5416K, committed 5500K, reserved 1048576K
}
2018-02-17T17:05:10.703+0800: 440.835: Total time for which application threads were stopped: 0.0306950 seconds, Stopping threads took: 0.0003825 seconds
2018-02-17T17:05:10.724+0800: 440.856: Total time for which application threads were stopped: 0.0002598 seconds, Stopping threads took: 0.0001041 seconds
{Heap before GC invocations=83 (full 2):
 par new generation   total 109248K, used 94357K [0x00000007a0000000, 0x00000007a8000000, 0x00000007a8000000)
  eden space 87424K, 100% used [0x00000007a0000000, 0x00000007a5560000, 0x00000007a5560000)
  from space 21824K,  31% used [0x00000007a6ab0000, 0x00000007a71754c0, 0x00000007a8000000)
  to   space 21824K,   0% used [0x00000007a5560000, 0x00000007a5560000, 0x00000007a6ab0000)
 concurrent mark-sweep generation total 393216K, used 63026K [0x00000007a8000000, 0x00000007c0000000, 0x00000007c0000000)
 Metaspace       used 42105K, capacity 44079K, committed 44348K, reserved 1087488K
  class space    used 4976K, capacity 5416K, committed 5500K, reserved 1048576K
2018-02-17T17:05:10.734+0800: 440.866: [GC (Allocation Failure) 2018-02-17T17:05:10.734+0800: 440.866: [ParNew
Desired survivor size 20112992 bytes, new threshold 8 (max 8)
- age   1:     856080 bytes,     856080 total
- age   2:     187272 bytes,    1043352 total
- age   3:     864528 bytes,    1907880 total
- age   4:     558920 bytes,    2466800 total
- age   5:    1604784 bytes,    4071584 total
- age   6:     490960 bytes,    4562544 total
- age   7:     901144 bytes,    5463688 total
- age   8:     444232 bytes,    5907920 total
: 94357K->9387K(109248K), 0.0426604 secs] 157383K->72666K(502464K), 0.0427616 secs] [Times: user=0.06 sys=0.00, real=0.04 secs] 
Heap after GC invocations=84 (full 2):
 par new generation   total 109248K, used 9387K [0x00000007a0000000, 0x00000007a8000000, 0x00000007a8000000)
  eden space 87424K,   0% used [0x00000007a0000000, 0x00000007a0000000, 0x00000007a5560000)
  from space 21824K,  43% used [0x00000007a5560000, 0x00000007a5e8aca8, 0x00000007a6ab0000)
  to   space 21824K,   0% used [0x00000007a6ab0000, 0x00000007a6ab0000, 0x00000007a8000000)
 concurrent mark-sweep generation total 393216K, used 63279K [0x00000007a8000000, 0x00000007c0000000, 0x00000007c0000000)
 Metaspace       used 42105K, capacity 44079K, committed 44348K, reserved 1087488K
  class space    used 4976K, capacity 5416K, committed 5500K, reserved 1048576K
}
2018-02-17T17:05:10.777+0800: 440.909: Total time for which application threads were stopped: 0.0430365 seconds, Stopping threads took: 0.0000352 seconds
2018-02-17T17:05:11.780+0800: 441.911: Total time for which application threads were stopped: 0.0002465 seconds, Stopping threads took: 0.0000326 seconds
2018-02-17T17:05:16.038+0800: 446.170: Total time for which application threads were stopped: 0.0002478 seconds, Stopping threads took: 0.0000257 seconds
2018-02-17T17:05:16.039+0800: 446.170: Total time for which application threads were stopped: 0.0000985 seconds, Stopping threads took: 0.0000116 seconds
2018-02-17T17:05:16.039+0800: 446.170: Total time for which application threads were stopped: 0.0000825 seconds, Stopping threads took: 0.0000093 seconds
2018-02-17T17:05:16.039+0800: 446.170: Total time for which application threads were stopped: 0.0000831 seconds, Stopping threads took: 0.0000097 seconds
2018-02-17T17:05:16.039+0800: 446.171: Total time for which application threads were stopped: 0.0000797 seconds, Stopping threads took: 0.0000092 seconds
2018-02-17T17:05:16.039+0800: 446.171: Total time for which application threads were stopped: 0.0000790 seconds, Stopping threads took: 0.0000091 seconds
2018-02-17T17:05:16.039+0800: 446.171: Total time for which application threads were stopped: 0.0000780 seconds, Stopping threads took: 0.0000089 seconds
2018-02-17T17:05:16.039+0800: 446.171: Total time for which application threads were stopped: 0.0000877 seconds, Stopping threads took: 0.0000078 seconds
2018-02-17T17:05:16.047+0800: 446.178: Total time for which application threads were stopped: 0.0001658 seconds, Stopping threads took: 0.0000472 seconds
2018-02-17T17:05:16.047+0800: 446.179: Total time for which application threads were stopped: 0.0001483 seconds, Stopping threads took: 0.0000547 seconds
2018-02-17T17:05:17.047+0800: 447.179: Total time for which application threads were stopped: 0.0001678 seconds, Stopping threads took: 0.0000292 seconds
2018-02-17T17:05:20.214+0800: 450.345: Total time for which application threads were stopped: 0.0002184 seconds, Stopping threads took: 0.0000389 seconds
2018-02-17T17:05:20.221+0800: 450.352: Total time for which application threads were stopped: 0.0001670 seconds, Stopping threads took: 0.0000253 seconds
{Heap before GC invocations=84 (full 2):
 par new generation   total 109248K, used 96810K [0x00000007a0000000, 0x00000007a8000000, 0x00000007a8000000)
  eden space 87424K,  99% used [0x00000007a0000000, 0x00000007a555fbd0, 0x00000007a5560000)
  from space 21824K,  43% used [0x00000007a5560000, 0x00000007a5e8aca8, 0x00000007a6ab0000)
  to   space 21824K,   0% used [0x00000007a6ab0000, 0x00000007a6ab0000, 0x00000007a8000000)
 concurrent mark-sweep generation total 393216K, used 63279K [0x00000007a8000000, 0x00000007c0000000, 0x00000007c0000000)
 Metaspace       used 42111K, capacity 44079K, committed 44348K, reserved 1087488K
  class space    used 4976K, capacity 5416K, committed 5500K, reserved 1048576K
2018-02-17T17:05:20.225+0800: 450.356: [GC (Allocation Failure) 2018-02-17T17:05:20.225+0800: 450.356: [ParNew
Desired survivor size 20112992 bytes, new threshold 8 (max 8)
- age   1:    2508624 bytes,    2508624 total
- age   2:     503152 bytes,    3011776 total
- age   3:     187128 bytes,    3198904 total
- age   4:     113744 bytes,    3312648 total
- age   5:     194696 bytes,    3507344 total
- age   6:    1573216 bytes,    5080560 total
- age   7:     490960 bytes,    5571520 total
- age   8:     889536 bytes,    6461056 total
: 96810K->7654K(109248K), 0.0106187 secs] 160089K->71370K(502464K), 0.0107262 secs] [Times: user=0.03 sys=0.00, real=0.01 secs] 
Heap after GC invocations=85 (full 2):
 par new generation   total 109248K, used 7654K [0x00000007a0000000, 0x00000007a8000000, 0x00000007a8000000)
  eden space 87424K,   0% used [0x00000007a0000000, 0x00000007a0000000, 0x00000007a5560000)
  from space 21824K,  35% used [0x00000007a6ab0000, 0x00000007a7229870, 0x00000007a8000000)
  to   space 21824K,   0% used [0x00000007a5560000, 0x00000007a5560000, 0x00000007a6ab0000)
 concurrent mark-sweep generation total 393216K, used 63715K [0x00000007a8000000, 0x00000007c0000000, 0x00000007c0000000)
 Metaspace       used 42111K, capacity 44079K, committed 44348K, reserved 1087488K
  class space    used 4976K, capacity 5416K, committed 5500K, reserved 1048576K
}
2018-02-17T17:05:20.236+0800: 450.367: Total time for which application threads were stopped: 0.0109725 seconds, Stopping threads took: 0.0000339 seconds
{Heap before GC invocations=85 (full 2):
 par new generation   total 109248K, used 95078K [0x00000007a0000000, 0x00000007a8000000, 0x00000007a8000000)
  eden space 87424K, 100% used [0x00000007a0000000, 0x00000007a5560000, 0x00000007a5560000)
  from space 21824K,  35% used [0x00000007a6ab0000, 0x00000007a7229870, 0x00000007a8000000)
  to   space 21824K,   0% used [0x00000007a5560000, 0x00000007a5560000, 0x00000007a6ab0000)
 concurrent mark-sweep generation total 393216K, used 63715K [0x00000007a8000000, 0x00000007c0000000, 0x00000007c0000000)
 Metaspace       used 42111K, capacity 44079K, committed 44348K, reserved 1087488K
  class space    used 4976K, capacity 5416K, committed 5500K, reserved 1048576K
2018-02-17T17:05:20.263+0800: 450.394: [GC (Allocation Failure) 2018-02-17T17:05:20.263+0800: 450.394: [ParNew
Desired survivor size 20112992 bytes, new threshold 8 (max 8)
- age   1:     453288 bytes,     453288 total
- age   2:    2214120 bytes,    2667408 total
- age   3:     503152 bytes,    3170560 total
- age   4:     187128 bytes,    3357688 total
- age   5:     113744 bytes,    3471432 total
- age   6:     194696 bytes,    3666128 total
- age   7:    1573080 bytes,    5239208 total
- age   8:     490960 bytes,    5730168 total
: 95078K->9499K(109248K), 0.0111669 secs] 158794K->74097K(502464K), 0.0113083 secs] [Times: user=0.03 sys=0.00, real=0.01 secs] 
Heap after GC invocations=86 (full 2):
 par new generation   total 109248K, used 9499K [0x00000007a0000000, 0x00000007a8000000, 0x00000007a8000000)
  eden space 87424K,   0% used [0x00000007a0000000, 0x00000007a0000000, 0x00000007a5560000)
  from space 21824K,  43% used [0x00000007a5560000, 0x00000007a5ea6c38, 0x00000007a6ab0000)
  to   space 21824K,   0% used [0x00000007a6ab0000, 0x00000007a6ab0000, 0x00000007a8000000)
 concurrent mark-sweep generation total 393216K, used 64598K [0x00000007a8000000, 0x00000007c0000000, 0x00000007c0000000)
 Metaspace       used 42111K, capacity 44079K, committed 44348K, reserved 1087488K
  class space    used 4976K, capacity 5416K, committed 5500K, reserved 1048576K
}
2018-02-17T17:05:20.274+0800: 450.406: Total time for which application threads were stopped: 0.0116355 seconds, Stopping threads took: 0.0000234 seconds
2018-02-17T17:05:20.303+0800: 450.434: Total time for which application threads were stopped: 0.0001354 seconds, Stopping threads took: 0.0000210 seconds
2018-02-17T17:05:20.307+0800: 450.439: Total time for which application threads were stopped: 0.0005060 seconds, Stopping threads took: 0.0000400 seconds
2018-02-17T17:05:20.308+0800: 450.439: Total time for which application threads were stopped: 0.0001987 seconds, Stopping threads took: 0.0000209 seconds
2018-02-17T17:05:20.312+0800: 450.444: Total time for which application threads were stopped: 0.0001676 seconds, Stopping threads took: 0.0000228 seconds
2018-02-17T17:05:21.037+0800: 451.168: Total time for which application threads were stopped: 0.0002096 seconds, Stopping threads took: 0.0000351 seconds
2018-02-17T17:05:21.037+0800: 451.168: Total time for which application threads were stopped: 0.0001499 seconds, Stopping threads took: 0.0000194 seconds
2018-02-17T17:05:21.037+0800: 451.168: Total time for which application threads were stopped: 0.0001219 seconds, Stopping threads took: 0.0000164 seconds
2018-02-17T17:05:21.037+0800: 451.169: Total time for which application threads were stopped: 0.0001273 seconds, Stopping threads took: 0.0000220 seconds
2018-02-17T17:05:21.037+0800: 451.169: Total time for which application threads were stopped: 0.0001266 seconds, Stopping threads took: 0.0000192 seconds
2018-02-17T17:05:21.038+0800: 451.169: Total time for which application threads were stopped: 0.0002005 seconds, Stopping threads took: 0.0000591 seconds
2018-02-17T17:05:21.038+0800: 451.170: Total time for which application threads were stopped: 0.0004531 seconds, Stopping threads took: 0.0000219 seconds
2018-02-17T17:05:21.038+0800: 451.170: Total time for which application threads were stopped: 0.0001182 seconds, Stopping threads took: 0.0000156 seconds
2018-02-17T17:05:21.048+0800: 451.180: Total time for which application threads were stopped: 0.0001771 seconds, Stopping threads took: 0.0000258 seconds
2018-02-17T17:05:21.049+0800: 451.180: Total time for which application threads were stopped: 0.0001358 seconds, Stopping threads took: 0.0000171 seconds
{Heap before GC invocations=86 (full 2):
 par new generation   total 109248K, used 96923K [0x00000007a0000000, 0x00000007a8000000, 0x00000007a8000000)
  eden space 87424K, 100% used [0x00000007a0000000, 0x00000007a5560000, 0x00000007a5560000)
  from space 21824K,  43% used [0x00000007a5560000, 0x00000007a5ea6c38, 0x00000007a6ab0000)
  to   space 21824K,   0% used [0x00000007a6ab0000, 0x00000007a6ab0000, 0x00000007a8000000)
 concurrent mark-sweep generation total 393216K, used 64598K [0x00000007a8000000, 0x00000007c0000000, 0x00000007c0000000)
 Metaspace       used 42127K, capacity 44079K, committed 44348K, reserved 1087488K
  class space    used 4976K, capacity 5416K, committed 5500K, reserved 1048576K
2018-02-17T17:05:21.071+0800: 451.203: [GC (Allocation Failure) 2018-02-17T17:05:21.071+0800: 451.203: [ParNew
Desired survivor size 20112992 bytes, new threshold 8 (max 8)
- age   1:    1060360 bytes,    1060360 total
- age   3:    1253928 bytes,    2314288 total
- age   4:     503152 bytes,    2817440 total
- age   5:     187128 bytes,    3004568 total
- age   6:     113744 bytes,    3118312 total
- age   7:     194696 bytes,    3313008 total
- age   8:    1448224 bytes,    4761232 total
: 96923K->6200K(109248K), 0.0149566 secs] 161521K->71281K(502464K), 0.0150723 secs] [Times: user=0.05 sys=0.00, real=0.01 secs] 
Heap after GC invocations=87 (full 2):
 par new generation   total 109248K, used 6200K [0x00000007a0000000, 0x00000007a8000000, 0x00000007a8000000)
  eden space 87424K,   0% used [0x00000007a0000000, 0x00000007a0000000, 0x00000007a5560000)
  from space 21824K,  28% used [0x00000007a6ab0000, 0x00000007a70be3b8, 0x00000007a8000000)
  to   space 21824K,   0% used [0x00000007a5560000, 0x00000007a5560000, 0x00000007a6ab0000)
 concurrent mark-sweep generation total 393216K, used 65080K [0x00000007a8000000, 0x00000007c0000000, 0x00000007c0000000)
 Metaspace       used 42127K, capacity 44079K, committed 44348K, reserved 1087488K
  class space    used 4976K, capacity 5416K, committed 5500K, reserved 1048576K
}
2018-02-17T17:05:21.086+0800: 451.218: Total time for which application threads were stopped: 0.0153998 seconds, Stopping threads took: 0.0000489 seconds
2018-02-17T17:05:21.090+0800: 451.222: Total time for which application threads were stopped: 0.0002633 seconds, Stopping threads took: 0.0000993 seconds
2018-02-17T17:05:21.091+0800: 451.222: Total time for which application threads were stopped: 0.0004941 seconds, Stopping threads took: 0.0003392 seconds
{Heap before GC invocations=87 (full 2):
 par new generation   total 109248K, used 93624K [0x00000007a0000000, 0x00000007a8000000, 0x00000007a8000000)
  eden space 87424K, 100% used [0x00000007a0000000, 0x00000007a5560000, 0x00000007a5560000)
  from space 21824K,  28% used [0x00000007a6ab0000, 0x00000007a70be3b8, 0x00000007a8000000)
  to   space 21824K,   0% used [0x00000007a5560000, 0x00000007a5560000, 0x00000007a6ab0000)
 concurrent mark-sweep generation total 393216K, used 65080K [0x00000007a8000000, 0x00000007c0000000, 0x00000007c0000000)
 Metaspace       used 42137K, capacity 44079K, committed 44348K, reserved 1087488K
  class space    used 4976K, capacity 5416K, committed 5500K, reserved 1048576K
2018-02-17T17:05:21.131+0800: 451.263: [GC (Allocation Failure) 2018-02-17T17:05:21.131+0800: 451.263: [ParNew
Desired survivor size 20112992 bytes, new threshold 8 (max 8)
- age   1:    1296632 bytes,    1296632 total
- age   2:     744128 bytes,    2040760 total
- age   4:    1253904 bytes,    3294664 total
- age   5:     503152 bytes,    3797816 total
- age   6:     187128 bytes,    3984944 total
- age   7:     113744 bytes,    4098688 total
- age   8:     188456 bytes,    4287144 total
: 93624K->5473K(109248K), 0.0072135 secs] 158705K->71975K(502464K), 0.0073161 secs] [Times: user=0.02 sys=0.00, real=0.00 secs] 
Heap after GC invocations=88 (full 2):
 par new generation   total 109248K, used 5473K [0x00000007a0000000, 0x00000007a8000000, 0x00000007a8000000)
  eden space 87424K,   0% used [0x00000007a0000000, 0x00000007a0000000, 0x00000007a5560000)
  from space 21824K,  25% used [0x00000007a5560000, 0x00000007a5ab85a0, 0x00000007a6ab0000)
  to   space 21824K,   0% used [0x00000007a6ab0000, 0x00000007a6ab0000, 0x00000007a8000000)
 concurrent mark-sweep generation total 393216K, used 66502K [0x00000007a8000000, 0x00000007c0000000, 0x00000007c0000000)
 Metaspace       used 42137K, capacity 44079K, committed 44348K, reserved 1087488K
  class space    used 4976K, capacity 5416K, committed 5500K, reserved 1048576K
}
2018-02-17T17:05:21.138+0800: 451.270: Total time for which application threads were stopped: 0.0075790 seconds, Stopping threads took: 0.0000293 seconds
2018-02-17T17:05:21.139+0800: 451.270: Total time for which application threads were stopped: 0.0002248 seconds, Stopping threads took: 0.0000745 seconds
{Heap before GC invocations=88 (full 2):
 par new generation   total 109248K, used 92897K [0x00000007a0000000, 0x00000007a8000000, 0x00000007a8000000)
  eden space 87424K, 100% used [0x00000007a0000000, 0x00000007a5560000, 0x00000007a5560000)
  from space 21824K,  25% used [0x00000007a5560000, 0x00000007a5ab85a0, 0x00000007a6ab0000)
  to   space 21824K,   0% used [0x00000007a6ab0000, 0x00000007a6ab0000, 0x00000007a8000000)
 concurrent mark-sweep generation total 393216K, used 66502K [0x00000007a8000000, 0x00000007c0000000, 0x00000007c0000000)
 Metaspace       used 42140K, capacity 44079K, committed 44348K, reserved 1087488K
  class space    used 4976K, capacity 5416K, committed 5500K, reserved 1048576K
2018-02-17T17:05:21.167+0800: 451.299: [GC (Allocation Failure) 2018-02-17T17:05:21.167+0800: 451.299: [ParNew
Desired survivor size 20112992 bytes, new threshold 8 (max 8)
- age   1:     892752 bytes,     892752 total
- age   2:     732144 bytes,    1624896 total
- age   3:     733128 bytes,    2358024 total
- age   5:    1253616 bytes,    3611640 total
- age   6:     503152 bytes,    4114792 total
- age   7:     187128 bytes,    4301920 total
- age   8:     113744 bytes,    4415664 total
: 92897K->4900K(109248K), 0.0058265 secs] 159399K->71590K(502464K), 0.0059134 secs] [Times: user=0.02 sys=0.00, real=0.01 secs] 
Heap after GC invocations=89 (full 2):
 par new generation   total 109248K, used 4900K [0x00000007a0000000, 0x00000007a8000000, 0x00000007a8000000)
  eden space 87424K,   0% used [0x00000007a0000000, 0x00000007a0000000, 0x00000007a5560000)
  from space 21824K,  22% used [0x00000007a6ab0000, 0x00000007a6f79368, 0x00000007a8000000)
  to   space 21824K,   0% used [0x00000007a5560000, 0x00000007a5560000, 0x00000007a6ab0000)
 concurrent mark-sweep generation total 393216K, used 66689K [0x00000007a8000000, 0x00000007c0000000, 0x00000007c0000000)
 Metaspace       used 42140K, capacity 44079K, committed 44348K, reserved 1087488K
  class space    used 4976K, capacity 5416K, committed 5500K, reserved 1048576K
}
2018-02-17T17:05:21.173+0800: 451.305: Total time for which application threads were stopped: 0.0061459 seconds, Stopping threads took: 0.0000294 seconds
{Heap before GC invocations=89 (full 2):
 par new generation   total 109248K, used 92324K [0x00000007a0000000, 0x00000007a8000000, 0x00000007a8000000)
  eden space 87424K, 100% used [0x00000007a0000000, 0x00000007a5560000, 0x00000007a5560000)
  from space 21824K,  22% used [0x00000007a6ab0000, 0x00000007a6f79368, 0x00000007a8000000)
  to   space 21824K,   0% used [0x00000007a5560000, 0x00000007a5560000, 0x00000007a6ab0000)
 concurrent mark-sweep generation total 393216K, used 66689K [0x00000007a8000000, 0x00000007c0000000, 0x00000007c0000000)
 Metaspace       used 42140K, capacity 44079K, committed 44348K, reserved 1087488K
  class space    used 4976K, capacity 5416K, committed 5500K, reserved 1048576K
2018-02-17T17:05:21.272+0800: 451.403: [GC (Allocation Failure) 2018-02-17T17:05:21.272+0800: 451.403: [ParNew
Desired survivor size 20112992 bytes, new threshold 8 (max 8)
- age   1:    1052144 bytes,    1052144 total
- age   2:     333432 bytes,    1385576 total
- age   3:     719560 bytes,    2105136 total
- age   4:     192392 bytes,    2297528 total
- age   6:    1250184 bytes,    3547712 total
- age   7:     503152 bytes,    4050864 total
- age   8:     187128 bytes,    4237992 total
: 92324K->6612K(109248K), 0.0062007 secs] 159014K->73416K(502464K), 0.0062698 secs] [Times: user=0.02 sys=0.00, real=0.00 secs] 
Heap after GC invocations=90 (full 2):
 par new generation   total 109248K, used 6612K [0x00000007a0000000, 0x00000007a8000000, 0x00000007a8000000)
  eden space 87424K,   0% used [0x00000007a0000000, 0x00000007a0000000, 0x00000007a5560000)
  from space 21824K,  30% used [0x00000007a5560000, 0x00000007a5bd5298, 0x00000007a6ab0000)
  to   space 21824K,   0% used [0x00000007a6ab0000, 0x00000007a6ab0000, 0x00000007a8000000)
 concurrent mark-sweep generation total 393216K, used 66803K [0x00000007a8000000, 0x00000007c0000000, 0x00000007c0000000)
 Metaspace       used 42140K, capacity 44079K, committed 44348K, reserved 1087488K
  class space    used 4976K, capacity 5416K, committed 5500K, reserved 1048576K
}
2018-02-17T17:05:21.278+0800: 451.410: Total time for which application threads were stopped: 0.0065058 seconds, Stopping threads took: 0.0000213 seconds
{Heap before GC invocations=90 (full 2):
 par new generation   total 109248K, used 94036K [0x00000007a0000000, 0x00000007a8000000, 0x00000007a8000000)
  eden space 87424K,  99% used [0x00000007a0000000, 0x00000007a555ff30, 0x00000007a5560000)
  from space 21824K,  30% used [0x00000007a5560000, 0x00000007a5bd5298, 0x00000007a6ab0000)
  to   space 21824K,   0% used [0x00000007a6ab0000, 0x00000007a6ab0000, 0x00000007a8000000)
 concurrent mark-sweep generation total 393216K, used 66803K [0x00000007a8000000, 0x00000007c0000000, 0x00000007c0000000)
 Metaspace       used 42145K, capacity 44079K, committed 44348K, reserved 1087488K
  class space    used 4976K, capacity 5416K, committed 5500K, reserved 1048576K
2018-02-17T17:05:24.627+0800: 454.759: [GC (Allocation Failure) 2018-02-17T17:05:24.628+0800: 454.760: [ParNew
Desired survivor size 20112992 bytes, new threshold 8 (max 8)
- age   1:    1402928 bytes,    1402928 total
- age   2:     934384 bytes,    2337312 total
- age   3:     333000 bytes,    2670312 total
- age   4:     719416 bytes,    3389728 total
- age   5:     191816 bytes,    3581544 total
- age   7:    1248824 bytes,    4830368 total
- age   8:     503152 bytes,    5333520 total
: 94036K->5937K(109248K), 0.0065389 secs] 160839K->72927K(502464K), 0.0077018 secs] [Times: user=0.02 sys=0.00, real=0.01 secs] 
Heap after GC invocations=91 (full 2):
 par new generation   total 109248K, used 5937K [0x00000007a0000000, 0x00000007a8000000, 0x00000007a8000000)
  eden space 87424K,   0% used [0x00000007a0000000, 0x00000007a0000000, 0x00000007a5560000)
  from space 21824K,  27% used [0x00000007a6ab0000, 0x00000007a707c7c0, 0x00000007a8000000)
  to   space 21824K,   0% used [0x00000007a5560000, 0x00000007a5560000, 0x00000007a6ab0000)
 concurrent mark-sweep generation total 393216K, used 66989K [0x00000007a8000000, 0x00000007c0000000, 0x00000007c0000000)
 Metaspace       used 42145K, capacity 44079K, committed 44348K, reserved 1087488K
  class space    used 4976K, capacity 5416K, committed 5500K, reserved 1048576K
}
2018-02-17T17:05:24.635+0800: 454.766: Total time for which application threads were stopped: 0.0083154 seconds, Stopping threads took: 0.0001778 seconds
2018-02-17T17:05:24.722+0800: 454.853: Total time for which application threads were stopped: 0.0001990 seconds, Stopping threads took: 0.0000352 seconds
{Heap before GC invocations=91 (full 2):
 par new generation   total 109248K, used 93360K [0x00000007a0000000, 0x00000007a8000000, 0x00000007a8000000)
  eden space 87424K,  99% used [0x00000007a0000000, 0x00000007a555faf0, 0x00000007a5560000)
  from space 21824K,  27% used [0x00000007a6ab0000, 0x00000007a707c7c0, 0x00000007a8000000)
  to   space 21824K,   0% used [0x00000007a5560000, 0x00000007a5560000, 0x00000007a6ab0000)
 concurrent mark-sweep generation total 393216K, used 66989K [0x00000007a8000000, 0x00000007c0000000, 0x00000007c0000000)
 Metaspace       used 42158K, capacity 44079K, committed 44348K, reserved 1087488K
  class space    used 4976K, capacity 5416K, committed 5500K, reserved 1048576K
2018-02-17T17:05:24.732+0800: 454.863: [GC (Allocation Failure) 2018-02-17T17:05:24.732+0800: 454.864: [ParNew
Desired survivor size 20112992 bytes, new threshold 8 (max 8)
- age   1:    1507480 bytes,    1507480 total
- age   2:     328104 bytes,    1835584 total
- age   3:     908168 bytes,    2743752 total
- age   4:     333000 bytes,    3076752 total
- age   5:     719416 bytes,    3796168 total
- age   6:     191816 bytes,    3987984 total
- age   8:    1248824 bytes,    5236808 total
: 93360K->7702K(109248K), 0.0288334 secs] 160349K->75185K(502464K), 0.0289377 secs] [Times: user=0.03 sys=0.01, real=0.03 secs] 
Heap after GC invocations=92 (full 2):
 par new generation   total 109248K, used 7702K [0x00000007a0000000, 0x00000007a8000000, 0x00000007a8000000)
  eden space 87424K,   0% used [0x00000007a0000000, 0x00000007a0000000, 0x00000007a5560000)
  from space 21824K,  35% used [0x00000007a5560000, 0x00000007a5ce58c0, 0x00000007a6ab0000)
  to   space 21824K,   0% used [0x00000007a6ab0000, 0x00000007a6ab0000, 0x00000007a8000000)
 concurrent mark-sweep generation total 393216K, used 67483K [0x00000007a8000000, 0x00000007c0000000, 0x00000007c0000000)
 Metaspace       used 42158K, capacity 44079K, committed 44348K, reserved 1087488K
  class space    used 4976K, capacity 5416K, committed 5500K, reserved 1048576K
}
2018-02-17T17:05:24.761+0800: 454.893: Total time for which application threads were stopped: 0.0292274 seconds, Stopping threads took: 0.0000313 seconds
{Heap before GC invocations=92 (full 2):
 par new generation   total 109248K, used 95126K [0x00000007a0000000, 0x00000007a8000000, 0x00000007a8000000)
  eden space 87424K, 100% used [0x00000007a0000000, 0x00000007a5560000, 0x00000007a5560000)
  from space 21824K,  35% used [0x00000007a5560000, 0x00000007a5ce58c0, 0x00000007a6ab0000)
  to   space 21824K,   0% used [0x00000007a6ab0000, 0x00000007a6ab0000, 0x00000007a8000000)
 concurrent mark-sweep generation total 393216K, used 67483K [0x00000007a8000000, 0x00000007c0000000, 0x00000007c0000000)
 Metaspace       used 42160K, capacity 44079K, committed 44348K, reserved 1087488K
  class space    used 4976K, capacity 5416K, committed 5500K, reserved 1048576K
2018-02-17T17:05:24.861+0800: 454.993: [GC (Allocation Failure) 2018-02-17T17:05:24.861+0800: 454.993: [ParNew
Desired survivor size 20112992 bytes, new threshold 8 (max 8)
- age   1:    1243896 bytes,    1243896 total
- age   2:    1381568 bytes,    2625464 total
- age   3:     184616 bytes,    2810080 total
- age   4:     908032 bytes,    3718112 total
- age   5:     333000 bytes,    4051112 total
- age   6:     711720 bytes,    4762832 total
- age   7:     191784 bytes,    4954616 total
: 95126K->5947K(109248K), 0.0147081 secs] 162609K->74659K(502464K), 0.0148093 secs] [Times: user=0.03 sys=0.00, real=0.01 secs] 
Heap after GC invocations=93 (full 2):
 par new generation   total 109248K, used 5947K [0x00000007a0000000, 0x00000007a8000000, 0x00000007a8000000)
  eden space 87424K,   0% used [0x00000007a0000000, 0x00000007a0000000, 0x00000007a5560000)
  from space 21824K,  27% used [0x00000007a6ab0000, 0x00000007a707ec20, 0x00000007a8000000)
  to   space 21824K,   0% used [0x00000007a5560000, 0x00000007a5560000, 0x00000007a6ab0000)
 concurrent mark-sweep generation total 393216K, used 68712K [0x00000007a8000000, 0x00000007c0000000, 0x00000007c0000000)
 Metaspace       used 42160K, capacity 44079K, committed 44348K, reserved 1087488K
  class space    used 4976K, capacity 5416K, committed 5500K, reserved 1048576K
}
2018-02-17T17:05:24.876+0800: 455.007: Total time for which application threads were stopped: 0.0264411 seconds, Stopping threads took: 0.0113451 seconds
2018-02-17T17:05:24.876+0800: 455.008: Total time for which application threads were stopped: 0.0002655 seconds, Stopping threads took: 0.0000851 seconds
{Heap before GC invocations=93 (full 2):
 par new generation   total 109248K, used 93371K [0x00000007a0000000, 0x00000007a8000000, 0x00000007a8000000)
  eden space 87424K, 100% used [0x00000007a0000000, 0x00000007a5560000, 0x00000007a5560000)
  from space 21824K,  27% used [0x00000007a6ab0000, 0x00000007a707ec20, 0x00000007a8000000)
  to   space 21824K,   0% used [0x00000007a5560000, 0x00000007a5560000, 0x00000007a6ab0000)
 concurrent mark-sweep generation total 393216K, used 68712K [0x00000007a8000000, 0x00000007c0000000, 0x00000007c0000000)
 Metaspace       used 42163K, capacity 44079K, committed 44348K, reserved 1087488K
  class space    used 4976K, capacity 5416K, committed 5500K, reserved 1048576K
2018-02-17T17:05:24.931+0800: 455.062: [GC (Allocation Failure) 2018-02-17T17:05:24.931+0800: 455.062: [ParNew
Desired survivor size 20112992 bytes, new threshold 8 (max 8)
- age   1:     998944 bytes,     998944 total
- age   2:     728648 bytes,    1727592 total
- age   3:    1381568 bytes,    3109160 total
- age   4:     184616 bytes,    3293776 total
- age   5:     908032 bytes,    4201808 total
- age   6:     333000 bytes,    4534808 total
- age   7:     711720 bytes,    5246528 total
- age   8:     191784 bytes,    5438312 total
: 93371K->7391K(109248K), 0.0189283 secs] 162083K->76103K(502464K), 0.0190131 secs] [Times: user=0.02 sys=0.00, real=0.02 secs] 
Heap after GC invocations=94 (full 2):
 par new generation   total 109248K, used 7391K [0x00000007a0000000, 0x00000007a8000000, 0x00000007a8000000)
  eden space 87424K,   0% used [0x00000007a0000000, 0x00000007a0000000, 0x00000007a5560000)
  from space 21824K,  33% used [0x00000007a5560000, 0x00000007a5c97d28, 0x00000007a6ab0000)
  to   space 21824K,   0% used [0x00000007a6ab0000, 0x00000007a6ab0000, 0x00000007a8000000)
 concurrent mark-sweep generation total 393216K, used 68712K [0x00000007a8000000, 0x00000007c0000000, 0x00000007c0000000)
 Metaspace       used 42163K, capacity 44079K, committed 44348K, reserved 1087488K
  class space    used 4976K, capacity 5416K, committed 5500K, reserved 1048576K
}
2018-02-17T17:05:24.950+0800: 455.081: Total time for which application threads were stopped: 0.0193250 seconds, Stopping threads took: 0.0000526 seconds
2018-02-17T17:05:25.008+0800: 455.140: Total time for which application threads were stopped: 0.0002756 seconds, Stopping threads took: 0.0001072 seconds
{Heap before GC invocations=94 (full 2):
 par new generation   total 109248K, used 94815K [0x00000007a0000000, 0x00000007a8000000, 0x00000007a8000000)
  eden space 87424K, 100% used [0x00000007a0000000, 0x00000007a5560000, 0x00000007a5560000)
  from space 21824K,  33% used [0x00000007a5560000, 0x00000007a5c97d28, 0x00000007a6ab0000)
  to   space 21824K,   0% used [0x00000007a6ab0000, 0x00000007a6ab0000, 0x00000007a8000000)
 concurrent mark-sweep generation total 393216K, used 68712K [0x00000007a8000000, 0x00000007c0000000, 0x00000007c0000000)
 Metaspace       used 42163K, capacity 44079K, committed 44348K, reserved 1087488K
  class space    used 4976K, capacity 5416K, committed 5500K, reserved 1048576K
2018-02-17T17:05:25.045+0800: 455.177: [GC (Allocation Failure) 2018-02-17T17:05:25.045+0800: 455.177: [ParNew
Desired survivor size 20112992 bytes, new threshold 8 (max 8)
- age   1:     635880 bytes,     635880 total
- age   2:     697928 bytes,    1333808 total
- age   3:     718112 bytes,    2051920 total
- age   4:     838848 bytes,    2890768 total
- age   5:     184584 bytes,    3075352 total
- age   6:     908032 bytes,    3983384 total
- age   7:     333000 bytes,    4316384 total
- age   8:     711720 bytes,    5028104 total
: 94815K->6856K(109248K), 0.0160642 secs] 163527K->75760K(502464K), 0.0161489 secs] [Times: user=0.03 sys=0.00, real=0.02 secs] 
Heap after GC invocations=95 (full 2):
 par new generation   total 109248K, used 6856K [0x00000007a0000000, 0x00000007a8000000, 0x00000007a8000000)
  eden space 87424K,   0% used [0x00000007a0000000, 0x00000007a0000000, 0x00000007a5560000)
  from space 21824K,  31% used [0x00000007a6ab0000, 0x00000007a7162338, 0x00000007a8000000)
  to   space 21824K,   0% used [0x00000007a5560000, 0x00000007a5560000, 0x00000007a6ab0000)
 concurrent mark-sweep generation total 393216K, used 68903K [0x00000007a8000000, 0x00000007c0000000, 0x00000007c0000000)
 Metaspace       used 42163K, capacity 44079K, committed 44348K, reserved 1087488K
  class space    used 4976K, capacity 5416K, committed 5500K, reserved 1048576K
}
2018-02-17T17:05:25.061+0800: 455.193: Total time for which application threads were stopped: 0.0164050 seconds, Stopping threads took: 0.0000436 seconds
2018-02-17T17:05:26.062+0800: 456.194: Total time for which application threads were stopped: 0.0003287 seconds, Stopping threads took: 0.0000667 seconds
2018-02-17T17:05:26.296+0800: 456.427: Total time for which application threads were stopped: 0.0002891 seconds, Stopping threads took: 0.0000999 seconds
2018-02-17T17:05:26.296+0800: 456.428: Total time for which application threads were stopped: 0.0001738 seconds, Stopping threads took: 0.0000210 seconds
2018-02-17T17:05:26.296+0800: 456.428: Total time for which application threads were stopped: 0.0001499 seconds, Stopping threads took: 0.0000193 seconds
2018-02-17T17:05:26.297+0800: 456.428: Total time for which application threads were stopped: 0.0001328 seconds, Stopping threads took: 0.0000147 seconds
2018-02-17T17:05:26.297+0800: 456.428: Total time for which application threads were stopped: 0.0001285 seconds, Stopping threads took: 0.0000134 seconds
2018-02-17T17:05:26.297+0800: 456.428: Total time for which application threads were stopped: 0.0001278 seconds, Stopping threads took: 0.0000132 seconds
2018-02-17T17:05:26.297+0800: 456.429: Total time for which application threads were stopped: 0.0001482 seconds, Stopping threads took: 0.0000189 seconds
2018-02-17T17:05:26.297+0800: 456.429: Total time for which application threads were stopped: 0.0001180 seconds, Stopping threads took: 0.0000089 seconds
{Heap before GC invocations=95 (full 2):
 par new generation   total 109248K, used 94280K [0x00000007a0000000, 0x00000007a8000000, 0x00000007a8000000)
  eden space 87424K, 100% used [0x00000007a0000000, 0x00000007a5560000, 0x00000007a5560000)
  from space 21824K,  31% used [0x00000007a6ab0000, 0x00000007a7162338, 0x00000007a8000000)
  to   space 21824K,   0% used [0x00000007a5560000, 0x00000007a5560000, 0x00000007a6ab0000)
 concurrent mark-sweep generation total 393216K, used 68903K [0x00000007a8000000, 0x00000007c0000000, 0x00000007c0000000)
 Metaspace       used 42170K, capacity 44079K, committed 44348K, reserved 1087488K
  class space    used 4976K, capacity 5416K, committed 5500K, reserved 1048576K
2018-02-17T17:05:26.317+0800: 456.448: [GC (Allocation Failure) 2018-02-17T17:05:26.317+0800: 456.448: [ParNew
Desired survivor size 20112992 bytes, new threshold 8 (max 8)
- age   1:    1762704 bytes,    1762704 total
- age   2:     567344 bytes,    2330048 total
- age   3:     140824 bytes,    2470872 total
- age   4:     715912 bytes,    3186784 total
- age   5:     838848 bytes,    4025632 total
- age   6:     181232 bytes,    4206864 total
- age   7:     903168 bytes,    5110032 total
- age   8:     332968 bytes,    5443000 total
: 94280K->7158K(109248K), 0.0080014 secs] 163184K->76761K(502464K), 0.0080949 secs] [Times: user=0.02 sys=0.00, real=0.01 secs] 
Heap after GC invocations=96 (full 2):
 par new generation   total 109248K, used 7158K [0x00000007a0000000, 0x00000007a8000000, 0x00000007a8000000)
  eden space 87424K,   0% used [0x00000007a0000000, 0x00000007a0000000, 0x00000007a5560000)
  from space 21824K,  32% used [0x00000007a5560000, 0x00000007a5c5db68, 0x00000007a6ab0000)
  to   space 21824K,   0% used [0x00000007a6ab0000, 0x00000007a6ab0000, 0x00000007a8000000)
 concurrent mark-sweep generation total 393216K, used 69602K [0x00000007a8000000, 0x00000007c0000000, 0x00000007c0000000)
 Metaspace       used 42170K, capacity 44079K, committed 44348K, reserved 1087488K
  class space    used 4976K, capacity 5416K, committed 5500K, reserved 1048576K
}
2018-02-17T17:05:26.325+0800: 456.456: Total time for which application threads were stopped: 0.0083488 seconds, Stopping threads took: 0.0000251 seconds
2018-02-17T17:05:26.397+0800: 456.528: Total time for which application threads were stopped: 0.0001553 seconds, Stopping threads took: 0.0000192 seconds
2018-02-17T17:05:26.397+0800: 456.528: Total time for which application threads were stopped: 0.0001416 seconds, Stopping threads took: 0.0000238 seconds
{Heap before GC invocations=96 (full 2):
 par new generation   total 109248K, used 94582K [0x00000007a0000000, 0x00000007a8000000, 0x00000007a8000000)
  eden space 87424K, 100% used [0x00000007a0000000, 0x00000007a5560000, 0x00000007a5560000)
  from space 21824K,  32% used [0x00000007a5560000, 0x00000007a5c5db68, 0x00000007a6ab0000)
  to   space 21824K,   0% used [0x00000007a6ab0000, 0x00000007a6ab0000, 0x00000007a8000000)
 concurrent mark-sweep generation total 393216K, used 69602K [0x00000007a8000000, 0x00000007c0000000, 0x00000007c0000000)
 Metaspace       used 42171K, capacity 44079K, committed 44348K, reserved 1087488K
  class space    used 4976K, capacity 5416K, committed 5500K, reserved 1048576K
2018-02-17T17:05:26.400+0800: 456.532: [GC (Allocation Failure) 2018-02-17T17:05:26.400+0800: 456.532: [ParNew
Desired survivor size 20112992 bytes, new threshold 8 (max 8)
- age   1:     617616 bytes,     617616 total
- age   2:     905480 bytes,    1523096 total
- age   3:     567344 bytes,    2090440 total
- age   4:     140824 bytes,    2231264 total
- age   5:     715424 bytes,    2946688 total
- age   6:     838848 bytes,    3785536 total
- age   7:     181200 bytes,    3966736 total
- age   8:     353184 bytes,    4319920 total
: 94582K->5288K(109248K), 0.0051556 secs] 164185K->75119K(502464K), 0.0052449 secs] [Times: user=0.01 sys=0.01, real=0.00 secs] 
Heap after GC invocations=97 (full 2):
 par new generation   total 109248K, used 5288K [0x00000007a0000000, 0x00000007a8000000, 0x00000007a8000000)
  eden space 87424K,   0% used [0x00000007a0000000, 0x00000007a0000000, 0x00000007a5560000)
  from space 21824K,  24% used [0x00000007a6ab0000, 0x00000007a6fda0c0, 0x00000007a8000000)
  to   space 21824K,   0% used [0x00000007a5560000, 0x00000007a5560000, 0x00000007a6ab0000)
 concurrent mark-sweep generation total 393216K, used 69831K [0x00000007a8000000, 0x00000007c0000000, 0x00000007c0000000)
 Metaspace       used 42171K, capacity 44079K, committed 44348K, reserved 1087488K
  class space    used 4976K, capacity 5416K, committed 5500K, reserved 1048576K
}
2018-02-17T17:05:26.406+0800: 456.537: Total time for which application threads were stopped: 0.0054869 seconds, Stopping threads took: 0.0000344 seconds
{Heap before GC invocations=97 (full 2):
 par new generation   total 109248K, used 92699K [0x00000007a0000000, 0x00000007a8000000, 0x00000007a8000000)
  eden space 87424K,  99% used [0x00000007a0000000, 0x00000007a555ce20, 0x00000007a5560000)
  from space 21824K,  24% used [0x00000007a6ab0000, 0x00000007a6fda0c0, 0x00000007a8000000)
  to   space 21824K,   0% used [0x00000007a5560000, 0x00000007a5560000, 0x00000007a6ab0000)
 concurrent mark-sweep generation total 393216K, used 69831K [0x00000007a8000000, 0x00000007c0000000, 0x00000007c0000000)
 Metaspace       used 42172K, capacity 44079K, committed 44348K, reserved 1087488K
  class space    used 4976K, capacity 5416K, committed 5500K, reserved 1048576K
2018-02-17T17:05:26.448+0800: 456.579: [GC (Allocation Failure) 2018-02-17T17:05:26.448+0800: 456.579: [ParNew
Desired survivor size 20112992 bytes, new threshold 8 (max 8)
- age   1:    1606408 bytes,    1606408 total
- age   2:     614584 bytes,    2220992 total
- age   3:     732528 bytes,    2953520 total
- age   4:     567344 bytes,    3520864 total
- age   5:     140824 bytes,    3661688 total
- age   6:     707728 bytes,    4369416 total
- age   7:     838848 bytes,    5208264 total
- age   8:     181200 bytes,    5389464 total
: 92699K->7650K(109248K), 0.0060998 secs] 162531K->77829K(502464K), 0.0061659 secs] [Times: user=0.02 sys=0.00, real=0.01 secs] 
Heap after GC invocations=98 (full 2):
 par new generation   total 109248K, used 7650K [0x00000007a0000000, 0x00000007a8000000, 0x00000007a8000000)
  eden space 87424K,   0% used [0x00000007a0000000, 0x00000007a0000000, 0x00000007a5560000)
  from space 21824K,  35% used [0x00000007a5560000, 0x00000007a5cd8880, 0x00000007a6ab0000)
  to   space 21824K,   0% used [0x00000007a6ab0000, 0x00000007a6ab0000, 0x00000007a8000000)
 concurrent mark-sweep generation total 393216K, used 70179K [0x00000007a8000000, 0x00000007c0000000, 0x00000007c0000000)
 Metaspace       used 42172K, capacity 44079K, committed 44348K, reserved 1087488K
  class space    used 4976K, capacity 5416K, committed 5500K, reserved 1048576K
}
2018-02-17T17:05:26.454+0800: 456.586: Total time for which application threads were stopped: 0.0064228 seconds, Stopping threads took: 0.0000229 seconds
2018-02-17T17:05:26.455+0800: 456.586: Total time for which application threads were stopped: 0.0001463 seconds, Stopping threads took: 0.0000227 seconds
{Heap before GC invocations=98 (full 2):
 par new generation   total 109248K, used 95074K [0x00000007a0000000, 0x00000007a8000000, 0x00000007a8000000)
  eden space 87424K, 100% used [0x00000007a0000000, 0x00000007a5560000, 0x00000007a5560000)
  from space 21824K,  35% used [0x00000007a5560000, 0x00000007a5cd8880, 0x00000007a6ab0000)
  to   space 21824K,   0% used [0x00000007a6ab0000, 0x00000007a6ab0000, 0x00000007a8000000)
 concurrent mark-sweep generation total 393216K, used 70179K [0x00000007a8000000, 0x00000007c0000000, 0x00000007c0000000)
 Metaspace       used 42188K, capacity 44079K, committed 44348K, reserved 1087488K
  class space    used 4976K, capacity 5416K, committed 5500K, reserved 1048576K
2018-02-17T17:05:26.525+0800: 456.657: [GC (Allocation Failure) 2018-02-17T17:05:26.525+0800: 456.657: [ParNew
Desired survivor size 20112992 bytes, new threshold 8 (max 8)
- age   1:     780456 bytes,     780456 total
- age   2:     749800 bytes,    1530256 total
- age   3:     614584 bytes,    2144840 total
- age   4:     732528 bytes,    2877368 total
- age   5:     567344 bytes,    3444712 total
- age   6:     140824 bytes,    3585536 total
- age   7:     707728 bytes,    4293264 total
- age   8:     838848 bytes,    5132112 total
: 95074K->6592K(109248K), 0.0055606 secs] 165253K->76951K(502464K), 0.0056469 secs] [Times: user=0.02 sys=0.01, real=0.01 secs] 
Heap after GC invocations=99 (full 2):
 par new generation   total 109248K, used 6592K [0x00000007a0000000, 0x00000007a8000000, 0x00000007a8000000)
  eden space 87424K,   0% used [0x00000007a0000000, 0x00000007a0000000, 0x00000007a5560000)
  from space 21824K,  30% used [0x00000007a6ab0000, 0x00000007a7120170, 0x00000007a8000000)
  to   space 21824K,   0% used [0x00000007a5560000, 0x00000007a5560000, 0x00000007a6ab0000)
 concurrent mark-sweep generation total 393216K, used 70358K [0x00000007a8000000, 0x00000007c0000000, 0x00000007c0000000)
 Metaspace       used 42188K, capacity 44079K, committed 44348K, reserved 1087488K
  class space    used 4976K, capacity 5416K, committed 5500K, reserved 1048576K
}
2018-02-17T17:05:26.531+0800: 456.662: Total time for which application threads were stopped: 0.0059300 seconds, Stopping threads took: 0.0000290 seconds
2018-02-17T17:05:27.536+0800: 457.668: Total time for which application threads were stopped: 0.0002721 seconds, Stopping threads took: 0.0000421 seconds
2018-02-17T17:05:31.297+0800: 461.428: Total time for which application threads were stopped: 0.0001518 seconds, Stopping threads took: 0.0000245 seconds
2018-02-17T17:05:31.297+0800: 461.429: Total time for which application threads were stopped: 0.0000954 seconds, Stopping threads took: 0.0000131 seconds
2018-02-17T17:05:31.298+0800: 461.429: Total time for which application threads were stopped: 0.0000725 seconds, Stopping threads took: 0.0000104 seconds
2018-02-17T17:05:31.298+0800: 461.429: Total time for which application threads were stopped: 0.0000945 seconds, Stopping threads took: 0.0000105 seconds
2018-02-17T17:05:31.298+0800: 461.429: Total time for which application threads were stopped: 0.0000839 seconds, Stopping threads took: 0.0000110 seconds
2018-02-17T17:05:31.298+0800: 461.429: Total time for which application threads were stopped: 0.0000723 seconds, Stopping threads took: 0.0000101 seconds
2018-02-17T17:05:31.298+0800: 461.430: Total time for which application threads were stopped: 0.0002430 seconds, Stopping threads took: 0.0000109 seconds
2018-02-17T17:05:31.306+0800: 461.437: Total time for which application threads were stopped: 0.0004669 seconds, Stopping threads took: 0.0000480 seconds
2018-02-17T17:05:31.306+0800: 461.437: Total time for which application threads were stopped: 0.0001360 seconds, Stopping threads took: 0.0000187 seconds
{Heap before GC invocations=99 (full 2):
 par new generation   total 109248K, used 94016K [0x00000007a0000000, 0x00000007a8000000, 0x00000007a8000000)
  eden space 87424K, 100% used [0x00000007a0000000, 0x00000007a5560000, 0x00000007a5560000)
  from space 21824K,  30% used [0x00000007a6ab0000, 0x00000007a7120170, 0x00000007a8000000)
  to   space 21824K,   0% used [0x00000007a5560000, 0x00000007a5560000, 0x00000007a6ab0000)
 concurrent mark-sweep generation total 393216K, used 70358K [0x00000007a8000000, 0x00000007c0000000, 0x00000007c0000000)
 Metaspace       used 42195K, capacity 44149K, committed 44348K, reserved 1087488K
  class space    used 4977K, capacity 5417K, committed 5500K, reserved 1048576K
2018-02-17T17:05:31.361+0800: 461.493: [GC (Allocation Failure) 2018-02-17T17:05:31.361+0800: 461.493: [ParNew
Desired survivor size 20112992 bytes, new threshold 8 (max 8)
- age   1:    2172920 bytes,    2172920 total
- age   2:     677400 bytes,    2850320 total
- age   3:     732120 bytes,    3582440 total
- age   4:     614008 bytes,    4196448 total
- age   5:     719360 bytes,    4915808 total
- age   6:     567280 bytes,    5483088 total
- age   7:     140824 bytes,    5623912 total
- age   8:     674840 bytes,    6298752 total
: 94016K->7182K(109248K), 0.0162405 secs] 164375K->78368K(502464K), 0.0163400 secs] [Times: user=0.04 sys=0.00, real=0.01 secs] 
Heap after GC invocations=100 (full 2):
 par new generation   total 109248K, used 7182K [0x00000007a0000000, 0x00000007a8000000, 0x00000007a8000000)
  eden space 87424K,   0% used [0x00000007a0000000, 0x00000007a0000000, 0x00000007a5560000)
  from space 21824K,  32% used [0x00000007a5560000, 0x00000007a5c63af8, 0x00000007a6ab0000)
  to   space 21824K,   0% used [0x00000007a6ab0000, 0x00000007a6ab0000, 0x00000007a8000000)
 concurrent mark-sweep generation total 393216K, used 71186K [0x00000007a8000000, 0x00000007c0000000, 0x00000007c0000000)
 Metaspace       used 42195K, capacity 44149K, committed 44348K, reserved 1087488K
  class space    used 4977K, capacity 5417K, committed 5500K, reserved 1048576K
}
2018-02-17T17:05:31.378+0800: 461.509: Total time for which application threads were stopped: 0.0166375 seconds, Stopping threads took: 0.0000278 seconds
2018-02-17T17:05:31.378+0800: 461.510: Total time for which application threads were stopped: 0.0004239 seconds, Stopping threads took: 0.0000850 seconds
{Heap before GC invocations=100 (full 2):
 par new generation   total 109248K, used 94606K [0x00000007a0000000, 0x00000007a8000000, 0x00000007a8000000)
  eden space 87424K, 100% used [0x00000007a0000000, 0x00000007a5560000, 0x00000007a5560000)
  from space 21824K,  32% used [0x00000007a5560000, 0x00000007a5c63af8, 0x00000007a6ab0000)
  to   space 21824K,   0% used [0x00000007a6ab0000, 0x00000007a6ab0000, 0x00000007a8000000)
 concurrent mark-sweep generation total 393216K, used 71186K [0x00000007a8000000, 0x00000007c0000000, 0x00000007c0000000)
 Metaspace       used 42195K, capacity 44149K, committed 44348K, reserved 1087488K
  class space    used 4977K, capacity 5417K, committed 5500K, reserved 1048576K
2018-02-17T17:05:31.434+0800: 461.565: [GC (Allocation Failure) 2018-02-17T17:05:31.434+0800: 461.565: [ParNew
Desired survivor size 20112992 bytes, new threshold 8 (max 8)
- age   1:     501072 bytes,     501072 total
- age   2:    1548656 bytes,    2049728 total
- age   3:     654640 bytes,    2704368 total
- age   4:     732120 bytes,    3436488 total
- age   5:     614008 bytes,    4050496 total
- age   6:     719360 bytes,    4769856 total
- age   7:     567280 bytes,    5337136 total
- age   8:     140824 bytes,    5477960 total
: 94606K->7899K(109248K), 0.0107820 secs] 165792K->79748K(502464K), 0.0108615 secs] [Times: user=0.03 sys=0.00, real=0.01 secs] 
Heap after GC invocations=101 (full 2):
 par new generation   total 109248K, used 7899K [0x00000007a0000000, 0x00000007a8000000, 0x00000007a8000000)
  eden space 87424K,   0% used [0x00000007a0000000, 0x00000007a0000000, 0x00000007a5560000)
  from space 21824K,  36% used [0x00000007a6ab0000, 0x00000007a7266e10, 0x00000007a8000000)
  to   space 21824K,   0% used [0x00000007a5560000, 0x00000007a5560000, 0x00000007a6ab0000)
 concurrent mark-sweep generation total 393216K, used 71848K [0x00000007a8000000, 0x00000007c0000000, 0x00000007c0000000)
 Metaspace       used 42195K, capacity 44149K, committed 44348K, reserved 1087488K
  class space    used 4977K, capacity 5417K, committed 5500K, reserved 1048576K
}
2018-02-17T17:05:31.445+0800: 461.576: Total time for which application threads were stopped: 0.0111059 seconds, Stopping threads took: 0.0000199 seconds
2018-02-17T17:05:34.596+0800: 464.727: Total time for which application threads were stopped: 0.0003421 seconds, Stopping threads took: 0.0000640 seconds
2018-02-17T17:05:34.597+0800: 464.728: Total time for which application threads were stopped: 0.0001917 seconds, Stopping threads took: 0.0000392 seconds
2018-02-17T17:05:34.603+0800: 464.735: Total time for which application threads were stopped: 0.0001721 seconds, Stopping threads took: 0.0000234 seconds
{Heap before GC invocations=101 (full 2):
 par new generation   total 109248K, used 95323K [0x00000007a0000000, 0x00000007a8000000, 0x00000007a8000000)
  eden space 87424K, 100% used [0x00000007a0000000, 0x00000007a5560000, 0x00000007a5560000)
  from space 21824K,  36% used [0x00000007a6ab0000, 0x00000007a7266e10, 0x00000007a8000000)
  to   space 21824K,   0% used [0x00000007a5560000, 0x00000007a5560000, 0x00000007a6ab0000)
 concurrent mark-sweep generation total 393216K, used 71848K [0x00000007a8000000, 0x00000007c0000000, 0x00000007c0000000)
 Metaspace       used 42196K, capacity 44149K, committed 44348K, reserved 1087488K
  class space    used 4977K, capacity 5417K, committed 5500K, reserved 1048576K
2018-02-17T17:05:34.650+0800: 464.781: [GC (Allocation Failure) 2018-02-17T17:05:34.651+0800: 464.782: [ParNew
Desired survivor size 20112992 bytes, new threshold 8 (max 8)
- age   1:    1559648 bytes,    1559648 total
- age   2:     130752 bytes,    1690400 total
- age   3:     829544 bytes,    2519944 total
- age   4:     654640 bytes,    3174584 total
- age   5:     732120 bytes,    3906704 total
- age   6:     614008 bytes,    4520712 total
- age   7:     716784 bytes,    5237496 total
- age   8:     567280 bytes,    5804776 total
: 95323K->7475K(109248K), 0.0150487 secs] 167172K->79464K(502464K), 0.0157900 secs] [Times: user=0.03 sys=0.00, real=0.01 secs] 
Heap after GC invocations=102 (full 2):
 par new generation   total 109248K, used 7475K [0x00000007a0000000, 0x00000007a8000000, 0x00000007a8000000)
  eden space 87424K,   0% used [0x00000007a0000000, 0x00000007a0000000, 0x00000007a5560000)
  from space 21824K,  34% used [0x00000007a5560000, 0x00000007a5cacfe8, 0x00000007a6ab0000)
  to   space 21824K,   0% used [0x00000007a6ab0000, 0x00000007a6ab0000, 0x00000007a8000000)
 concurrent mark-sweep generation total 393216K, used 71988K [0x00000007a8000000, 0x00000007c0000000, 0x00000007c0000000)
 Metaspace       used 42196K, capacity 44149K, committed 44348K, reserved 1087488K
  class space    used 4977K, capacity 5417K, committed 5500K, reserved 1048576K
}
2018-02-17T17:05:34.666+0800: 464.797: Total time for which application threads were stopped: 0.0160914 seconds, Stopping threads took: 0.0000296 seconds
2018-02-17T17:05:34.730+0800: 464.861: Total time for which application threads were stopped: 0.0001652 seconds, Stopping threads took: 0.0000219 seconds
2018-02-17T17:05:34.736+0800: 464.868: Total time for which application threads were stopped: 0.0001920 seconds, Stopping threads took: 0.0000234 seconds
2018-02-17T17:05:34.738+0800: 464.869: Total time for which application threads were stopped: 0.0003727 seconds, Stopping threads took: 0.0000200 seconds
2018-02-17T17:05:34.741+0800: 464.872: Total time for which application threads were stopped: 0.0001614 seconds, Stopping threads took: 0.0000194 seconds
2018-02-17T17:05:36.667+0800: 466.798: Total time for which application threads were stopped: 0.0001935 seconds, Stopping threads took: 0.0000261 seconds
2018-02-17T17:05:36.668+0800: 466.799: Total time for which application threads were stopped: 0.0001275 seconds, Stopping threads took: 0.0000122 seconds
2018-02-17T17:05:36.668+0800: 466.799: Total time for which application threads were stopped: 0.0001325 seconds, Stopping threads took: 0.0000099 seconds
2018-02-17T17:05:36.668+0800: 466.799: Total time for which application threads were stopped: 0.0001068 seconds, Stopping threads took: 0.0000098 seconds
2018-02-17T17:05:36.668+0800: 466.799: Total time for which application threads were stopped: 0.0001009 seconds, Stopping threads took: 0.0000090 seconds
2018-02-17T17:05:36.668+0800: 466.799: Total time for which application threads were stopped: 0.0002287 seconds, Stopping threads took: 0.0000094 seconds
2018-02-17T17:05:36.668+0800: 466.799: Total time for which application threads were stopped: 0.0001189 seconds, Stopping threads took: 0.0000112 seconds
2018-02-17T17:05:36.678+0800: 466.809: Total time for which application threads were stopped: 0.0004305 seconds, Stopping threads took: 0.0000400 seconds
2018-02-17T17:05:41.311+0800: 471.442: Total time for which application threads were stopped: 0.0006410 seconds, Stopping threads took: 0.0000366 seconds
2018-02-17T17:05:41.311+0800: 471.442: Total time for which application threads were stopped: 0.0004976 seconds, Stopping threads took: 0.0000250 seconds
2018-02-17T17:05:41.312+0800: 471.443: Total time for which application threads were stopped: 0.0003541 seconds, Stopping threads took: 0.0000175 seconds
2018-02-17T17:05:41.312+0800: 471.443: Total time for which application threads were stopped: 0.0004743 seconds, Stopping threads took: 0.0000225 seconds
2018-02-17T17:05:41.313+0800: 471.444: Total time for which application threads were stopped: 0.0005432 seconds, Stopping threads took: 0.0000155 seconds
2018-02-17T17:05:41.313+0800: 471.444: Total time for which application threads were stopped: 0.0004142 seconds, Stopping threads took: 0.0000162 seconds
2018-02-17T17:05:41.314+0800: 471.445: Total time for which application threads were stopped: 0.0001332 seconds, Stopping threads took: 0.0000163 seconds
2018-02-17T17:05:41.314+0800: 471.445: Total time for which application threads were stopped: 0.0001556 seconds, Stopping threads took: 0.0000304 seconds
2018-02-17T17:05:41.324+0800: 471.455: Total time for which application threads were stopped: 0.0002086 seconds, Stopping threads took: 0.0000393 seconds
{Heap before GC invocations=102 (full 2):
 par new generation   total 109248K, used 94899K [0x00000007a0000000, 0x00000007a8000000, 0x00000007a8000000)
  eden space 87424K, 100% used [0x00000007a0000000, 0x00000007a5560000, 0x00000007a5560000)
  from space 21824K,  34% used [0x00000007a5560000, 0x00000007a5cacfe8, 0x00000007a6ab0000)
  to   space 21824K,   0% used [0x00000007a6ab0000, 0x00000007a6ab0000, 0x00000007a8000000)
 concurrent mark-sweep generation total 393216K, used 71988K [0x00000007a8000000, 0x00000007c0000000, 0x00000007c0000000)
 Metaspace       used 42212K, capacity 44149K, committed 44348K, reserved 1087488K
  class space    used 4977K, capacity 5417K, committed 5500K, reserved 1048576K
2018-02-17T17:05:41.353+0800: 471.484: [GC (Allocation Failure) 2018-02-17T17:05:41.353+0800: 471.484: [ParNew
Desired survivor size 20112992 bytes, new threshold 8 (max 8)
- age   1:    1217416 bytes,    1217416 total
- age   2:     734536 bytes,    1951952 total
- age   3:     130752 bytes,    2082704 total
- age   4:     811864 bytes,    2894568 total
- age   5:     648208 bytes,    3542776 total
- age   6:     732120 bytes,    4274896 total
- age   7:     611136 bytes,    4886032 total
- age   8:     712200 bytes,    5598232 total
: 94899K->6651K(109248K), 0.0108347 secs] 166888K->79197K(502464K), 0.0109100 secs] [Times: user=0.03 sys=0.00, real=0.01 secs] 
Heap after GC invocations=103 (full 2):
 par new generation   total 109248K, used 6651K [0x00000007a0000000, 0x00000007a8000000, 0x00000007a8000000)
  eden space 87424K,   0% used [0x00000007a0000000, 0x00000007a0000000, 0x00000007a5560000)
  from space 21824K,  30% used [0x00000007a6ab0000, 0x00000007a712eff0, 0x00000007a8000000)
  to   space 21824K,   0% used [0x00000007a5560000, 0x00000007a5560000, 0x00000007a6ab0000)
 concurrent mark-sweep generation total 393216K, used 72545K [0x00000007a8000000, 0x00000007c0000000, 0x00000007c0000000)
 Metaspace       used 42212K, capacity 44149K, committed 44348K, reserved 1087488K
  class space    used 4977K, capacity 5417K, committed 5500K, reserved 1048576K
}
2018-02-17T17:05:41.364+0800: 471.495: Total time for which application threads were stopped: 0.0111332 seconds, Stopping threads took: 0.0000219 seconds
2018-02-17T17:05:41.364+0800: 471.495: Total time for which application threads were stopped: 0.0001536 seconds, Stopping threads took: 0.0000259 seconds
{Heap before GC invocations=103 (full 2):
 par new generation   total 109248K, used 94075K [0x00000007a0000000, 0x00000007a8000000, 0x00000007a8000000)
  eden space 87424K, 100% used [0x00000007a0000000, 0x00000007a5560000, 0x00000007a5560000)
  from space 21824K,  30% used [0x00000007a6ab0000, 0x00000007a712eff0, 0x00000007a8000000)
  to   space 21824K,   0% used [0x00000007a5560000, 0x00000007a5560000, 0x00000007a6ab0000)
 concurrent mark-sweep generation total 393216K, used 72545K [0x00000007a8000000, 0x00000007c0000000, 0x00000007c0000000)
 Metaspace       used 42213K, capacity 44149K, committed 44348K, reserved 1087488K
  class space    used 4977K, capacity 5417K, committed 5500K, reserved 1048576K
2018-02-17T17:05:41.410+0800: 471.541: [GC (Allocation Failure) 2018-02-17T17:05:41.410+0800: 471.541: [ParNew
Desired survivor size 20112992 bytes, new threshold 8 (max 8)
- age   1:     774816 bytes,     774816 total
- age   2:     814880 bytes,    1589696 total
- age   3:     565576 bytes,    2155272 total
- age   4:     130752 bytes,    2286024 total
- age   5:     811864 bytes,    3097888 total
- age   6:     648208 bytes,    3746096 total
- age   7:     732120 bytes,    4478216 total
- age   8:     611136 bytes,    5089352 total
: 94075K->7259K(109248K), 0.0107619 secs] 166621K->80506K(502464K), 0.0108783 secs] [Times: user=0.03 sys=0.00, real=0.01 secs] 
Heap after GC invocations=104 (full 2):
 par new generation   total 109248K, used 7259K [0x00000007a0000000, 0x00000007a8000000, 0x00000007a8000000)
  eden space 87424K,   0% used [0x00000007a0000000, 0x00000007a0000000, 0x00000007a5560000)
  from space 21824K,  33% used [0x00000007a5560000, 0x00000007a5c76c70, 0x00000007a6ab0000)
  to   space 21824K,   0% used [0x00000007a6ab0000, 0x00000007a6ab0000, 0x00000007a8000000)
 concurrent mark-sweep generation total 393216K, used 73246K [0x00000007a8000000, 0x00000007c0000000, 0x00000007c0000000)
 Metaspace       used 42213K, capacity 44149K, committed 44348K, reserved 1087488K
  class space    used 4977K, capacity 5417K, committed 5500K, reserved 1048576K
}
2018-02-17T17:05:41.421+0800: 471.552: Total time for which application threads were stopped: 0.0111434 seconds, Stopping threads took: 0.0000277 seconds
2018-02-17T17:05:42.423+0800: 472.554: Total time for which application threads were stopped: 0.0003098 seconds, Stopping threads took: 0.0000395 seconds
2018-02-17T17:05:46.546+0800: 476.677: Total time for which application threads were stopped: 0.0001233 seconds, Stopping threads took: 0.0000188 seconds
2018-02-17T17:05:46.546+0800: 476.677: Total time for which application threads were stopped: 0.0001032 seconds, Stopping threads took: 0.0000153 seconds
2018-02-17T17:05:46.546+0800: 476.677: Total time for which application threads were stopped: 0.0000861 seconds, Stopping threads took: 0.0000084 seconds
2018-02-17T17:05:46.547+0800: 476.677: Total time for which application threads were stopped: 0.0001047 seconds, Stopping threads took: 0.0000125 seconds
2018-02-17T17:05:46.547+0800: 476.677: Total time for which application threads were stopped: 0.0001118 seconds, Stopping threads took: 0.0000182 seconds
2018-02-17T17:05:46.547+0800: 476.678: Total time for which application threads were stopped: 0.0000802 seconds, Stopping threads took: 0.0000102 seconds
2018-02-17T17:05:46.547+0800: 476.678: Total time for which application threads were stopped: 0.0000638 seconds, Stopping threads took: 0.0000078 seconds
2018-02-17T17:05:46.547+0800: 476.678: Total time for which application threads were stopped: 0.0000595 seconds, Stopping threads took: 0.0000066 seconds
2018-02-17T17:05:46.551+0800: 476.682: Total time for which application threads were stopped: 0.0001596 seconds, Stopping threads took: 0.0000360 seconds
2018-02-17T17:05:46.554+0800: 476.684: Total time for which application threads were stopped: 0.0001492 seconds, Stopping threads took: 0.0000252 seconds
2018-02-17T17:05:46.554+0800: 476.685: Total time for which application threads were stopped: 0.0000995 seconds, Stopping threads took: 0.0000147 seconds
{Heap before GC invocations=104 (full 2):
 par new generation   total 109248K, used 94683K [0x00000007a0000000, 0x00000007a8000000, 0x00000007a8000000)
  eden space 87424K, 100% used [0x00000007a0000000, 0x00000007a5560000, 0x00000007a5560000)
  from space 21824K,  33% used [0x00000007a5560000, 0x00000007a5c76c70, 0x00000007a6ab0000)
  to   space 21824K,   0% used [0x00000007a6ab0000, 0x00000007a6ab0000, 0x00000007a8000000)
 concurrent mark-sweep generation total 393216K, used 73246K [0x00000007a8000000, 0x00000007c0000000, 0x00000007c0000000)
 Metaspace       used 42220K, capacity 44149K, committed 44348K, reserved 1087488K
  class space    used 4977K, capacity 5417K, committed 5500K, reserved 1048576K
2018-02-17T17:05:46.566+0800: 476.696: [GC (Allocation Failure) 2018-02-17T17:05:46.566+0800: 476.696: [ParNew
Desired survivor size 20112992 bytes, new threshold 8 (max 8)
- age   1:    1756848 bytes,    1756848 total
- age   2:     148768 bytes,    1905616 total
- age   3:     775728 bytes,    2681344 total
- age   4:     559480 bytes,    3240824 total
- age   5:     130752 bytes,    3371576 total
- age   6:     811648 bytes,    4183224 total
- age   7:     648208 bytes,    4831432 total
- age   8:     732120 bytes,    5563552 total
: 94683K->6915K(109248K), 0.0083734 secs] 167930K->80763K(502464K), 0.0084681 secs] [Times: user=0.03 sys=0.00, real=0.01 secs] 
Heap after GC invocations=105 (full 2):
 par new generation   total 109248K, used 6915K [0x00000007a0000000, 0x00000007a8000000, 0x00000007a8000000)
  eden space 87424K,   0% used [0x00000007a0000000, 0x00000007a0000000, 0x00000007a5560000)
  from space 21824K,  31% used [0x00000007a6ab0000, 0x00000007a7170ea0, 0x00000007a8000000)
  to   space 21824K,   0% used [0x00000007a5560000, 0x00000007a5560000, 0x00000007a6ab0000)
 concurrent mark-sweep generation total 393216K, used 73847K [0x00000007a8000000, 0x00000007c0000000, 0x00000007c0000000)
 Metaspace       used 42220K, capacity 44149K, committed 44348K, reserved 1087488K
  class space    used 4977K, capacity 5417K, committed 5500K, reserved 1048576K
}
2018-02-17T17:05:46.574+0800: 476.705: Total time for which application threads were stopped: 0.0087183 seconds, Stopping threads took: 0.0000392 seconds
2018-02-17T17:05:46.580+0800: 476.711: Total time for which application threads were stopped: 0.0002817 seconds, Stopping threads took: 0.0001045 seconds
2018-02-17T17:05:46.591+0800: 476.721: Total time for which application threads were stopped: 0.0002823 seconds, Stopping threads took: 0.0001351 seconds
2018-02-17T17:05:46.594+0800: 476.725: Total time for which application threads were stopped: 0.0002345 seconds, Stopping threads took: 0.0000876 seconds
{Heap before GC invocations=105 (full 2):
 par new generation   total 109248K, used 94339K [0x00000007a0000000, 0x00000007a8000000, 0x00000007a8000000)
  eden space 87424K, 100% used [0x00000007a0000000, 0x00000007a5560000, 0x00000007a5560000)
  from space 21824K,  31% used [0x00000007a6ab0000, 0x00000007a7170ea0, 0x00000007a8000000)
  to   space 21824K,   0% used [0x00000007a5560000, 0x00000007a5560000, 0x00000007a6ab0000)
 concurrent mark-sweep generation total 393216K, used 73847K [0x00000007a8000000, 0x00000007c0000000, 0x00000007c0000000)
 Metaspace       used 42227K, capacity 44149K, committed 44348K, reserved 1087488K
  class space    used 4977K, capacity 5417K, committed 5500K, reserved 1048576K
2018-02-17T17:05:46.615+0800: 476.746: [GC (Allocation Failure) 2018-02-17T17:05:46.616+0800: 476.746: [ParNew
Desired survivor size 20112992 bytes, new threshold 8 (max 8)
- age   1:     117112 bytes,     117112 total
- age   2:    1517208 bytes,    1634320 total
- age   3:     148768 bytes,    1783088 total
- age   4:     775560 bytes,    2558648 total
- age   5:     559480 bytes,    3118128 total
- age   6:     130752 bytes,    3248880 total
- age   7:     811648 bytes,    4060528 total
- age   8:     648208 bytes,    4708736 total
: 94339K->7264K(109248K), 0.0077659 secs] 168187K->81831K(502464K), 0.0078361 secs] [Times: user=0.02 sys=0.01, real=0.01 secs] 
Heap after GC invocations=106 (full 2):
 par new generation   total 109248K, used 7264K [0x00000007a0000000, 0x00000007a8000000, 0x00000007a8000000)
  eden space 87424K,   0% used [0x00000007a0000000, 0x00000007a0000000, 0x00000007a5560000)
  from space 21824K,  33% used [0x00000007a5560000, 0x00000007a5c783e0, 0x00000007a6ab0000)
  to   space 21824K,   0% used [0x00000007a6ab0000, 0x00000007a6ab0000, 0x00000007a8000000)
 concurrent mark-sweep generation total 393216K, used 74566K [0x00000007a8000000, 0x00000007c0000000, 0x00000007c0000000)
 Metaspace       used 42227K, capacity 44149K, committed 44348K, reserved 1087488K
  class space    used 4977K, capacity 5417K, committed 5500K, reserved 1048576K
}
2018-02-17T17:05:46.623+0800: 476.754: Total time for which application threads were stopped: 0.0081331 seconds, Stopping threads took: 0.0000264 seconds
2018-02-17T17:06:15.045+0800: 505.175: Total time for which application threads were stopped: 0.0013520 seconds, Stopping threads took: 0.0002463 seconds
2018-02-17T17:06:15.071+0800: 505.201: Total time for which application threads were stopped: 0.0016018 seconds, Stopping threads took: 0.0000155 seconds
{Heap before GC invocations=106 (full 2):
 par new generation   total 109248K, used 94688K [0x00000007a0000000, 0x00000007a8000000, 0x00000007a8000000)
  eden space 87424K, 100% used [0x00000007a0000000, 0x00000007a5560000, 0x00000007a5560000)
  from space 21824K,  33% used [0x00000007a5560000, 0x00000007a5c783e0, 0x00000007a6ab0000)
  to   space 21824K,   0% used [0x00000007a6ab0000, 0x00000007a6ab0000, 0x00000007a8000000)
 concurrent mark-sweep generation total 393216K, used 74566K [0x00000007a8000000, 0x00000007c0000000, 0x00000007c0000000)
 Metaspace       used 42783K, capacity 44763K, committed 44860K, reserved 1089536K
  class space    used 5046K, capacity 5490K, committed 5500K, reserved 1048576K
2018-02-17T17:06:15.247+0800: 505.377: [GC (Allocation Failure) 2018-02-17T17:06:15.248+0800: 505.378: [ParNew
Desired survivor size 20112992 bytes, new threshold 8 (max 8)
- age   1:    1480816 bytes,    1480816 total
- age   2:      85360 bytes,    1566176 total
- age   3:     356272 bytes,    1922448 total
- age   4:     148768 bytes,    2071216 total
- age   5:     773984 bytes,    2845200 total
- age   6:     559264 bytes,    3404464 total
- age   7:     130752 bytes,    3535216 total
- age   8:     811432 bytes,    4346648 total
: 94688K->5310K(109248K), 0.0114917 secs] 169255K->80516K(502464K), 0.0129690 secs] [Times: user=0.02 sys=0.00, real=0.02 secs] 
Heap after GC invocations=107 (full 2):
 par new generation   total 109248K, used 5310K [0x00000007a0000000, 0x00000007a8000000, 0x00000007a8000000)
  eden space 87424K,   0% used [0x00000007a0000000, 0x00000007a0000000, 0x00000007a5560000)
  from space 21824K,  24% used [0x00000007a6ab0000, 0x00000007a6fdfbf0, 0x00000007a8000000)
  to   space 21824K,   0% used [0x00000007a5560000, 0x00000007a5560000, 0x00000007a6ab0000)
 concurrent mark-sweep generation total 393216K, used 75205K [0x00000007a8000000, 0x00000007c0000000, 0x00000007c0000000)
 Metaspace       used 42783K, capacity 44763K, committed 44860K, reserved 1089536K
  class space    used 5046K, capacity 5490K, committed 5500K, reserved 1048576K
}
2018-02-17T17:06:15.260+0800: 505.390: Total time for which application threads were stopped: 0.0132560 seconds, Stopping threads took: 0.0000167 seconds
2018-02-17T17:06:15.301+0800: 505.431: Total time for which application threads were stopped: 0.0022457 seconds, Stopping threads took: 0.0011017 seconds
2018-02-17T17:06:15.303+0800: 505.433: Total time for which application threads were stopped: 0.0012695 seconds, Stopping threads took: 0.0003974 seconds
2018-02-17T17:06:15.327+0800: 505.457: Total time for which application threads were stopped: 0.0040414 seconds, Stopping threads took: 0.0038751 seconds
{Heap before GC invocations=107 (full 2):
 par new generation   total 109248K, used 95456K [0x00000007a0000000, 0x00000007a8000000, 0x00000007a8000000)
  eden space 87424K, 100% used [0x00000007a0000000, 0x00000007a5560000, 0x00000007a5560000)
  from space 21824K,  36% used [0x00000007a6ab0000, 0x00000007a7288048, 0x00000007a8000000)
  to   space 21824K,   0% used [0x00000007a5560000, 0x00000007a5560000, 0x00000007a6ab0000)
 concurrent mark-sweep generation total 393216K, used 75205K [0x00000007a8000000, 0x00000007c0000000, 0x00000007c0000000)
 Metaspace       used 42882K, capacity 44831K, committed 45116K, reserved 1089536K
  class space    used 5056K, capacity 5490K, committed 5500K, reserved 1048576K
2018-02-17T17:06:15.341+0800: 505.471: [GC (GCLocker Initiated GC) 2018-02-17T17:06:15.341+0800: 505.471: [ParNew
Desired survivor size 20112992 bytes, new threshold 8 (max 8)
- age   1:    2086040 bytes,    2086040 total
- age   2:     887968 bytes,    2974008 total
- age   3:      85360 bytes,    3059368 total
- age   4:     356096 bytes,    3415464 total
- age   5:     148768 bytes,    3564232 total
- age   6:     773984 bytes,    4338216 total
- age   7:     559264 bytes,    4897480 total
- age   8:     130752 bytes,    5028232 total
: 95456K->7547K(109248K), 0.0621103 secs] 170661K->83550K(502464K), 0.0622744 secs] [Times: user=0.03 sys=0.00, real=0.06 secs] 
Heap after GC invocations=108 (full 2):
 par new generation   total 109248K, used 7547K [0x00000007a0000000, 0x00000007a8000000, 0x00000007a8000000)
  eden space 87424K,   0% used [0x00000007a0000000, 0x00000007a0000000, 0x00000007a5560000)
  from space 21824K,  34% used [0x00000007a5560000, 0x00000007a5cbed40, 0x00000007a6ab0000)
  to   space 21824K,   0% used [0x00000007a6ab0000, 0x00000007a6ab0000, 0x00000007a8000000)
 concurrent mark-sweep generation total 393216K, used 76003K [0x00000007a8000000, 0x00000007c0000000, 0x00000007c0000000)
 Metaspace       used 42882K, capacity 44831K, committed 45116K, reserved 1089536K
  class space    used 5056K, capacity 5490K, committed 5500K, reserved 1048576K
}
2018-02-17T17:06:15.403+0800: 505.533: Total time for which application threads were stopped: 0.0630398 seconds, Stopping threads took: 0.0003428 seconds
{Heap before GC invocations=108 (full 2):
 par new generation   total 109248K, used 94971K [0x00000007a0000000, 0x00000007a8000000, 0x00000007a8000000)
  eden space 87424K, 100% used [0x00000007a0000000, 0x00000007a5560000, 0x00000007a5560000)
  from space 21824K,  34% used [0x00000007a5560000, 0x00000007a5cbed40, 0x00000007a6ab0000)
  to   space 21824K,   0% used [0x00000007a6ab0000, 0x00000007a6ab0000, 0x00000007a8000000)
 concurrent mark-sweep generation total 393216K, used 76003K [0x00000007a8000000, 0x00000007c0000000, 0x00000007c0000000)
 Metaspace       used 42927K, capacity 44895K, committed 45116K, reserved 1089536K
  class space    used 5064K, capacity 5490K, committed 5500K, reserved 1048576K
2018-02-17T17:06:15.442+0800: 505.572: [GC (Allocation Failure) 2018-02-17T17:06:15.442+0800: 505.572: [ParNew
Desired survivor size 20112992 bytes, new threshold 8 (max 8)
- age   1:     760152 bytes,     760152 total
- age   2:    1640112 bytes,    2400264 total
- age   3:     887968 bytes,    3288232 total
- age   4:      85360 bytes,    3373592 total
- age   5:     356096 bytes,    3729688 total
- age   6:     148768 bytes,    3878456 total
- age   7:     773984 bytes,    4652440 total
- age   8:     559264 bytes,    5211704 total
: 94971K->5970K(109248K), 0.0101872 secs] 170974K->82103K(502464K), 0.0102579 secs] [Times: user=0.02 sys=0.00, real=0.01 secs] 
Heap after GC invocations=109 (full 2):
 par new generation   total 109248K, used 5970K [0x00000007a0000000, 0x00000007a8000000, 0x00000007a8000000)
  eden space 87424K,   0% used [0x00000007a0000000, 0x00000007a0000000, 0x00000007a5560000)
  from space 21824K,  27% used [0x00000007a6ab0000, 0x00000007a7084900, 0x00000007a8000000)
  to   space 21824K,   0% used [0x00000007a5560000, 0x00000007a5560000, 0x00000007a6ab0000)
 concurrent mark-sweep generation total 393216K, used 76133K [0x00000007a8000000, 0x00000007c0000000, 0x00000007c0000000)
 Metaspace       used 42927K, capacity 44895K, committed 45116K, reserved 1089536K
  class space    used 5064K, capacity 5490K, committed 5500K, reserved 1048576K
}
2018-02-17T17:06:15.452+0800: 505.582: Total time for which application threads were stopped: 0.0121475 seconds, Stopping threads took: 0.0016185 seconds
2018-02-17T17:06:15.482+0800: 505.612: Total time for which application threads were stopped: 0.0013919 seconds, Stopping threads took: 0.0012265 seconds
2018-02-17T17:06:15.485+0800: 505.615: Total time for which application threads were stopped: 0.0002279 seconds, Stopping threads took: 0.0000886 seconds
2018-02-17T17:06:15.531+0800: 505.661: Total time for which application threads were stopped: 0.0081038 seconds, Stopping threads took: 0.0079392 seconds
{Heap before GC invocations=109 (full 2):
 par new generation   total 109248K, used 93394K [0x00000007a0000000, 0x00000007a8000000, 0x00000007a8000000)
  eden space 87424K, 100% used [0x00000007a0000000, 0x00000007a5560000, 0x00000007a5560000)
  from space 21824K,  27% used [0x00000007a6ab0000, 0x00000007a7084900, 0x00000007a8000000)
  to   space 21824K,   0% used [0x00000007a5560000, 0x00000007a5560000, 0x00000007a6ab0000)
 concurrent mark-sweep generation total 393216K, used 76133K [0x00000007a8000000, 0x00000007c0000000, 0x00000007c0000000)
 Metaspace       used 43097K, capacity 45055K, committed 45244K, reserved 1089536K
  class space    used 5084K, capacity 5522K, committed 5628K, reserved 1048576K
2018-02-17T17:06:15.578+0800: 505.709: [GC (Allocation Failure) 2018-02-17T17:06:15.579+0800: 505.709: [ParNew
Desired survivor size 20112992 bytes, new threshold 8 (max 8)
- age   1:     847032 bytes,     847032 total
- age   2:     108416 bytes,     955448 total
- age   3:    1078200 bytes,    2033648 total
- age   4:     887968 bytes,    2921616 total
- age   5:      85360 bytes,    3006976 total
- age   6:     356096 bytes,    3363072 total
- age   7:     148768 bytes,    3511840 total
- age   8:     773984 bytes,    4285824 total
: 93394K->6539K(109248K), 0.0391117 secs] 169527K->83223K(502464K), 0.0392210 secs] [Times: user=0.03 sys=0.00, real=0.04 secs] 
Heap after GC invocations=110 (full 2):
 par new generation   total 109248K, used 6539K [0x00000007a0000000, 0x00000007a8000000, 0x00000007a8000000)
  eden space 87424K,   0% used [0x00000007a0000000, 0x00000007a0000000, 0x00000007a5560000)
  from space 21824K,  29% used [0x00000007a5560000, 0x00000007a5bc2fa0, 0x00000007a6ab0000)
  to   space 21824K,   0% used [0x00000007a6ab0000, 0x00000007a6ab0000, 0x00000007a8000000)
 concurrent mark-sweep generation total 393216K, used 76683K [0x00000007a8000000, 0x00000007c0000000, 0x00000007c0000000)
 Metaspace       used 43097K, capacity 45055K, committed 45244K, reserved 1089536K
  class space    used 5084K, capacity 5522K, committed 5628K, reserved 1048576K
}
2018-02-17T17:06:15.618+0800: 505.748: Total time for which application threads were stopped: 0.0397781 seconds, Stopping threads took: 0.0002300 seconds
2018-02-17T17:06:15.624+0800: 505.754: Total time for which application threads were stopped: 0.0002321 seconds, Stopping threads took: 0.0000438 seconds
2018-02-17T17:06:15.650+0800: 505.780: Total time for which application threads were stopped: 0.0002287 seconds, Stopping threads took: 0.0000683 seconds
2018-02-17T17:06:15.662+0800: 505.792: Total time for which application threads were stopped: 0.0001888 seconds, Stopping threads took: 0.0000252 seconds
2018-02-17T17:06:15.669+0800: 505.799: Total time for which application threads were stopped: 0.0021512 seconds, Stopping threads took: 0.0019547 seconds
2018-02-17T17:06:15.808+0800: 505.938: Total time for which application threads were stopped: 0.0003393 seconds, Stopping threads took: 0.0000356 seconds
2018-02-17T17:06:15.813+0800: 505.943: Total time for which application threads were stopped: 0.0003570 seconds, Stopping threads took: 0.0001041 seconds
{Heap before GC invocations=110 (full 2):
 par new generation   total 109248K, used 93963K [0x00000007a0000000, 0x00000007a8000000, 0x00000007a8000000)
  eden space 87424K, 100% used [0x00000007a0000000, 0x00000007a5560000, 0x00000007a5560000)
  from space 21824K,  29% used [0x00000007a5560000, 0x00000007a5bc2fa0, 0x00000007a6ab0000)
  to   space 21824K,   0% used [0x00000007a6ab0000, 0x00000007a6ab0000, 0x00000007a8000000)
 concurrent mark-sweep generation total 393216K, used 76683K [0x00000007a8000000, 0x00000007c0000000, 0x00000007c0000000)
 Metaspace       used 43316K, capacity 45279K, committed 45500K, reserved 1089536K
  class space    used 5108K, capacity 5554K, committed 5628K, reserved 1048576K
2018-02-17T17:06:15.818+0800: 505.948: [GC (Allocation Failure) 2018-02-17T17:06:15.818+0800: 505.948: [ParNew
Desired survivor size 20112992 bytes, new threshold 8 (max 8)
- age   1:    5399224 bytes,    5399224 total
- age   2:     568456 bytes,    5967680 total
- age   3:     107496 bytes,    6075176 total
- age   4:     323112 bytes,    6398288 total
- age   5:     641648 bytes,    7039936 total
- age   6:      85360 bytes,    7125296 total
- age   7:     356072 bytes,    7481368 total
- age   8:     148768 bytes,    7630136 total
: 93963K->8584K(109248K), 0.0150826 secs] 170647K->86029K(502464K), 0.0151851 secs] [Times: user=0.04 sys=0.01, real=0.02 secs] 
Heap after GC invocations=111 (full 2):
 par new generation   total 109248K, used 8584K [0x00000007a0000000, 0x00000007a8000000, 0x00000007a8000000)
  eden space 87424K,   0% used [0x00000007a0000000, 0x00000007a0000000, 0x00000007a5560000)
  from space 21824K,  39% used [0x00000007a6ab0000, 0x00000007a73123d0, 0x00000007a8000000)
  to   space 21824K,   0% used [0x00000007a5560000, 0x00000007a5560000, 0x00000007a6ab0000)
 concurrent mark-sweep generation total 393216K, used 77444K [0x00000007a8000000, 0x00000007c0000000, 0x00000007c0000000)
 Metaspace       used 43316K, capacity 45279K, committed 45500K, reserved 1089536K
  class space    used 5108K, capacity 5554K, committed 5628K, reserved 1048576K
}
2018-02-17T17:06:15.834+0800: 505.964: Total time for which application threads were stopped: 0.0156070 seconds, Stopping threads took: 0.0001255 seconds
{Heap before GC invocations=111 (full 2):
 par new generation   total 109248K, used 96008K [0x00000007a0000000, 0x00000007a8000000, 0x00000007a8000000)
  eden space 87424K, 100% used [0x00000007a0000000, 0x00000007a5560000, 0x00000007a5560000)
  from space 21824K,  39% used [0x00000007a6ab0000, 0x00000007a73123d0, 0x00000007a8000000)
  to   space 21824K,   0% used [0x00000007a5560000, 0x00000007a5560000, 0x00000007a6ab0000)
 concurrent mark-sweep generation total 393216K, used 77444K [0x00000007a8000000, 0x00000007c0000000, 0x00000007c0000000)
 Metaspace       used 43346K, capacity 45279K, committed 45500K, reserved 1089536K
  class space    used 5112K, capacity 5554K, committed 5628K, reserved 1048576K
2018-02-17T17:06:15.851+0800: 505.981: [GC (Allocation Failure) 2018-02-17T17:06:15.851+0800: 505.981: [ParNew
Desired survivor size 20112992 bytes, new threshold 8 (max 8)
- age   1:     511984 bytes,     511984 total
- age   2:    5148704 bytes,    5660688 total
- age   3:     568424 bytes,    6229112 total
- age   4:     107496 bytes,    6336608 total
- age   5:     320880 bytes,    6657488 total
- age   6:     640408 bytes,    7297896 total
- age   7:      85360 bytes,    7383256 total
- age   8:     356072 bytes,    7739328 total
: 96008K->10034K(109248K), 0.0209762 secs] 173453K->87626K(502464K), 0.0210443 secs] [Times: user=0.04 sys=0.00, real=0.02 secs] 
Heap after GC invocations=112 (full 2):
 par new generation   total 109248K, used 10034K [0x00000007a0000000, 0x00000007a8000000, 0x00000007a8000000)
  eden space 87424K,   0% used [0x00000007a0000000, 0x00000007a0000000, 0x00000007a5560000)
  from space 21824K,  45% used [0x00000007a5560000, 0x00000007a5f2ca00, 0x00000007a6ab0000)
  to   space 21824K,   0% used [0x00000007a6ab0000, 0x00000007a6ab0000, 0x00000007a8000000)
 concurrent mark-sweep generation total 393216K, used 77592K [0x00000007a8000000, 0x00000007c0000000, 0x00000007c0000000)
 Metaspace       used 43346K, capacity 45279K, committed 45500K, reserved 1089536K
  class space    used 5112K, capacity 5554K, committed 5628K, reserved 1048576K
}
2018-02-17T17:06:15.872+0800: 506.002: Total time for which application threads were stopped: 0.0213416 seconds, Stopping threads took: 0.0000733 seconds
{Heap before GC invocations=112 (full 2):
 par new generation   total 109248K, used 97458K [0x00000007a0000000, 0x00000007a8000000, 0x00000007a8000000)
  eden space 87424K, 100% used [0x00000007a0000000, 0x00000007a5560000, 0x00000007a5560000)
  from space 21824K,  45% used [0x00000007a5560000, 0x00000007a5f2ca00, 0x00000007a6ab0000)
  to   space 21824K,   0% used [0x00000007a6ab0000, 0x00000007a6ab0000, 0x00000007a8000000)
 concurrent mark-sweep generation total 393216K, used 77592K [0x00000007a8000000, 0x00000007c0000000, 0x00000007c0000000)
 Metaspace       used 43346K, capacity 45279K, committed 45500K, reserved 1089536K
  class space    used 5112K, capacity 5554K, committed 5628K, reserved 1048576K
2018-02-17T17:06:15.942+0800: 506.072: [GC (Allocation Failure) 2018-02-17T17:06:15.942+0800: 506.072: [ParNew
Desired survivor size 20112992 bytes, new threshold 8 (max 8)
- age   1:     573632 bytes,     573632 total
- age   2:     175824 bytes,     749456 total
- age   3:    5148432 bytes,    5897888 total
- age   4:     568424 bytes,    6466312 total
- age   5:     107496 bytes,    6573808 total
- age   6:     320880 bytes,    6894688 total
- age   7:     640408 bytes,    7535096 total
- age   8:      85360 bytes,    7620456 total
: 97458K->8457K(109248K), 0.0118830 secs] 175050K->86404K(502464K), 0.0119714 secs] [Times: user=0.03 sys=0.00, real=0.01 secs] 
Heap after GC invocations=113 (full 2):
 par new generation   total 109248K, used 8457K [0x00000007a0000000, 0x00000007a8000000, 0x00000007a8000000)
  eden space 87424K,   0% used [0x00000007a0000000, 0x00000007a0000000, 0x00000007a5560000)
  from space 21824K,  38% used [0x00000007a6ab0000, 0x00000007a72f26d0, 0x00000007a8000000)
  to   space 21824K,   0% used [0x00000007a5560000, 0x00000007a5560000, 0x00000007a6ab0000)
 concurrent mark-sweep generation total 393216K, used 77946K [0x00000007a8000000, 0x00000007c0000000, 0x00000007c0000000)
 Metaspace       used 43346K, capacity 45279K, committed 45500K, reserved 1089536K
  class space    used 5112K, capacity 5554K, committed 5628K, reserved 1048576K
}
2018-02-17T17:06:15.954+0800: 506.084: Total time for which application threads were stopped: 0.0183914 seconds, Stopping threads took: 0.0061691 seconds
{Heap before GC invocations=113 (full 2):
 par new generation   total 109248K, used 95881K [0x00000007a0000000, 0x00000007a8000000, 0x00000007a8000000)
  eden space 87424K, 100% used [0x00000007a0000000, 0x00000007a5560000, 0x00000007a5560000)
  from space 21824K,  38% used [0x00000007a6ab0000, 0x00000007a72f26d0, 0x00000007a8000000)
  to   space 21824K,   0% used [0x00000007a5560000, 0x00000007a5560000, 0x00000007a6ab0000)
 concurrent mark-sweep generation total 393216K, used 77946K [0x00000007a8000000, 0x00000007c0000000, 0x00000007c0000000)
 Metaspace       used 43420K, capacity 45343K, committed 45500K, reserved 1089536K
  class space    used 5113K, capacity 5554K, committed 5628K, reserved 1048576K
2018-02-17T17:06:16.060+0800: 506.190: [GC (Allocation Failure) 2018-02-17T17:06:16.060+0800: 506.190: [ParNew
Desired survivor size 20112992 bytes, new threshold 8 (max 8)
- age   1:    3269200 bytes,    3269200 total
- age   2:      86408 bytes,    3355608 total
- age   3:     156024 bytes,    3511632 total
- age   4:    3102496 bytes,    6614128 total
- age   5:      13096 bytes,    6627224 total
- age   6:       3056 bytes,    6630280 total
- age   7:     158928 bytes,    6789208 total
- age   8:     640144 bytes,    7429352 total
: 95881K->9277K(109248K), 0.0483740 secs] 173828K->87310K(502464K), 0.0484886 secs] [Times: user=0.04 sys=0.00, real=0.04 secs] 
Heap after GC invocations=114 (full 2):
 par new generation   total 109248K, used 9277K [0x00000007a0000000, 0x00000007a8000000, 0x00000007a8000000)
  eden space 87424K,   0% used [0x00000007a0000000, 0x00000007a0000000, 0x00000007a5560000)
  from space 21824K,  42% used [0x00000007a5560000, 0x00000007a5e6f7d0, 0x00000007a6ab0000)
  to   space 21824K,   0% used [0x00000007a6ab0000, 0x00000007a6ab0000, 0x00000007a8000000)
 concurrent mark-sweep generation total 393216K, used 78032K [0x00000007a8000000, 0x00000007c0000000, 0x00000007c0000000)
 Metaspace       used 43420K, capacity 45343K, committed 45500K, reserved 1089536K
  class space    used 5113K, capacity 5554K, committed 5628K, reserved 1048576K
}
2018-02-17T17:06:16.108+0800: 506.238: Total time for which application threads were stopped: 0.0489741 seconds, Stopping threads took: 0.0000697 seconds
{Heap before GC invocations=114 (full 2):
 par new generation   total 109248K, used 96690K [0x00000007a0000000, 0x00000007a8000000, 0x00000007a8000000)
  eden space 87424K,  99% used [0x00000007a0000000, 0x00000007a555d068, 0x00000007a5560000)
  from space 21824K,  42% used [0x00000007a5560000, 0x00000007a5e6f7d0, 0x00000007a6ab0000)
  to   space 21824K,   0% used [0x00000007a6ab0000, 0x00000007a6ab0000, 0x00000007a8000000)
 concurrent mark-sweep generation total 393216K, used 78032K [0x00000007a8000000, 0x00000007c0000000, 0x00000007c0000000)
 Metaspace       used 43420K, capacity 45343K, committed 45500K, reserved 1089536K
  class space    used 5113K, capacity 5554K, committed 5628K, reserved 1048576K
2018-02-17T17:06:16.147+0800: 506.277: [GC (Allocation Failure) 2018-02-17T17:06:16.147+0800: 506.277: [ParNew
Desired survivor size 20112992 bytes, new threshold 8 (max 8)
- age   1:     630584 bytes,     630584 total
- age   2:    2870064 bytes,    3500648 total
- age   3:      86408 bytes,    3587056 total
- age   4:     156024 bytes,    3743080 total
- age   5:    3102496 bytes,    6845576 total
- age   6:      13096 bytes,    6858672 total
- age   7:       3056 bytes,    6861728 total
- age   8:     158928 bytes,    7020656 total
: 96690K->9124K(109248K), 0.0358693 secs] 174722K->87786K(502464K), 0.0359792 secs] [Times: user=0.04 sys=0.01, real=0.04 secs] 
Heap after GC invocations=115 (full 2):
 par new generation   total 109248K, used 9124K [0x00000007a0000000, 0x00000007a8000000, 0x00000007a8000000)
  eden space 87424K,   0% used [0x00000007a0000000, 0x00000007a0000000, 0x00000007a5560000)
  from space 21824K,  41% used [0x00000007a6ab0000, 0x00000007a7399370, 0x00000007a8000000)
  to   space 21824K,   0% used [0x00000007a5560000, 0x00000007a5560000, 0x00000007a6ab0000)
 concurrent mark-sweep generation total 393216K, used 78661K [0x00000007a8000000, 0x00000007c0000000, 0x00000007c0000000)
 Metaspace       used 43420K, capacity 45343K, committed 45500K, reserved 1089536K
  class space    used 5113K, capacity 5554K, committed 5628K, reserved 1048576K
}
2018-02-17T17:06:16.183+0800: 506.313: Total time for which application threads were stopped: 0.0385388 seconds, Stopping threads took: 0.0022300 seconds
{Heap before GC invocations=115 (full 2):
 par new generation   total 109248K, used 96548K [0x00000007a0000000, 0x00000007a8000000, 0x00000007a8000000)
  eden space 87424K, 100% used [0x00000007a0000000, 0x00000007a5560000, 0x00000007a5560000)
  from space 21824K,  41% used [0x00000007a6ab0000, 0x00000007a7399370, 0x00000007a8000000)
  to   space 21824K,   0% used [0x00000007a5560000, 0x00000007a5560000, 0x00000007a6ab0000)
 concurrent mark-sweep generation total 393216K, used 78661K [0x00000007a8000000, 0x00000007c0000000, 0x00000007c0000000)
 Metaspace       used 43420K, capacity 45343K, committed 45500K, reserved 1089536K
  class space    used 5113K, capacity 5554K, committed 5628K, reserved 1048576K
2018-02-17T17:06:16.239+0800: 506.369: [GC (Allocation Failure) 2018-02-17T17:06:16.239+0800: 506.369: [ParNew
Desired survivor size 20112992 bytes, new threshold 8 (max 8)
- age   1:     617456 bytes,     617456 total
- age   2:      87752 bytes,     705208 total
- age   3:    2870216 bytes,    3575424 total
- age   4:      86408 bytes,    3661832 total
- age   5:     156024 bytes,    3817856 total
- age   6:    3102496 bytes,    6920352 total
- age   7:      13096 bytes,    6933448 total
- age   8:       3056 bytes,    6936504 total
: 96548K->7862K(109248K), 0.0423908 secs] 175210K->86684K(502464K), 0.0424788 secs] [Times: user=0.06 sys=0.01, real=0.05 secs] 
Heap after GC invocations=116 (full 2):
 par new generation   total 109248K, used 7862K [0x00000007a0000000, 0x00000007a8000000, 0x00000007a8000000)
  eden space 87424K,   0% used [0x00000007a0000000, 0x00000007a0000000, 0x00000007a5560000)
  from space 21824K,  36% used [0x00000007a5560000, 0x00000007a5d0d830, 0x00000007a6ab0000)
  to   space 21824K,   0% used [0x00000007a6ab0000, 0x00000007a6ab0000, 0x00000007a8000000)
 concurrent mark-sweep generation total 393216K, used 78822K [0x00000007a8000000, 0x00000007c0000000, 0x00000007c0000000)
 Metaspace       used 43420K, capacity 45343K, committed 45500K, reserved 1089536K
  class space    used 5113K, capacity 5554K, committed 5628K, reserved 1048576K
}
2018-02-17T17:06:16.281+0800: 506.411: Total time for which application threads were stopped: 0.0437517 seconds, Stopping threads took: 0.0010366 seconds
{Heap before GC invocations=116 (full 2):
 par new generation   total 109248K, used 95286K [0x00000007a0000000, 0x00000007a8000000, 0x00000007a8000000)
  eden space 87424K, 100% used [0x00000007a0000000, 0x00000007a5560000, 0x00000007a5560000)
  from space 21824K,  36% used [0x00000007a5560000, 0x00000007a5d0d830, 0x00000007a6ab0000)
  to   space 21824K,   0% used [0x00000007a6ab0000, 0x00000007a6ab0000, 0x00000007a8000000)
 concurrent mark-sweep generation total 393216K, used 78822K [0x00000007a8000000, 0x00000007c0000000, 0x00000007c0000000)
 Metaspace       used 43442K, capacity 45407K, committed 45756K, reserved 1089536K
  class space    used 5113K, capacity 5554K, committed 5628K, reserved 1048576K
2018-02-17T17:06:16.491+0800: 506.621: [GC (Allocation Failure) 2018-02-17T17:06:16.491+0800: 506.621: [ParNew
Desired survivor size 20112992 bytes, new threshold 8 (max 8)
- age   1:    2409936 bytes,    2409936 total
- age   2:      92536 bytes,    2502472 total
- age   3:      86112 bytes,    2588584 total
- age   4:     304304 bytes,    2892888 total
- age   6:      54656 bytes,    2947544 total
- age   7:    2954936 bytes,    5902480 total
- age   8:      13096 bytes,    5915576 total
: 95286K->7276K(109248K), 0.0315260 secs] 174108K->86101K(502464K), 0.0316258 secs] [Times: user=0.07 sys=0.00, real=0.03 secs] 
Heap after GC invocations=117 (full 2):
 par new generation   total 109248K, used 7276K [0x00000007a0000000, 0x00000007a8000000, 0x00000007a8000000)
  eden space 87424K,   0% used [0x00000007a0000000, 0x00000007a0000000, 0x00000007a5560000)
  from space 21824K,  33% used [0x00000007a6ab0000, 0x00000007a71cb0b0, 0x00000007a8000000)
  to   space 21824K,   0% used [0x00000007a5560000, 0x00000007a5560000, 0x00000007a6ab0000)
 concurrent mark-sweep generation total 393216K, used 78825K [0x00000007a8000000, 0x00000007c0000000, 0x00000007c0000000)
 Metaspace       used 43442K, capacity 45407K, committed 45756K, reserved 1089536K
  class space    used 5113K, capacity 5554K, committed 5628K, reserved 1048576K
}
2018-02-17T17:06:16.522+0800: 506.652: Total time for which application threads were stopped: 0.0320899 seconds, Stopping threads took: 0.0000754 seconds
{Heap before GC invocations=117 (full 2):
 par new generation   total 109248K, used 94700K [0x00000007a0000000, 0x00000007a8000000, 0x00000007a8000000)
  eden space 87424K, 100% used [0x00000007a0000000, 0x00000007a5560000, 0x00000007a5560000)
  from space 21824K,  33% used [0x00000007a6ab0000, 0x00000007a71cb0b0, 0x00000007a8000000)
  to   space 21824K,   0% used [0x00000007a5560000, 0x00000007a5560000, 0x00000007a6ab0000)
 concurrent mark-sweep generation total 393216K, used 78825K [0x00000007a8000000, 0x00000007c0000000, 0x00000007c0000000)
 Metaspace       used 43446K, capacity 45407K, committed 45756K, reserved 1089536K
  class space    used 5113K, capacity 5554K, committed 5628K, reserved 1048576K
2018-02-17T17:06:16.541+0800: 506.671: [GC (Allocation Failure) 2018-02-17T17:06:16.541+0800: 506.671: [ParNew
Desired survivor size 20112992 bytes, new threshold 8 (max 8)
- age   1:     750824 bytes,     750824 total
- age   2:    2345008 bytes,    3095832 total
- age   3:      92536 bytes,    3188368 total
- age   4:      86112 bytes,    3274480 total
- age   5:     304304 bytes,    3578784 total
- age   7:      54656 bytes,    3633440 total
- age   8:    2954936 bytes,    6588376 total
: 94700K->7509K(109248K), 0.0359967 secs] 173525K->86347K(502464K), 0.0360836 secs] [Times: user=0.06 sys=0.01, real=0.03 secs] 
Heap after GC invocations=118 (full 2):
 par new generation   total 109248K, used 7509K [0x00000007a0000000, 0x00000007a8000000, 0x00000007a8000000)
  eden space 87424K,   0% used [0x00000007a0000000, 0x00000007a0000000, 0x00000007a5560000)
  from space 21824K,  34% used [0x00000007a5560000, 0x00000007a5cb5528, 0x00000007a6ab0000)
  to   space 21824K,   0% used [0x00000007a6ab0000, 0x00000007a6ab0000, 0x00000007a8000000)
 concurrent mark-sweep generation total 393216K, used 78838K [0x00000007a8000000, 0x00000007c0000000, 0x00000007c0000000)
 Metaspace       used 43446K, capacity 45407K, committed 45756K, reserved 1089536K
  class space    used 5113K, capacity 5554K, committed 5628K, reserved 1048576K
}
2018-02-17T17:06:16.577+0800: 506.707: Total time for which application threads were stopped: 0.0365039 seconds, Stopping threads took: 0.0001244 seconds
{Heap before GC invocations=118 (full 2):
 par new generation   total 109248K, used 94933K [0x00000007a0000000, 0x00000007a8000000, 0x00000007a8000000)
  eden space 87424K, 100% used [0x00000007a0000000, 0x00000007a5560000, 0x00000007a5560000)
  from space 21824K,  34% used [0x00000007a5560000, 0x00000007a5cb5528, 0x00000007a6ab0000)
  to   space 21824K,   0% used [0x00000007a6ab0000, 0x00000007a6ab0000, 0x00000007a8000000)
 concurrent mark-sweep generation total 393216K, used 78838K [0x00000007a8000000, 0x00000007c0000000, 0x00000007c0000000)
 Metaspace       used 43461K, capacity 45407K, committed 45756K, reserved 1089536K
  class space    used 5113K, capacity 5554K, committed 5628K, reserved 1048576K
2018-02-17T17:06:16.603+0800: 506.733: [GC (Allocation Failure) 2018-02-17T17:06:16.603+0800: 506.733: [ParNew
Desired survivor size 20112992 bytes, new threshold 8 (max 8)
- age   1:     413192 bytes,     413192 total
- age   2:     527400 bytes,     940592 total
- age   3:    2345008 bytes,    3285600 total
- age   4:      92536 bytes,    3378136 total
- age   5:      86112 bytes,    3464248 total
- age   6:     304304 bytes,    3768552 total
- age   8:      54656 bytes,    3823208 total
: 94933K->4732K(109248K), 0.0097173 secs] 173771K->86457K(502464K), 0.0098002 secs] [Times: user=0.03 sys=0.00, real=0.01 secs] 
Heap after GC invocations=119 (full 2):
 par new generation   total 109248K, used 4732K [0x00000007a0000000, 0x00000007a8000000, 0x00000007a8000000)
  eden space 87424K,   0% used [0x00000007a0000000, 0x00000007a0000000, 0x00000007a5560000)
  from space 21824K,  21% used [0x00000007a6ab0000, 0x00000007a6f4f250, 0x00000007a8000000)
  to   space 21824K,   0% used [0x00000007a5560000, 0x00000007a5560000, 0x00000007a6ab0000)
 concurrent mark-sweep generation total 393216K, used 81725K [0x00000007a8000000, 0x00000007c0000000, 0x00000007c0000000)
 Metaspace       used 43461K, capacity 45407K, committed 45756K, reserved 1089536K
  class space    used 5113K, capacity 5554K, committed 5628K, reserved 1048576K
}
2018-02-17T17:06:16.613+0800: 506.743: Total time for which application threads were stopped: 0.0102200 seconds, Stopping threads took: 0.0001441 seconds
{Heap before GC invocations=119 (full 2):
 par new generation   total 109248K, used 92156K [0x00000007a0000000, 0x00000007a8000000, 0x00000007a8000000)
  eden space 87424K, 100% used [0x00000007a0000000, 0x00000007a5560000, 0x00000007a5560000)
  from space 21824K,  21% used [0x00000007a6ab0000, 0x00000007a6f4f250, 0x00000007a8000000)
  to   space 21824K,   0% used [0x00000007a5560000, 0x00000007a5560000, 0x00000007a6ab0000)
 concurrent mark-sweep generation total 393216K, used 81725K [0x00000007a8000000, 0x00000007c0000000, 0x00000007c0000000)
 Metaspace       used 43461K, capacity 45407K, committed 45756K, reserved 1089536K
  class space    used 5113K, capacity 5554K, committed 5628K, reserved 1048576K
2018-02-17T17:06:16.670+0800: 506.800: [GC (Allocation Failure) 2018-02-17T17:06:16.670+0800: 506.800: [ParNew
Desired survivor size 20112992 bytes, new threshold 8 (max 8)
- age   1:     697488 bytes,     697488 total
- age   2:     111792 bytes,     809280 total
- age   3:     525248 bytes,    1334528 total
- age   4:    2344784 bytes,    3679312 total
- age   5:      92536 bytes,    3771848 total
- age   6:      86112 bytes,    3857960 total
- age   7:     304304 bytes,    4162264 total
: 92156K->5620K(109248K), 0.0664129 secs] 173881K->87398K(502464K), 0.0665128 secs] [Times: user=0.06 sys=0.00, real=0.06 secs] 
Heap after GC invocations=120 (full 2):
 par new generation   total 109248K, used 5620K [0x00000007a0000000, 0x00000007a8000000, 0x00000007a8000000)
  eden space 87424K,   0% used [0x00000007a0000000, 0x00000007a0000000, 0x00000007a5560000)
  from space 21824K,  25% used [0x00000007a5560000, 0x00000007a5add020, 0x00000007a6ab0000)
  to   space 21824K,   0% used [0x00000007a6ab0000, 0x00000007a6ab0000, 0x00000007a8000000)
 concurrent mark-sweep generation total 393216K, used 81778K [0x00000007a8000000, 0x00000007c0000000, 0x00000007c0000000)
 Metaspace       used 43461K, capacity 45407K, committed 45756K, reserved 1089536K
  class space    used 5113K, capacity 5554K, committed 5628K, reserved 1048576K
}
2018-02-17T17:06:16.736+0800: 506.866: Total time for which application threads were stopped: 0.0668318 seconds, Stopping threads took: 0.0000250 seconds
{Heap before GC invocations=120 (full 2):
 par new generation   total 109248K, used 93044K [0x00000007a0000000, 0x00000007a8000000, 0x00000007a8000000)
  eden space 87424K, 100% used [0x00000007a0000000, 0x00000007a5560000, 0x00000007a5560000)
  from space 21824K,  25% used [0x00000007a5560000, 0x00000007a5add020, 0x00000007a6ab0000)
  to   space 21824K,   0% used [0x00000007a6ab0000, 0x00000007a6ab0000, 0x00000007a8000000)
 concurrent mark-sweep generation total 393216K, used 81778K [0x00000007a8000000, 0x00000007c0000000, 0x00000007c0000000)
 Metaspace       used 43483K, capacity 45411K, committed 45756K, reserved 1089536K
  class space    used 5113K, capacity 5554K, committed 5628K, reserved 1048576K
2018-02-17T17:06:16.815+0800: 506.945: [GC (Allocation Failure) 2018-02-17T17:06:16.815+0800: 506.945: [ParNew
Desired survivor size 20112992 bytes, new threshold 8 (max 8)
- age   1:    2381256 bytes,    2381256 total
- age   2:     691800 bytes,    3073056 total
- age   3:     111792 bytes,    3184848 total
- age   4:      48512 bytes,    3233360 total
- age   5:     215072 bytes,    3448432 total
- age   8:     164960 bytes,    3613392 total
: 93044K->4306K(109248K), 0.0308813 secs] 174822K->86085K(502464K), 0.0309664 secs] [Times: user=0.04 sys=0.00, real=0.03 secs] 
Heap after GC invocations=121 (full 2):
 par new generation   total 109248K, used 4306K [0x00000007a0000000, 0x00000007a8000000, 0x00000007a8000000)
  eden space 87424K,   0% used [0x00000007a0000000, 0x00000007a0000000, 0x00000007a5560000)
  from space 21824K,  19% used [0x00000007a6ab0000, 0x00000007a6ee4a90, 0x00000007a8000000)
  to   space 21824K,   0% used [0x00000007a5560000, 0x00000007a5560000, 0x00000007a6ab0000)
 concurrent mark-sweep generation total 393216K, used 81778K [0x00000007a8000000, 0x00000007c0000000, 0x00000007c0000000)
 Metaspace       used 43483K, capacity 45411K, committed 45756K, reserved 1089536K
  class space    used 5113K, capacity 5554K, committed 5628K, reserved 1048576K
}
2018-02-17T17:06:16.846+0800: 506.976: Total time for which application threads were stopped: 0.0313271 seconds, Stopping threads took: 0.0000279 seconds
{Heap before GC invocations=121 (full 2):
 par new generation   total 109248K, used 91730K [0x00000007a0000000, 0x00000007a8000000, 0x00000007a8000000)
  eden space 87424K, 100% used [0x00000007a0000000, 0x00000007a5560000, 0x00000007a5560000)
  from space 21824K,  19% used [0x00000007a6ab0000, 0x00000007a6ee4a90, 0x00000007a8000000)
  to   space 21824K,   0% used [0x00000007a5560000, 0x00000007a5560000, 0x00000007a6ab0000)
 concurrent mark-sweep generation total 393216K, used 81778K [0x00000007a8000000, 0x00000007c0000000, 0x00000007c0000000)
 Metaspace       used 43483K, capacity 45411K, committed 45756K, reserved 1089536K
  class space    used 5113K, capacity 5554K, committed 5628K, reserved 1048576K
2018-02-17T17:06:16.882+0800: 507.012: [GC (Allocation Failure) 2018-02-17T17:06:16.882+0800: 507.012: [ParNew
Desired survivor size 20112992 bytes, new threshold 8 (max 8)
- age   1:     421136 bytes,     421136 total
- age   2:    2255136 bytes,    2676272 total
- age   3:     691800 bytes,    3368072 total
- age   4:     111792 bytes,    3479864 total
- age   5:      48512 bytes,    3528376 total
- age   6:     215072 bytes,    3743448 total
: 91730K->4892K(109248K), 0.0120896 secs] 173509K->86832K(502464K), 0.0121767 secs] [Times: user=0.02 sys=0.00, real=0.01 secs] 
Heap after GC invocations=122 (full 2):
 par new generation   total 109248K, used 4892K [0x00000007a0000000, 0x00000007a8000000, 0x00000007a8000000)
  eden space 87424K,   0% used [0x00000007a0000000, 0x00000007a0000000, 0x00000007a5560000)
  from space 21824K,  22% used [0x00000007a5560000, 0x00000007a5a272b0, 0x00000007a6ab0000)
  to   space 21824K,   0% used [0x00000007a6ab0000, 0x00000007a6ab0000, 0x00000007a8000000)
 concurrent mark-sweep generation total 393216K, used 81939K [0x00000007a8000000, 0x00000007c0000000, 0x00000007c0000000)
 Metaspace       used 43483K, capacity 45411K, committed 45756K, reserved 1089536K
  class space    used 5113K, capacity 5554K, committed 5628K, reserved 1048576K
}
2018-02-17T17:06:16.894+0800: 507.024: Total time for which application threads were stopped: 0.0192589 seconds, Stopping threads took: 0.0068043 seconds
2018-02-17T17:06:16.910+0800: 507.040: Total time for which application threads were stopped: 0.0113647 seconds, Stopping threads took: 0.0111758 seconds
{Heap before GC invocations=122 (full 2):
 par new generation   total 109248K, used 92316K [0x00000007a0000000, 0x00000007a8000000, 0x00000007a8000000)
  eden space 87424K, 100% used [0x00000007a0000000, 0x00000007a5560000, 0x00000007a5560000)
  from space 21824K,  22% used [0x00000007a5560000, 0x00000007a5a272b0, 0x00000007a6ab0000)
  to   space 21824K,   0% used [0x00000007a6ab0000, 0x00000007a6ab0000, 0x00000007a8000000)
 concurrent mark-sweep generation total 393216K, used 81939K [0x00000007a8000000, 0x00000007c0000000, 0x00000007c0000000)
 Metaspace       used 43508K, capacity 45475K, committed 45756K, reserved 1089536K
  class space    used 5114K, capacity 5554K, committed 5628K, reserved 1048576K
2018-02-17T17:06:16.979+0800: 507.109: [GC (Allocation Failure) 2018-02-17T17:06:16.979+0800: 507.109: [ParNew
Desired survivor size 20112992 bytes, new threshold 8 (max 8)
- age   1:    1550256 bytes,    1550256 total
- age   2:     134640 bytes,    1684896 total
- age   3:    2255112 bytes,    3940008 total
- age   4:     691800 bytes,    4631808 total
- age   5:     111792 bytes,    4743600 total
- age   6:      48512 bytes,    4792112 total
- age   7:     215048 bytes,    5007160 total
: 92316K->5465K(109248K), 0.0152571 secs] 174256K->87405K(502464K), 0.0153404 secs] [Times: user=0.02 sys=0.00, real=0.02 secs] 
Heap after GC invocations=123 (full 2):
 par new generation   total 109248K, used 5465K [0x00000007a0000000, 0x00000007a8000000, 0x00000007a8000000)
  eden space 87424K,   0% used [0x00000007a0000000, 0x00000007a0000000, 0x00000007a5560000)
  from space 21824K,  25% used [0x00000007a6ab0000, 0x00000007a7006770, 0x00000007a8000000)
  to   space 21824K,   0% used [0x00000007a5560000, 0x00000007a5560000, 0x00000007a6ab0000)
 concurrent mark-sweep generation total 393216K, used 81939K [0x00000007a8000000, 0x00000007c0000000, 0x00000007c0000000)
 Metaspace       used 43508K, capacity 45475K, committed 45756K, reserved 1089536K
  class space    used 5114K, capacity 5554K, committed 5628K, reserved 1048576K
}
2018-02-17T17:06:16.994+0800: 507.124: Total time for which application threads were stopped: 0.0157001 seconds, Stopping threads took: 0.0000791 seconds
{Heap before GC invocations=123 (full 2):
 par new generation   total 109248K, used 92889K [0x00000007a0000000, 0x00000007a8000000, 0x00000007a8000000)
  eden space 87424K, 100% used [0x00000007a0000000, 0x00000007a5560000, 0x00000007a5560000)
  from space 21824K,  25% used [0x00000007a6ab0000, 0x00000007a7006770, 0x00000007a8000000)
  to   space 21824K,   0% used [0x00000007a5560000, 0x00000007a5560000, 0x00000007a6ab0000)
 concurrent mark-sweep generation total 393216K, used 81939K [0x00000007a8000000, 0x00000007c0000000, 0x00000007c0000000)
 Metaspace       used 43572K, capacity 45547K, committed 45756K, reserved 1089536K
  class space    used 5115K, capacity 5554K, committed 5628K, reserved 1048576K
2018-02-17T17:06:17.169+0800: 507.299: [GC (Allocation Failure) 2018-02-17T17:06:17.169+0800: 507.299: [ParNew
Desired survivor size 20112992 bytes, new threshold 8 (max 8)
- age   1:    2831288 bytes,    2831288 total
- age   2:     886496 bytes,    3717784 total
- age   3:     133424 bytes,    3851208 total
- age   4:     491240 bytes,    4342448 total
- age   5:     301528 bytes,    4643976 total
- age   6:      57456 bytes,    4701432 total
- age   7:      21112 bytes,    4722544 total
- age   8:     154352 bytes,    4876896 total
: 92889K->7374K(109248K), 0.0125932 secs] 174829K->89314K(502464K), 0.0126911 secs] [Times: user=0.03 sys=0.00, real=0.02 secs] 
Heap after GC invocations=124 (full 2):
 par new generation   total 109248K, used 7374K [0x00000007a0000000, 0x00000007a8000000, 0x00000007a8000000)
  eden space 87424K,   0% used [0x00000007a0000000, 0x00000007a0000000, 0x00000007a5560000)
  from space 21824K,  33% used [0x00000007a5560000, 0x00000007a5c939c8, 0x00000007a6ab0000)
  to   space 21824K,   0% used [0x00000007a6ab0000, 0x00000007a6ab0000, 0x00000007a8000000)
 concurrent mark-sweep generation total 393216K, used 81939K [0x00000007a8000000, 0x00000007c0000000, 0x00000007c0000000)
 Metaspace       used 43572K, capacity 45547K, committed 45756K, reserved 1089536K
  class space    used 5115K, capacity 5554K, committed 5628K, reserved 1048576K
}
2018-02-17T17:06:17.182+0800: 507.312: Total time for which application threads were stopped: 0.0242577 seconds, Stopping threads took: 0.0112233 seconds
{Heap before GC invocations=124 (full 2):
 par new generation   total 109248K, used 94798K [0x00000007a0000000, 0x00000007a8000000, 0x00000007a8000000)
  eden space 87424K, 100% used [0x00000007a0000000, 0x00000007a5560000, 0x00000007a5560000)
  from space 21824K,  33% used [0x00000007a5560000, 0x00000007a5c939c8, 0x00000007a6ab0000)
  to   space 21824K,   0% used [0x00000007a6ab0000, 0x00000007a6ab0000, 0x00000007a8000000)
 concurrent mark-sweep generation total 393216K, used 81939K [0x00000007a8000000, 0x00000007c0000000, 0x00000007c0000000)
 Metaspace       used 43590K, capacity 45547K, committed 45756K, reserved 1089536K
  class space    used 5115K, capacity 5554K, committed 5628K, reserved 1048576K
2018-02-17T17:06:17.227+0800: 507.357: [GC (Allocation Failure) 2018-02-17T17:06:17.227+0800: 507.357: [ParNew
Desired survivor size 20112992 bytes, new threshold 8 (max 8)
- age   1:    1148384 bytes,    1148384 total
- age   2:    2568104 bytes,    3716488 total
- age   3:     886496 bytes,    4602984 total
- age   4:     133424 bytes,    4736408 total
- age   5:     491240 bytes,    5227648 total
- age   6:     301528 bytes,    5529176 total
- age   7:      57456 bytes,    5586632 total
- age   8:      21112 bytes,    5607744 total
: 94798K->6708K(109248K), 0.0118757 secs] 176738K->88799K(502464K), 0.0119599 secs] [Times: user=0.02 sys=0.00, real=0.01 secs] 
Heap after GC invocations=125 (full 2):
 par new generation   total 109248K, used 6708K [0x00000007a0000000, 0x00000007a8000000, 0x00000007a8000000)
  eden space 87424K,   0% used [0x00000007a0000000, 0x00000007a0000000, 0x00000007a5560000)
  from space 21824K,  30% used [0x00000007a6ab0000, 0x00000007a713d180, 0x00000007a8000000)
  to   space 21824K,   0% used [0x00000007a5560000, 0x00000007a5560000, 0x00000007a6ab0000)
 concurrent mark-sweep generation total 393216K, used 82090K [0x00000007a8000000, 0x00000007c0000000, 0x00000007c0000000)
 Metaspace       used 43590K, capacity 45547K, committed 45756K, reserved 1089536K
  class space    used 5115K, capacity 5554K, committed 5628K, reserved 1048576K
}
2018-02-17T17:06:17.239+0800: 507.369: Total time for which application threads were stopped: 0.0123723 seconds, Stopping threads took: 0.0001040 seconds
{Heap before GC invocations=125 (full 2):
 par new generation   total 109248K, used 94132K [0x00000007a0000000, 0x00000007a8000000, 0x00000007a8000000)
  eden space 87424K, 100% used [0x00000007a0000000, 0x00000007a5560000, 0x00000007a5560000)
  from space 21824K,  30% used [0x00000007a6ab0000, 0x00000007a713d180, 0x00000007a8000000)
  to   space 21824K,   0% used [0x00000007a5560000, 0x00000007a5560000, 0x00000007a6ab0000)
 concurrent mark-sweep generation total 393216K, used 82090K [0x00000007a8000000, 0x00000007c0000000, 0x00000007c0000000)
 Metaspace       used 43621K, capacity 45547K, committed 45756K, reserved 1089536K
  class space    used 5115K, capacity 5554K, committed 5628K, reserved 1048576K
2018-02-17T17:06:17.312+0800: 507.442: [GC (Allocation Failure) 2018-02-17T17:06:17.312+0800: 507.442: [ParNew
Desired survivor size 20112992 bytes, new threshold 8 (max 8)
- age   1:    1131920 bytes,    1131920 total
- age   2:     752648 bytes,    1884568 total
- age   3:    2534096 bytes,    4418664 total
- age   4:     870992 bytes,    5289656 total
- age   5:     133424 bytes,    5423080 total
- age   6:     491240 bytes,    5914320 total
- age   7:     301528 bytes,    6215848 total
- age   8:      57456 bytes,    6273304 total
: 94132K->8166K(109248K), 0.0413025 secs] 176223K->90278K(502464K), 0.0414061 secs] [Times: user=0.02 sys=0.01, real=0.04 secs] 
Heap after GC invocations=126 (full 2):
 par new generation   total 109248K, used 8166K [0x00000007a0000000, 0x00000007a8000000, 0x00000007a8000000)
  eden space 87424K,   0% used [0x00000007a0000000, 0x00000007a0000000, 0x00000007a5560000)
  from space 21824K,  37% used [0x00000007a5560000, 0x00000007a5d59830, 0x00000007a6ab0000)
  to   space 21824K,   0% used [0x00000007a6ab0000, 0x00000007a6ab0000, 0x00000007a8000000)
 concurrent mark-sweep generation total 393216K, used 82112K [0x00000007a8000000, 0x00000007c0000000, 0x00000007c0000000)
 Metaspace       used 43621K, capacity 45547K, committed 45756K, reserved 1089536K
  class space    used 5115K, capacity 5554K, committed 5628K, reserved 1048576K
}
2018-02-17T17:06:17.354+0800: 507.484: Total time for which application threads were stopped: 0.0431795 seconds, Stopping threads took: 0.0014168 seconds
{Heap before GC invocations=126 (full 2):
 par new generation   total 109248K, used 95590K [0x00000007a0000000, 0x00000007a8000000, 0x00000007a8000000)
  eden space 87424K, 100% used [0x00000007a0000000, 0x00000007a5560000, 0x00000007a5560000)
  from space 21824K,  37% used [0x00000007a5560000, 0x00000007a5d59830, 0x00000007a6ab0000)
  to   space 21824K,   0% used [0x00000007a6ab0000, 0x00000007a6ab0000, 0x00000007a8000000)
 concurrent mark-sweep generation total 393216K, used 82112K [0x00000007a8000000, 0x00000007c0000000, 0x00000007c0000000)
 Metaspace       used 43647K, capacity 45611K, committed 45756K, reserved 1089536K
  class space    used 5115K, capacity 5554K, committed 5628K, reserved 1048576K
2018-02-17T17:06:17.510+0800: 507.640: [GC (Allocation Failure) 2018-02-17T17:06:17.510+0800: 507.640: [ParNew
Desired survivor size 20112992 bytes, new threshold 8 (max 8)
- age   1:    2142400 bytes,    2142400 total
- age   2:     534040 bytes,    2676440 total
- age   3:     215528 bytes,    2891968 total
- age   4:     516544 bytes,    3408512 total
- age   5:     785912 bytes,    4194424 total
- age   6:      35104 bytes,    4229528 total
- age   7:      97672 bytes,    4327200 total
- age   8:     107168 bytes,    4434368 total
: 95590K->6061K(109248K), 0.0295738 secs] 177702K->88231K(502464K), 0.0296505 secs] [Times: user=0.04 sys=0.00, real=0.03 secs] 
Heap after GC invocations=127 (full 2):
 par new generation   total 109248K, used 6061K [0x00000007a0000000, 0x00000007a8000000, 0x00000007a8000000)
  eden space 87424K,   0% used [0x00000007a0000000, 0x00000007a0000000, 0x00000007a5560000)
  from space 21824K,  27% used [0x00000007a6ab0000, 0x00000007a709b720, 0x00000007a8000000)
  to   space 21824K,   0% used [0x00000007a5560000, 0x00000007a5560000, 0x00000007a6ab0000)
 concurrent mark-sweep generation total 393216K, used 82169K [0x00000007a8000000, 0x00000007c0000000, 0x00000007c0000000)
 Metaspace       used 43647K, capacity 45611K, committed 45756K, reserved 1089536K
  class space    used 5115K, capacity 5554K, committed 5628K, reserved 1048576K
}
2018-02-17T17:06:17.540+0800: 507.670: Total time for which application threads were stopped: 0.0301053 seconds, Stopping threads took: 0.0000873 seconds
{Heap before GC invocations=127 (full 2):
 par new generation   total 109248K, used 93485K [0x00000007a0000000, 0x00000007a8000000, 0x00000007a8000000)
  eden space 87424K, 100% used [0x00000007a0000000, 0x00000007a5560000, 0x00000007a5560000)
  from space 21824K,  27% used [0x00000007a6ab0000, 0x00000007a709b720, 0x00000007a8000000)
  to   space 21824K,   0% used [0x00000007a5560000, 0x00000007a5560000, 0x00000007a6ab0000)
 concurrent mark-sweep generation total 393216K, used 82169K [0x00000007a8000000, 0x00000007c0000000, 0x00000007c0000000)
 Metaspace       used 43680K, capacity 45675K, committed 46012K, reserved 1089536K
  class space    used 5115K, capacity 5554K, committed 5628K, reserved 1048576K
2018-02-17T17:06:17.574+0800: 507.704: [GC (Allocation Failure) 2018-02-17T17:06:17.574+0800: 507.704: [ParNew
Desired survivor size 20112992 bytes, new threshold 8 (max 8)
- age   1:    2066288 bytes,    2066288 total
- age   2:    1811392 bytes,    3877680 total
- age   3:     510120 bytes,    4387800 total
- age   4:     212048 bytes,    4599848 total
- age   5:     511960 bytes,    5111808 total
- age   6:     784344 bytes,    5896152 total
- age   7:      35104 bytes,    5931256 total
- age   8:      97576 bytes,    6028832 total
: 93485K->7469K(109248K), 0.0071487 secs] 175655K->89745K(502464K), 0.0072369 secs] [Times: user=0.02 sys=0.00, real=0.01 secs] 
Heap after GC invocations=128 (full 2):
 par new generation   total 109248K, used 7469K [0x00000007a0000000, 0x00000007a8000000, 0x00000007a8000000)
  eden space 87424K,   0% used [0x00000007a0000000, 0x00000007a0000000, 0x00000007a5560000)
  from space 21824K,  34% used [0x00000007a5560000, 0x00000007a5cab6e0, 0x00000007a6ab0000)
  to   space 21824K,   0% used [0x00000007a6ab0000, 0x00000007a6ab0000, 0x00000007a8000000)
 concurrent mark-sweep generation total 393216K, used 82276K [0x00000007a8000000, 0x00000007c0000000, 0x00000007c0000000)
 Metaspace       used 43680K, capacity 45675K, committed 46012K, reserved 1089536K
  class space    used 5115K, capacity 5554K, committed 5628K, reserved 1048576K
}
2018-02-17T17:06:17.582+0800: 507.712: Total time for which application threads were stopped: 0.0076455 seconds, Stopping threads took: 0.0000948 seconds
{Heap before GC invocations=128 (full 2):
 par new generation   total 109248K, used 94893K [0x00000007a0000000, 0x00000007a8000000, 0x00000007a8000000)
  eden space 87424K, 100% used [0x00000007a0000000, 0x00000007a5560000, 0x00000007a5560000)
  from space 21824K,  34% used [0x00000007a5560000, 0x00000007a5cab6e0, 0x00000007a6ab0000)
  to   space 21824K,   0% used [0x00000007a6ab0000, 0x00000007a6ab0000, 0x00000007a8000000)
 concurrent mark-sweep generation total 393216K, used 82276K [0x00000007a8000000, 0x00000007c0000000, 0x00000007c0000000)
 Metaspace       used 43687K, capacity 45675K, committed 46012K, reserved 1089536K
  class space    used 5115K, capacity 5554K, committed 5628K, reserved 1048576K
2018-02-17T17:06:17.656+0800: 507.786: [GC (Allocation Failure) 2018-02-17T17:06:17.656+0800: 507.786: [ParNew
Desired survivor size 20112992 bytes, new threshold 8 (max 8)
- age   1:     515536 bytes,     515536 total
- age   2:    1949040 bytes,    2464576 total
- age   3:    1711792 bytes,    4176368 total
- age   4:     509592 bytes,    4685960 total
- age   5:     212048 bytes,    4898008 total
- age   6:     511960 bytes,    5409968 total
- age   7:     784344 bytes,    6194312 total
- age   8:      35104 bytes,    6229416 total
: 94893K->7557K(109248K), 0.0422423 secs] 177169K->89928K(502464K), 0.0423110 secs] [Times: user=0.03 sys=0.00, real=0.04 secs] 
Heap after GC invocations=129 (full 2):
 par new generation   total 109248K, used 7557K [0x00000007a0000000, 0x00000007a8000000, 0x00000007a8000000)
  eden space 87424K,   0% used [0x00000007a0000000, 0x00000007a0000000, 0x00000007a5560000)
  from space 21824K,  34% used [0x00000007a6ab0000, 0x00000007a72114f0, 0x00000007a8000000)
  to   space 21824K,   0% used [0x00000007a5560000, 0x00000007a5560000, 0x00000007a6ab0000)
 concurrent mark-sweep generation total 393216K, used 82371K [0x00000007a8000000, 0x00000007c0000000, 0x00000007c0000000)
 Metaspace       used 43687K, capacity 45675K, committed 46012K, reserved 1089536K
  class space    used 5115K, capacity 5554K, committed 5628K, reserved 1048576K
}
2018-02-17T17:06:17.698+0800: 507.828: Total time for which application threads were stopped: 0.0433247 seconds, Stopping threads took: 0.0007236 seconds
{Heap before GC invocations=129 (full 2):
 par new generation   total 109248K, used 94981K [0x00000007a0000000, 0x00000007a8000000, 0x00000007a8000000)
  eden space 87424K, 100% used [0x00000007a0000000, 0x00000007a5560000, 0x00000007a5560000)
  from space 21824K,  34% used [0x00000007a6ab0000, 0x00000007a72114f0, 0x00000007a8000000)
  to   space 21824K,   0% used [0x00000007a5560000, 0x00000007a5560000, 0x00000007a6ab0000)
 concurrent mark-sweep generation total 393216K, used 82371K [0x00000007a8000000, 0x00000007c0000000, 0x00000007c0000000)
 Metaspace       used 43687K, capacity 45675K, committed 46012K, reserved 1089536K
  class space    used 5115K, capacity 5554K, committed 5628K, reserved 1048576K
2018-02-17T17:06:17.764+0800: 507.894: [GC (Allocation Failure) 2018-02-17T17:06:17.764+0800: 507.894: [ParNew
Desired survivor size 20112992 bytes, new threshold 8 (max 8)
- age   1:     149880 bytes,     149880 total
- age   2:     347680 bytes,     497560 total
- age   3:    1947872 bytes,    2445432 total
- age   4:    1711792 bytes,    4157224 total
- age   5:     509592 bytes,    4666816 total
- age   6:     212048 bytes,    4878864 total
- age   7:     511960 bytes,    5390824 total
- age   8:     784344 bytes,    6175168 total
: 94981K->8733K(109248K), 0.0085836 secs] 177352K->91139K(502464K), 0.0086621 secs] [Times: user=0.03 sys=0.00, real=0.01 secs] 
Heap after GC invocations=130 (full 2):
 par new generation   total 109248K, used 8733K [0x00000007a0000000, 0x00000007a8000000, 0x00000007a8000000)
  eden space 87424K,   0% used [0x00000007a0000000, 0x00000007a0000000, 0x00000007a5560000)
  from space 21824K,  40% used [0x00000007a5560000, 0x00000007a5de74c0, 0x00000007a6ab0000)
  to   space 21824K,   0% used [0x00000007a6ab0000, 0x00000007a6ab0000, 0x00000007a8000000)
 concurrent mark-sweep generation total 393216K, used 82406K [0x00000007a8000000, 0x00000007c0000000, 0x00000007c0000000)
 Metaspace       used 43687K, capacity 45675K, committed 46012K, reserved 1089536K
  class space    used 5115K, capacity 5554K, committed 5628K, reserved 1048576K
}
2018-02-17T17:06:17.772+0800: 507.902: Total time for which application threads were stopped: 0.0090568 seconds, Stopping threads took: 0.0001040 seconds
{Heap before GC invocations=130 (full 2):
 par new generation   total 109248K, used 96157K [0x00000007a0000000, 0x00000007a8000000, 0x00000007a8000000)
  eden space 87424K, 100% used [0x00000007a0000000, 0x00000007a5560000, 0x00000007a5560000)
  from space 21824K,  40% used [0x00000007a5560000, 0x00000007a5de74c0, 0x00000007a6ab0000)
  to   space 21824K,   0% used [0x00000007a6ab0000, 0x00000007a6ab0000, 0x00000007a8000000)
 concurrent mark-sweep generation total 393216K, used 82406K [0x00000007a8000000, 0x00000007c0000000, 0x00000007c0000000)
 Metaspace       used 43754K, capacity 45739K, committed 46012K, reserved 1089536K
  class space    used 5115K, capacity 5554K, committed 5628K, reserved 1048576K
2018-02-17T17:06:17.903+0800: 508.033: [GC (Allocation Failure) 2018-02-17T17:06:17.903+0800: 508.033: [ParNew
Desired survivor size 20112992 bytes, new threshold 8 (max 8)
- age   1:    2461952 bytes,    2461952 total
- age   2:     147936 bytes,    2609888 total
- age   3:     180128 bytes,    2790016 total
- age   4:     659000 bytes,    3449016 total
- age   5:     990632 bytes,    4439648 total
- age   6:     397624 bytes,    4837272 total
- age   7:      90776 bytes,    4928048 total
- age   8:     511928 bytes,    5439976 total
: 96157K->6504K(109248K), 0.0126603 secs] 178563K->89677K(502464K), 0.0127650 secs] [Times: user=0.03 sys=0.00, real=0.01 secs] 
Heap after GC invocations=131 (full 2):
 par new generation   total 109248K, used 6504K [0x00000007a0000000, 0x00000007a8000000, 0x00000007a8000000)
  eden space 87424K,   0% used [0x00000007a0000000, 0x00000007a0000000, 0x00000007a5560000)
  from space 21824K,  29% used [0x00000007a6ab0000, 0x00000007a710a290, 0x00000007a8000000)
  to   space 21824K,   0% used [0x00000007a5560000, 0x00000007a5560000, 0x00000007a6ab0000)
 concurrent mark-sweep generation total 393216K, used 83172K [0x00000007a8000000, 0x00000007c0000000, 0x00000007c0000000)
 Metaspace       used 43754K, capacity 45739K, committed 46012K, reserved 1089536K
  class space    used 5115K, capacity 5554K, committed 5628K, reserved 1048576K
}
2018-02-17T17:06:17.916+0800: 508.046: Total time for which application threads were stopped: 0.0312169 seconds, Stopping threads took: 0.0181079 seconds
{Heap before GC invocations=131 (full 2):
 par new generation   total 109248K, used 93928K [0x00000007a0000000, 0x00000007a8000000, 0x00000007a8000000)
  eden space 87424K, 100% used [0x00000007a0000000, 0x00000007a5560000, 0x00000007a5560000)
  from space 21824K,  29% used [0x00000007a6ab0000, 0x00000007a710a290, 0x00000007a8000000)
  to   space 21824K,   0% used [0x00000007a5560000, 0x00000007a5560000, 0x00000007a6ab0000)
 concurrent mark-sweep generation total 393216K, used 83172K [0x00000007a8000000, 0x00000007c0000000, 0x00000007c0000000)
 Metaspace       used 43777K, capacity 45739K, committed 46012K, reserved 1089536K
  class space    used 5115K, capacity 5554K, committed 5628K, reserved 1048576K
2018-02-17T17:06:17.952+0800: 508.082: [GC (Allocation Failure) 2018-02-17T17:06:17.952+0800: 508.082: [ParNew
Desired survivor size 20112992 bytes, new threshold 8 (max 8)
- age   1:     887608 bytes,     887608 total
- age   2:    2399056 bytes,    3286664 total
- age   3:     147936 bytes,    3434600 total
- age   4:     180128 bytes,    3614728 total
- age   5:     659000 bytes,    4273728 total
- age   6:     990632 bytes,    5264360 total
- age   7:     395560 bytes,    5659920 total
- age   8:      90776 bytes,    5750696 total
: 93928K->7370K(109248K), 0.0534699 secs] 177101K->91044K(502464K), 0.0535621 secs] [Times: user=0.03 sys=0.00, real=0.05 secs] 
Heap after GC invocations=132 (full 2):
 par new generation   total 109248K, used 7370K [0x00000007a0000000, 0x00000007a8000000, 0x00000007a8000000)
  eden space 87424K,   0% used [0x00000007a0000000, 0x00000007a0000000, 0x00000007a5560000)
  from space 21824K,  33% used [0x00000007a5560000, 0x00000007a5c929c0, 0x00000007a6ab0000)
  to   space 21824K,   0% used [0x00000007a6ab0000, 0x00000007a6ab0000, 0x00000007a8000000)
 concurrent mark-sweep generation total 393216K, used 83674K [0x00000007a8000000, 0x00000007c0000000, 0x00000007c0000000)
 Metaspace       used 43777K, capacity 45739K, committed 46012K, reserved 1089536K
  class space    used 5115K, capacity 5554K, committed 5628K, reserved 1048576K
}
2018-02-17T17:06:18.006+0800: 508.136: Total time for which application threads were stopped: 0.0539222 seconds, Stopping threads took: 0.0000592 seconds
{Heap before GC invocations=132 (full 2):
 par new generation   total 109248K, used 94794K [0x00000007a0000000, 0x00000007a8000000, 0x00000007a8000000)
  eden space 87424K, 100% used [0x00000007a0000000, 0x00000007a5560000, 0x00000007a5560000)
  from space 21824K,  33% used [0x00000007a5560000, 0x00000007a5c929c0, 0x00000007a6ab0000)
  to   space 21824K,   0% used [0x00000007a6ab0000, 0x00000007a6ab0000, 0x00000007a8000000)
 concurrent mark-sweep generation total 393216K, used 83674K [0x00000007a8000000, 0x00000007c0000000, 0x00000007c0000000)
 Metaspace       used 43827K, capacity 45803K, committed 46012K, reserved 1089536K
  class space    used 5115K, capacity 5554K, committed 5628K, reserved 1048576K
2018-02-17T17:06:18.104+0800: 508.234: [GC (Allocation Failure) 2018-02-17T17:06:18.104+0800: 508.234: [ParNew
Desired survivor size 20112992 bytes, new threshold 8 (max 8)
- age   1:    1141656 bytes,    1141656 total
- age   2:     724768 bytes,    1866424 total
- age   3:    2221568 bytes,    4087992 total
- age   4:     147936 bytes,    4235928 total
- age   5:     155344 bytes,    4391272 total
- age   6:     632208 bytes,    5023480 total
- age   7:     990272 bytes,    6013752 total
- age   8:     334392 bytes,    6348144 total
: 94794K->8335K(109248K), 0.0080513 secs] 178468K->92099K(502464K), 0.0081494 secs] [Times: user=0.03 sys=0.00, real=0.01 secs] 
Heap after GC invocations=133 (full 2):
 par new generation   total 109248K, used 8335K [0x00000007a0000000, 0x00000007a8000000, 0x00000007a8000000)
  eden space 87424K,   0% used [0x00000007a0000000, 0x00000007a0000000, 0x00000007a5560000)
  from space 21824K,  38% used [0x00000007a6ab0000, 0x00000007a72d3fc0, 0x00000007a8000000)
  to   space 21824K,   0% used [0x00000007a5560000, 0x00000007a5560000, 0x00000007a6ab0000)
 concurrent mark-sweep generation total 393216K, used 83763K [0x00000007a8000000, 0x00000007c0000000, 0x00000007c0000000)
 Metaspace       used 43827K, capacity 45803K, committed 46012K, reserved 1089536K
  class space    used 5115K, capacity 5554K, committed 5628K, reserved 1048576K
}
2018-02-17T17:06:18.112+0800: 508.242: Total time for which application threads were stopped: 0.0106621 seconds, Stopping threads took: 0.0022058 seconds
{Heap before GC invocations=133 (full 2):
 par new generation   total 109248K, used 95759K [0x00000007a0000000, 0x00000007a8000000, 0x00000007a8000000)
  eden space 87424K, 100% used [0x00000007a0000000, 0x00000007a5560000, 0x00000007a5560000)
  from space 21824K,  38% used [0x00000007a6ab0000, 0x00000007a72d3fc0, 0x00000007a8000000)
  to   space 21824K,   0% used [0x00000007a5560000, 0x00000007a5560000, 0x00000007a6ab0000)
 concurrent mark-sweep generation total 393216K, used 83763K [0x00000007a8000000, 0x00000007c0000000, 0x00000007c0000000)
 Metaspace       used 43884K, capacity 45867K, committed 46012K, reserved 1089536K
  class space    used 5115K, capacity 5554K, committed 5628K, reserved 1048576K
2018-02-17T17:06:18.297+0800: 508.426: [GC (Allocation Failure) 2018-02-17T17:06:18.297+0800: 508.427: [ParNew
Desired survivor size 20112992 bytes, new threshold 8 (max 8)
- age   1:    3043072 bytes,    3043072 total
- age   2:     467592 bytes,    3510664 total
- age   3:     152760 bytes,    3663424 total
- age   4:     306448 bytes,    3969872 total
- age   6:      50568 bytes,    4020440 total
- age   7:     466256 bytes,    4486696 total
- age   8:     988208 bytes,    5474904 total
: 95759K->6316K(109248K), 0.0125639 secs] 179523K->90399K(502464K), 0.0126485 secs] [Times: user=0.04 sys=0.00, real=0.01 secs] 
Heap after GC invocations=134 (full 2):
 par new generation   total 109248K, used 6316K [0x00000007a0000000, 0x00000007a8000000, 0x00000007a8000000)
  eden space 87424K,   0% used [0x00000007a0000000, 0x00000007a0000000, 0x00000007a5560000)
  from space 21824K,  28% used [0x00000007a5560000, 0x00000007a5b8b2c0, 0x00000007a6ab0000)
  to   space 21824K,   0% used [0x00000007a6ab0000, 0x00000007a6ab0000, 0x00000007a8000000)
 concurrent mark-sweep generation total 393216K, used 84083K [0x00000007a8000000, 0x00000007c0000000, 0x00000007c0000000)
 Metaspace       used 43884K, capacity 45867K, committed 46012K, reserved 1089536K
  class space    used 5115K, capacity 5554K, committed 5628K, reserved 1048576K
}
2018-02-17T17:06:18.309+0800: 508.439: Total time for which application threads were stopped: 0.0167285 seconds, Stopping threads took: 0.0037053 seconds
{Heap before GC invocations=134 (full 2):
 par new generation   total 109248K, used 93740K [0x00000007a0000000, 0x00000007a8000000, 0x00000007a8000000)
  eden space 87424K, 100% used [0x00000007a0000000, 0x00000007a5560000, 0x00000007a5560000)
  from space 21824K,  28% used [0x00000007a5560000, 0x00000007a5b8b2c0, 0x00000007a6ab0000)
  to   space 21824K,   0% used [0x00000007a6ab0000, 0x00000007a6ab0000, 0x00000007a8000000)
 concurrent mark-sweep generation total 393216K, used 84083K [0x00000007a8000000, 0x00000007c0000000, 0x00000007c0000000)
 Metaspace       used 43898K, capacity 45867K, committed 46012K, reserved 1089536K
  class space    used 5115K, capacity 5554K, committed 5628K, reserved 1048576K
2018-02-17T17:06:18.323+0800: 508.453: [GC (Allocation Failure) 2018-02-17T17:06:18.323+0800: 508.453: [ParNew
Desired survivor size 20112992 bytes, new threshold 8 (max 8)
- age   1:    1138536 bytes,    1138536 total
- age   2:    2959296 bytes,    4097832 total
- age   3:     467512 bytes,    4565344 total
- age   4:     152760 bytes,    4718104 total
- age   5:     306448 bytes,    5024552 total
- age   7:      50568 bytes,    5075120 total
- age   8:     466176 bytes,    5541296 total
: 93740K->8399K(109248K), 0.0600142 secs] 177823K->93450K(502464K), 0.0601105 secs] [Times: user=0.06 sys=0.00, real=0.06 secs] 
Heap after GC invocations=135 (full 2):
 par new generation   total 109248K, used 8399K [0x00000007a0000000, 0x00000007a8000000, 0x00000007a8000000)
  eden space 87424K,   0% used [0x00000007a0000000, 0x00000007a0000000, 0x00000007a5560000)
  from space 21824K,  38% used [0x00000007a6ab0000, 0x00000007a72e3cb8, 0x00000007a8000000)
  to   space 21824K,   0% used [0x00000007a5560000, 0x00000007a5560000, 0x00000007a6ab0000)
 concurrent mark-sweep generation total 393216K, used 85051K [0x00000007a8000000, 0x00000007c0000000, 0x00000007c0000000)
 Metaspace       used 43898K, capacity 45867K, committed 46012K, reserved 1089536K
  class space    used 5115K, capacity 5554K, committed 5628K, reserved 1048576K
}
2018-02-17T17:06:18.383+0800: 508.513: Total time for which application threads were stopped: 0.0605166 seconds, Stopping threads took: 0.0000894 seconds
{Heap before GC invocations=135 (full 2):
 par new generation   total 109248K, used 95823K [0x00000007a0000000, 0x00000007a8000000, 0x00000007a8000000)
  eden space 87424K, 100% used [0x00000007a0000000, 0x00000007a5560000, 0x00000007a5560000)
  from space 21824K,  38% used [0x00000007a6ab0000, 0x00000007a72e3cb8, 0x00000007a8000000)
  to   space 21824K,   0% used [0x00000007a5560000, 0x00000007a5560000, 0x00000007a6ab0000)
 concurrent mark-sweep generation total 393216K, used 85051K [0x00000007a8000000, 0x00000007c0000000, 0x00000007c0000000)
 Metaspace       used 43903K, capacity 45867K, committed 46012K, reserved 1089536K
  class space    used 5115K, capacity 5554K, committed 5628K, reserved 1048576K
2018-02-17T17:06:18.436+0800: 508.566: [GC (Allocation Failure) 2018-02-17T17:06:18.436+0800: 508.566: [ParNew
Desired survivor size 20112992 bytes, new threshold 8 (max 8)
- age   1:    1094200 bytes,    1094200 total
- age   2:     685208 bytes,    1779408 total
- age   3:    2610296 bytes,    4389704 total
- age   4:     463912 bytes,    4853616 total
- age   5:     152760 bytes,    5006376 total
- age   6:     306224 bytes,    5312600 total
- age   8:      49528 bytes,    5362128 total
: 95823K->6445K(109248K), 0.0205247 secs] 180874K->91957K(502464K), 0.0206026 secs] [Times: user=0.03 sys=0.00, real=0.02 secs] 
Heap after GC invocations=136 (full 2):
 par new generation   total 109248K, used 6445K [0x00000007a0000000, 0x00000007a8000000, 0x00000007a8000000)
  eden space 87424K,   0% used [0x00000007a0000000, 0x00000007a0000000, 0x00000007a5560000)
  from space 21824K,  29% used [0x00000007a5560000, 0x00000007a5bab740, 0x00000007a6ab0000)
  to   space 21824K,   0% used [0x00000007a6ab0000, 0x00000007a6ab0000, 0x00000007a8000000)
 concurrent mark-sweep generation total 393216K, used 85511K [0x00000007a8000000, 0x00000007c0000000, 0x00000007c0000000)
 Metaspace       used 43903K, capacity 45867K, committed 46012K, reserved 1089536K
  class space    used 5115K, capacity 5554K, committed 5628K, reserved 1048576K
}
2018-02-17T17:06:18.457+0800: 508.587: Total time for which application threads were stopped: 0.0253550 seconds, Stopping threads took: 0.0044590 seconds
{Heap before GC invocations=136 (full 2):
 par new generation   total 109248K, used 93869K [0x00000007a0000000, 0x00000007a8000000, 0x00000007a8000000)
  eden space 87424K, 100% used [0x00000007a0000000, 0x00000007a5560000, 0x00000007a5560000)
  from space 21824K,  29% used [0x00000007a5560000, 0x00000007a5bab740, 0x00000007a6ab0000)
  to   space 21824K,   0% used [0x00000007a6ab0000, 0x00000007a6ab0000, 0x00000007a8000000)
 concurrent mark-sweep generation total 393216K, used 85511K [0x00000007a8000000, 0x00000007c0000000, 0x00000007c0000000)
 Metaspace       used 43954K, capacity 45931K, committed 46268K, reserved 1089536K
  class space    used 5116K, capacity 5554K, committed 5628K, reserved 1048576K
2018-02-17T17:06:18.616+0800: 508.746: [GC (Allocation Failure) 2018-02-17T17:06:18.616+0800: 508.746: [ParNew
Desired survivor size 20112992 bytes, new threshold 8 (max 8)
- age   1:    2084656 bytes,    2084656 total
- age   2:     267496 bytes,    2352152 total
- age   3:     119680 bytes,    2471832 total
- age   4:     998920 bytes,    3470752 total
- age   5:     323920 bytes,    3794672 total
- age   6:       2552 bytes,    3797224 total
- age   7:     207864 bytes,    4005088 total
: 93869K->5646K(109248K), 0.0427585 secs] 179381K->91207K(502464K), 0.0428643 secs] [Times: user=0.02 sys=0.00, real=0.04 secs] 
Heap after GC invocations=137 (full 2):
 par new generation   total 109248K, used 5646K [0x00000007a0000000, 0x00000007a8000000, 0x00000007a8000000)
  eden space 87424K,   0% used [0x00000007a0000000, 0x00000007a0000000, 0x00000007a5560000)
  from space 21824K,  25% used [0x00000007a6ab0000, 0x00000007a7033bd0, 0x00000007a8000000)
  to   space 21824K,   0% used [0x00000007a5560000, 0x00000007a5560000, 0x00000007a6ab0000)
 concurrent mark-sweep generation total 393216K, used 85560K [0x00000007a8000000, 0x00000007c0000000, 0x00000007c0000000)
 Metaspace       used 43954K, capacity 45931K, committed 46268K, reserved 1089536K
  class space    used 5116K, capacity 5554K, committed 5628K, reserved 1048576K
}
2018-02-17T17:06:18.659+0800: 508.789: Total time for which application threads were stopped: 0.0432221 seconds, Stopping threads took: 0.0000379 seconds
2018-02-17T17:06:18.665+0800: 508.795: Total time for which application threads were stopped: 0.0003082 seconds, Stopping threads took: 0.0000828 seconds
2018-02-17T17:06:18.666+0800: 508.796: Total time for which application threads were stopped: 0.0001771 seconds, Stopping threads took: 0.0000190 seconds
2018-02-17T17:06:18.666+0800: 508.796: Total time for which application threads were stopped: 0.0001932 seconds, Stopping threads took: 0.0000591 seconds
2018-02-17T17:06:18.667+0800: 508.797: Total time for which application threads were stopped: 0.0001613 seconds, Stopping threads took: 0.0000477 seconds
2018-02-17T17:06:18.685+0800: 508.815: Total time for which application threads were stopped: 0.0002758 seconds, Stopping threads took: 0.0000667 seconds
2018-02-17T17:06:18.755+0800: 508.885: Total time for which application threads were stopped: 0.0004680 seconds, Stopping threads took: 0.0001616 seconds
2018-02-17T17:06:18.756+0800: 508.886: Total time for which application threads were stopped: 0.0003686 seconds, Stopping threads took: 0.0001523 seconds
2018-02-17T17:06:19.127+0800: 509.256: Total time for which application threads were stopped: 0.0003251 seconds, Stopping threads took: 0.0000447 seconds
2018-02-17T17:06:19.130+0800: 509.260: Total time for which application threads were stopped: 0.0003899 seconds, Stopping threads took: 0.0002300 seconds
{Heap before GC invocations=137 (full 2):
 par new generation   total 109248K, used 93070K [0x00000007a0000000, 0x00000007a8000000, 0x00000007a8000000)
  eden space 87424K, 100% used [0x00000007a0000000, 0x00000007a5560000, 0x00000007a5560000)
  from space 21824K,  25% used [0x00000007a6ab0000, 0x00000007a7033bd0, 0x00000007a8000000)
  to   space 21824K,   0% used [0x00000007a5560000, 0x00000007a5560000, 0x00000007a6ab0000)
 concurrent mark-sweep generation total 393216K, used 85560K [0x00000007a8000000, 0x00000007c0000000, 0x00000007c0000000)
 Metaspace       used 44613K, capacity 46575K, committed 46780K, reserved 1091584K
  class space    used 5175K, capacity 5620K, committed 5628K, reserved 1048576K
2018-02-17T17:06:19.145+0800: 509.275: [GC (Allocation Failure) 2018-02-17T17:06:19.145+0800: 509.275: [ParNew
Desired survivor size 20112992 bytes, new threshold 8 (max 8)
- age   1:    5310648 bytes,    5310648 total
- age   2:    1839056 bytes,    7149704 total
- age   3:     247784 bytes,    7397488 total
- age   4:     116880 bytes,    7514368 total
- age   5:     926952 bytes,    8441320 total
- age   6:     313112 bytes,    8754432 total
- age   7:       1952 bytes,    8756384 total
- age   8:     145880 bytes,    8902264 total
: 93070K->10384K(109248K), 0.0280432 secs] 178631K->95944K(502464K), 0.0281389 secs] [Times: user=0.03 sys=0.00, real=0.03 secs] 
Heap after GC invocations=138 (full 2):
 par new generation   total 109248K, used 10384K [0x00000007a0000000, 0x00000007a8000000, 0x00000007a8000000)
  eden space 87424K,   0% used [0x00000007a0000000, 0x00000007a0000000, 0x00000007a5560000)
  from space 21824K,  47% used [0x00000007a5560000, 0x00000007a5f84180, 0x00000007a6ab0000)
  to   space 21824K,   0% used [0x00000007a6ab0000, 0x00000007a6ab0000, 0x00000007a8000000)
 concurrent mark-sweep generation total 393216K, used 85560K [0x00000007a8000000, 0x00000007c0000000, 0x00000007c0000000)
 Metaspace       used 44613K, capacity 46575K, committed 46780K, reserved 1091584K
  class space    used 5175K, capacity 5620K, committed 5628K, reserved 1048576K
}
2018-02-17T17:06:19.173+0800: 509.303: Total time for which application threads were stopped: 0.0284659 seconds, Stopping threads took: 0.0000414 seconds
{Heap before GC invocations=138 (full 2):
 par new generation   total 109248K, used 97808K [0x00000007a0000000, 0x00000007a8000000, 0x00000007a8000000)
  eden space 87424K, 100% used [0x00000007a0000000, 0x00000007a5560000, 0x00000007a5560000)
  from space 21824K,  47% used [0x00000007a5560000, 0x00000007a5f84180, 0x00000007a6ab0000)
  to   space 21824K,   0% used [0x00000007a6ab0000, 0x00000007a6ab0000, 0x00000007a8000000)
 concurrent mark-sweep generation total 393216K, used 85560K [0x00000007a8000000, 0x00000007c0000000, 0x00000007c0000000)
 Metaspace       used 44640K, capacity 46639K, committed 46780K, reserved 1091584K
  class space    used 5175K, capacity 5620K, committed 5628K, reserved 1048576K
2018-02-17T17:06:19.388+0800: 509.518: [GC (Allocation Failure) 2018-02-17T17:06:19.389+0800: 509.518: [ParNew
Desired survivor size 20112992 bytes, new threshold 8 (max 8)
- age   1:    4781560 bytes,    4781560 total
- age   2:    3875960 bytes,    8657520 total
- age   3:    1838400 bytes,   10495920 total
- age   4:     247784 bytes,   10743704 total
- age   5:     116448 bytes,   10860152 total
- age   6:     481944 bytes,   11342096 total
- age   7:     313112 bytes,   11655208 total
- age   8:       1952 bytes,   11657160 total
: 97808K->16022K(109248K), 0.0695300 secs] 183368K->101725K(502464K), 0.0696328 secs] [Times: user=0.08 sys=0.01, real=0.07 secs] 
Heap after GC invocations=139 (full 2):
 par new generation   total 109248K, used 16022K [0x00000007a0000000, 0x00000007a8000000, 0x00000007a8000000)
  eden space 87424K,   0% used [0x00000007a0000000, 0x00000007a0000000, 0x00000007a5560000)
  from space 21824K,  73% used [0x00000007a6ab0000, 0x00000007a7a55af8, 0x00000007a8000000)
  to   space 21824K,   0% used [0x00000007a5560000, 0x00000007a5560000, 0x00000007a6ab0000)
 concurrent mark-sweep generation total 393216K, used 85702K [0x00000007a8000000, 0x00000007c0000000, 0x00000007c0000000)
 Metaspace       used 44640K, capacity 46639K, committed 46780K, reserved 1091584K
  class space    used 5175K, capacity 5620K, committed 5628K, reserved 1048576K
}
2018-02-17T17:06:19.458+0800: 509.588: Total time for which application threads were stopped: 0.0701538 seconds, Stopping threads took: 0.0001175 seconds
{Heap before GC invocations=139 (full 2):
 par new generation   total 109248K, used 103446K [0x00000007a0000000, 0x00000007a8000000, 0x00000007a8000000)
  eden space 87424K, 100% used [0x00000007a0000000, 0x00000007a5560000, 0x00000007a5560000)
  from space 21824K,  73% used [0x00000007a6ab0000, 0x00000007a7a55af8, 0x00000007a8000000)
  to   space 21824K,   0% used [0x00000007a5560000, 0x00000007a5560000, 0x00000007a6ab0000)
 concurrent mark-sweep generation total 393216K, used 85702K [0x00000007a8000000, 0x00000007c0000000, 0x00000007c0000000)
 Metaspace       used 44642K, capacity 46639K, committed 46780K, reserved 1091584K
  class space    used 5175K, capacity 5620K, committed 5628K, reserved 1048576K
2018-02-17T17:06:19.479+0800: 509.609: [GC (Allocation Failure) 2018-02-17T17:06:19.479+0800: 509.609: [ParNew
Desired survivor size 20112992 bytes, new threshold 8 (max 8)
- age   1:     552520 bytes,     552520 total
- age   2:    4526248 bytes,    5078768 total
- age   3:    3826776 bytes,    8905544 total
- age   4:    1903968 bytes,   10809512 total
- age   5:     247784 bytes,   11057296 total
- age   6:     116448 bytes,   11173744 total
- age   7:     481968 bytes,   11655712 total
- age   8:     313112 bytes,   11968824 total
: 103446K->15033K(109248K), 0.0617207 secs] 189149K->100737K(502464K), 0.0618217 secs] [Times: user=0.05 sys=0.01, real=0.07 secs] 
Heap after GC invocations=140 (full 2):
 par new generation   total 109248K, used 15033K [0x00000007a0000000, 0x00000007a8000000, 0x00000007a8000000)
  eden space 87424K,   0% used [0x00000007a0000000, 0x00000007a0000000, 0x00000007a5560000)
  from space 21824K,  68% used [0x00000007a5560000, 0x00000007a640e4d0, 0x00000007a6ab0000)
  to   space 21824K,   0% used [0x00000007a6ab0000, 0x00000007a6ab0000, 0x00000007a8000000)
 concurrent mark-sweep generation total 393216K, used 85704K [0x00000007a8000000, 0x00000007c0000000, 0x00000007c0000000)
 Metaspace       used 44642K, capacity 46639K, committed 46780K, reserved 1091584K
  class space    used 5175K, capacity 5620K, committed 5628K, reserved 1048576K
}
2018-02-17T17:06:19.541+0800: 509.670: Total time for which application threads were stopped: 0.0622318 seconds, Stopping threads took: 0.0001001 seconds
{Heap before GC invocations=140 (full 2):
 par new generation   total 109248K, used 102457K [0x00000007a0000000, 0x00000007a8000000, 0x00000007a8000000)
  eden space 87424K, 100% used [0x00000007a0000000, 0x00000007a5560000, 0x00000007a5560000)
  from space 21824K,  68% used [0x00000007a5560000, 0x00000007a640e4d0, 0x00000007a6ab0000)
  to   space 21824K,   0% used [0x00000007a6ab0000, 0x00000007a6ab0000, 0x00000007a8000000)
 concurrent mark-sweep generation total 393216K, used 85704K [0x00000007a8000000, 0x00000007c0000000, 0x00000007c0000000)
 Metaspace       used 44642K, capacity 46639K, committed 46780K, reserved 1091584K
  class space    used 5175K, capacity 5620K, committed 5628K, reserved 1048576K
2018-02-17T17:06:19.571+0800: 509.701: [GC (Allocation Failure) 2018-02-17T17:06:19.572+0800: 509.701: [ParNew
Desired survivor size 20112992 bytes, new threshold 8 (max 8)
- age   1:    2019776 bytes,    2019776 total
- age   2:     172472 bytes,    2192248 total
- age   3:    3355728 bytes,    5547976 total
- age   4:    3837608 bytes,    9385584 total
- age   5:    1838400 bytes,   11223984 total
- age   6:     247784 bytes,   11471768 total
- age   7:     116448 bytes,   11588216 total
- age   8:     481944 bytes,   12070160 total
: 102457K->14573K(109248K), 0.0508243 secs] 188161K->100584K(502464K), 0.0509073 secs] [Times: user=0.03 sys=0.01, real=0.05 secs] 
Heap after GC invocations=141 (full 2):
 par new generation   total 109248K, used 14573K [0x00000007a0000000, 0x00000007a8000000, 0x00000007a8000000)
  eden space 87424K,   0% used [0x00000007a0000000, 0x00000007a0000000, 0x00000007a5560000)
  from space 21824K,  66% used [0x00000007a6ab0000, 0x00000007a78eb660, 0x00000007a8000000)
  to   space 21824K,   0% used [0x00000007a5560000, 0x00000007a5560000, 0x00000007a6ab0000)
 concurrent mark-sweep generation total 393216K, used 86010K [0x00000007a8000000, 0x00000007c0000000, 0x00000007c0000000)
 Metaspace       used 44642K, capacity 46639K, committed 46780K, reserved 1091584K
  class space    used 5175K, capacity 5620K, committed 5628K, reserved 1048576K
}
2018-02-17T17:06:19.622+0800: 509.752: Total time for which application threads were stopped: 0.0513477 seconds, Stopping threads took: 0.0001099 seconds
{Heap before GC invocations=141 (full 2):
 par new generation   total 109248K, used 101997K [0x00000007a0000000, 0x00000007a8000000, 0x00000007a8000000)
  eden space 87424K, 100% used [0x00000007a0000000, 0x00000007a5560000, 0x00000007a5560000)
  from space 21824K,  66% used [0x00000007a6ab0000, 0x00000007a78eb660, 0x00000007a8000000)
  to   space 21824K,   0% used [0x00000007a5560000, 0x00000007a5560000, 0x00000007a6ab0000)
 concurrent mark-sweep generation total 393216K, used 86010K [0x00000007a8000000, 0x00000007c0000000, 0x00000007c0000000)
 Metaspace       used 44658K, capacity 46639K, committed 46780K, reserved 1091584K
  class space    used 5175K, capacity 5620K, committed 5628K, reserved 1048576K
2018-02-17T17:06:19.821+0800: 509.951: [GC (Allocation Failure) 2018-02-17T17:06:19.821+0800: 509.951: [ParNew
Desired survivor size 20112992 bytes, new threshold 8 (max 8)
- age   1:    6160960 bytes,    6160960 total
- age   2:     454168 bytes,    6615128 total
- age   3:     137520 bytes,    6752648 total
- age   4:    1619760 bytes,    8372408 total
- age   5:    3617232 bytes,   11989640 total
- age   6:    1838400 bytes,   13828040 total
- age   7:     247784 bytes,   14075824 total
- age   8:     116448 bytes,   14192272 total
: 101997K->20547K(109248K), 0.0767472 secs] 188008K->107030K(502464K), 0.0768435 secs] [Times: user=0.08 sys=0.01, real=0.07 secs] 
Heap after GC invocations=142 (full 2):
 par new generation   total 109248K, used 20547K [0x00000007a0000000, 0x00000007a8000000, 0x00000007a8000000)
  eden space 87424K,   0% used [0x00000007a0000000, 0x00000007a0000000, 0x00000007a5560000)
  from space 21824K,  94% used [0x00000007a5560000, 0x00000007a6970ec0, 0x00000007a6ab0000)
  to   space 21824K,   0% used [0x00000007a6ab0000, 0x00000007a6ab0000, 0x00000007a8000000)
 concurrent mark-sweep generation total 393216K, used 86483K [0x00000007a8000000, 0x00000007c0000000, 0x00000007c0000000)
 Metaspace       used 44658K, capacity 46639K, committed 46780K, reserved 1091584K
  class space    used 5175K, capacity 5620K, committed 5628K, reserved 1048576K
}
2018-02-17T17:06:19.898+0800: 510.028: Total time for which application threads were stopped: 0.0773371 seconds, Stopping threads took: 0.0001253 seconds
{Heap before GC invocations=142 (full 2):
 par new generation   total 109248K, used 107971K [0x00000007a0000000, 0x00000007a8000000, 0x00000007a8000000)
  eden space 87424K, 100% used [0x00000007a0000000, 0x00000007a5560000, 0x00000007a5560000)
  from space 21824K,  94% used [0x00000007a5560000, 0x00000007a6970ec0, 0x00000007a6ab0000)
  to   space 21824K,   0% used [0x00000007a6ab0000, 0x00000007a6ab0000, 0x00000007a8000000)
 concurrent mark-sweep generation total 393216K, used 86483K [0x00000007a8000000, 0x00000007c0000000, 0x00000007c0000000)
 Metaspace       used 44658K, capacity 46639K, committed 46780K, reserved 1091584K
  class space    used 5175K, capacity 5620K, committed 5628K, reserved 1048576K
2018-02-17T17:06:19.920+0800: 510.050: [GC (Allocation Failure) 2018-02-17T17:06:19.920+0800: 510.050: [ParNew
Desired survivor size 20112992 bytes, new threshold 8 (max 8)
- age   1:     452608 bytes,     452608 total
- age   2:    5724992 bytes,    6177600 total
- age   3:     454168 bytes,    6631768 total
- age   4:     137520 bytes,    6769288 total
- age   5:    1619760 bytes,    8389048 total
- age   6:    3616960 bytes,   12006008 total
- age   7:    1838400 bytes,   13844408 total
- age   8:     247784 bytes,   14092192 total
: 107971K->17473K(109248K), 0.0496353 secs] 194454K->104072K(502464K), 0.0497220 secs] [Times: user=0.06 sys=0.00, real=0.05 secs] 
Heap after GC invocations=143 (full 2):
 par new generation   total 109248K, used 17473K [0x00000007a0000000, 0x00000007a8000000, 0x00000007a8000000)
  eden space 87424K,   0% used [0x00000007a0000000, 0x00000007a0000000, 0x00000007a5560000)
  from space 21824K,  80% used [0x00000007a6ab0000, 0x00000007a7bc0498, 0x00000007a8000000)
  to   space 21824K,   0% used [0x00000007a5560000, 0x00000007a5560000, 0x00000007a6ab0000)
 concurrent mark-sweep generation total 393216K, used 86599K [0x00000007a8000000, 0x00000007c0000000, 0x00000007c0000000)
 Metaspace       used 44658K, capacity 46639K, committed 46780K, reserved 1091584K
  class space    used 5175K, capacity 5620K, committed 5628K, reserved 1048576K
}
2018-02-17T17:06:19.970+0800: 510.100: Total time for which application threads were stopped: 0.0613024 seconds, Stopping threads took: 0.0112698 seconds
2018-02-17T17:06:19.971+0800: 510.101: Total time for which application threads were stopped: 0.0002926 seconds, Stopping threads took: 0.0000891 seconds
2018-02-17T17:06:19.971+0800: 510.101: Total time for which application threads were stopped: 0.0001960 seconds, Stopping threads took: 0.0000500 seconds
2018-02-17T17:06:19.972+0800: 510.102: Total time for which application threads were stopped: 0.0002457 seconds, Stopping threads took: 0.0000811 seconds
2018-02-17T17:06:19.972+0800: 510.102: Total time for which application threads were stopped: 0.0002383 seconds, Stopping threads took: 0.0000639 seconds
2018-02-17T17:06:19.972+0800: 510.102: Total time for which application threads were stopped: 0.0002250 seconds, Stopping threads took: 0.0000591 seconds
2018-02-17T17:06:19.973+0800: 510.103: Total time for which application threads were stopped: 0.0002008 seconds, Stopping threads took: 0.0000597 seconds
2018-02-17T17:06:19.979+0800: 510.109: Total time for which application threads were stopped: 0.0003185 seconds, Stopping threads took: 0.0000900 seconds
{Heap before GC invocations=143 (full 2):
 par new generation   total 109248K, used 104897K [0x00000007a0000000, 0x00000007a8000000, 0x00000007a8000000)
  eden space 87424K, 100% used [0x00000007a0000000, 0x00000007a5560000, 0x00000007a5560000)
  from space 21824K,  80% used [0x00000007a6ab0000, 0x00000007a7bc0498, 0x00000007a8000000)
  to   space 21824K,   0% used [0x00000007a5560000, 0x00000007a5560000, 0x00000007a6ab0000)
 concurrent mark-sweep generation total 393216K, used 86599K [0x00000007a8000000, 0x00000007c0000000, 0x00000007c0000000)
 Metaspace       used 44668K, capacity 46639K, committed 46780K, reserved 1091584K
  class space    used 5175K, capacity 5620K, committed 5628K, reserved 1048576K
2018-02-17T17:06:19.996+0800: 510.125: [GC (Allocation Failure) 2018-02-17T17:06:19.996+0800: 510.126: [ParNew
Desired survivor size 20112992 bytes, new threshold 8 (max 8)
- age   1:     718312 bytes,     718312 total
- age   2:     290512 bytes,    1008824 total
- age   3:    5669368 bytes,    6678192 total
- age   4:     449752 bytes,    7127944 total
- age   5:     136368 bytes,    7264312 total
- age   6:    1546784 bytes,    8811096 total
- age   7:    3578496 bytes,   12389592 total
- age   8:    1836912 bytes,   14226504 total
: 104897K->21460K(109248K), 0.0139229 secs] 191496K->108300K(502464K), 0.0140126 secs] [Times: user=0.04 sys=0.01, real=0.02 secs] 
Heap after GC invocations=144 (full 2):
 par new generation   total 109248K, used 21460K [0x00000007a0000000, 0x00000007a8000000, 0x00000007a8000000)
  eden space 87424K,   0% used [0x00000007a0000000, 0x00000007a0000000, 0x00000007a5560000)
  from space 21824K,  98% used [0x00000007a5560000, 0x00000007a6a55020, 0x00000007a6ab0000)
  to   space 21824K,   0% used [0x00000007a6ab0000, 0x00000007a6ab0000, 0x00000007a8000000)
 concurrent mark-sweep generation total 393216K, used 86840K [0x00000007a8000000, 0x00000007c0000000, 0x00000007c0000000)
 Metaspace       used 44668K, capacity 46639K, committed 46780K, reserved 1091584K
  class space    used 5175K, capacity 5620K, committed 5628K, reserved 1048576K
}
2018-02-17T17:06:20.010+0800: 510.140: Total time for which application threads were stopped: 0.0144640 seconds, Stopping threads took: 0.0000930 seconds
2018-02-17T17:06:20.034+0800: 510.164: Total time for which application threads were stopped: 0.0003372 seconds, Stopping threads took: 0.0000969 seconds
2018-02-17T17:06:20.046+0800: 510.176: Total time for which application threads were stopped: 0.0114515 seconds, Stopping threads took: 0.0112279 seconds
{Heap before GC invocations=144 (full 2):
 par new generation   total 109248K, used 108884K [0x00000007a0000000, 0x00000007a8000000, 0x00000007a8000000)
  eden space 87424K, 100% used [0x00000007a0000000, 0x00000007a5560000, 0x00000007a5560000)
  from space 21824K,  98% used [0x00000007a5560000, 0x00000007a6a55020, 0x00000007a6ab0000)
  to   space 21824K,   0% used [0x00000007a6ab0000, 0x00000007a6ab0000, 0x00000007a8000000)
 concurrent mark-sweep generation total 393216K, used 86840K [0x00000007a8000000, 0x00000007c0000000, 0x00000007c0000000)
 Metaspace       used 44677K, capacity 46703K, committed 46780K, reserved 1091584K
  class space    used 5175K, capacity 5620K, committed 5628K, reserved 1048576K
2018-02-17T17:06:20.105+0800: 510.235: [GC (Allocation Failure) 2018-02-17T17:06:20.105+0800: 510.235: [ParNew
Desired survivor size 20112992 bytes, new threshold 8 (max 8)
- age   1:    1257376 bytes,    1257376 total
- age   2:     207352 bytes,    1464728 total
- age   3:     289096 bytes,    1753824 total
- age   4:    5599224 bytes,    7353048 total
- age   5:     449752 bytes,    7802800 total
- age   6:     136368 bytes,    7939168 total
- age   7:    1530176 bytes,    9469344 total
- age   8:    3461568 bytes,   12930912 total
: 108884K->16347K(109248K), 0.0453695 secs] 195724K->104986K(502464K), 0.0454630 secs] [Times: user=0.05 sys=0.00, real=0.05 secs] 
Heap after GC invocations=145 (full 2):
 par new generation   total 109248K, used 16347K [0x00000007a0000000, 0x00000007a8000000, 0x00000007a8000000)
  eden space 87424K,   0% used [0x00000007a0000000, 0x00000007a0000000, 0x00000007a5560000)
  from space 21824K,  74% used [0x00000007a6ab0000, 0x00000007a7aa6db0, 0x00000007a8000000)
  to   space 21824K,   0% used [0x00000007a5560000, 0x00000007a5560000, 0x00000007a6ab0000)
 concurrent mark-sweep generation total 393216K, used 88639K [0x00000007a8000000, 0x00000007c0000000, 0x00000007c0000000)
 Metaspace       used 44677K, capacity 46703K, committed 46780K, reserved 1091584K
  class space    used 5175K, capacity 5620K, committed 5628K, reserved 1048576K
}
2018-02-17T17:06:20.150+0800: 510.280: Total time for which application threads were stopped: 0.0458566 seconds, Stopping threads took: 0.0000925 seconds
2018-02-17T17:06:20.511+0800: 510.641: Total time for which application threads were stopped: 0.0004264 seconds, Stopping threads took: 0.0001852 seconds
{Heap before GC invocations=145 (full 2):
 par new generation   total 109248K, used 103771K [0x00000007a0000000, 0x00000007a8000000, 0x00000007a8000000)
  eden space 87424K, 100% used [0x00000007a0000000, 0x00000007a5560000, 0x00000007a5560000)
  from space 21824K,  74% used [0x00000007a6ab0000, 0x00000007a7aa6db0, 0x00000007a8000000)
  to   space 21824K,   0% used [0x00000007a5560000, 0x00000007a5560000, 0x00000007a6ab0000)
 concurrent mark-sweep generation total 393216K, used 88639K [0x00000007a8000000, 0x00000007c0000000, 0x00000007c0000000)
 Metaspace       used 44703K, capacity 46703K, committed 46780K, reserved 1091584K
  class space    used 5175K, capacity 5620K, committed 5628K, reserved 1048576K
2018-02-17T17:06:20.569+0800: 510.699: [GC (Allocation Failure) 2018-02-17T17:06:20.569+0800: 510.699: [ParNew
Desired survivor size 20112992 bytes, new threshold 8 (max 8)
- age   1:    4477408 bytes,    4477408 total
- age   2:     857864 bytes,    5335272 total
- age   3:     114080 bytes,    5449352 total
- age   4:      93384 bytes,    5542736 total
- age   5:    2688928 bytes,    8231664 total
- age   6:     350592 bytes,    8582256 total
- age   7:      51248 bytes,    8633504 total
- age   8:    1195088 bytes,    9828592 total
: 103771K->13882K(109248K), 0.0191699 secs] 192410K->105895K(502464K), 0.0192560 secs] [Times: user=0.03 sys=0.00, real=0.02 secs] 
Heap after GC invocations=146 (full 2):
 par new generation   total 109248K, used 13882K [0x00000007a0000000, 0x00000007a8000000, 0x00000007a8000000)
  eden space 87424K,   0% used [0x00000007a0000000, 0x00000007a0000000, 0x00000007a5560000)
  from space 21824K,  63% used [0x00000007a5560000, 0x00000007a62ee848, 0x00000007a6ab0000)
  to   space 21824K,   0% used [0x00000007a6ab0000, 0x00000007a6ab0000, 0x00000007a8000000)
 concurrent mark-sweep generation total 393216K, used 92013K [0x00000007a8000000, 0x00000007c0000000, 0x00000007c0000000)
 Metaspace       used 44703K, capacity 46703K, committed 46780K, reserved 1091584K
  class space    used 5175K, capacity 5620K, committed 5628K, reserved 1048576K
}
2018-02-17T17:06:20.588+0800: 510.718: Total time for which application threads were stopped: 0.0196293 seconds, Stopping threads took: 0.0000403 seconds
{Heap before GC invocations=146 (full 2):
 par new generation   total 109248K, used 101306K [0x00000007a0000000, 0x00000007a8000000, 0x00000007a8000000)
  eden space 87424K, 100% used [0x00000007a0000000, 0x00000007a5560000, 0x00000007a5560000)
  from space 21824K,  63% used [0x00000007a5560000, 0x00000007a62ee848, 0x00000007a6ab0000)
  to   space 21824K,   0% used [0x00000007a6ab0000, 0x00000007a6ab0000, 0x00000007a8000000)
 concurrent mark-sweep generation total 393216K, used 92013K [0x00000007a8000000, 0x00000007c0000000, 0x00000007c0000000)
 Metaspace       used 44704K, capacity 46703K, committed 46780K, reserved 1091584K
  class space    used 5175K, capacity 5620K, committed 5628K, reserved 1048576K
2018-02-17T17:06:20.645+0800: 510.775: [GC (Allocation Failure) 2018-02-17T17:06:20.645+0800: 510.775: [ParNew
Desired survivor size 20112992 bytes, new threshold 8 (max 8)
- age   1:    2313944 bytes,    2313944 total
- age   2:    4007888 bytes,    6321832 total
- age   3:     857864 bytes,    7179696 total
- age   4:     114080 bytes,    7293776 total
- age   5:      93384 bytes,    7387160 total
- age   6:    2633960 bytes,   10021120 total
- age   7:     350592 bytes,   10371712 total
- age   8:      51248 bytes,   10422960 total
: 101306K->14318K(109248K), 0.0614848 secs] 193319K->107503K(502464K), 0.0615752 secs] [Times: user=0.06 sys=0.00, real=0.06 secs] 
Heap after GC invocations=147 (full 2):
 par new generation   total 109248K, used 14318K [0x00000007a0000000, 0x00000007a8000000, 0x00000007a8000000)
  eden space 87424K,   0% used [0x00000007a0000000, 0x00000007a0000000, 0x00000007a5560000)
  from space 21824K,  65% used [0x00000007a6ab0000, 0x00000007a78ab9c0, 0x00000007a8000000)
  to   space 21824K,   0% used [0x00000007a5560000, 0x00000007a5560000, 0x00000007a6ab0000)
 concurrent mark-sweep generation total 393216K, used 93184K [0x00000007a8000000, 0x00000007c0000000, 0x00000007c0000000)
 Metaspace       used 44704K, capacity 46703K, committed 46780K, reserved 1091584K
  class space    used 5175K, capacity 5620K, committed 5628K, reserved 1048576K
}
2018-02-17T17:06:20.707+0800: 510.837: Total time for which application threads were stopped: 0.0736726 seconds, Stopping threads took: 0.0117166 seconds
{Heap before GC invocations=147 (full 2):
 par new generation   total 109248K, used 101742K [0x00000007a0000000, 0x00000007a8000000, 0x00000007a8000000)
  eden space 87424K, 100% used [0x00000007a0000000, 0x00000007a5560000, 0x00000007a5560000)
  from space 21824K,  65% used [0x00000007a6ab0000, 0x00000007a78ab9c0, 0x00000007a8000000)
  to   space 21824K,   0% used [0x00000007a5560000, 0x00000007a5560000, 0x00000007a6ab0000)
 concurrent mark-sweep generation total 393216K, used 93184K [0x00000007a8000000, 0x00000007c0000000, 0x00000007c0000000)
 Metaspace       used 44705K, capacity 46703K, committed 46780K, reserved 1091584K
  class space    used 5175K, capacity 5620K, committed 5628K, reserved 1048576K
2018-02-17T17:06:20.727+0800: 510.857: [GC (Allocation Failure) 2018-02-17T17:06:20.727+0800: 510.857: [ParNew
Desired survivor size 20112992 bytes, new threshold 8 (max 8)
- age   1:     497296 bytes,     497296 total
- age   2:    1964104 bytes,    2461400 total
- age   3:    3969656 bytes,    6431056 total
- age   4:     857864 bytes,    7288920 total
- age   5:     114080 bytes,    7403000 total
- age   6:      93384 bytes,    7496384 total
- age   7:    2627856 bytes,   10124240 total
- age   8:     350592 bytes,   10474832 total
: 101742K->13514K(109248K), 0.0195520 secs] 194927K->106749K(502464K), 0.0196430 secs] [Times: user=0.04 sys=0.00, real=0.02 secs] 
Heap after GC invocations=148 (full 2):
 par new generation   total 109248K, used 13514K [0x00000007a0000000, 0x00000007a8000000, 0x00000007a8000000)
  eden space 87424K,   0% used [0x00000007a0000000, 0x00000007a0000000, 0x00000007a5560000)
  from space 21824K,  61% used [0x00000007a5560000, 0x00000007a6292930, 0x00000007a6ab0000)
  to   space 21824K,   0% used [0x00000007a6ab0000, 0x00000007a6ab0000, 0x00000007a8000000)
 concurrent mark-sweep generation total 393216K, used 93234K [0x00000007a8000000, 0x00000007c0000000, 0x00000007c0000000)
 Metaspace       used 44705K, capacity 46703K, committed 46780K, reserved 1091584K
  class space    used 5175K, capacity 5620K, committed 5628K, reserved 1048576K
}
2018-02-17T17:06:20.747+0800: 510.877: Total time for which application threads were stopped: 0.0200733 seconds, Stopping threads took: 0.0001038 seconds
{Heap before GC invocations=148 (full 2):
 par new generation   total 109248K, used 100938K [0x00000007a0000000, 0x00000007a8000000, 0x00000007a8000000)
  eden space 87424K, 100% used [0x00000007a0000000, 0x00000007a5560000, 0x00000007a5560000)
  from space 21824K,  61% used [0x00000007a5560000, 0x00000007a6292930, 0x00000007a6ab0000)
  to   space 21824K,   0% used [0x00000007a6ab0000, 0x00000007a6ab0000, 0x00000007a8000000)
 concurrent mark-sweep generation total 393216K, used 93234K [0x00000007a8000000, 0x00000007c0000000, 0x00000007c0000000)
 Metaspace       used 44705K, capacity 46703K, committed 46780K, reserved 1091584K
  class space    used 5175K, capacity 5620K, committed 5628K, reserved 1048576K
2018-02-17T17:06:20.817+0800: 510.947: [GC (Allocation Failure) 2018-02-17T17:06:20.817+0800: 510.947: [ParNew
Desired survivor size 20112992 bytes, new threshold 8 (max 8)
- age   1:    1765424 bytes,    1765424 total
- age   2:     212488 bytes,    1977912 total
- age   3:    1961888 bytes,    3939800 total
- age   4:    3206480 bytes,    7146280 total
- age   5:     857864 bytes,    8004144 total
- age   6:     114080 bytes,    8118224 total
- age   7:      93384 bytes,    8211608 total
- age   8:    2627856 bytes,   10839464 total
: 100938K->12968K(109248K), 0.0653550 secs] 194173K->106547K(502464K), 0.0654325 secs] [Times: user=0.03 sys=0.00, real=0.07 secs] 
Heap after GC invocations=149 (full 2):
 par new generation   total 109248K, used 12968K [0x00000007a0000000, 0x00000007a8000000, 0x00000007a8000000)
  eden space 87424K,   0% used [0x00000007a0000000, 0x00000007a0000000, 0x00000007a5560000)
  from space 21824K,  59% used [0x00000007a6ab0000, 0x00000007a775a260, 0x00000007a8000000)
  to   space 21824K,   0% used [0x00000007a5560000, 0x00000007a5560000, 0x00000007a6ab0000)
 concurrent mark-sweep generation total 393216K, used 93578K [0x00000007a8000000, 0x00000007c0000000, 0x00000007c0000000)
 Metaspace       used 44705K, capacity 46703K, committed 46780K, reserved 1091584K
  class space    used 5175K, capacity 5620K, committed 5628K, reserved 1048576K
}
2018-02-17T17:06:20.882+0800: 511.012: Total time for which application threads were stopped: 0.0658446 seconds, Stopping threads took: 0.0000996 seconds
2018-02-17T17:06:21.087+0800: 511.217: Total time for which application threads were stopped: 0.0002382 seconds, Stopping threads took: 0.0000251 seconds
2018-02-17T17:06:21.104+0800: 511.233: Total time for which application threads were stopped: 0.0001710 seconds, Stopping threads took: 0.0000217 seconds
2018-02-17T17:06:21.105+0800: 511.235: Total time for which application threads were stopped: 0.0002127 seconds, Stopping threads took: 0.0000387 seconds
2018-02-17T17:06:21.106+0800: 511.236: Total time for which application threads were stopped: 0.0001928 seconds, Stopping threads took: 0.0000605 seconds
2018-02-17T17:06:21.106+0800: 511.236: Total time for which application threads were stopped: 0.0001655 seconds, Stopping threads took: 0.0000525 seconds
2018-02-17T17:06:21.107+0800: 511.237: Total time for which application threads were stopped: 0.0002457 seconds, Stopping threads took: 0.0000666 seconds
2018-02-17T17:06:21.108+0800: 511.237: Total time for which application threads were stopped: 0.0002011 seconds, Stopping threads took: 0.0000390 seconds
2018-02-17T17:06:21.109+0800: 511.239: Total time for which application threads were stopped: 0.0004703 seconds, Stopping threads took: 0.0000201 seconds
2018-02-17T17:06:21.110+0800: 511.240: Total time for which application threads were stopped: 0.0001959 seconds, Stopping threads took: 0.0000315 seconds
2018-02-17T17:06:21.110+0800: 511.240: Total time for which application threads were stopped: 0.0001954 seconds, Stopping threads took: 0.0000340 seconds
2018-02-17T17:06:21.111+0800: 511.240: Total time for which application threads were stopped: 0.0002188 seconds, Stopping threads took: 0.0000727 seconds
2018-02-17T17:06:21.111+0800: 511.241: Total time for which application threads were stopped: 0.0001481 seconds, Stopping threads took: 0.0000107 seconds
2018-02-17T17:06:21.113+0800: 511.242: Total time for which application threads were stopped: 0.0001660 seconds, Stopping threads took: 0.0000162 seconds
2018-02-17T17:06:21.113+0800: 511.243: Total time for which application threads were stopped: 0.0001809 seconds, Stopping threads took: 0.0000280 seconds
2018-02-17T17:06:21.113+0800: 511.243: Total time for which application threads were stopped: 0.0001741 seconds, Stopping threads took: 0.0000235 seconds
2018-02-17T17:06:21.119+0800: 511.249: Total time for which application threads were stopped: 0.0002264 seconds, Stopping threads took: 0.0000436 seconds
2018-02-17T17:06:21.128+0800: 511.258: Total time for which application threads were stopped: 0.0002226 seconds, Stopping threads took: 0.0000429 seconds
2018-02-17T17:06:21.129+0800: 511.259: Total time for which application threads were stopped: 0.0001989 seconds, Stopping threads took: 0.0000410 seconds
2018-02-17T17:06:21.169+0800: 511.299: Total time for which application threads were stopped: 0.0002561 seconds, Stopping threads took: 0.0000465 seconds
2018-02-17T17:06:21.170+0800: 511.300: Total time for which application threads were stopped: 0.0005395 seconds, Stopping threads took: 0.0001265 seconds
{Heap before GC invocations=149 (full 2):
 par new generation   total 109248K, used 100389K [0x00000007a0000000, 0x00000007a8000000, 0x00000007a8000000)
  eden space 87424K,  99% used [0x00000007a0000000, 0x00000007a555f408, 0x00000007a5560000)
  from space 21824K,  59% used [0x00000007a6ab0000, 0x00000007a775a260, 0x00000007a8000000)
  to   space 21824K,   0% used [0x00000007a5560000, 0x00000007a5560000, 0x00000007a6ab0000)
 concurrent mark-sweep generation total 393216K, used 93578K [0x00000007a8000000, 0x00000007c0000000, 0x00000007c0000000)
 Metaspace       used 44729K, capacity 46709K, committed 46780K, reserved 1091584K
  class space    used 5176K, capacity 5621K, committed 5628K, reserved 1048576K
2018-02-17T17:06:21.178+0800: 511.308: [GC (Allocation Failure) 2018-02-17T17:06:21.179+0800: 511.308: [ParNew
Desired survivor size 20112992 bytes, new threshold 8 (max 8)
- age   1:    3353184 bytes,    3353184 total
- age   2:    1125184 bytes,    4478368 total
- age   3:     167864 bytes,    4646232 total
- age   4:     760456 bytes,    5406688 total
- age   5:    2049040 bytes,    7455728 total
- age   6:     272472 bytes,    7728200 total
- age   7:      59312 bytes,    7787512 total
- age   8:      30568 bytes,    7818080 total
: 100389K->11544K(109248K), 0.0716427 secs] 193968K->107611K(502464K), 0.0717139 secs] [Times: user=0.04 sys=0.00, real=0.08 secs] 
Heap after GC invocations=150 (full 2):
 par new generation   total 109248K, used 11544K [0x00000007a0000000, 0x00000007a8000000, 0x00000007a8000000)
  eden space 87424K,   0% used [0x00000007a0000000, 0x00000007a0000000, 0x00000007a5560000)
  from space 21824K,  52% used [0x00000007a5560000, 0x00000007a60a63b0, 0x00000007a6ab0000)
  to   space 21824K,   0% used [0x00000007a6ab0000, 0x00000007a6ab0000, 0x00000007a8000000)
 concurrent mark-sweep generation total 393216K, used 96066K [0x00000007a8000000, 0x00000007c0000000, 0x00000007c0000000)
 Metaspace       used 44729K, capacity 46709K, committed 46780K, reserved 1091584K
  class space    used 5176K, capacity 5621K, committed 5628K, reserved 1048576K
}
2018-02-17T17:06:21.250+0800: 511.380: Total time for which application threads were stopped: 0.0722465 seconds, Stopping threads took: 0.0000771 seconds
2018-02-17T17:06:21.266+0800: 511.396: Total time for which application threads were stopped: 0.0002315 seconds, Stopping threads took: 0.0000385 seconds
2018-02-17T17:06:21.267+0800: 511.397: Total time for which application threads were stopped: 0.0001641 seconds, Stopping threads took: 0.0000241 seconds
2018-02-17T17:06:21.270+0800: 511.400: Total time for which application threads were stopped: 0.0001936 seconds, Stopping threads took: 0.0000370 seconds
2018-02-17T17:06:21.280+0800: 511.410: Total time for which application threads were stopped: 0.0001967 seconds, Stopping threads took: 0.0000330 seconds
2018-02-17T17:06:21.283+0800: 511.413: Total time for which application threads were stopped: 0.0001965 seconds, Stopping threads took: 0.0000333 seconds
2018-02-17T17:06:21.284+0800: 511.414: Total time for which application threads were stopped: 0.0002372 seconds, Stopping threads took: 0.0000650 seconds
2018-02-17T17:06:21.284+0800: 511.414: Total time for which application threads were stopped: 0.0001731 seconds, Stopping threads took: 0.0000167 seconds
2018-02-17T17:06:21.285+0800: 511.415: Total time for which application threads were stopped: 0.0001927 seconds, Stopping threads took: 0.0000122 seconds
2018-02-17T17:06:21.362+0800: 511.492: Total time for which application threads were stopped: 0.0121462 seconds, Stopping threads took: 0.0119423 seconds
2018-02-17T17:06:21.363+0800: 511.493: Total time for which application threads were stopped: 0.0002234 seconds, Stopping threads took: 0.0000709 seconds
2018-02-17T17:06:21.364+0800: 511.494: Total time for which application threads were stopped: 0.0001738 seconds, Stopping threads took: 0.0000313 seconds
2018-02-17T17:06:21.375+0800: 511.505: Total time for which application threads were stopped: 0.0117480 seconds, Stopping threads took: 0.0115656 seconds
2018-02-17T17:06:21.438+0800: 511.568: Total time for which application threads were stopped: 0.0002638 seconds, Stopping threads took: 0.0000578 seconds
2018-02-17T17:06:21.441+0800: 511.571: Total time for which application threads were stopped: 0.0001876 seconds, Stopping threads took: 0.0000330 seconds
2018-02-17T17:06:21.446+0800: 511.576: Total time for which application threads were stopped: 0.0001833 seconds, Stopping threads took: 0.0000372 seconds
2018-02-17T17:06:21.451+0800: 511.581: Total time for which application threads were stopped: 0.0001895 seconds, Stopping threads took: 0.0000348 seconds
2018-02-17T17:06:21.451+0800: 511.581: Total time for which application threads were stopped: 0.0001425 seconds, Stopping threads took: 0.0000151 seconds
2018-02-17T17:06:21.452+0800: 511.582: Total time for which application threads were stopped: 0.0001728 seconds, Stopping threads took: 0.0000418 seconds
2018-02-17T17:06:21.452+0800: 511.582: Total time for which application threads were stopped: 0.0001606 seconds, Stopping threads took: 0.0000290 seconds
2018-02-17T17:06:21.453+0800: 511.583: Total time for which application threads were stopped: 0.0001777 seconds, Stopping threads took: 0.0000370 seconds
2018-02-17T17:06:21.457+0800: 511.586: Total time for which application threads were stopped: 0.0001869 seconds, Stopping threads took: 0.0000375 seconds
2018-02-17T17:06:21.458+0800: 511.587: Total time for which application threads were stopped: 0.0001691 seconds, Stopping threads took: 0.0000290 seconds
2018-02-17T17:06:21.458+0800: 511.588: Total time for which application threads were stopped: 0.0001670 seconds, Stopping threads took: 0.0000304 seconds
2018-02-17T17:06:21.459+0800: 511.589: Total time for which application threads were stopped: 0.0004047 seconds, Stopping threads took: 0.0000381 seconds
2018-02-17T17:06:21.461+0800: 511.591: Total time for which application threads were stopped: 0.0001699 seconds, Stopping threads took: 0.0000305 seconds
2018-02-17T17:06:21.462+0800: 511.592: Total time for which application threads were stopped: 0.0001784 seconds, Stopping threads took: 0.0000378 seconds
2018-02-17T17:06:21.462+0800: 511.592: Total time for which application threads were stopped: 0.0001468 seconds, Stopping threads took: 0.0000257 seconds
2018-02-17T17:06:21.532+0800: 511.662: Total time for which application threads were stopped: 0.0002474 seconds, Stopping threads took: 0.0000249 seconds
2018-02-17T17:06:21.534+0800: 511.664: Total time for which application threads were stopped: 0.0001795 seconds, Stopping threads took: 0.0000401 seconds
2018-02-17T17:06:21.534+0800: 511.664: Total time for which application threads were stopped: 0.0001404 seconds, Stopping threads took: 0.0000121 seconds
2018-02-17T17:06:21.534+0800: 511.664: Total time for which application threads were stopped: 0.0001406 seconds, Stopping threads took: 0.0000249 seconds
2018-02-17T17:06:21.536+0800: 511.666: Total time for which application threads were stopped: 0.0001506 seconds, Stopping threads took: 0.0000198 seconds
2018-02-17T17:06:21.536+0800: 511.666: Total time for which application threads were stopped: 0.0001366 seconds, Stopping threads took: 0.0000118 seconds
2018-02-17T17:06:21.536+0800: 511.666: Total time for which application threads were stopped: 0.0001093 seconds, Stopping threads took: 0.0000098 seconds
2018-02-17T17:06:21.536+0800: 511.666: Total time for which application threads were stopped: 0.0001004 seconds, Stopping threads took: 0.0000093 seconds
2018-02-17T17:06:21.537+0800: 511.666: Total time for which application threads were stopped: 0.0000998 seconds, Stopping threads took: 0.0000088 seconds
2018-02-17T17:06:21.537+0800: 511.667: Total time for which application threads were stopped: 0.0000967 seconds, Stopping threads took: 0.0000090 seconds
2018-02-17T17:06:22.541+0800: 512.671: Total time for which application threads were stopped: 0.0001821 seconds, Stopping threads took: 0.0000386 seconds
2018-02-17T17:06:23.543+0800: 513.673: Total time for which application threads were stopped: 0.0001524 seconds, Stopping threads took: 0.0000232 seconds
2018-02-17T17:06:36.137+0800: 526.267: Total time for which application threads were stopped: 0.0002867 seconds, Stopping threads took: 0.0000392 seconds
2018-02-17T17:06:36.138+0800: 526.267: Total time for which application threads were stopped: 0.0002047 seconds, Stopping threads took: 0.0000313 seconds
2018-02-17T17:06:36.152+0800: 526.281: Total time for which application threads were stopped: 0.0004583 seconds, Stopping threads took: 0.0000284 seconds
2018-02-17T17:06:36.152+0800: 526.282: Total time for which application threads were stopped: 0.0004327 seconds, Stopping threads took: 0.0000319 seconds
2018-02-17T17:06:36.153+0800: 526.282: Total time for which application threads were stopped: 0.0003725 seconds, Stopping threads took: 0.0000126 seconds
2018-02-17T17:06:45.171+0800: 535.301: Total time for which application threads were stopped: 0.0005182 seconds, Stopping threads took: 0.0000859 seconds
2018-02-17T17:06:47.181+0800: 537.310: Total time for which application threads were stopped: 0.0001995 seconds, Stopping threads took: 0.0000310 seconds
2018-02-17T17:06:48.181+0800: 538.311: Total time for which application threads were stopped: 0.0005650 seconds, Stopping threads took: 0.0000509 seconds
2018-02-17T17:07:43.774+0800: 593.902: Total time for which application threads were stopped: 0.0002694 seconds, Stopping threads took: 0.0000412 seconds
2018-02-17T17:07:43.775+0800: 593.903: Total time for which application threads were stopped: 0.0002104 seconds, Stopping threads took: 0.0000411 seconds
2018-02-17T17:07:43.792+0800: 593.920: Total time for which application threads were stopped: 0.0008704 seconds, Stopping threads took: 0.0000492 seconds
2018-02-17T17:07:43.806+0800: 593.934: Total time for which application threads were stopped: 0.0002500 seconds, Stopping threads took: 0.0000705 seconds
2018-02-17T17:07:43.807+0800: 593.935: Total time for which application threads were stopped: 0.0002373 seconds, Stopping threads took: 0.0000611 seconds
2018-02-17T17:07:43.827+0800: 593.955: Total time for which application threads were stopped: 0.0002033 seconds, Stopping threads took: 0.0000427 seconds
2018-02-17T17:07:44.829+0800: 594.956: Total time for which application threads were stopped: 0.0002523 seconds, Stopping threads took: 0.0000404 seconds
2018-02-17T17:07:51.045+0800: 601.173: Total time for which application threads were stopped: 0.0003610 seconds, Stopping threads took: 0.0001428 seconds
2018-02-17T17:07:51.046+0800: 601.173: Total time for which application threads were stopped: 0.0001805 seconds, Stopping threads took: 0.0000187 seconds
2018-02-17T17:07:51.049+0800: 601.177: Total time for which application threads were stopped: 0.0003534 seconds, Stopping threads took: 0.0000513 seconds
2018-02-17T17:07:51.050+0800: 601.178: Total time for which application threads were stopped: 0.0002730 seconds, Stopping threads took: 0.0000423 seconds
2018-02-17T17:07:51.061+0800: 601.188: Total time for which application threads were stopped: 0.0002277 seconds, Stopping threads took: 0.0000282 seconds
2018-02-17T17:07:51.071+0800: 601.198: Total time for which application threads were stopped: 0.0002041 seconds, Stopping threads took: 0.0000258 seconds
2018-02-17T17:07:51.636+0800: 601.763: Total time for which application threads were stopped: 0.0007512 seconds, Stopping threads took: 0.0003109 seconds
2018-02-17T17:07:51.637+0800: 601.764: Total time for which application threads were stopped: 0.0002689 seconds, Stopping threads took: 0.0000348 seconds
2018-02-17T17:07:56.122+0800: 606.250: Total time for which application threads were stopped: 0.0004930 seconds, Stopping threads took: 0.0000443 seconds
2018-02-17T17:07:56.144+0800: 606.272: Total time for which application threads were stopped: 0.0002312 seconds, Stopping threads took: 0.0000701 seconds
2018-02-17T17:07:57.145+0800: 607.272: Total time for which application threads were stopped: 0.0003446 seconds, Stopping threads took: 0.0000475 seconds
2018-02-17T17:08:30.729+0800: 640.856: Total time for which application threads were stopped: 0.0001917 seconds, Stopping threads took: 0.0000540 seconds
2018-02-17T17:08:30.735+0800: 640.861: Total time for which application threads were stopped: 0.0002120 seconds, Stopping threads took: 0.0000735 seconds
2018-02-17T17:08:30.736+0800: 640.862: Total time for which application threads were stopped: 0.0001631 seconds, Stopping threads took: 0.0000382 seconds
2018-02-17T17:08:30.741+0800: 640.867: Total time for which application threads were stopped: 0.0001633 seconds, Stopping threads took: 0.0000350 seconds
2018-02-17T17:08:31.742+0800: 641.868: Total time for which application threads were stopped: 0.0002934 seconds, Stopping threads took: 0.0000470 seconds
2018-02-17T17:08:42.771+0800: 652.897: Total time for which application threads were stopped: 0.0002164 seconds, Stopping threads took: 0.0000733 seconds
2018-02-17T17:08:42.771+0800: 652.898: Total time for which application threads were stopped: 0.0001366 seconds, Stopping threads took: 0.0000265 seconds
2018-02-17T17:08:42.775+0800: 652.901: Total time for which application threads were stopped: 0.0001849 seconds, Stopping threads took: 0.0000418 seconds
2018-02-17T17:09:31.639+0800: 701.764: Total time for which application threads were stopped: 0.0003754 seconds, Stopping threads took: 0.0000508 seconds
2018-02-17T17:09:45.670+0800: 715.795: Total time for which application threads were stopped: 0.0004901 seconds, Stopping threads took: 0.0000285 seconds
2018-02-17T17:11:15.871+0800: 805.993: Total time for which application threads were stopped: 0.0010903 seconds, Stopping threads took: 0.0001217 seconds
2018-02-17T17:12:26.021+0800: 876.142: Total time for which application threads were stopped: 0.0009852 seconds, Stopping threads took: 0.0002341 seconds
2018-02-17T17:12:51.662+0800: 901.782: Total time for which application threads were stopped: 0.0003796 seconds, Stopping threads took: 0.0000527 seconds
2018-02-17T17:12:51.663+0800: 901.783: Total time for which application threads were stopped: 0.0003091 seconds, Stopping threads took: 0.0000406 seconds
2018-02-17T17:15:38.088+0800: 1068.204: Total time for which application threads were stopped: 0.0002650 seconds, Stopping threads took: 0.0000413 seconds
2018-02-17T17:16:20.177+0800: 1110.291: Total time for which application threads were stopped: 0.0002528 seconds, Stopping threads took: 0.0000422 seconds
2018-02-17T17:16:23.181+0800: 1113.296: Total time for which application threads were stopped: 0.0002925 seconds, Stopping threads took: 0.0000412 seconds
2018-02-17T17:17:32.330+0800: 1182.442: Total time for which application threads were stopped: 0.0002761 seconds, Stopping threads took: 0.0000403 seconds
2018-02-17T17:19:37.084+0800: 1307.194: Total time for which application threads were stopped: 0.0003012 seconds, Stopping threads took: 0.0000526 seconds
2018-02-17T17:19:38.087+0800: 1308.196: Total time for which application threads were stopped: 0.0003174 seconds, Stopping threads took: 0.0000385 seconds
2018-02-17T17:19:57.524+0800: 1327.633: Total time for which application threads were stopped: 0.0002945 seconds, Stopping threads took: 0.0000513 seconds
2018-02-17T17:19:57.524+0800: 1327.633: Total time for which application threads were stopped: 0.0002212 seconds, Stopping threads took: 0.0000466 seconds
2018-02-17T17:20:18.290+0800: 1348.399: Total time for which application threads were stopped: 0.0002878 seconds, Stopping threads took: 0.0000524 seconds
2018-02-17T17:20:18.300+0800: 1348.409: Total time for which application threads were stopped: 0.0005054 seconds, Stopping threads took: 0.0001226 seconds
2018-02-17T17:20:18.305+0800: 1348.414: Total time for which application threads were stopped: 0.0002501 seconds, Stopping threads took: 0.0001054 seconds
2018-02-17T17:20:19.309+0800: 1349.417: Total time for which application threads were stopped: 0.0002649 seconds, Stopping threads took: 0.0000360 seconds
2018-02-17T17:21:11.700+0800: 1401.807: Total time for which application threads were stopped: 0.0003416 seconds, Stopping threads took: 0.0000787 seconds
2018-02-17T17:21:11.701+0800: 1401.808: Total time for which application threads were stopped: 0.0003057 seconds, Stopping threads took: 0.0000627 seconds
2018-02-17T17:24:48.322+0800: 1618.424: Total time for which application threads were stopped: 0.0002798 seconds, Stopping threads took: 0.0000422 seconds
2018-02-17T17:25:13.408+0800: 1643.508: Total time for which application threads were stopped: 0.0002484 seconds, Stopping threads took: 0.0000385 seconds
2018-02-17T17:28:43.957+0800: 1854.053: Total time for which application threads were stopped: 0.0003830 seconds, Stopping threads took: 0.0000820 seconds
2018-02-17T17:28:44.959+0800: 1855.054: Total time for which application threads were stopped: 0.0003939 seconds, Stopping threads took: 0.0000801 seconds
2018-02-17T17:28:45.964+0800: 1856.059: Total time for which application threads were stopped: 0.0007982 seconds, Stopping threads took: 0.0000460 seconds
2018-02-17T17:28:53.501+0800: 1863.596: Total time for which application threads were stopped: 0.0002297 seconds, Stopping threads took: 0.0000274 seconds
2018-02-17T17:28:53.531+0800: 1863.626: Total time for which application threads were stopped: 0.0001674 seconds, Stopping threads took: 0.0000199 seconds
2018-02-17T17:28:53.535+0800: 1863.630: Total time for which application threads were stopped: 0.0001790 seconds, Stopping threads took: 0.0000194 seconds
2018-02-17T17:29:10.526+0800: 1880.620: Total time for which application threads were stopped: 0.0002991 seconds, Stopping threads took: 0.0000600 seconds
2018-02-17T17:29:10.546+0800: 1880.640: Total time for which application threads were stopped: 0.0002315 seconds, Stopping threads took: 0.0000517 seconds
2018-02-17T17:29:17.696+0800: 1887.790: Total time for which application threads were stopped: 0.0002583 seconds, Stopping threads took: 0.0000791 seconds
2018-02-17T17:29:17.698+0800: 1887.792: Total time for which application threads were stopped: 0.0001740 seconds, Stopping threads took: 0.0000337 seconds
2018-02-17T17:29:18.702+0800: 1888.796: Total time for which application threads were stopped: 0.0002616 seconds, Stopping threads took: 0.0000392 seconds
2018-02-17T17:30:21.737+0800: 1951.830: Total time for which application threads were stopped: 0.0004525 seconds, Stopping threads took: 0.0001532 seconds
2018-02-17T17:30:21.738+0800: 1951.831: Total time for which application threads were stopped: 0.0002904 seconds, Stopping threads took: 0.0000408 seconds
2018-02-17T17:30:28.953+0800: 1959.046: Total time for which application threads were stopped: 0.0003078 seconds, Stopping threads took: 0.0000411 seconds
2018-02-17T17:30:28.984+0800: 1959.076: Total time for which application threads were stopped: 0.0005971 seconds, Stopping threads took: 0.0000274 seconds
2018-02-17T17:30:48.559+0800: 1978.651: Total time for which application threads were stopped: 0.0006057 seconds, Stopping threads took: 0.0003791 seconds
2018-02-17T17:30:48.561+0800: 1978.653: Total time for which application threads were stopped: 0.0006435 seconds, Stopping threads took: 0.0000320 seconds
2018-02-17T17:30:48.563+0800: 1978.655: Total time for which application threads were stopped: 0.0003018 seconds, Stopping threads took: 0.0000409 seconds
2018-02-17T17:30:48.568+0800: 1978.660: Total time for which application threads were stopped: 0.0002886 seconds, Stopping threads took: 0.0000630 seconds
2018-02-17T17:30:48.570+0800: 1978.663: Total time for which application threads were stopped: 0.0001982 seconds, Stopping threads took: 0.0000235 seconds
2018-02-17T17:30:48.571+0800: 1978.663: Total time for which application threads were stopped: 0.0003052 seconds, Stopping threads took: 0.0001012 seconds
2018-02-17T17:30:48.578+0800: 1978.670: Total time for which application threads were stopped: 0.0002229 seconds, Stopping threads took: 0.0000266 seconds
2018-02-17T17:31:06.407+0800: 1996.499: Total time for which application threads were stopped: 0.0002656 seconds, Stopping threads took: 0.0000445 seconds
2018-02-17T17:31:06.415+0800: 1996.507: Total time for which application threads were stopped: 0.0004085 seconds, Stopping threads took: 0.0001050 seconds
2018-02-17T17:31:06.417+0800: 1996.509: Total time for which application threads were stopped: 0.0002701 seconds, Stopping threads took: 0.0000334 seconds
2018-02-17T17:31:06.419+0800: 1996.511: Total time for which application threads were stopped: 0.0004774 seconds, Stopping threads took: 0.0002356 seconds
2018-02-17T17:31:06.425+0800: 1996.517: Total time for which application threads were stopped: 0.0001706 seconds, Stopping threads took: 0.0000198 seconds
2018-02-17T17:31:34.464+0800: 2024.554: Total time for which application threads were stopped: 0.0002584 seconds, Stopping threads took: 0.0000402 seconds
2018-02-17T17:31:34.473+0800: 2024.564: Total time for which application threads were stopped: 0.0002042 seconds, Stopping threads took: 0.0000425 seconds
2018-02-17T17:31:34.475+0800: 2024.566: Total time for which application threads were stopped: 0.0004058 seconds, Stopping threads took: 0.0000267 seconds
2018-02-17T17:31:34.484+0800: 2024.575: Total time for which application threads were stopped: 0.0002516 seconds, Stopping threads took: 0.0000597 seconds
2018-02-17T17:32:01.750+0800: 2051.840: Total time for which application threads were stopped: 0.0003488 seconds, Stopping threads took: 0.0000682 seconds
2018-02-17T17:32:08.331+0800: 2058.421: Total time for which application threads were stopped: 0.0007834 seconds, Stopping threads took: 0.0000253 seconds
2018-02-17T17:32:22.354+0800: 2072.444: Total time for which application threads were stopped: 0.0002627 seconds, Stopping threads took: 0.0000392 seconds
2018-02-17T17:32:47.408+0800: 2097.497: Total time for which application threads were stopped: 0.0002396 seconds, Stopping threads took: 0.0000407 seconds
2018-02-17T17:32:47.412+0800: 2097.501: Total time for which application threads were stopped: 0.0002286 seconds, Stopping threads took: 0.0000472 seconds
2018-02-17T17:32:47.428+0800: 2097.517: Total time for which application threads were stopped: 0.0002722 seconds, Stopping threads took: 0.0000797 seconds
2018-02-17T17:33:32.181+0800: 2142.269: Total time for which application threads were stopped: 0.0002174 seconds, Stopping threads took: 0.0000218 seconds
2018-02-17T17:33:32.248+0800: 2142.335: Total time for which application threads were stopped: 0.0002177 seconds, Stopping threads took: 0.0000256 seconds
2018-02-17T17:33:33.249+0800: 2143.337: Total time for which application threads were stopped: 0.0003423 seconds, Stopping threads took: 0.0000416 seconds
2018-02-17T17:33:35.247+0800: 2145.335: Total time for which application threads were stopped: 0.0002127 seconds, Stopping threads took: 0.0000225 seconds
2018-02-17T17:33:35.249+0800: 2145.336: Total time for which application threads were stopped: 0.0001737 seconds, Stopping threads took: 0.0000182 seconds
2018-02-17T17:33:35.249+0800: 2145.337: Total time for which application threads were stopped: 0.0001800 seconds, Stopping threads took: 0.0000181 seconds
2018-02-17T17:33:35.257+0800: 2145.345: Total time for which application threads were stopped: 0.0003138 seconds, Stopping threads took: 0.0000898 seconds
2018-02-17T17:33:35.260+0800: 2145.348: Total time for which application threads were stopped: 0.0005611 seconds, Stopping threads took: 0.0003966 seconds
2018-02-17T17:33:35.261+0800: 2145.349: Total time for which application threads were stopped: 0.0002101 seconds, Stopping threads took: 0.0000363 seconds
2018-02-17T17:33:35.263+0800: 2145.351: Total time for which application threads were stopped: 0.0002777 seconds, Stopping threads took: 0.0001163 seconds
2018-02-17T17:33:35.263+0800: 2145.351: Total time for which application threads were stopped: 0.0001904 seconds, Stopping threads took: 0.0000432 seconds
2018-02-17T17:33:35.265+0800: 2145.352: Total time for which application threads were stopped: 0.0001622 seconds, Stopping threads took: 0.0000354 seconds
2018-02-17T17:33:35.266+0800: 2145.353: Total time for which application threads were stopped: 0.0004826 seconds, Stopping threads took: 0.0003434 seconds
2018-02-17T17:33:35.267+0800: 2145.354: Total time for which application threads were stopped: 0.0008754 seconds, Stopping threads took: 0.0007274 seconds
2018-02-17T17:33:35.267+0800: 2145.355: Total time for which application threads were stopped: 0.0001595 seconds, Stopping threads took: 0.0000219 seconds
2018-02-17T17:33:35.267+0800: 2145.355: Total time for which application threads were stopped: 0.0002648 seconds, Stopping threads took: 0.0001327 seconds
2018-02-17T17:33:35.270+0800: 2145.358: Total time for which application threads were stopped: 0.0021451 seconds, Stopping threads took: 0.0019815 seconds
2018-02-17T17:33:35.270+0800: 2145.358: Total time for which application threads were stopped: 0.0001627 seconds, Stopping threads took: 0.0000327 seconds
2018-02-17T17:33:35.270+0800: 2145.358: Total time for which application threads were stopped: 0.0002357 seconds, Stopping threads took: 0.0001236 seconds
2018-02-17T17:33:35.271+0800: 2145.358: Total time for which application threads were stopped: 0.0001355 seconds, Stopping threads took: 0.0000314 seconds
2018-02-17T17:33:35.271+0800: 2145.359: Total time for which application threads were stopped: 0.0001545 seconds, Stopping threads took: 0.0000399 seconds
2018-02-17T17:33:35.271+0800: 2145.359: Total time for which application threads were stopped: 0.0001355 seconds, Stopping threads took: 0.0000297 seconds
2018-02-17T17:33:35.272+0800: 2145.360: Total time for which application threads were stopped: 0.0001563 seconds, Stopping threads took: 0.0000399 seconds
2018-02-17T17:33:35.272+0800: 2145.360: Total time for which application threads were stopped: 0.0001588 seconds, Stopping threads took: 0.0000294 seconds
2018-02-17T17:33:35.273+0800: 2145.360: Total time for which application threads were stopped: 0.0004392 seconds, Stopping threads took: 0.0000997 seconds
2018-02-17T17:33:35.273+0800: 2145.361: Total time for which application threads were stopped: 0.0001576 seconds, Stopping threads took: 0.0000330 seconds
2018-02-17T17:33:35.281+0800: 2145.369: Total time for which application threads were stopped: 0.0002011 seconds, Stopping threads took: 0.0000417 seconds
2018-02-17T17:33:35.281+0800: 2145.369: Total time for which application threads were stopped: 0.0003948 seconds, Stopping threads took: 0.0002685 seconds
2018-02-17T17:33:35.282+0800: 2145.370: Total time for which application threads were stopped: 0.0001498 seconds, Stopping threads took: 0.0000307 seconds
2018-02-17T17:33:35.289+0800: 2145.377: Total time for which application threads were stopped: 0.0001597 seconds, Stopping threads took: 0.0000164 seconds
2018-02-17T17:33:35.289+0800: 2145.377: Total time for which application threads were stopped: 0.0001194 seconds, Stopping threads took: 0.0000098 seconds
2018-02-17T17:33:35.290+0800: 2145.377: Total time for which application threads were stopped: 0.0001213 seconds, Stopping threads took: 0.0000252 seconds
2018-02-17T17:33:35.291+0800: 2145.378: Total time for which application threads were stopped: 0.0003307 seconds, Stopping threads took: 0.0001877 seconds
2018-02-17T17:33:35.292+0800: 2145.379: Total time for which application threads were stopped: 0.0001587 seconds, Stopping threads took: 0.0000254 seconds
2018-02-17T17:33:35.292+0800: 2145.380: Total time for which application threads were stopped: 0.0001520 seconds, Stopping threads took: 0.0000465 seconds
2018-02-17T17:33:35.292+0800: 2145.380: Total time for which application threads were stopped: 0.0001457 seconds, Stopping threads took: 0.0000174 seconds
2018-02-17T17:33:35.293+0800: 2145.380: Total time for which application threads were stopped: 0.0001157 seconds, Stopping threads took: 0.0000287 seconds
2018-02-17T17:33:35.293+0800: 2145.381: Total time for which application threads were stopped: 0.0001048 seconds, Stopping threads took: 0.0000204 seconds
2018-02-17T17:33:35.294+0800: 2145.382: Total time for which application threads were stopped: 0.0001180 seconds, Stopping threads took: 0.0000110 seconds
2018-02-17T17:33:35.295+0800: 2145.383: Total time for which application threads were stopped: 0.0001923 seconds, Stopping threads took: 0.0000449 seconds
2018-02-17T17:33:35.297+0800: 2145.385: Total time for which application threads were stopped: 0.0002352 seconds, Stopping threads took: 0.0001390 seconds
2018-02-17T17:33:35.297+0800: 2145.385: Total time for which application threads were stopped: 0.0001002 seconds, Stopping threads took: 0.0000206 seconds
2018-02-17T17:33:35.297+0800: 2145.385: Total time for which application threads were stopped: 0.0000913 seconds, Stopping threads took: 0.0000264 seconds
2018-02-17T17:33:35.297+0800: 2145.385: Total time for which application threads were stopped: 0.0001211 seconds, Stopping threads took: 0.0000141 seconds
2018-02-17T17:33:35.308+0800: 2145.395: Total time for which application threads were stopped: 0.0002576 seconds, Stopping threads took: 0.0001835 seconds
2018-02-17T17:33:35.308+0800: 2145.396: Total time for which application threads were stopped: 0.0002105 seconds, Stopping threads took: 0.0001460 seconds
2018-02-17T17:33:35.308+0800: 2145.396: Total time for which application threads were stopped: 0.0000875 seconds, Stopping threads took: 0.0000270 seconds
Heap
 par new generation   total 109248K, used 97377K [0x00000007a0000000, 0x00000007a8000000, 0x00000007a8000000)
  eden space 87424K,  98% used [0x00000007a0000000, 0x00000007a53d22a0, 0x00000007a5560000)
  from space 21824K,  52% used [0x00000007a5560000, 0x00000007a60a63b0, 0x00000007a6ab0000)
  to   space 21824K,   0% used [0x00000007a6ab0000, 0x00000007a6ab0000, 0x00000007a8000000)
 concurrent mark-sweep generation total 393216K, used 96066K [0x00000007a8000000, 0x00000007c0000000, 0x00000007c0000000)
 Metaspace       used 45866K, capacity 47889K, committed 48316K, reserved 1091584K
  class space    used 5293K, capacity 5757K, committed 5884K, reserved 1048576K
