Java HotSpot(TM) 64-Bit Server VM (25.131-b11) for bsd-amd64 JRE (1.8.0_131-b11), built on Mar 15 2017 01:32:22 by "java_re" with gcc 4.2.1 (Based on Apple Inc. build 5658) (LLVM build 2336.11.00)
Memory: 4k page, physical 8388608k(297564k free)

/proc/meminfo:

CommandLine flags: -XX:CMSInitiatingOccupancyFraction=50 -XX:CMSMaxAbortablePrecleanTime=6000 -XX:+CMSParallelRemarkEnabled -XX:+CMSScavengeBeforeRemark -XX:ConcGCThreads=4 -XX:GCLogFileSize=20971520 -XX:InitialHeapSize=536870912 -XX:MaxHeapSize=536870912 -XX:MaxTenuringThreshold=8 -XX:NewRatio=3 -XX:NumberOfGCLogFiles=9 -XX:OldPLABSize=16 -XX:-OmitStackTraceInFastThrow -XX:OnOutOfMemoryError=/Users/vivianbuan/Documents/SEFS/SOLR/solr-7.2.0/bin/oom_solr.sh 8984 /Users/vivianbuan/Documents/SEFS/SOLR/solr-7.2.0/example/cloud/node1/solr/../logs -XX:ParallelGCThreads=4 -XX:+ParallelRefProcEnabled -XX:PretenureSizeThreshold=67108864 -XX:+PrintGC -XX:+PrintGCApplicationStoppedTime -XX:+PrintGCDateStamps -XX:+PrintGCDetails -XX:+PrintGCTimeStamps -XX:+PrintHeapAtGC -XX:+PrintTenuringDistribution -XX:SurvivorRatio=4 -XX:TargetSurvivorRatio=90 -XX:ThreadStackSize=256 -XX:+UseCMSInitiatingOccupancyOnly -XX:+UseCompressedClassPointers -XX:+UseCompressedOops -XX:+UseConcMarkSweepGC -XX:+UseGCLogFileRotation -XX:+UseParNewGC 
2018-02-17T16:44:30.729+0800: 0.142: Total time for which application threads were stopped: 0.0001189 seconds, Stopping threads took: 0.0000070 seconds
2018-02-17T16:44:30.741+0800: 0.154: Total time for which application threads were stopped: 0.0000831 seconds, Stopping threads took: 0.0000155 seconds
2018-02-17T16:44:30.804+0800: 0.217: Total time for which application threads were stopped: 0.0000705 seconds, Stopping threads took: 0.0000076 seconds
2018-02-17T16:44:30.814+0800: 0.228: Total time for which application threads were stopped: 0.0000624 seconds, Stopping threads took: 0.0000071 seconds
2018-02-17T16:44:31.088+0800: 0.502: Total time for which application threads were stopped: 0.0001915 seconds, Stopping threads took: 0.0000265 seconds
2018-02-17T16:44:31.203+0800: 0.617: Total time for which application threads were stopped: 0.0002021 seconds, Stopping threads took: 0.0000289 seconds
2018-02-17T16:44:31.216+0800: 0.629: Total time for which application threads were stopped: 0.0001446 seconds, Stopping threads took: 0.0000107 seconds
2018-02-17T16:44:31.437+0800: 0.851: Total time for which application threads were stopped: 0.0002621 seconds, Stopping threads took: 0.0000283 seconds
2018-02-17T16:44:31.463+0800: 0.876: Total time for which application threads were stopped: 0.0002184 seconds, Stopping threads took: 0.0000104 seconds
2018-02-17T16:44:31.530+0800: 0.943: Total time for which application threads were stopped: 0.0002245 seconds, Stopping threads took: 0.0000279 seconds
2018-02-17T16:44:31.645+0800: 1.058: Total time for which application threads were stopped: 0.0003115 seconds, Stopping threads took: 0.0000192 seconds
2018-02-17T16:44:31.646+0800: 1.059: Total time for which application threads were stopped: 0.0002441 seconds, Stopping threads took: 0.0000074 seconds
2018-02-17T16:44:31.648+0800: 1.062: Total time for which application threads were stopped: 0.0001803 seconds, Stopping threads took: 0.0000238 seconds
2018-02-17T16:44:31.655+0800: 1.069: Total time for which application threads were stopped: 0.0001689 seconds, Stopping threads took: 0.0000090 seconds
2018-02-17T16:44:31.743+0800: 1.156: Total time for which application threads were stopped: 0.0002237 seconds, Stopping threads took: 0.0000104 seconds
{Heap before GC invocations=0 (full 0):
 par new generation   total 109248K, used 87424K [0x00000007a0000000, 0x00000007a8000000, 0x00000007a8000000)
  eden space 87424K, 100% used [0x00000007a0000000, 0x00000007a5560000, 0x00000007a5560000)
  from space 21824K,   0% used [0x00000007a5560000, 0x00000007a5560000, 0x00000007a6ab0000)
  to   space 21824K,   0% used [0x00000007a6ab0000, 0x00000007a6ab0000, 0x00000007a8000000)
 concurrent mark-sweep generation total 393216K, used 0K [0x00000007a8000000, 0x00000007c0000000, 0x00000007c0000000)
 Metaspace       used 18397K, capacity 18734K, committed 19200K, reserved 1067008K
  class space    used 2116K, capacity 2261K, committed 2304K, reserved 1048576K
2018-02-17T16:44:31.825+0800: 1.239: [GC (Allocation Failure) 2018-02-17T16:44:31.825+0800: 1.239: [ParNew
Desired survivor size 20112992 bytes, new threshold 8 (max 8)
- age   1:   11211064 bytes,   11211064 total
: 87424K->11053K(109248K), 0.0112173 secs] 87424K->11053K(502464K), 0.0112888 secs] [Times: user=0.04 sys=0.01, real=0.01 secs] 
Heap after GC invocations=1 (full 0):
 par new generation   total 109248K, used 11053K [0x00000007a0000000, 0x00000007a8000000, 0x00000007a8000000)
  eden space 87424K,   0% used [0x00000007a0000000, 0x00000007a0000000, 0x00000007a5560000)
  from space 21824K,  50% used [0x00000007a6ab0000, 0x00000007a757b5c8, 0x00000007a8000000)
  to   space 21824K,   0% used [0x00000007a5560000, 0x00000007a5560000, 0x00000007a6ab0000)
 concurrent mark-sweep generation total 393216K, used 0K [0x00000007a8000000, 0x00000007c0000000, 0x00000007c0000000)
 Metaspace       used 18397K, capacity 18734K, committed 19200K, reserved 1067008K
  class space    used 2116K, capacity 2261K, committed 2304K, reserved 1048576K
}
2018-02-17T16:44:31.836+0800: 1.250: Total time for which application threads were stopped: 0.0115376 seconds, Stopping threads took: 0.0000140 seconds
2018-02-17T16:44:32.840+0800: 2.253: Total time for which application threads were stopped: 0.0001050 seconds, Stopping threads took: 0.0000243 seconds
2018-02-17T16:44:34.705+0800: 4.118: Total time for which application threads were stopped: 0.0005330 seconds, Stopping threads took: 0.0000346 seconds
2018-02-17T16:44:36.994+0800: 6.407: Total time for which application threads were stopped: 0.0000666 seconds, Stopping threads took: 0.0000112 seconds
2018-02-17T16:44:36.994+0800: 6.407: Total time for which application threads were stopped: 0.0000589 seconds, Stopping threads took: 0.0000081 seconds
2018-02-17T16:44:36.994+0800: 6.407: Total time for which application threads were stopped: 0.0000343 seconds, Stopping threads took: 0.0000051 seconds
2018-02-17T16:44:37.077+0800: 6.490: Total time for which application threads were stopped: 0.0001114 seconds, Stopping threads took: 0.0000154 seconds
2018-02-17T16:44:37.110+0800: 6.524: Total time for which application threads were stopped: 0.0000752 seconds, Stopping threads took: 0.0000179 seconds
2018-02-17T16:44:37.132+0800: 6.545: Total time for which application threads were stopped: 0.0000765 seconds, Stopping threads took: 0.0000137 seconds
2018-02-17T16:44:37.841+0800: 7.255: [GC (CMS Initial Mark) [1 CMS-initial-mark: 0K(393216K)] 42053K(502464K), 0.0095853 secs] [Times: user=0.03 sys=0.01, real=0.01 secs] 
2018-02-17T16:44:37.851+0800: 7.264: Total time for which application threads were stopped: 0.0097927 seconds, Stopping threads took: 0.0000365 seconds
2018-02-17T16:44:37.851+0800: 7.264: [CMS-concurrent-mark-start]
2018-02-17T16:44:37.851+0800: 7.265: [CMS-concurrent-mark: 0.000/0.000 secs] [Times: user=0.00 sys=0.00, real=0.00 secs] 
2018-02-17T16:44:37.851+0800: 7.265: [CMS-concurrent-preclean-start]
2018-02-17T16:44:37.852+0800: 7.266: [CMS-concurrent-preclean: 0.001/0.001 secs] [Times: user=0.00 sys=0.00, real=0.00 secs] 
2018-02-17T16:44:37.852+0800: 7.266: [CMS-concurrent-abortable-preclean-start]
2018-02-17T16:44:38.856+0800: 8.269: Total time for which application threads were stopped: 0.0000844 seconds, Stopping threads took: 0.0000318 seconds
2018-02-17T16:44:41.936+0800: 11.349: Total time for which application threads were stopped: 0.0000652 seconds, Stopping threads took: 0.0000174 seconds
2018-02-17T16:44:41.948+0800: 11.361: Total time for which application threads were stopped: 0.0000976 seconds, Stopping threads took: 0.0000164 seconds
 CMS: abort preclean due to time 2018-02-17T16:44:43.966+0800: 13.379: [CMS-concurrent-abortable-preclean: 1.856/6.113 secs] [Times: user=1.79 sys=0.02, real=6.11 secs] 
2018-02-17T16:44:43.966+0800: 13.379: [GC (CMS Final Remark) [YG occupancy: 43730 K (109248 K)]{Heap before GC invocations=1 (full 1):
 par new generation   total 109248K, used 43730K [0x00000007a0000000, 0x00000007a8000000, 0x00000007a8000000)
  eden space 87424K,  37% used [0x00000007a0000000, 0x00000007a1fe9600, 0x00000007a5560000)
  from space 21824K,  50% used [0x00000007a6ab0000, 0x00000007a757b5c8, 0x00000007a8000000)
  to   space 21824K,   0% used [0x00000007a5560000, 0x00000007a5560000, 0x00000007a6ab0000)
 concurrent mark-sweep generation total 393216K, used 0K [0x00000007a8000000, 0x00000007c0000000, 0x00000007c0000000)
 Metaspace       used 21449K, capacity 21782K, committed 22216K, reserved 1069056K
  class space    used 2508K, capacity 2653K, committed 2684K, reserved 1048576K
2018-02-17T16:44:43.966+0800: 13.379: [GC (CMS Final Remark) 2018-02-17T16:44:43.966+0800: 13.379: [ParNew
Desired survivor size 20112992 bytes, new threshold 8 (max 8)
- age   1:    4553272 bytes,    4553272 total
- age   2:    5718968 bytes,   10272240 total
: 43730K->14427K(109248K), 0.0104078 secs] 43730K->14427K(502464K), 0.0104636 secs] [Times: user=0.03 sys=0.01, real=0.01 secs] 
Heap after GC invocations=2 (full 1):
 par new generation   total 109248K, used 14427K [0x00000007a0000000, 0x00000007a8000000, 0x00000007a8000000)
  eden space 87424K,   0% used [0x00000007a0000000, 0x00000007a0000000, 0x00000007a5560000)
  from space 21824K,  66% used [0x00000007a5560000, 0x00000007a6376d80, 0x00000007a6ab0000)
  to   space 21824K,   0% used [0x00000007a6ab0000, 0x00000007a6ab0000, 0x00000007a8000000)
 concurrent mark-sweep generation total 393216K, used 0K [0x00000007a8000000, 0x00000007c0000000, 0x00000007c0000000)
 Metaspace       used 21449K, capacity 21782K, committed 22216K, reserved 1069056K
  class space    used 2508K, capacity 2653K, committed 2684K, reserved 1048576K
}
2018-02-17T16:44:43.977+0800: 13.390: [Rescan (parallel) , 0.0028599 secs]2018-02-17T16:44:43.979+0800: 13.393: [weak refs processing, 0.0008546 secs]2018-02-17T16:44:43.980+0800: 13.393: [class unloading, 0.0035360 secs]2018-02-17T16:44:43.984+0800: 13.397: [scrub symbol table, 0.0026103 secs]2018-02-17T16:44:43.986+0800: 13.400: [scrub string table, 0.0003084 secs][1 CMS-remark: 0K(393216K)] 14427K(502464K), 0.0214369 secs] [Times: user=0.05 sys=0.01, real=0.02 secs] 
2018-02-17T16:44:43.987+0800: 13.401: Total time for which application threads were stopped: 0.0215365 seconds, Stopping threads took: 0.0000184 seconds
2018-02-17T16:44:43.988+0800: 13.401: [CMS-concurrent-sweep-start]
2018-02-17T16:44:43.988+0800: 13.401: [CMS-concurrent-sweep: 0.000/0.000 secs] [Times: user=0.00 sys=0.00, real=0.00 secs] 
2018-02-17T16:44:43.988+0800: 13.401: [CMS-concurrent-reset-start]
2018-02-17T16:44:43.988+0800: 13.402: Total time for which application threads were stopped: 0.0000544 seconds, Stopping threads took: 0.0000128 seconds
2018-02-17T16:44:43.989+0800: 13.402: Total time for which application threads were stopped: 0.0000459 seconds, Stopping threads took: 0.0000095 seconds
2018-02-17T16:44:43.990+0800: 13.403: Total time for which application threads were stopped: 0.0000349 seconds, Stopping threads took: 0.0000067 seconds
2018-02-17T16:44:43.991+0800: 13.404: [CMS-concurrent-reset: 0.003/0.004 secs] [Times: user=0.00 sys=0.00, real=0.01 secs] 
2018-02-17T16:44:46.975+0800: 16.388: Total time for which application threads were stopped: 0.0001063 seconds, Stopping threads took: 0.0000251 seconds
2018-02-17T16:44:46.983+0800: 16.397: Total time for which application threads were stopped: 0.0000745 seconds, Stopping threads took: 0.0000137 seconds
2018-02-17T16:44:46.986+0800: 16.399: Total time for which application threads were stopped: 0.0000770 seconds, Stopping threads took: 0.0000167 seconds
2018-02-17T16:44:46.986+0800: 16.400: Total time for which application threads were stopped: 0.0000386 seconds, Stopping threads took: 0.0000075 seconds
2018-02-17T16:44:46.986+0800: 16.400: Total time for which application threads were stopped: 0.0000323 seconds, Stopping threads took: 0.0000055 seconds
2018-02-17T16:44:46.990+0800: 16.403: Total time for which application threads were stopped: 0.0000598 seconds, Stopping threads took: 0.0000127 seconds
2018-02-17T16:44:46.998+0800: 16.412: Total time for which application threads were stopped: 0.0000555 seconds, Stopping threads took: 0.0000131 seconds
2018-02-17T16:44:47.059+0800: 16.472: Total time for which application threads were stopped: 0.0000743 seconds, Stopping threads took: 0.0000181 seconds
2018-02-17T16:44:47.059+0800: 16.472: Total time for which application threads were stopped: 0.0000455 seconds, Stopping threads took: 0.0000069 seconds
2018-02-17T16:44:47.060+0800: 16.473: Total time for which application threads were stopped: 0.0000409 seconds, Stopping threads took: 0.0000094 seconds
2018-02-17T16:44:47.060+0800: 16.473: Total time for which application threads were stopped: 0.0000380 seconds, Stopping threads took: 0.0000079 seconds
2018-02-17T16:44:47.060+0800: 16.473: Total time for which application threads were stopped: 0.0000507 seconds, Stopping threads took: 0.0000191 seconds
2018-02-17T16:44:47.060+0800: 16.473: Total time for which application threads were stopped: 0.0000434 seconds, Stopping threads took: 0.0000170 seconds
2018-02-17T16:44:47.061+0800: 16.474: Total time for which application threads were stopped: 0.0000492 seconds, Stopping threads took: 0.0000191 seconds
2018-02-17T16:44:47.061+0800: 16.474: Total time for which application threads were stopped: 0.0000546 seconds, Stopping threads took: 0.0000217 seconds
2018-02-17T16:44:47.061+0800: 16.474: Total time for which application threads were stopped: 0.0000469 seconds, Stopping threads took: 0.0000076 seconds
2018-02-17T16:44:47.061+0800: 16.475: Total time for which application threads were stopped: 0.0000440 seconds, Stopping threads took: 0.0000180 seconds
2018-02-17T16:44:47.061+0800: 16.475: Total time for which application threads were stopped: 0.0000375 seconds, Stopping threads took: 0.0000149 seconds
2018-02-17T16:44:47.062+0800: 16.475: Total time for which application threads were stopped: 0.0000498 seconds, Stopping threads took: 0.0000098 seconds
2018-02-17T16:44:47.064+0800: 16.477: Total time for which application threads were stopped: 0.0000802 seconds, Stopping threads took: 0.0000293 seconds
2018-02-17T16:44:47.067+0800: 16.480: Total time for which application threads were stopped: 0.0000792 seconds, Stopping threads took: 0.0000272 seconds
2018-02-17T16:44:47.072+0800: 16.485: Total time for which application threads were stopped: 0.0000962 seconds, Stopping threads took: 0.0000337 seconds
2018-02-17T16:44:47.077+0800: 16.491: Total time for which application threads were stopped: 0.0000969 seconds, Stopping threads took: 0.0000340 seconds
2018-02-17T16:44:47.080+0800: 16.493: Total time for which application threads were stopped: 0.0000687 seconds, Stopping threads took: 0.0000159 seconds
2018-02-17T16:44:47.080+0800: 16.493: Total time for which application threads were stopped: 0.0000617 seconds, Stopping threads took: 0.0000086 seconds
2018-02-17T16:44:47.080+0800: 16.493: Total time for which application threads were stopped: 0.0000551 seconds, Stopping threads took: 0.0000064 seconds
2018-02-17T16:44:47.081+0800: 16.494: Total time for which application threads were stopped: 0.0000544 seconds, Stopping threads took: 0.0000114 seconds
2018-02-17T16:44:47.081+0800: 16.494: Total time for which application threads were stopped: 0.0000467 seconds, Stopping threads took: 0.0000083 seconds
2018-02-17T16:44:47.082+0800: 16.495: Total time for which application threads were stopped: 0.0000689 seconds, Stopping threads took: 0.0000122 seconds
2018-02-17T16:44:47.082+0800: 16.495: Total time for which application threads were stopped: 0.0000518 seconds, Stopping threads took: 0.0000088 seconds
2018-02-17T16:44:47.089+0800: 16.502: Total time for which application threads were stopped: 0.0000753 seconds, Stopping threads took: 0.0000282 seconds
2018-02-17T16:44:47.092+0800: 16.505: Total time for which application threads were stopped: 0.0000639 seconds, Stopping threads took: 0.0000133 seconds
2018-02-17T16:44:47.108+0800: 16.521: Total time for which application threads were stopped: 0.0000885 seconds, Stopping threads took: 0.0000202 seconds
2018-02-17T16:44:47.108+0800: 16.522: Total time for which application threads were stopped: 0.0000696 seconds, Stopping threads took: 0.0000177 seconds
2018-02-17T16:44:47.110+0800: 16.523: Total time for which application threads were stopped: 0.0000543 seconds, Stopping threads took: 0.0000147 seconds
2018-02-17T16:44:47.110+0800: 16.523: Total time for which application threads were stopped: 0.0000566 seconds, Stopping threads took: 0.0000221 seconds
2018-02-17T16:44:47.111+0800: 16.524: Total time for which application threads were stopped: 0.0001459 seconds, Stopping threads took: 0.0000252 seconds
2018-02-17T16:44:47.112+0800: 16.525: Total time for which application threads were stopped: 0.0000563 seconds, Stopping threads took: 0.0000181 seconds
2018-02-17T16:44:47.115+0800: 16.528: Total time for which application threads were stopped: 0.0000935 seconds, Stopping threads took: 0.0000283 seconds
2018-02-17T16:44:47.116+0800: 16.529: Total time for which application threads were stopped: 0.0000788 seconds, Stopping threads took: 0.0000274 seconds
2018-02-17T16:44:47.120+0800: 16.534: Total time for which application threads were stopped: 0.0000839 seconds, Stopping threads took: 0.0000324 seconds
2018-02-17T16:44:47.125+0800: 16.538: Total time for which application threads were stopped: 0.0000697 seconds, Stopping threads took: 0.0000173 seconds
2018-02-17T16:44:47.148+0800: 16.561: Total time for which application threads were stopped: 0.0000621 seconds, Stopping threads took: 0.0000146 seconds
2018-02-17T16:44:47.149+0800: 16.562: Total time for which application threads were stopped: 0.0000385 seconds, Stopping threads took: 0.0000083 seconds
2018-02-17T16:44:47.150+0800: 16.563: Total time for which application threads were stopped: 0.0001475 seconds, Stopping threads took: 0.0000984 seconds
2018-02-17T16:44:47.151+0800: 16.564: Total time for which application threads were stopped: 0.0001850 seconds, Stopping threads took: 0.0000908 seconds
2018-02-17T16:44:47.157+0800: 16.570: Total time for which application threads were stopped: 0.0000787 seconds, Stopping threads took: 0.0000172 seconds
2018-02-17T16:44:47.224+0800: 16.637: Total time for which application threads were stopped: 0.0002892 seconds, Stopping threads took: 0.0000138 seconds
2018-02-17T16:44:47.233+0800: 16.647: Total time for which application threads were stopped: 0.0000811 seconds, Stopping threads took: 0.0000241 seconds
2018-02-17T16:44:47.234+0800: 16.647: Total time for which application threads were stopped: 0.0000636 seconds, Stopping threads took: 0.0000253 seconds
2018-02-17T16:44:47.234+0800: 16.647: Total time for which application threads were stopped: 0.0000725 seconds, Stopping threads took: 0.0000247 seconds
2018-02-17T16:44:47.237+0800: 16.650: Total time for which application threads were stopped: 0.0001065 seconds, Stopping threads took: 0.0000329 seconds
2018-02-17T16:44:47.237+0800: 16.650: Total time for which application threads were stopped: 0.0000885 seconds, Stopping threads took: 0.0000276 seconds
2018-02-17T16:44:47.237+0800: 16.650: Total time for which application threads were stopped: 0.0000992 seconds, Stopping threads took: 0.0000567 seconds
2018-02-17T16:44:47.238+0800: 16.651: Total time for which application threads were stopped: 0.0001172 seconds, Stopping threads took: 0.0000609 seconds
2018-02-17T16:44:47.239+0800: 16.652: Total time for which application threads were stopped: 0.0001039 seconds, Stopping threads took: 0.0000298 seconds
2018-02-17T16:44:47.239+0800: 16.653: Total time for which application threads were stopped: 0.0001271 seconds, Stopping threads took: 0.0000565 seconds
2018-02-17T16:44:47.240+0800: 16.653: Total time for which application threads were stopped: 0.0001541 seconds, Stopping threads took: 0.0000145 seconds
2018-02-17T16:44:47.243+0800: 16.656: Total time for which application threads were stopped: 0.0000998 seconds, Stopping threads took: 0.0000315 seconds
2018-02-17T16:44:47.244+0800: 16.657: Total time for which application threads were stopped: 0.0002487 seconds, Stopping threads took: 0.0001875 seconds
2018-02-17T16:44:47.251+0800: 16.664: Total time for which application threads were stopped: 0.0001886 seconds, Stopping threads took: 0.0001283 seconds
2018-02-17T16:44:47.252+0800: 16.665: Total time for which application threads were stopped: 0.0000823 seconds, Stopping threads took: 0.0000319 seconds
2018-02-17T16:44:47.253+0800: 16.666: Total time for which application threads were stopped: 0.0000945 seconds, Stopping threads took: 0.0000290 seconds
2018-02-17T16:44:47.255+0800: 16.668: Total time for which application threads were stopped: 0.0000915 seconds, Stopping threads took: 0.0000309 seconds
2018-02-17T16:44:47.272+0800: 16.685: Total time for which application threads were stopped: 0.0001623 seconds, Stopping threads took: 0.0000349 seconds
2018-02-17T16:44:47.285+0800: 16.699: Total time for which application threads were stopped: 0.0001056 seconds, Stopping threads took: 0.0000393 seconds
2018-02-17T16:44:47.306+0800: 16.719: Total time for which application threads were stopped: 0.0001322 seconds, Stopping threads took: 0.0000388 seconds
2018-02-17T16:44:47.307+0800: 16.721: Total time for which application threads were stopped: 0.0000818 seconds, Stopping threads took: 0.0000325 seconds
2018-02-17T16:44:47.321+0800: 16.734: Total time for which application threads were stopped: 0.0001079 seconds, Stopping threads took: 0.0000359 seconds
2018-02-17T16:44:47.330+0800: 16.744: Total time for which application threads were stopped: 0.0001435 seconds, Stopping threads took: 0.0000387 seconds
2018-02-17T16:44:47.336+0800: 16.749: Total time for which application threads were stopped: 0.0001130 seconds, Stopping threads took: 0.0000357 seconds
2018-02-17T16:44:47.341+0800: 16.754: Total time for which application threads were stopped: 0.0001672 seconds, Stopping threads took: 0.0000920 seconds
2018-02-17T16:44:47.348+0800: 16.761: Total time for which application threads were stopped: 0.0001664 seconds, Stopping threads took: 0.0000895 seconds
2018-02-17T16:44:47.349+0800: 16.763: Total time for which application threads were stopped: 0.0001327 seconds, Stopping threads took: 0.0000184 seconds
2018-02-17T16:44:47.350+0800: 16.763: Total time for which application threads were stopped: 0.0001923 seconds, Stopping threads took: 0.0001236 seconds
2018-02-17T16:44:47.354+0800: 16.767: Total time for which application threads were stopped: 0.0001112 seconds, Stopping threads took: 0.0000447 seconds
2018-02-17T16:44:47.355+0800: 16.768: Total time for which application threads were stopped: 0.0001033 seconds, Stopping threads took: 0.0000354 seconds
2018-02-17T16:44:47.359+0800: 16.772: Total time for which application threads were stopped: 0.0001247 seconds, Stopping threads took: 0.0000639 seconds
2018-02-17T16:44:47.366+0800: 16.779: Total time for which application threads were stopped: 0.0001009 seconds, Stopping threads took: 0.0000199 seconds
2018-02-17T16:44:47.366+0800: 16.779: Total time for which application threads were stopped: 0.0000751 seconds, Stopping threads took: 0.0000189 seconds
2018-02-17T16:44:47.368+0800: 16.781: Total time for which application threads were stopped: 0.0012332 seconds, Stopping threads took: 0.0011595 seconds
2018-02-17T16:44:47.373+0800: 16.786: Total time for which application threads were stopped: 0.0001307 seconds, Stopping threads took: 0.0000320 seconds
2018-02-17T16:44:47.383+0800: 16.796: Total time for which application threads were stopped: 0.0003410 seconds, Stopping threads took: 0.0000409 seconds
2018-02-17T16:44:47.384+0800: 16.797: Total time for which application threads were stopped: 0.0001305 seconds, Stopping threads took: 0.0000586 seconds
2018-02-17T16:44:47.385+0800: 16.798: Total time for which application threads were stopped: 0.0000662 seconds, Stopping threads took: 0.0000152 seconds
2018-02-17T16:44:47.385+0800: 16.798: Total time for which application threads were stopped: 0.0001627 seconds, Stopping threads took: 0.0000312 seconds
2018-02-17T16:44:47.395+0800: 16.809: Total time for which application threads were stopped: 0.0003844 seconds, Stopping threads took: 0.0000212 seconds
2018-02-17T16:44:47.399+0800: 16.812: Total time for which application threads were stopped: 0.0003511 seconds, Stopping threads took: 0.0002732 seconds
2018-02-17T16:44:47.414+0800: 16.827: Total time for which application threads were stopped: 0.0001345 seconds, Stopping threads took: 0.0000367 seconds
2018-02-17T16:44:47.461+0800: 16.875: Total time for which application threads were stopped: 0.0001277 seconds, Stopping threads took: 0.0000328 seconds
2018-02-17T16:44:47.472+0800: 16.885: Total time for which application threads were stopped: 0.0003210 seconds, Stopping threads took: 0.0000175 seconds
2018-02-17T16:44:48.476+0800: 17.889: Total time for which application threads were stopped: 0.0000965 seconds, Stopping threads took: 0.0000237 seconds
2018-02-17T16:44:49.369+0800: 18.782: Total time for which application threads were stopped: 0.0002237 seconds, Stopping threads took: 0.0000775 seconds
2018-02-17T16:44:49.369+0800: 18.782: Total time for which application threads were stopped: 0.0001781 seconds, Stopping threads took: 0.0000166 seconds
2018-02-17T16:44:51.372+0800: 20.785: Total time for which application threads were stopped: 0.0001792 seconds, Stopping threads took: 0.0000420 seconds
2018-02-17T16:44:52.505+0800: 21.918: Total time for which application threads were stopped: 0.0000957 seconds, Stopping threads took: 0.0000155 seconds
2018-02-17T16:44:52.513+0800: 21.926: Total time for which application threads were stopped: 0.0000707 seconds, Stopping threads took: 0.0000155 seconds
2018-02-17T16:44:52.513+0800: 21.926: Total time for which application threads were stopped: 0.0000510 seconds, Stopping threads took: 0.0000102 seconds
2018-02-17T16:44:52.513+0800: 21.926: Total time for which application threads were stopped: 0.0000571 seconds, Stopping threads took: 0.0000243 seconds
2018-02-17T16:44:52.513+0800: 21.926: Total time for which application threads were stopped: 0.0000363 seconds, Stopping threads took: 0.0000068 seconds
2018-02-17T16:44:52.513+0800: 21.926: Total time for which application threads were stopped: 0.0000367 seconds, Stopping threads took: 0.0000075 seconds
2018-02-17T16:44:52.513+0800: 21.926: Total time for which application threads were stopped: 0.0000367 seconds, Stopping threads took: 0.0000074 seconds
2018-02-17T16:44:52.513+0800: 21.926: Total time for which application threads were stopped: 0.0000392 seconds, Stopping threads took: 0.0000074 seconds
2018-02-17T16:44:52.513+0800: 21.926: Total time for which application threads were stopped: 0.0000355 seconds, Stopping threads took: 0.0000066 seconds
2018-02-17T16:44:52.513+0800: 21.926: Total time for which application threads were stopped: 0.0000383 seconds, Stopping threads took: 0.0000074 seconds
2018-02-17T16:44:52.514+0800: 21.927: Total time for which application threads were stopped: 0.0000354 seconds, Stopping threads took: 0.0000062 seconds
2018-02-17T16:44:52.514+0800: 21.927: Total time for which application threads were stopped: 0.0000381 seconds, Stopping threads took: 0.0000073 seconds
2018-02-17T16:44:52.514+0800: 21.927: Total time for which application threads were stopped: 0.0000624 seconds, Stopping threads took: 0.0000088 seconds
2018-02-17T16:44:52.514+0800: 21.927: Total time for which application threads were stopped: 0.0000368 seconds, Stopping threads took: 0.0000071 seconds
2018-02-17T16:44:52.514+0800: 21.927: Total time for which application threads were stopped: 0.0000366 seconds, Stopping threads took: 0.0000076 seconds
2018-02-17T16:44:52.514+0800: 21.927: Total time for which application threads were stopped: 0.0000384 seconds, Stopping threads took: 0.0000074 seconds
2018-02-17T16:44:52.514+0800: 21.927: Total time for which application threads were stopped: 0.0000369 seconds, Stopping threads took: 0.0000074 seconds
2018-02-17T16:44:52.514+0800: 21.927: Total time for which application threads were stopped: 0.0001198 seconds, Stopping threads took: 0.0000061 seconds
2018-02-17T16:44:52.546+0800: 21.959: Total time for which application threads were stopped: 0.0001103 seconds, Stopping threads took: 0.0000274 seconds
2018-02-17T16:44:52.547+0800: 21.960: Total time for which application threads were stopped: 0.0000924 seconds, Stopping threads took: 0.0000260 seconds
2018-02-17T16:44:52.548+0800: 21.961: Total time for which application threads were stopped: 0.0001660 seconds, Stopping threads took: 0.0000753 seconds
2018-02-17T16:44:52.548+0800: 21.961: Total time for which application threads were stopped: 0.0000962 seconds, Stopping threads took: 0.0000309 seconds
2018-02-17T16:44:52.548+0800: 21.961: Total time for which application threads were stopped: 0.0000902 seconds, Stopping threads took: 0.0000214 seconds
2018-02-17T16:44:52.550+0800: 21.963: Total time for which application threads were stopped: 0.0001021 seconds, Stopping threads took: 0.0000405 seconds
2018-02-17T16:44:52.552+0800: 21.965: Total time for which application threads were stopped: 0.0002305 seconds, Stopping threads took: 0.0000339 seconds
2018-02-17T16:44:52.553+0800: 21.966: Total time for which application threads were stopped: 0.0001067 seconds, Stopping threads took: 0.0000311 seconds
2018-02-17T16:44:52.554+0800: 21.967: Total time for which application threads were stopped: 0.0000962 seconds, Stopping threads took: 0.0000327 seconds
2018-02-17T16:44:52.554+0800: 21.967: Total time for which application threads were stopped: 0.0000670 seconds, Stopping threads took: 0.0000202 seconds
2018-02-17T16:44:52.555+0800: 21.968: Total time for which application threads were stopped: 0.0000482 seconds, Stopping threads took: 0.0000095 seconds
2018-02-17T16:44:52.555+0800: 21.968: Total time for which application threads were stopped: 0.0000678 seconds, Stopping threads took: 0.0000297 seconds
2018-02-17T16:44:52.555+0800: 21.968: Total time for which application threads were stopped: 0.0000712 seconds, Stopping threads took: 0.0000303 seconds
2018-02-17T16:44:52.558+0800: 21.971: Total time for which application threads were stopped: 0.0000923 seconds, Stopping threads took: 0.0000215 seconds
2018-02-17T16:44:52.558+0800: 21.971: Total time for which application threads were stopped: 0.0000744 seconds, Stopping threads took: 0.0000250 seconds
2018-02-17T16:44:52.558+0800: 21.971: Total time for which application threads were stopped: 0.0000675 seconds, Stopping threads took: 0.0000101 seconds
2018-02-17T16:44:52.559+0800: 21.972: Total time for which application threads were stopped: 0.0000945 seconds, Stopping threads took: 0.0000188 seconds
2018-02-17T16:44:52.559+0800: 21.972: Total time for which application threads were stopped: 0.0000694 seconds, Stopping threads took: 0.0000118 seconds
2018-02-17T16:44:52.560+0800: 21.973: Total time for which application threads were stopped: 0.0000685 seconds, Stopping threads took: 0.0000108 seconds
2018-02-17T16:44:52.560+0800: 21.973: Total time for which application threads were stopped: 0.0000919 seconds, Stopping threads took: 0.0000522 seconds
2018-02-17T16:44:52.560+0800: 21.973: Total time for which application threads were stopped: 0.0000787 seconds, Stopping threads took: 0.0000405 seconds
2018-02-17T16:44:52.567+0800: 21.980: Total time for which application threads were stopped: 0.0002944 seconds, Stopping threads took: 0.0002224 seconds
2018-02-17T16:44:52.568+0800: 21.981: Total time for which application threads were stopped: 0.0001011 seconds, Stopping threads took: 0.0000501 seconds
2018-02-17T16:44:52.570+0800: 21.983: Total time for which application threads were stopped: 0.0003447 seconds, Stopping threads took: 0.0000277 seconds
2018-02-17T16:44:52.611+0800: 22.024: Total time for which application threads were stopped: 0.0001763 seconds, Stopping threads took: 0.0000406 seconds
2018-02-17T16:44:52.612+0800: 22.025: Total time for which application threads were stopped: 0.0001120 seconds, Stopping threads took: 0.0000434 seconds
2018-02-17T16:44:52.616+0800: 22.029: Total time for which application threads were stopped: 0.0001290 seconds, Stopping threads took: 0.0000396 seconds
2018-02-17T16:44:52.622+0800: 22.035: Total time for which application threads were stopped: 0.0004034 seconds, Stopping threads took: 0.0002819 seconds
2018-02-17T16:44:52.632+0800: 22.045: Total time for which application threads were stopped: 0.0009888 seconds, Stopping threads took: 0.0006926 seconds
2018-02-17T16:44:52.634+0800: 22.047: Total time for which application threads were stopped: 0.0001582 seconds, Stopping threads took: 0.0000659 seconds
2018-02-17T16:44:52.634+0800: 22.047: Total time for which application threads were stopped: 0.0001752 seconds, Stopping threads took: 0.0000656 seconds
2018-02-17T16:44:52.660+0800: 22.073: Total time for which application threads were stopped: 0.0001944 seconds, Stopping threads took: 0.0000903 seconds
2018-02-17T16:44:52.661+0800: 22.074: Total time for which application threads were stopped: 0.0000946 seconds, Stopping threads took: 0.0000094 seconds
2018-02-17T16:44:52.661+0800: 22.074: Total time for which application threads were stopped: 0.0001309 seconds, Stopping threads took: 0.0000624 seconds
2018-02-17T16:44:52.661+0800: 22.074: Total time for which application threads were stopped: 0.0000773 seconds, Stopping threads took: 0.0000326 seconds
2018-02-17T16:44:52.661+0800: 22.074: Total time for which application threads were stopped: 0.0000932 seconds, Stopping threads took: 0.0000211 seconds
2018-02-17T16:44:52.661+0800: 22.074: Total time for which application threads were stopped: 0.0000720 seconds, Stopping threads took: 0.0000084 seconds
2018-02-17T16:44:52.661+0800: 22.074: Total time for which application threads were stopped: 0.0000656 seconds, Stopping threads took: 0.0000099 seconds
2018-02-17T16:44:52.662+0800: 22.075: Total time for which application threads were stopped: 0.0002866 seconds, Stopping threads took: 0.0002335 seconds
2018-02-17T16:44:52.662+0800: 22.075: Total time for which application threads were stopped: 0.0000958 seconds, Stopping threads took: 0.0000218 seconds
2018-02-17T16:44:52.662+0800: 22.075: Total time for which application threads were stopped: 0.0000739 seconds, Stopping threads took: 0.0000087 seconds
2018-02-17T16:44:52.662+0800: 22.075: Total time for which application threads were stopped: 0.0000693 seconds, Stopping threads took: 0.0000077 seconds
2018-02-17T16:44:52.662+0800: 22.075: Total time for which application threads were stopped: 0.0000689 seconds, Stopping threads took: 0.0000075 seconds
2018-02-17T16:44:52.662+0800: 22.075: Total time for which application threads were stopped: 0.0000894 seconds, Stopping threads took: 0.0000237 seconds
2018-02-17T16:44:52.663+0800: 22.075: Total time for which application threads were stopped: 0.0000819 seconds, Stopping threads took: 0.0000164 seconds
2018-02-17T16:44:52.663+0800: 22.076: Total time for which application threads were stopped: 0.0001009 seconds, Stopping threads took: 0.0000108 seconds
2018-02-17T16:44:52.664+0800: 22.077: Total time for which application threads were stopped: 0.0001175 seconds, Stopping threads took: 0.0000263 seconds
2018-02-17T16:44:52.664+0800: 22.077: Total time for which application threads were stopped: 0.0002568 seconds, Stopping threads took: 0.0000252 seconds
2018-02-17T16:44:52.664+0800: 22.077: Total time for which application threads were stopped: 0.0001265 seconds, Stopping threads took: 0.0000420 seconds
2018-02-17T16:44:52.665+0800: 22.078: Total time for which application threads were stopped: 0.0001652 seconds, Stopping threads took: 0.0000723 seconds
2018-02-17T16:44:52.702+0800: 22.115: Total time for which application threads were stopped: 0.0004550 seconds, Stopping threads took: 0.0003455 seconds
2018-02-17T16:44:52.735+0800: 22.148: Total time for which application threads were stopped: 0.0001426 seconds, Stopping threads took: 0.0000235 seconds
2018-02-17T16:44:52.738+0800: 22.151: Total time for which application threads were stopped: 0.0002729 seconds, Stopping threads took: 0.0002001 seconds
2018-02-17T16:44:52.739+0800: 22.152: Total time for which application threads were stopped: 0.0000976 seconds, Stopping threads took: 0.0000243 seconds
2018-02-17T16:44:52.740+0800: 22.153: Total time for which application threads were stopped: 0.0000910 seconds, Stopping threads took: 0.0000283 seconds
2018-02-17T16:44:52.756+0800: 22.169: Total time for which application threads were stopped: 0.0000922 seconds, Stopping threads took: 0.0000311 seconds
2018-02-17T16:44:52.761+0800: 22.174: Total time for which application threads were stopped: 0.0001062 seconds, Stopping threads took: 0.0000305 seconds
2018-02-17T16:44:52.762+0800: 22.175: Total time for which application threads were stopped: 0.0000885 seconds, Stopping threads took: 0.0000185 seconds
{Heap before GC invocations=2 (full 1):
 par new generation   total 109248K, used 101851K [0x00000007a0000000, 0x00000007a8000000, 0x00000007a8000000)
  eden space 87424K, 100% used [0x00000007a0000000, 0x00000007a5560000, 0x00000007a5560000)
  from space 21824K,  66% used [0x00000007a5560000, 0x00000007a6376d80, 0x00000007a6ab0000)
  to   space 21824K,   0% used [0x00000007a6ab0000, 0x00000007a6ab0000, 0x00000007a8000000)
 concurrent mark-sweep generation total 393216K, used 0K [0x00000007a8000000, 0x00000007c0000000, 0x00000007c0000000)
 Metaspace       used 27722K, capacity 28610K, committed 28796K, reserved 1075200K
  class space    used 3313K, capacity 3583K, committed 3708K, reserved 1048576K
2018-02-17T16:44:52.803+0800: 22.216: [GC (Allocation Failure) 2018-02-17T16:44:52.804+0800: 22.217: [ParNew
Desired survivor size 20112992 bytes, new threshold 8 (max 8)
- age   1:    8275944 bytes,    8275944 total
- age   2:    3014064 bytes,   11290008 total
- age   3:    5644352 bytes,   16934360 total
: 101851K->19477K(109248K), 0.0169005 secs] 101851K->19477K(502464K), 0.0176518 secs] [Times: user=0.05 sys=0.00, real=0.02 secs] 
Heap after GC invocations=3 (full 1):
 par new generation   total 109248K, used 19477K [0x00000007a0000000, 0x00000007a8000000, 0x00000007a8000000)
  eden space 87424K,   0% used [0x00000007a0000000, 0x00000007a0000000, 0x00000007a5560000)
  from space 21824K,  89% used [0x00000007a6ab0000, 0x00000007a7db5590, 0x00000007a8000000)
  to   space 21824K,   0% used [0x00000007a5560000, 0x00000007a5560000, 0x00000007a6ab0000)
 concurrent mark-sweep generation total 393216K, used 0K [0x00000007a8000000, 0x00000007c0000000, 0x00000007c0000000)
 Metaspace       used 27722K, capacity 28610K, committed 28796K, reserved 1075200K
  class space    used 3313K, capacity 3583K, committed 3708K, reserved 1048576K
}
2018-02-17T16:44:52.821+0800: 22.234: Total time for which application threads were stopped: 0.0178437 seconds, Stopping threads took: 0.0000250 seconds
2018-02-17T16:44:52.822+0800: 22.235: Total time for which application threads were stopped: 0.0001211 seconds, Stopping threads took: 0.0000409 seconds
2018-02-17T16:44:52.824+0800: 22.237: Total time for which application threads were stopped: 0.0001820 seconds, Stopping threads took: 0.0000940 seconds
2018-02-17T16:44:52.873+0800: 22.286: Total time for which application threads were stopped: 0.0004190 seconds, Stopping threads took: 0.0000218 seconds
2018-02-17T16:44:52.905+0800: 22.318: Total time for which application threads were stopped: 0.0013175 seconds, Stopping threads took: 0.0009783 seconds
2018-02-17T16:44:52.935+0800: 22.348: Total time for which application threads were stopped: 0.0002056 seconds, Stopping threads took: 0.0000908 seconds
2018-02-17T16:44:52.950+0800: 22.363: Total time for which application threads were stopped: 0.0001605 seconds, Stopping threads took: 0.0000391 seconds
2018-02-17T16:44:53.010+0800: 22.423: Total time for which application threads were stopped: 0.0006133 seconds, Stopping threads took: 0.0004575 seconds
{Heap before GC invocations=3 (full 1):
 par new generation   total 109248K, used 106901K [0x00000007a0000000, 0x00000007a8000000, 0x00000007a8000000)
  eden space 87424K, 100% used [0x00000007a0000000, 0x00000007a5560000, 0x00000007a5560000)
  from space 21824K,  89% used [0x00000007a6ab0000, 0x00000007a7db5590, 0x00000007a8000000)
  to   space 21824K,   0% used [0x00000007a5560000, 0x00000007a5560000, 0x00000007a6ab0000)
 concurrent mark-sweep generation total 393216K, used 0K [0x00000007a8000000, 0x00000007c0000000, 0x00000007c0000000)
 Metaspace       used 28811K, capacity 29592K, committed 29820K, reserved 1075200K
  class space    used 3423K, capacity 3658K, committed 3708K, reserved 1048576K
2018-02-17T16:44:53.063+0800: 22.476: [GC (Allocation Failure) 2018-02-17T16:44:53.063+0800: 22.476: [ParNew
Desired survivor size 20112992 bytes, new threshold 8 (max 8)
- age   1:    2688392 bytes,    2688392 total
- age   2:    2779216 bytes,    5467608 total
- age   3:    3013816 bytes,    8481424 total
- age   4:    5641528 bytes,   14122952 total
: 106901K->21824K(109248K), 0.0258182 secs] 106901K->21824K(502464K), 0.0259046 secs] [Times: user=0.05 sys=0.00, real=0.02 secs] 
Heap after GC invocations=4 (full 1):
 par new generation   total 109248K, used 21824K [0x00000007a0000000, 0x00000007a8000000, 0x00000007a8000000)
  eden space 87424K,   0% used [0x00000007a0000000, 0x00000007a0000000, 0x00000007a5560000)
  from space 21824K, 100% used [0x00000007a5560000, 0x00000007a6ab0000, 0x00000007a6ab0000)
  to   space 21824K,   0% used [0x00000007a6ab0000, 0x00000007a6ab0000, 0x00000007a8000000)
 concurrent mark-sweep generation total 393216K, used 0K [0x00000007a8000000, 0x00000007c0000000, 0x00000007c0000000)
 Metaspace       used 28811K, capacity 29592K, committed 29820K, reserved 1075200K
  class space    used 3423K, capacity 3658K, committed 3708K, reserved 1048576K
}
2018-02-17T16:44:53.089+0800: 22.502: Total time for which application threads were stopped: 0.0261202 seconds, Stopping threads took: 0.0000448 seconds
2018-02-17T16:44:53.090+0800: 22.503: Total time for which application threads were stopped: 0.0001425 seconds, Stopping threads took: 0.0000362 seconds
2018-02-17T16:44:53.099+0800: 22.512: Total time for which application threads were stopped: 0.0001567 seconds, Stopping threads took: 0.0000236 seconds
2018-02-17T16:44:53.103+0800: 22.516: Total time for which application threads were stopped: 0.0001663 seconds, Stopping threads took: 0.0000257 seconds
2018-02-17T16:44:53.111+0800: 22.524: Total time for which application threads were stopped: 0.0001088 seconds, Stopping threads took: 0.0000218 seconds
2018-02-17T16:44:53.111+0800: 22.524: Total time for which application threads were stopped: 0.0000846 seconds, Stopping threads took: 0.0000114 seconds
2018-02-17T16:44:53.112+0800: 22.525: Total time for which application threads were stopped: 0.0000905 seconds, Stopping threads took: 0.0000227 seconds
{Heap before GC invocations=4 (full 1):
 par new generation   total 109248K, used 109248K [0x00000007a0000000, 0x00000007a8000000, 0x00000007a8000000)
  eden space 87424K, 100% used [0x00000007a0000000, 0x00000007a5560000, 0x00000007a5560000)
  from space 21824K, 100% used [0x00000007a5560000, 0x00000007a6ab0000, 0x00000007a6ab0000)
  to   space 21824K,   0% used [0x00000007a6ab0000, 0x00000007a6ab0000, 0x00000007a8000000)
 concurrent mark-sweep generation total 393216K, used 0K [0x00000007a8000000, 0x00000007c0000000, 0x00000007c0000000)
 Metaspace       used 29518K, capacity 30358K, committed 30716K, reserved 1077248K
  class space    used 3520K, capacity 3759K, committed 3836K, reserved 1048576K
2018-02-17T16:44:53.199+0800: 22.612: [GC (Allocation Failure) 2018-02-17T16:44:53.199+0800: 22.612: [ParNew
Desired survivor size 20112992 bytes, new threshold 8 (max 8)
- age   1:    1406800 bytes,    1406800 total
- age   2:    1493824 bytes,    2900624 total
- age   3:    2764040 bytes,    5664664 total
- age   4:    3013824 bytes,    8678488 total
- age   5:    5641560 bytes,   14320048 total
: 109248K->15515K(109248K), 0.0407505 secs] 109248K->15515K(502464K), 0.0408296 secs] [Times: user=0.06 sys=0.00, real=0.05 secs] 
Heap after GC invocations=5 (full 1):
 par new generation   total 109248K, used 15515K [0x00000007a0000000, 0x00000007a8000000, 0x00000007a8000000)
  eden space 87424K,   0% used [0x00000007a0000000, 0x00000007a0000000, 0x00000007a5560000)
  from space 21824K,  71% used [0x00000007a6ab0000, 0x00000007a79d6e08, 0x00000007a8000000)
  to   space 21824K,   0% used [0x00000007a5560000, 0x00000007a5560000, 0x00000007a6ab0000)
 concurrent mark-sweep generation total 393216K, used 0K [0x00000007a8000000, 0x00000007c0000000, 0x00000007c0000000)
 Metaspace       used 29518K, capacity 30358K, committed 30716K, reserved 1077248K
  class space    used 3520K, capacity 3759K, committed 3836K, reserved 1048576K
}
2018-02-17T16:44:53.240+0800: 22.653: Total time for which application threads were stopped: 0.0411243 seconds, Stopping threads took: 0.0000803 seconds
2018-02-17T16:44:53.270+0800: 22.683: Total time for which application threads were stopped: 0.0005095 seconds, Stopping threads took: 0.0003960 seconds
2018-02-17T16:44:53.285+0800: 22.698: Total time for which application threads were stopped: 0.0003170 seconds, Stopping threads took: 0.0002194 seconds
2018-02-17T16:44:53.309+0800: 22.722: Total time for which application threads were stopped: 0.0015351 seconds, Stopping threads took: 0.0014293 seconds
2018-02-17T16:44:53.330+0800: 22.743: Total time for which application threads were stopped: 0.0009739 seconds, Stopping threads took: 0.0008724 seconds
{Heap before GC invocations=5 (full 1):
 par new generation   total 109248K, used 102939K [0x00000007a0000000, 0x00000007a8000000, 0x00000007a8000000)
  eden space 87424K, 100% used [0x00000007a0000000, 0x00000007a5560000, 0x00000007a5560000)
  from space 21824K,  71% used [0x00000007a6ab0000, 0x00000007a79d6e08, 0x00000007a8000000)
  to   space 21824K,   0% used [0x00000007a5560000, 0x00000007a5560000, 0x00000007a6ab0000)
 concurrent mark-sweep generation total 393216K, used 0K [0x00000007a8000000, 0x00000007c0000000, 0x00000007c0000000)
 Metaspace       used 29636K, capacity 30524K, committed 30716K, reserved 1077248K
  class space    used 3534K, capacity 3792K, committed 3836K, reserved 1048576K
2018-02-17T16:44:53.370+0800: 22.783: [GC (Allocation Failure) 2018-02-17T16:44:53.371+0800: 22.784: [ParNew
Desired survivor size 20112992 bytes, new threshold 8 (max 8)
- age   1:     536912 bytes,     536912 total
- age   2:     293448 bytes,     830360 total
- age   3:    1493616 bytes,    2323976 total
- age   4:    2762952 bytes,    5086928 total
- age   5:    3013720 bytes,    8100648 total
- age   6:    5641528 bytes,   13742176 total
: 102939K->18317K(109248K), 0.0133044 secs] 102939K->18317K(502464K), 0.0141860 secs] [Times: user=0.05 sys=0.00, real=0.01 secs] 
Heap after GC invocations=6 (full 1):
 par new generation   total 109248K, used 18317K [0x00000007a0000000, 0x00000007a8000000, 0x00000007a8000000)
  eden space 87424K,   0% used [0x00000007a0000000, 0x00000007a0000000, 0x00000007a5560000)
  from space 21824K,  83% used [0x00000007a5560000, 0x00000007a67437a0, 0x00000007a6ab0000)
  to   space 21824K,   0% used [0x00000007a6ab0000, 0x00000007a6ab0000, 0x00000007a8000000)
 concurrent mark-sweep generation total 393216K, used 0K [0x00000007a8000000, 0x00000007c0000000, 0x00000007c0000000)
 Metaspace       used 29636K, capacity 30524K, committed 30716K, reserved 1077248K
  class space    used 3534K, capacity 3792K, committed 3836K, reserved 1048576K
}
2018-02-17T16:44:53.384+0800: 22.797: Total time for which application threads were stopped: 0.0144721 seconds, Stopping threads took: 0.0000872 seconds
2018-02-17T16:44:53.439+0800: 22.852: Total time for which application threads were stopped: 0.0001646 seconds, Stopping threads took: 0.0000431 seconds
2018-02-17T16:44:53.439+0800: 22.852: Total time for which application threads were stopped: 0.0000611 seconds, Stopping threads took: 0.0000096 seconds
2018-02-17T16:44:53.482+0800: 22.895: Total time for which application threads were stopped: 0.0000947 seconds, Stopping threads took: 0.0000149 seconds
2018-02-17T16:44:53.490+0800: 22.903: Total time for which application threads were stopped: 0.0000972 seconds, Stopping threads took: 0.0000196 seconds
2018-02-17T16:44:53.494+0800: 22.907: Total time for which application threads were stopped: 0.0001306 seconds, Stopping threads took: 0.0000434 seconds
2018-02-17T16:44:53.562+0800: 22.975: Total time for which application threads were stopped: 0.0004515 seconds, Stopping threads took: 0.0000505 seconds
2018-02-17T16:44:53.708+0800: 23.121: Total time for which application threads were stopped: 0.0001770 seconds, Stopping threads took: 0.0000223 seconds
{Heap before GC invocations=6 (full 1):
 par new generation   total 109248K, used 105741K [0x00000007a0000000, 0x00000007a8000000, 0x00000007a8000000)
  eden space 87424K, 100% used [0x00000007a0000000, 0x00000007a5560000, 0x00000007a5560000)
  from space 21824K,  83% used [0x00000007a5560000, 0x00000007a67437a0, 0x00000007a6ab0000)
  to   space 21824K,   0% used [0x00000007a6ab0000, 0x00000007a6ab0000, 0x00000007a8000000)
 concurrent mark-sweep generation total 393216K, used 0K [0x00000007a8000000, 0x00000007c0000000, 0x00000007c0000000)
 Metaspace       used 31321K, capacity 32172K, committed 32508K, reserved 1077248K
  class space    used 3727K, capacity 3996K, committed 4092K, reserved 1048576K
2018-02-17T16:44:53.709+0800: 23.122: [GC (Allocation Failure) 2018-02-17T16:44:53.709+0800: 23.122: [ParNew
Desired survivor size 20112992 bytes, new threshold 8 (max 8)
- age   1:    2128504 bytes,    2128504 total
- age   2:      84584 bytes,    2213088 total
- age   3:     256520 bytes,    2469608 total
- age   4:     810416 bytes,    3280024 total
- age   5:    2330904 bytes,    5610928 total
- age   6:    3012248 bytes,    8623176 total
- age   7:    5641480 bytes,   14264656 total
: 105741K->18192K(109248K), 0.0109577 secs] 105741K->18192K(502464K), 0.0110249 secs] [Times: user=0.04 sys=0.00, real=0.02 secs] 
Heap after GC invocations=7 (full 1):
 par new generation   total 109248K, used 18192K [0x00000007a0000000, 0x00000007a8000000, 0x00000007a8000000)
  eden space 87424K,   0% used [0x00000007a0000000, 0x00000007a0000000, 0x00000007a5560000)
  from space 21824K,  83% used [0x00000007a6ab0000, 0x00000007a7c740f0, 0x00000007a8000000)
  to   space 21824K,   0% used [0x00000007a5560000, 0x00000007a5560000, 0x00000007a6ab0000)
 concurrent mark-sweep generation total 393216K, used 0K [0x00000007a8000000, 0x00000007c0000000, 0x00000007c0000000)
 Metaspace       used 31321K, capacity 32172K, committed 32508K, reserved 1077248K
  class space    used 3727K, capacity 3996K, committed 4092K, reserved 1048576K
}
2018-02-17T16:44:53.720+0800: 23.133: Total time for which application threads were stopped: 0.0112929 seconds, Stopping threads took: 0.0001374 seconds
2018-02-17T16:44:53.723+0800: 23.136: Total time for which application threads were stopped: 0.0001224 seconds, Stopping threads took: 0.0000353 seconds
2018-02-17T16:44:53.737+0800: 23.150: Total time for which application threads were stopped: 0.0001302 seconds, Stopping threads took: 0.0000388 seconds
2018-02-17T16:44:53.737+0800: 23.150: Total time for which application threads were stopped: 0.0000868 seconds, Stopping threads took: 0.0000335 seconds
2018-02-17T16:44:53.738+0800: 23.151: Total time for which application threads were stopped: 0.0000863 seconds, Stopping threads took: 0.0000143 seconds
2018-02-17T16:44:53.739+0800: 23.152: Total time for which application threads were stopped: 0.0001055 seconds, Stopping threads took: 0.0000419 seconds
2018-02-17T16:44:53.740+0800: 23.153: Total time for which application threads were stopped: 0.0000785 seconds, Stopping threads took: 0.0000239 seconds
2018-02-17T16:44:53.886+0800: 23.299: Total time for which application threads were stopped: 0.0001572 seconds, Stopping threads took: 0.0000553 seconds
2018-02-17T16:44:54.220+0800: 23.633: Total time for which application threads were stopped: 0.0001271 seconds, Stopping threads took: 0.0000230 seconds
2018-02-17T16:44:54.221+0800: 23.634: Total time for which application threads were stopped: 0.0000868 seconds, Stopping threads took: 0.0000217 seconds
2018-02-17T16:44:54.221+0800: 23.634: Total time for which application threads were stopped: 0.0000954 seconds, Stopping threads took: 0.0000230 seconds
2018-02-17T16:44:54.221+0800: 23.634: Total time for which application threads were stopped: 0.0001200 seconds, Stopping threads took: 0.0000644 seconds
2018-02-17T16:44:54.221+0800: 23.634: Total time for which application threads were stopped: 0.0000785 seconds, Stopping threads took: 0.0000082 seconds
2018-02-17T16:44:54.243+0800: 23.656: Total time for which application threads were stopped: 0.0004789 seconds, Stopping threads took: 0.0000333 seconds
2018-02-17T16:44:54.298+0800: 23.711: Total time for which application threads were stopped: 0.0004557 seconds, Stopping threads took: 0.0000211 seconds
2018-02-17T16:44:54.300+0800: 23.713: Total time for which application threads were stopped: 0.0001202 seconds, Stopping threads took: 0.0000294 seconds
2018-02-17T16:44:54.300+0800: 23.713: Total time for which application threads were stopped: 0.0001405 seconds, Stopping threads took: 0.0000274 seconds
2018-02-17T16:44:54.309+0800: 23.722: Total time for which application threads were stopped: 0.0001489 seconds, Stopping threads took: 0.0000619 seconds
2018-02-17T16:44:54.309+0800: 23.722: Total time for which application threads were stopped: 0.0000997 seconds, Stopping threads took: 0.0000467 seconds
2018-02-17T16:44:54.357+0800: 23.770: Total time for which application threads were stopped: 0.0000900 seconds, Stopping threads took: 0.0000182 seconds
2018-02-17T16:44:54.777+0800: 24.190: Total time for which application threads were stopped: 0.0001531 seconds, Stopping threads took: 0.0000234 seconds
2018-02-17T16:44:54.842+0800: 24.255: Total time for which application threads were stopped: 0.0003512 seconds, Stopping threads took: 0.0001849 seconds
{Heap before GC invocations=7 (full 1):
 par new generation   total 109248K, used 105616K [0x00000007a0000000, 0x00000007a8000000, 0x00000007a8000000)
  eden space 87424K, 100% used [0x00000007a0000000, 0x00000007a5560000, 0x00000007a5560000)
  from space 21824K,  83% used [0x00000007a6ab0000, 0x00000007a7c740f0, 0x00000007a8000000)
  to   space 21824K,   0% used [0x00000007a5560000, 0x00000007a5560000, 0x00000007a6ab0000)
 concurrent mark-sweep generation total 393216K, used 0K [0x00000007a8000000, 0x00000007c0000000, 0x00000007c0000000)
 Metaspace       used 32714K, capacity 33628K, committed 33916K, reserved 1079296K
  class space    used 3894K, capacity 4146K, committed 4220K, reserved 1048576K
2018-02-17T16:44:54.848+0800: 24.260: [GC (Allocation Failure) 2018-02-17T16:44:54.848+0800: 24.260: [ParNew
Desired survivor size 20112992 bytes, new threshold 8 (max 8)
- age   1:    3562640 bytes,    3562640 total
- age   2:     480856 bytes,    4043496 total
- age   3:      26872 bytes,    4070368 total
- age   4:     229256 bytes,    4299624 total
- age   5:     131128 bytes,    4430752 total
- age   6:    1890912 bytes,    6321664 total
- age   7:    3009000 bytes,    9330664 total
- age   8:    5637592 bytes,   14968256 total
: 105616K->16301K(109248K), 0.0186374 secs] 105616K->16301K(502464K), 0.0187031 secs] [Times: user=0.05 sys=0.00, real=0.02 secs] 
Heap after GC invocations=8 (full 1):
 par new generation   total 109248K, used 16301K [0x00000007a0000000, 0x00000007a8000000, 0x00000007a8000000)
  eden space 87424K,   0% used [0x00000007a0000000, 0x00000007a0000000, 0x00000007a5560000)
  from space 21824K,  74% used [0x00000007a5560000, 0x00000007a654b4b8, 0x00000007a6ab0000)
  to   space 21824K,   0% used [0x00000007a6ab0000, 0x00000007a6ab0000, 0x00000007a8000000)
 concurrent mark-sweep generation total 393216K, used 0K [0x00000007a8000000, 0x00000007c0000000, 0x00000007c0000000)
 Metaspace       used 32714K, capacity 33628K, committed 33916K, reserved 1079296K
  class space    used 3894K, capacity 4146K, committed 4220K, reserved 1048576K
}
2018-02-17T16:44:54.866+0800: 24.279: Total time for which application threads were stopped: 0.0189325 seconds, Stopping threads took: 0.0000200 seconds
2018-02-17T16:44:54.867+0800: 24.280: Total time for which application threads were stopped: 0.0001567 seconds, Stopping threads took: 0.0000693 seconds
2018-02-17T16:44:54.867+0800: 24.280: Total time for which application threads were stopped: 0.0001561 seconds, Stopping threads took: 0.0000531 seconds
2018-02-17T16:44:54.876+0800: 24.289: Total time for which application threads were stopped: 0.0001586 seconds, Stopping threads took: 0.0000333 seconds
2018-02-17T16:44:54.878+0800: 24.291: Total time for which application threads were stopped: 0.0002792 seconds, Stopping threads took: 0.0001795 seconds
{Heap before GC invocations=8 (full 1):
 par new generation   total 109248K, used 103725K [0x00000007a0000000, 0x00000007a8000000, 0x00000007a8000000)
  eden space 87424K, 100% used [0x00000007a0000000, 0x00000007a5560000, 0x00000007a5560000)
  from space 21824K,  74% used [0x00000007a5560000, 0x00000007a654b4b8, 0x00000007a6ab0000)
  to   space 21824K,   0% used [0x00000007a6ab0000, 0x00000007a6ab0000, 0x00000007a8000000)
 concurrent mark-sweep generation total 393216K, used 0K [0x00000007a8000000, 0x00000007c0000000, 0x00000007c0000000)
 Metaspace       used 32729K, capacity 33640K, committed 33916K, reserved 1079296K
  class space    used 3895K, capacity 4148K, committed 4220K, reserved 1048576K
2018-02-17T16:44:54.972+0800: 24.385: [GC (Allocation Failure) 2018-02-17T16:44:54.972+0800: 24.385: [ParNew
Desired survivor size 20112992 bytes, new threshold 8 (max 8)
- age   1:     684176 bytes,     684176 total
- age   2:    2248504 bytes,    2932680 total
- age   3:     480856 bytes,    3413536 total
- age   4:      26664 bytes,    3440200 total
- age   5:     229256 bytes,    3669456 total
- age   6:     131152 bytes,    3800608 total
- age   7:    1889120 bytes,    5689728 total
- age   8:    3009088 bytes,    8698816 total
: 103725K->15967K(109248K), 0.0523289 secs] 103725K->22047K(502464K), 0.0524122 secs] [Times: user=0.10 sys=0.01, real=0.05 secs] 
Heap after GC invocations=9 (full 1):
 par new generation   total 109248K, used 15967K [0x00000007a0000000, 0x00000007a8000000, 0x00000007a8000000)
  eden space 87424K,   0% used [0x00000007a0000000, 0x00000007a0000000, 0x00000007a5560000)
  from space 21824K,  73% used [0x00000007a6ab0000, 0x00000007a7a47fb8, 0x00000007a8000000)
  to   space 21824K,   0% used [0x00000007a5560000, 0x00000007a5560000, 0x00000007a6ab0000)
 concurrent mark-sweep generation total 393216K, used 6080K [0x00000007a8000000, 0x00000007c0000000, 0x00000007c0000000)
 Metaspace       used 32729K, capacity 33640K, committed 33916K, reserved 1079296K
  class space    used 3895K, capacity 4148K, committed 4220K, reserved 1048576K
}
2018-02-17T16:44:55.024+0800: 24.437: Total time for which application threads were stopped: 0.0548399 seconds, Stopping threads took: 0.0022498 seconds
2018-02-17T16:44:55.025+0800: 24.438: Total time for which application threads were stopped: 0.0002131 seconds, Stopping threads took: 0.0000989 seconds
2018-02-17T16:44:55.025+0800: 24.438: Total time for which application threads were stopped: 0.0002598 seconds, Stopping threads took: 0.0001649 seconds
{Heap before GC invocations=9 (full 1):
 par new generation   total 109248K, used 103391K [0x00000007a0000000, 0x00000007a8000000, 0x00000007a8000000)
  eden space 87424K, 100% used [0x00000007a0000000, 0x00000007a5560000, 0x00000007a5560000)
  from space 21824K,  73% used [0x00000007a6ab0000, 0x00000007a7a47fb8, 0x00000007a8000000)
  to   space 21824K,   0% used [0x00000007a5560000, 0x00000007a5560000, 0x00000007a6ab0000)
 concurrent mark-sweep generation total 393216K, used 6080K [0x00000007a8000000, 0x00000007c0000000, 0x00000007c0000000)
 Metaspace       used 32750K, capacity 33640K, committed 33916K, reserved 1079296K
  class space    used 3895K, capacity 4148K, committed 4220K, reserved 1048576K
2018-02-17T16:44:55.080+0800: 24.493: [GC (Allocation Failure) 2018-02-17T16:44:55.080+0800: 24.493: [ParNew
Desired survivor size 20112992 bytes, new threshold 8 (max 8)
- age   1:     911240 bytes,     911240 total
- age   2:     259616 bytes,    1170856 total
- age   3:    2238384 bytes,    3409240 total
- age   4:     480856 bytes,    3890096 total
- age   5:      26632 bytes,    3916728 total
- age   6:     229256 bytes,    4145984 total
- age   7:     131128 bytes,    4277112 total
- age   8:    1889096 bytes,    6166208 total
: 103391K->8376K(109248K), 0.0193509 secs] 109471K->17412K(502464K), 0.0194322 secs] [Times: user=0.04 sys=0.00, real=0.02 secs] 
Heap after GC invocations=10 (full 1):
 par new generation   total 109248K, used 8376K [0x00000007a0000000, 0x00000007a8000000, 0x00000007a8000000)
  eden space 87424K,   0% used [0x00000007a0000000, 0x00000007a0000000, 0x00000007a5560000)
  from space 21824K,  38% used [0x00000007a5560000, 0x00000007a5d8e068, 0x00000007a6ab0000)
  to   space 21824K,   0% used [0x00000007a6ab0000, 0x00000007a6ab0000, 0x00000007a8000000)
 concurrent mark-sweep generation total 393216K, used 9036K [0x00000007a8000000, 0x00000007c0000000, 0x00000007c0000000)
 Metaspace       used 32750K, capacity 33640K, committed 33916K, reserved 1079296K
  class space    used 3895K, capacity 4148K, committed 4220K, reserved 1048576K
}
2018-02-17T16:44:55.100+0800: 24.513: Total time for which application threads were stopped: 0.0198295 seconds, Stopping threads took: 0.0001957 seconds
2018-02-17T16:44:55.100+0800: 24.513: Total time for which application threads were stopped: 0.0002398 seconds, Stopping threads took: 0.0001337 seconds
2018-02-17T16:44:55.171+0800: 24.584: Total time for which application threads were stopped: 0.0002414 seconds, Stopping threads took: 0.0000842 seconds
{Heap before GC invocations=10 (full 1):
 par new generation   total 109248K, used 95800K [0x00000007a0000000, 0x00000007a8000000, 0x00000007a8000000)
  eden space 87424K, 100% used [0x00000007a0000000, 0x00000007a5560000, 0x00000007a5560000)
  from space 21824K,  38% used [0x00000007a5560000, 0x00000007a5d8e068, 0x00000007a6ab0000)
  to   space 21824K,   0% used [0x00000007a6ab0000, 0x00000007a6ab0000, 0x00000007a8000000)
 concurrent mark-sweep generation total 393216K, used 9036K [0x00000007a8000000, 0x00000007c0000000, 0x00000007c0000000)
 Metaspace       used 32797K, capacity 33710K, committed 33916K, reserved 1079296K
  class space    used 3895K, capacity 4149K, committed 4220K, reserved 1048576K
2018-02-17T16:44:55.172+0800: 24.585: [GC (Allocation Failure) 2018-02-17T16:44:55.172+0800: 24.585: [ParNew
Desired survivor size 20112992 bytes, new threshold 8 (max 8)
- age   1:     758784 bytes,     758784 total
- age   2:     718872 bytes,    1477656 total
- age   3:     249152 bytes,    1726808 total
- age   4:    2237896 bytes,    3964704 total
- age   5:     480856 bytes,    4445560 total
- age   6:      26528 bytes,    4472088 total
- age   7:     229256 bytes,    4701344 total
- age   8:     131128 bytes,    4832472 total
: 95800K->6045K(109248K), 0.0197821 secs] 104836K->16957K(502464K), 0.0198547 secs] [Times: user=0.06 sys=0.00, real=0.02 secs] 
Heap after GC invocations=11 (full 1):
 par new generation   total 109248K, used 6045K [0x00000007a0000000, 0x00000007a8000000, 0x00000007a8000000)
  eden space 87424K,   0% used [0x00000007a0000000, 0x00000007a0000000, 0x00000007a5560000)
  from space 21824K,  27% used [0x00000007a6ab0000, 0x00000007a7097708, 0x00000007a8000000)
  to   space 21824K,   0% used [0x00000007a5560000, 0x00000007a5560000, 0x00000007a6ab0000)
 concurrent mark-sweep generation total 393216K, used 10911K [0x00000007a8000000, 0x00000007c0000000, 0x00000007c0000000)
 Metaspace       used 32797K, capacity 33710K, committed 33916K, reserved 1079296K
  class space    used 3895K, capacity 4149K, committed 4220K, reserved 1048576K
}
2018-02-17T16:44:55.192+0800: 24.605: Total time for which application threads were stopped: 0.0200529 seconds, Stopping threads took: 0.0000185 seconds
2018-02-17T16:44:55.281+0800: 24.694: Total time for which application threads were stopped: 0.0007065 seconds, Stopping threads took: 0.0000568 seconds
2018-02-17T16:44:55.308+0800: 24.721: Total time for which application threads were stopped: 0.0002381 seconds, Stopping threads took: 0.0001032 seconds
2018-02-17T16:44:55.309+0800: 24.722: Total time for which application threads were stopped: 0.0002038 seconds, Stopping threads took: 0.0000922 seconds
2018-02-17T16:44:55.315+0800: 24.728: Total time for which application threads were stopped: 0.0005316 seconds, Stopping threads took: 0.0004400 seconds
2018-02-17T16:44:55.361+0800: 24.774: Total time for which application threads were stopped: 0.0004281 seconds, Stopping threads took: 0.0002883 seconds
2018-02-17T16:44:55.364+0800: 24.777: Total time for which application threads were stopped: 0.0001247 seconds, Stopping threads took: 0.0000185 seconds
2018-02-17T16:44:55.365+0800: 24.778: Total time for which application threads were stopped: 0.0001295 seconds, Stopping threads took: 0.0000334 seconds
2018-02-17T16:44:55.365+0800: 24.778: Total time for which application threads were stopped: 0.0000853 seconds, Stopping threads took: 0.0000112 seconds
2018-02-17T16:44:55.404+0800: 24.817: Total time for which application threads were stopped: 0.0000985 seconds, Stopping threads took: 0.0000185 seconds
2018-02-17T16:44:55.502+0800: 24.915: Total time for which application threads were stopped: 0.0001495 seconds, Stopping threads took: 0.0000245 seconds
2018-02-17T16:44:55.524+0800: 24.937: Total time for which application threads were stopped: 0.0001355 seconds, Stopping threads took: 0.0000346 seconds
2018-02-17T16:44:55.543+0800: 24.956: Total time for which application threads were stopped: 0.0019080 seconds, Stopping threads took: 0.0018134 seconds
2018-02-17T16:44:55.544+0800: 24.957: Total time for which application threads were stopped: 0.0004096 seconds, Stopping threads took: 0.0000309 seconds
2018-02-17T16:44:55.557+0800: 24.970: Total time for which application threads were stopped: 0.0001788 seconds, Stopping threads took: 0.0000546 seconds
{Heap before GC invocations=11 (full 1):
 par new generation   total 109248K, used 93469K [0x00000007a0000000, 0x00000007a8000000, 0x00000007a8000000)
  eden space 87424K, 100% used [0x00000007a0000000, 0x00000007a5560000, 0x00000007a5560000)
  from space 21824K,  27% used [0x00000007a6ab0000, 0x00000007a7097708, 0x00000007a8000000)
  to   space 21824K,   0% used [0x00000007a5560000, 0x00000007a5560000, 0x00000007a6ab0000)
 concurrent mark-sweep generation total 393216K, used 10911K [0x00000007a8000000, 0x00000007c0000000, 0x00000007c0000000)
 Metaspace       used 35088K, capacity 36094K, committed 36348K, reserved 1081344K
  class space    used 4208K, capacity 4501K, committed 4604K, reserved 1048576K
2018-02-17T16:44:55.622+0800: 25.035: [GC (Allocation Failure) 2018-02-17T16:44:55.622+0800: 25.035: [ParNew
Desired survivor size 20112992 bytes, new threshold 8 (max 8)
- age   1:    4452768 bytes,    4452768 total
- age   2:     138608 bytes,    4591376 total
- age   3:     128872 bytes,    4720248 total
- age   4:     245040 bytes,    4965288 total
- age   5:    1643256 bytes,    6608544 total
- age   6:     479696 bytes,    7088240 total
- age   7:      25792 bytes,    7114032 total
- age   8:     228512 bytes,    7342544 total
: 93469K->11007K(109248K), 0.0190810 secs] 104381K->22050K(502464K), 0.0191797 secs] [Times: user=0.06 sys=0.01, real=0.02 secs] 
Heap after GC invocations=12 (full 1):
 par new generation   total 109248K, used 11007K [0x00000007a0000000, 0x00000007a8000000, 0x00000007a8000000)
  eden space 87424K,   0% used [0x00000007a0000000, 0x00000007a0000000, 0x00000007a5560000)
  from space 21824K,  50% used [0x00000007a5560000, 0x00000007a601fef0, 0x00000007a6ab0000)
  to   space 21824K,   0% used [0x00000007a6ab0000, 0x00000007a6ab0000, 0x00000007a8000000)
 concurrent mark-sweep generation total 393216K, used 11042K [0x00000007a8000000, 0x00000007c0000000, 0x00000007c0000000)
 Metaspace       used 35088K, capacity 36094K, committed 36348K, reserved 1081344K
  class space    used 4208K, capacity 4501K, committed 4604K, reserved 1048576K
}
2018-02-17T16:44:55.642+0800: 25.054: Total time for which application threads were stopped: 0.0194606 seconds, Stopping threads took: 0.0000493 seconds
2018-02-17T16:44:55.681+0800: 25.094: Total time for which application threads were stopped: 0.0001230 seconds, Stopping threads took: 0.0000226 seconds
2018-02-17T16:44:56.685+0800: 26.098: Total time for which application threads were stopped: 0.0001489 seconds, Stopping threads took: 0.0000332 seconds
2018-02-17T16:45:00.744+0800: 30.157: Total time for which application threads were stopped: 0.0001268 seconds, Stopping threads took: 0.0000217 seconds
2018-02-17T16:45:00.758+0800: 30.171: Total time for which application threads were stopped: 0.0006256 seconds, Stopping threads took: 0.0000190 seconds
2018-02-17T16:45:00.794+0800: 30.207: Total time for which application threads were stopped: 0.0001254 seconds, Stopping threads took: 0.0000309 seconds
2018-02-17T16:45:00.803+0800: 30.216: Total time for which application threads were stopped: 0.0005780 seconds, Stopping threads took: 0.0000209 seconds
2018-02-17T16:45:00.824+0800: 30.237: Total time for which application threads were stopped: 0.0001740 seconds, Stopping threads took: 0.0000293 seconds
2018-02-17T16:45:00.842+0800: 30.255: Total time for which application threads were stopped: 0.0006379 seconds, Stopping threads took: 0.0000233 seconds
2018-02-17T16:45:00.859+0800: 30.272: Total time for which application threads were stopped: 0.0001536 seconds, Stopping threads took: 0.0000302 seconds
2018-02-17T16:45:00.860+0800: 30.273: Total time for which application threads were stopped: 0.0006337 seconds, Stopping threads took: 0.0000233 seconds
2018-02-17T16:45:00.883+0800: 30.296: Total time for which application threads were stopped: 0.0001224 seconds, Stopping threads took: 0.0000179 seconds
2018-02-17T16:45:00.912+0800: 30.325: Total time for which application threads were stopped: 0.0005370 seconds, Stopping threads took: 0.0000540 seconds
2018-02-17T16:45:00.922+0800: 30.335: Total time for which application threads were stopped: 0.0001186 seconds, Stopping threads took: 0.0000196 seconds
2018-02-17T16:45:00.964+0800: 30.376: Total time for which application threads were stopped: 0.0001200 seconds, Stopping threads took: 0.0000193 seconds
2018-02-17T16:45:00.981+0800: 30.394: Total time for which application threads were stopped: 0.0001075 seconds, Stopping threads took: 0.0000180 seconds
2018-02-17T16:45:01.000+0800: 30.412: Total time for which application threads were stopped: 0.0001191 seconds, Stopping threads took: 0.0000186 seconds
2018-02-17T16:45:01.011+0800: 30.424: Total time for which application threads were stopped: 0.0001161 seconds, Stopping threads took: 0.0000329 seconds
2018-02-17T16:45:01.012+0800: 30.425: Total time for which application threads were stopped: 0.0001207 seconds, Stopping threads took: 0.0000361 seconds
2018-02-17T16:45:01.033+0800: 30.446: Total time for which application threads were stopped: 0.0001549 seconds, Stopping threads took: 0.0000498 seconds
2018-02-17T16:45:01.036+0800: 30.449: Total time for which application threads were stopped: 0.0001188 seconds, Stopping threads took: 0.0000170 seconds
2018-02-17T16:45:01.041+0800: 30.454: Total time for which application threads were stopped: 0.0001451 seconds, Stopping threads took: 0.0000348 seconds
2018-02-17T16:45:01.051+0800: 30.464: Total time for which application threads were stopped: 0.0004604 seconds, Stopping threads took: 0.0000259 seconds
2018-02-17T16:45:01.641+0800: 31.053: [GC (CMS Initial Mark) [1 CMS-initial-mark: 11042K(393216K)] 83261K(502464K), 0.0094475 secs] [Times: user=0.04 sys=0.00, real=0.01 secs] 
2018-02-17T16:45:01.650+0800: 31.063: Total time for which application threads were stopped: 0.0097579 seconds, Stopping threads took: 0.0000394 seconds
2018-02-17T16:45:01.650+0800: 31.063: [CMS-concurrent-mark-start]
2018-02-17T16:45:01.658+0800: 31.071: [CMS-concurrent-mark: 0.008/0.008 secs] [Times: user=0.02 sys=0.00, real=0.00 secs] 
2018-02-17T16:45:01.659+0800: 31.071: [CMS-concurrent-preclean-start]
2018-02-17T16:45:01.660+0800: 31.073: [CMS-concurrent-preclean: 0.002/0.002 secs] [Times: user=0.00 sys=0.00, real=0.01 secs] 
2018-02-17T16:45:01.660+0800: 31.073: [CMS-concurrent-abortable-preclean-start]
2018-02-17T16:45:03.656+0800: 33.068: Total time for which application threads were stopped: 0.0002065 seconds, Stopping threads took: 0.0000389 seconds
2018-02-17T16:45:05.658+0800: 35.071: Total time for which application threads were stopped: 0.0002683 seconds, Stopping threads took: 0.0000346 seconds
2018-02-17T16:45:05.713+0800: 35.126: Total time for which application threads were stopped: 0.0002145 seconds, Stopping threads took: 0.0000772 seconds
2018-02-17T16:45:05.714+0800: 35.126: Total time for which application threads were stopped: 0.0001561 seconds, Stopping threads took: 0.0000479 seconds
2018-02-17T16:45:05.721+0800: 35.134: Total time for which application threads were stopped: 0.0001478 seconds, Stopping threads took: 0.0000279 seconds
2018-02-17T16:45:05.724+0800: 35.137: Total time for which application threads were stopped: 0.0001340 seconds, Stopping threads took: 0.0000244 seconds
2018-02-17T16:45:05.728+0800: 35.141: Total time for which application threads were stopped: 0.0001307 seconds, Stopping threads took: 0.0000245 seconds
2018-02-17T16:45:05.766+0800: 35.179: Total time for which application threads were stopped: 0.0002275 seconds, Stopping threads took: 0.0001094 seconds
2018-02-17T16:45:05.772+0800: 35.185: Total time for which application threads were stopped: 0.0001205 seconds, Stopping threads took: 0.0000228 seconds
2018-02-17T16:45:05.774+0800: 35.187: Total time for which application threads were stopped: 0.0001172 seconds, Stopping threads took: 0.0000219 seconds
2018-02-17T16:45:05.777+0800: 35.190: Total time for which application threads were stopped: 0.0001430 seconds, Stopping threads took: 0.0000328 seconds
2018-02-17T16:45:05.780+0800: 35.193: Total time for which application threads were stopped: 0.0001225 seconds, Stopping threads took: 0.0000230 seconds
2018-02-17T16:45:05.781+0800: 35.194: Total time for which application threads were stopped: 0.0001113 seconds, Stopping threads took: 0.0000167 seconds
2018-02-17T16:45:05.782+0800: 35.195: Total time for which application threads were stopped: 0.0001050 seconds, Stopping threads took: 0.0000214 seconds
2018-02-17T16:45:05.786+0800: 35.198: Total time for which application threads were stopped: 0.0001572 seconds, Stopping threads took: 0.0000551 seconds
2018-02-17T16:45:05.787+0800: 35.200: Total time for which application threads were stopped: 0.0001425 seconds, Stopping threads took: 0.0000351 seconds
2018-02-17T16:45:05.792+0800: 35.204: Total time for which application threads were stopped: 0.0001387 seconds, Stopping threads took: 0.0000312 seconds
2018-02-17T16:45:05.795+0800: 35.207: Total time for which application threads were stopped: 0.0001365 seconds, Stopping threads took: 0.0000340 seconds
2018-02-17T16:45:06.797+0800: 36.210: Total time for which application threads were stopped: 0.0003215 seconds, Stopping threads took: 0.0000466 seconds
 CMS: abort preclean due to time 2018-02-17T16:45:07.795+0800: 37.207: [CMS-concurrent-abortable-preclean: 1.732/6.134 secs] [Times: user=1.91 sys=0.04, real=6.13 secs] 
2018-02-17T16:45:07.795+0800: 37.207: [GC (CMS Final Remark) [YG occupancy: 78259 K (109248 K)]{Heap before GC invocations=12 (full 2):
 par new generation   total 109248K, used 78259K [0x00000007a0000000, 0x00000007a8000000, 0x00000007a8000000)
  eden space 87424K,  76% used [0x00000007a0000000, 0x00000007a41ad0e8, 0x00000007a5560000)
  from space 21824K,  50% used [0x00000007a5560000, 0x00000007a601fef0, 0x00000007a6ab0000)
  to   space 21824K,   0% used [0x00000007a6ab0000, 0x00000007a6ab0000, 0x00000007a8000000)
 concurrent mark-sweep generation total 393216K, used 11042K [0x00000007a8000000, 0x00000007c0000000, 0x00000007c0000000)
 Metaspace       used 38551K, capacity 39790K, committed 40016K, reserved 1085440K
  class space    used 4661K, capacity 4975K, committed 5012K, reserved 1048576K
2018-02-17T16:45:07.795+0800: 37.207: [GC (CMS Final Remark) 2018-02-17T16:45:07.795+0800: 37.208: [ParNew
Desired survivor size 20112992 bytes, new threshold 8 (max 8)
- age   1:    8394064 bytes,    8394064 total
- age   2:    2048400 bytes,   10442464 total
- age   3:     138608 bytes,   10581072 total
- age   4:     128840 bytes,   10709912 total
- age   5:     245040 bytes,   10954952 total
- age   6:    1635320 bytes,   12590272 total
- age   7:     479224 bytes,   13069496 total
- age   8:      24944 bytes,   13094440 total
: 78259K->14466K(109248K), 0.0122033 secs] 89302K->25737K(502464K), 0.0123018 secs] [Times: user=0.04 sys=0.00, real=0.01 secs] 
Heap after GC invocations=13 (full 2):
 par new generation   total 109248K, used 14466K [0x00000007a0000000, 0x00000007a8000000, 0x00000007a8000000)
  eden space 87424K,   0% used [0x00000007a0000000, 0x00000007a0000000, 0x00000007a5560000)
  from space 21824K,  66% used [0x00000007a6ab0000, 0x00000007a78d0ae0, 0x00000007a8000000)
  to   space 21824K,   0% used [0x00000007a5560000, 0x00000007a5560000, 0x00000007a6ab0000)
 concurrent mark-sweep generation total 393216K, used 11271K [0x00000007a8000000, 0x00000007c0000000, 0x00000007c0000000)
 Metaspace       used 38551K, capacity 39790K, committed 40016K, reserved 1085440K
  class space    used 4661K, capacity 4975K, committed 5012K, reserved 1048576K
}
2018-02-17T16:45:07.807+0800: 37.220: [Rescan (parallel) , 0.0041426 secs]2018-02-17T16:45:07.811+0800: 37.224: [weak refs processing, 0.0012363 secs]2018-02-17T16:45:07.813+0800: 37.225: [class unloading, 0.0081009 secs]2018-02-17T16:45:07.821+0800: 37.233: [scrub symbol table, 0.0064797 secs]2018-02-17T16:45:07.827+0800: 37.240: [scrub string table, 0.0005793 secs][1 CMS-remark: 11271K(393216K)] 25737K(502464K), 0.0345533 secs] [Times: user=0.08 sys=0.00, real=0.03 secs] 
2018-02-17T16:45:07.829+0800: 37.242: Total time for which application threads were stopped: 0.0347107 seconds, Stopping threads took: 0.0000260 seconds
2018-02-17T16:45:07.830+0800: 37.242: [CMS-concurrent-sweep-start]
2018-02-17T16:45:07.831+0800: 37.243: Total time for which application threads were stopped: 0.0001229 seconds, Stopping threads took: 0.0000423 seconds
2018-02-17T16:45:07.831+0800: 37.243: Total time for which application threads were stopped: 0.0000941 seconds, Stopping threads took: 0.0000262 seconds
2018-02-17T16:45:07.831+0800: 37.244: Total time for which application threads were stopped: 0.0001066 seconds, Stopping threads took: 0.0000445 seconds
2018-02-17T16:45:07.832+0800: 37.244: Total time for which application threads were stopped: 0.0001071 seconds, Stopping threads took: 0.0000322 seconds
2018-02-17T16:45:07.832+0800: 37.244: Total time for which application threads were stopped: 0.0000835 seconds, Stopping threads took: 0.0000273 seconds
2018-02-17T16:45:07.832+0800: 37.245: Total time for which application threads were stopped: 0.0000730 seconds, Stopping threads took: 0.0000252 seconds
2018-02-17T16:45:07.832+0800: 37.245: Total time for which application threads were stopped: 0.0000707 seconds, Stopping threads took: 0.0000203 seconds
2018-02-17T16:45:07.832+0800: 37.245: Total time for which application threads were stopped: 0.0000709 seconds, Stopping threads took: 0.0000170 seconds
2018-02-17T16:45:07.833+0800: 37.245: Total time for which application threads were stopped: 0.0000772 seconds, Stopping threads took: 0.0000125 seconds
2018-02-17T16:45:07.833+0800: 37.245: Total time for which application threads were stopped: 0.0000625 seconds, Stopping threads took: 0.0000131 seconds
2018-02-17T16:45:07.833+0800: 37.245: Total time for which application threads were stopped: 0.0000593 seconds, Stopping threads took: 0.0000115 seconds
2018-02-17T16:45:07.833+0800: 37.246: Total time for which application threads were stopped: 0.0000556 seconds, Stopping threads took: 0.0000107 seconds
2018-02-17T16:45:07.833+0800: 37.246: Total time for which application threads were stopped: 0.0000643 seconds, Stopping threads took: 0.0000210 seconds
2018-02-17T16:45:07.835+0800: 37.247: Total time for which application threads were stopped: 0.0000844 seconds, Stopping threads took: 0.0000192 seconds
2018-02-17T16:45:07.835+0800: 37.247: Total time for which application threads were stopped: 0.0000617 seconds, Stopping threads took: 0.0000113 seconds
2018-02-17T16:45:07.835+0800: 37.247: Total time for which application threads were stopped: 0.0000519 seconds, Stopping threads took: 0.0000093 seconds
2018-02-17T16:45:07.835+0800: 37.247: Total time for which application threads were stopped: 0.0000513 seconds, Stopping threads took: 0.0000091 seconds
2018-02-17T16:45:07.835+0800: 37.248: Total time for which application threads were stopped: 0.0000514 seconds, Stopping threads took: 0.0000090 seconds
2018-02-17T16:45:07.835+0800: 37.248: Total time for which application threads were stopped: 0.0000502 seconds, Stopping threads took: 0.0000091 seconds
2018-02-17T16:45:07.835+0800: 37.248: Total time for which application threads were stopped: 0.0000497 seconds, Stopping threads took: 0.0000087 seconds
2018-02-17T16:45:07.835+0800: 37.248: Total time for which application threads were stopped: 0.0000495 seconds, Stopping threads took: 0.0000089 seconds
2018-02-17T16:45:07.836+0800: 37.248: Total time for which application threads were stopped: 0.0001798 seconds, Stopping threads took: 0.0000085 seconds
2018-02-17T16:45:07.838+0800: 37.250: Total time for which application threads were stopped: 0.0000708 seconds, Stopping threads took: 0.0000144 seconds
2018-02-17T16:45:07.838+0800: 37.250: Total time for which application threads were stopped: 0.0000721 seconds, Stopping threads took: 0.0000264 seconds
2018-02-17T16:45:07.838+0800: 37.250: Total time for which application threads were stopped: 0.0000437 seconds, Stopping threads took: 0.0000053 seconds
2018-02-17T16:45:07.838+0800: 37.251: Total time for which application threads were stopped: 0.0000511 seconds, Stopping threads took: 0.0000089 seconds
2018-02-17T16:45:07.838+0800: 37.251: Total time for which application threads were stopped: 0.0000442 seconds, Stopping threads took: 0.0000059 seconds
2018-02-17T16:45:07.838+0800: 37.251: Total time for which application threads were stopped: 0.0000780 seconds, Stopping threads took: 0.0000367 seconds
2018-02-17T16:45:07.838+0800: 37.251: Total time for which application threads were stopped: 0.0000693 seconds, Stopping threads took: 0.0000236 seconds
2018-02-17T16:45:07.839+0800: 37.251: Total time for which application threads were stopped: 0.0000734 seconds, Stopping threads took: 0.0000111 seconds
2018-02-17T16:45:07.839+0800: 37.252: Total time for which application threads were stopped: 0.0000670 seconds, Stopping threads took: 0.0000209 seconds
2018-02-17T16:45:07.840+0800: 37.253: Total time for which application threads were stopped: 0.0000931 seconds, Stopping threads took: 0.0000150 seconds
2018-02-17T16:45:07.840+0800: 37.253: Total time for which application threads were stopped: 0.0000532 seconds, Stopping threads took: 0.0000073 seconds
2018-02-17T16:45:07.840+0800: 37.253: Total time for which application threads were stopped: 0.0000503 seconds, Stopping threads took: 0.0000075 seconds
2018-02-17T16:45:07.840+0800: 37.253: Total time for which application threads were stopped: 0.0000658 seconds, Stopping threads took: 0.0000217 seconds
2018-02-17T16:45:07.841+0800: 37.253: Total time for which application threads were stopped: 0.0000801 seconds, Stopping threads took: 0.0000249 seconds
2018-02-17T16:45:07.841+0800: 37.253: Total time for which application threads were stopped: 0.0000668 seconds, Stopping threads took: 0.0000214 seconds
2018-02-17T16:45:07.841+0800: 37.254: Total time for which application threads were stopped: 0.0000769 seconds, Stopping threads took: 0.0000335 seconds
2018-02-17T16:45:07.841+0800: 37.254: Total time for which application threads were stopped: 0.0000684 seconds, Stopping threads took: 0.0000249 seconds
2018-02-17T16:45:07.841+0800: 37.254: Total time for which application threads were stopped: 0.0000817 seconds, Stopping threads took: 0.0000395 seconds
2018-02-17T16:45:07.841+0800: 37.254: Total time for which application threads were stopped: 0.0000853 seconds, Stopping threads took: 0.0000411 seconds
2018-02-17T16:45:07.841+0800: 37.254: Total time for which application threads were stopped: 0.0000426 seconds, Stopping threads took: 0.0000053 seconds
2018-02-17T16:45:07.841+0800: 37.254: Total time for which application threads were stopped: 0.0000433 seconds, Stopping threads took: 0.0000055 seconds
2018-02-17T16:45:07.842+0800: 37.254: Total time for which application threads were stopped: 0.0000498 seconds, Stopping threads took: 0.0000091 seconds
2018-02-17T16:45:07.842+0800: 37.254: Total time for which application threads were stopped: 0.0000830 seconds, Stopping threads took: 0.0000285 seconds
2018-02-17T16:45:07.842+0800: 37.254: Total time for which application threads were stopped: 0.0000658 seconds, Stopping threads took: 0.0000258 seconds
2018-02-17T16:45:07.842+0800: 37.254: Total time for which application threads were stopped: 0.0000763 seconds, Stopping threads took: 0.0000360 seconds
2018-02-17T16:45:07.842+0800: 37.255: Total time for which application threads were stopped: 0.0000420 seconds, Stopping threads took: 0.0000055 seconds
2018-02-17T16:45:07.842+0800: 37.255: Total time for which application threads were stopped: 0.0000455 seconds, Stopping threads took: 0.0000076 seconds
2018-02-17T16:45:07.842+0800: 37.255: [CMS-concurrent-sweep: 0.008/0.012 secs] [Times: user=0.03 sys=0.01, real=0.01 secs] 
2018-02-17T16:45:07.842+0800: 37.255: [CMS-concurrent-reset-start]
2018-02-17T16:45:07.843+0800: 37.255: [CMS-concurrent-reset: 0.001/0.001 secs] [Times: user=0.00 sys=0.00, real=0.00 secs] 
2018-02-17T16:45:07.844+0800: 37.257: Total time for which application threads were stopped: 0.0001400 seconds, Stopping threads took: 0.0000441 seconds
2018-02-17T16:45:07.844+0800: 37.257: Total time for which application threads were stopped: 0.0001058 seconds, Stopping threads took: 0.0000273 seconds
2018-02-17T16:45:07.844+0800: 37.257: Total time for which application threads were stopped: 0.0000922 seconds, Stopping threads took: 0.0000205 seconds
2018-02-17T16:45:07.844+0800: 37.257: Total time for which application threads were stopped: 0.0000965 seconds, Stopping threads took: 0.0000545 seconds
2018-02-17T16:45:07.845+0800: 37.257: Total time for which application threads were stopped: 0.0000901 seconds, Stopping threads took: 0.0000496 seconds
2018-02-17T16:45:07.845+0800: 37.257: Total time for which application threads were stopped: 0.0000587 seconds, Stopping threads took: 0.0000168 seconds
2018-02-17T16:45:07.845+0800: 37.257: Total time for which application threads were stopped: 0.0000881 seconds, Stopping threads took: 0.0000475 seconds
2018-02-17T16:45:07.845+0800: 37.257: Total time for which application threads were stopped: 0.0000631 seconds, Stopping threads took: 0.0000088 seconds
2018-02-17T16:45:07.845+0800: 37.258: Total time for which application threads were stopped: 0.0000560 seconds, Stopping threads took: 0.0000084 seconds
2018-02-17T16:45:07.845+0800: 37.258: Total time for which application threads were stopped: 0.0000891 seconds, Stopping threads took: 0.0000490 seconds
2018-02-17T16:45:07.845+0800: 37.258: Total time for which application threads were stopped: 0.0000444 seconds, Stopping threads took: 0.0000064 seconds
2018-02-17T16:45:07.845+0800: 37.258: Total time for which application threads were stopped: 0.0000891 seconds, Stopping threads took: 0.0000486 seconds
2018-02-17T16:45:07.845+0800: 37.258: Total time for which application threads were stopped: 0.0000582 seconds, Stopping threads took: 0.0000182 seconds
2018-02-17T16:45:07.845+0800: 37.258: Total time for which application threads were stopped: 0.0000885 seconds, Stopping threads took: 0.0000486 seconds
2018-02-17T16:45:07.846+0800: 37.258: Total time for which application threads were stopped: 0.0000558 seconds, Stopping threads took: 0.0000085 seconds
2018-02-17T16:45:07.846+0800: 37.258: Total time for which application threads were stopped: 0.0000536 seconds, Stopping threads took: 0.0000106 seconds
2018-02-17T16:45:07.846+0800: 37.259: Total time for which application threads were stopped: 0.0001690 seconds, Stopping threads took: 0.0000142 seconds
2018-02-17T16:45:07.846+0800: 37.259: Total time for which application threads were stopped: 0.0000448 seconds, Stopping threads took: 0.0000067 seconds
2018-02-17T16:45:07.846+0800: 37.259: Total time for which application threads were stopped: 0.0000652 seconds, Stopping threads took: 0.0000109 seconds
2018-02-17T16:45:07.846+0800: 37.259: Total time for which application threads were stopped: 0.0000468 seconds, Stopping threads took: 0.0000083 seconds
2018-02-17T16:45:07.846+0800: 37.259: Total time for which application threads were stopped: 0.0000648 seconds, Stopping threads took: 0.0000104 seconds
2018-02-17T16:45:07.846+0800: 37.259: Total time for which application threads were stopped: 0.0000467 seconds, Stopping threads took: 0.0000080 seconds
2018-02-17T16:45:07.846+0800: 37.259: Total time for which application threads were stopped: 0.0000879 seconds, Stopping threads took: 0.0000108 seconds
2018-02-17T16:45:07.847+0800: 37.259: Total time for which application threads were stopped: 0.0001606 seconds, Stopping threads took: 0.0000084 seconds
2018-02-17T16:45:07.847+0800: 37.260: Total time for which application threads were stopped: 0.0002243 seconds, Stopping threads took: 0.0000276 seconds
2018-02-17T16:45:08.349+0800: 37.762: Total time for which application threads were stopped: 0.0001901 seconds, Stopping threads took: 0.0000242 seconds
2018-02-17T16:45:09.354+0800: 38.767: Total time for which application threads were stopped: 0.0002380 seconds, Stopping threads took: 0.0000615 seconds
2018-02-17T16:45:10.357+0800: 39.769: Total time for which application threads were stopped: 0.0001304 seconds, Stopping threads took: 0.0000271 seconds
2018-02-17T16:45:11.361+0800: 40.774: Total time for which application threads were stopped: 0.0001174 seconds, Stopping threads took: 0.0000270 seconds
2018-02-17T16:45:12.365+0800: 41.778: Total time for which application threads were stopped: 0.0002672 seconds, Stopping threads took: 0.0000866 seconds
2018-02-17T16:45:14.371+0800: 43.784: Total time for which application threads were stopped: 0.0001309 seconds, Stopping threads took: 0.0000270 seconds
2018-02-17T16:45:14.781+0800: 44.193: Total time for which application threads were stopped: 0.0001997 seconds, Stopping threads took: 0.0000495 seconds
2018-02-17T16:45:14.894+0800: 44.307: Total time for which application threads were stopped: 0.0001192 seconds, Stopping threads took: 0.0000356 seconds
2018-02-17T16:45:15.895+0800: 45.307: Total time for which application threads were stopped: 0.0001485 seconds, Stopping threads took: 0.0000272 seconds
2018-02-17T16:45:16.899+0800: 46.311: Total time for which application threads were stopped: 0.0001255 seconds, Stopping threads took: 0.0000295 seconds
2018-02-17T16:45:17.443+0800: 46.855: Total time for which application threads were stopped: 0.0001128 seconds, Stopping threads took: 0.0000254 seconds
2018-02-17T16:45:17.443+0800: 46.855: Total time for which application threads were stopped: 0.0001282 seconds, Stopping threads took: 0.0000589 seconds
2018-02-17T16:45:17.443+0800: 46.855: Total time for which application threads were stopped: 0.0000774 seconds, Stopping threads took: 0.0000362 seconds
2018-02-17T16:45:17.443+0800: 46.855: Total time for which application threads were stopped: 0.0001378 seconds, Stopping threads took: 0.0000951 seconds
2018-02-17T16:45:17.443+0800: 46.855: Total time for which application threads were stopped: 0.0000893 seconds, Stopping threads took: 0.0000494 seconds
2018-02-17T16:45:17.444+0800: 46.857: Total time for which application threads were stopped: 0.0004165 seconds, Stopping threads took: 0.0000083 seconds
2018-02-17T16:45:17.491+0800: 46.904: Total time for which application threads were stopped: 0.0001754 seconds, Stopping threads took: 0.0000244 seconds
2018-02-17T16:45:18.493+0800: 47.905: Total time for which application threads were stopped: 0.0002376 seconds, Stopping threads took: 0.0000684 seconds
2018-02-17T16:45:21.410+0800: 50.823: Total time for which application threads were stopped: 0.0000995 seconds, Stopping threads took: 0.0000170 seconds
2018-02-17T16:45:21.415+0800: 50.827: Total time for which application threads were stopped: 0.0000927 seconds, Stopping threads took: 0.0000179 seconds
2018-02-17T16:45:21.712+0800: 51.124: Total time for which application threads were stopped: 0.0001464 seconds, Stopping threads took: 0.0000295 seconds
2018-02-17T16:45:21.712+0800: 51.124: Total time for which application threads were stopped: 0.0000918 seconds, Stopping threads took: 0.0000100 seconds
2018-02-17T16:45:21.712+0800: 51.125: Total time for which application threads were stopped: 0.0000537 seconds, Stopping threads took: 0.0000081 seconds
2018-02-17T16:45:21.789+0800: 51.202: Total time for which application threads were stopped: 0.0006162 seconds, Stopping threads took: 0.0000254 seconds
2018-02-17T16:45:21.792+0800: 51.204: Total time for which application threads were stopped: 0.0001008 seconds, Stopping threads took: 0.0000200 seconds
2018-02-17T16:45:21.792+0800: 51.204: Total time for which application threads were stopped: 0.0000980 seconds, Stopping threads took: 0.0000141 seconds
2018-02-17T16:45:21.792+0800: 51.205: Total time for which application threads were stopped: 0.0000747 seconds, Stopping threads took: 0.0000096 seconds
2018-02-17T16:45:21.792+0800: 51.205: Total time for which application threads were stopped: 0.0000753 seconds, Stopping threads took: 0.0000082 seconds
2018-02-17T16:45:21.793+0800: 51.205: Total time for which application threads were stopped: 0.0000798 seconds, Stopping threads took: 0.0000116 seconds
2018-02-17T16:45:21.793+0800: 51.205: Total time for which application threads were stopped: 0.0000813 seconds, Stopping threads took: 0.0000106 seconds
2018-02-17T16:45:21.837+0800: 51.249: Total time for which application threads were stopped: 0.0001502 seconds, Stopping threads took: 0.0000244 seconds
2018-02-17T16:45:21.837+0800: 51.249: Total time for which application threads were stopped: 0.0000919 seconds, Stopping threads took: 0.0000159 seconds
2018-02-17T16:45:21.842+0800: 51.255: Total time for which application threads were stopped: 0.0001601 seconds, Stopping threads took: 0.0000473 seconds
2018-02-17T16:45:22.003+0800: 51.415: Total time for which application threads were stopped: 0.0001749 seconds, Stopping threads took: 0.0000362 seconds
2018-02-17T16:45:22.119+0800: 51.531: Total time for which application threads were stopped: 0.0001372 seconds, Stopping threads took: 0.0000249 seconds
2018-02-17T16:45:22.119+0800: 51.532: Total time for which application threads were stopped: 0.0001119 seconds, Stopping threads took: 0.0000231 seconds
2018-02-17T16:45:23.123+0800: 52.535: Total time for which application threads were stopped: 0.0001512 seconds, Stopping threads took: 0.0000387 seconds
2018-02-17T16:45:24.126+0800: 53.538: Total time for which application threads were stopped: 0.0001241 seconds, Stopping threads took: 0.0000284 seconds
2018-02-17T16:45:25.544+0800: 54.956: Total time for which application threads were stopped: 0.0001681 seconds, Stopping threads took: 0.0000274 seconds
2018-02-17T16:45:25.545+0800: 54.957: Total time for which application threads were stopped: 0.0001953 seconds, Stopping threads took: 0.0001124 seconds
2018-02-17T16:45:25.545+0800: 54.958: Total time for which application threads were stopped: 0.0001069 seconds, Stopping threads took: 0.0000189 seconds
2018-02-17T16:45:25.559+0800: 54.971: Total time for which application threads were stopped: 0.0001281 seconds, Stopping threads took: 0.0000260 seconds
2018-02-17T16:45:25.701+0800: 55.113: Total time for which application threads were stopped: 0.0003680 seconds, Stopping threads took: 0.0000360 seconds
2018-02-17T16:45:26.006+0800: 55.418: Total time for which application threads were stopped: 0.0001201 seconds, Stopping threads took: 0.0000287 seconds
2018-02-17T16:45:26.006+0800: 55.418: Total time for which application threads were stopped: 0.0000615 seconds, Stopping threads took: 0.0000093 seconds
2018-02-17T16:45:26.006+0800: 55.418: Total time for which application threads were stopped: 0.0000642 seconds, Stopping threads took: 0.0000116 seconds
2018-02-17T16:45:26.015+0800: 55.427: Total time for which application threads were stopped: 0.0000906 seconds, Stopping threads took: 0.0000194 seconds
2018-02-17T16:45:26.015+0800: 55.427: Total time for which application threads were stopped: 0.0000605 seconds, Stopping threads took: 0.0000090 seconds
2018-02-17T16:45:26.015+0800: 55.427: Total time for which application threads were stopped: 0.0000529 seconds, Stopping threads took: 0.0000091 seconds
2018-02-17T16:45:26.015+0800: 55.427: Total time for which application threads were stopped: 0.0000417 seconds, Stopping threads took: 0.0000060 seconds
2018-02-17T16:45:26.015+0800: 55.427: Total time for which application threads were stopped: 0.0000420 seconds, Stopping threads took: 0.0000070 seconds
2018-02-17T16:45:26.015+0800: 55.427: Total time for which application threads were stopped: 0.0000404 seconds, Stopping threads took: 0.0000060 seconds
2018-02-17T16:45:26.025+0800: 55.437: Total time for which application threads were stopped: 0.0001520 seconds, Stopping threads took: 0.0000301 seconds
2018-02-17T16:45:26.025+0800: 55.437: Total time for which application threads were stopped: 0.0001152 seconds, Stopping threads took: 0.0000245 seconds
2018-02-17T16:45:26.135+0800: 55.547: Total time for which application threads were stopped: 0.0002841 seconds, Stopping threads took: 0.0000403 seconds
2018-02-17T16:45:26.292+0800: 55.704: Total time for which application threads were stopped: 0.0001460 seconds, Stopping threads took: 0.0000257 seconds
2018-02-17T16:45:26.713+0800: 56.125: Total time for which application threads were stopped: 0.0002090 seconds, Stopping threads took: 0.0000358 seconds
2018-02-17T16:45:26.714+0800: 56.126: Total time for which application threads were stopped: 0.0003248 seconds, Stopping threads took: 0.0000824 seconds
2018-02-17T16:45:27.714+0800: 57.127: Total time for which application threads were stopped: 0.0001309 seconds, Stopping threads took: 0.0000286 seconds
2018-02-17T16:45:28.716+0800: 58.128: Total time for which application threads were stopped: 0.0002266 seconds, Stopping threads took: 0.0000608 seconds
2018-02-17T16:45:30.127+0800: 59.539: Total time for which application threads were stopped: 0.0001767 seconds, Stopping threads took: 0.0000370 seconds
2018-02-17T16:45:30.140+0800: 59.552: Total time for which application threads were stopped: 0.0002862 seconds, Stopping threads took: 0.0000726 seconds
2018-02-17T16:45:50.180+0800: 79.592: Total time for which application threads were stopped: 0.0002725 seconds, Stopping threads took: 0.0000473 seconds
2018-02-17T16:45:54.316+0800: 83.727: Total time for which application threads were stopped: 0.0001771 seconds, Stopping threads took: 0.0000352 seconds
2018-02-17T16:46:27.232+0800: 116.642: Total time for which application threads were stopped: 0.0002049 seconds, Stopping threads took: 0.0000352 seconds
2018-02-17T16:46:27.232+0800: 116.643: Total time for which application threads were stopped: 0.0001526 seconds, Stopping threads took: 0.0000453 seconds
2018-02-17T16:46:28.233+0800: 117.643: Total time for which application threads were stopped: 0.0002707 seconds, Stopping threads took: 0.0000423 seconds
2018-02-17T16:46:31.243+0800: 120.654: Total time for which application threads were stopped: 0.0002602 seconds, Stopping threads took: 0.0000776 seconds
2018-02-17T16:46:42.268+0800: 131.678: Total time for which application threads were stopped: 0.0002051 seconds, Stopping threads took: 0.0000448 seconds
2018-02-17T16:46:54.307+0800: 143.717: Total time for which application threads were stopped: 0.0003354 seconds, Stopping threads took: 0.0000741 seconds
2018-02-17T16:46:56.062+0800: 145.472: Total time for which application threads were stopped: 0.0001716 seconds, Stopping threads took: 0.0000421 seconds
2018-02-17T16:46:56.062+0800: 145.472: Total time for which application threads were stopped: 0.0001096 seconds, Stopping threads took: 0.0000149 seconds
2018-02-17T16:46:56.078+0800: 145.488: Total time for which application threads were stopped: 0.0001266 seconds, Stopping threads took: 0.0000247 seconds
2018-02-17T16:46:56.078+0800: 145.488: Total time for which application threads were stopped: 0.0000544 seconds, Stopping threads took: 0.0000078 seconds
2018-02-17T16:46:56.080+0800: 145.490: Total time for which application threads were stopped: 0.0001245 seconds, Stopping threads took: 0.0000238 seconds
2018-02-17T16:46:56.119+0800: 145.529: Total time for which application threads were stopped: 0.0001497 seconds, Stopping threads took: 0.0000254 seconds
2018-02-17T16:46:56.121+0800: 145.531: Total time for which application threads were stopped: 0.0001160 seconds, Stopping threads took: 0.0000375 seconds
2018-02-17T16:46:56.123+0800: 145.533: Total time for which application threads were stopped: 0.0000908 seconds, Stopping threads took: 0.0000197 seconds
2018-02-17T16:46:56.256+0800: 145.666: Total time for which application threads were stopped: 0.0001221 seconds, Stopping threads took: 0.0000287 seconds
2018-02-17T16:46:56.260+0800: 145.670: Total time for which application threads were stopped: 0.0001115 seconds, Stopping threads took: 0.0000339 seconds
2018-02-17T16:46:56.260+0800: 145.670: Total time for which application threads were stopped: 0.0002088 seconds, Stopping threads took: 0.0000312 seconds
2018-02-17T16:46:56.262+0800: 145.672: Total time for which application threads were stopped: 0.0000826 seconds, Stopping threads took: 0.0000147 seconds
2018-02-17T16:46:56.272+0800: 145.682: Total time for which application threads were stopped: 0.0001189 seconds, Stopping threads took: 0.0000214 seconds
2018-02-17T16:46:56.273+0800: 145.683: Total time for which application threads were stopped: 0.0000856 seconds, Stopping threads took: 0.0000168 seconds
2018-02-17T16:46:56.376+0800: 145.785: Total time for which application threads were stopped: 0.0004737 seconds, Stopping threads took: 0.0000176 seconds
2018-02-17T16:46:56.378+0800: 145.788: Total time for which application threads were stopped: 0.0000921 seconds, Stopping threads took: 0.0000172 seconds
2018-02-17T16:46:56.498+0800: 145.908: Total time for which application threads were stopped: 0.0002583 seconds, Stopping threads took: 0.0000348 seconds
2018-02-17T16:46:56.501+0800: 145.910: Total time for which application threads were stopped: 0.0003649 seconds, Stopping threads took: 0.0000316 seconds
2018-02-17T16:46:56.501+0800: 145.911: Total time for which application threads were stopped: 0.0001365 seconds, Stopping threads took: 0.0000218 seconds
2018-02-17T16:46:56.502+0800: 145.911: Total time for which application threads were stopped: 0.0001204 seconds, Stopping threads took: 0.0000199 seconds
2018-02-17T16:46:56.502+0800: 145.912: Total time for which application threads were stopped: 0.0002963 seconds, Stopping threads took: 0.0000854 seconds
2018-02-17T16:46:56.502+0800: 145.912: Total time for which application threads were stopped: 0.0001381 seconds, Stopping threads took: 0.0000430 seconds
2018-02-17T16:46:56.604+0800: 146.014: Total time for which application threads were stopped: 0.0001988 seconds, Stopping threads took: 0.0000611 seconds
2018-02-17T16:46:56.604+0800: 146.014: Total time for which application threads were stopped: 0.0001833 seconds, Stopping threads took: 0.0000623 seconds
2018-02-17T16:46:56.605+0800: 146.015: Total time for which application threads were stopped: 0.0002093 seconds, Stopping threads took: 0.0000668 seconds
2018-02-17T16:46:56.606+0800: 146.016: Total time for which application threads were stopped: 0.0002003 seconds, Stopping threads took: 0.0000734 seconds
2018-02-17T16:46:56.610+0800: 146.020: Total time for which application threads were stopped: 0.0002242 seconds, Stopping threads took: 0.0000471 seconds
2018-02-17T16:46:56.623+0800: 146.033: Total time for which application threads were stopped: 0.0001980 seconds, Stopping threads took: 0.0000395 seconds
2018-02-17T16:46:56.736+0800: 146.146: Total time for which application threads were stopped: 0.0002675 seconds, Stopping threads took: 0.0000322 seconds
2018-02-17T16:46:56.737+0800: 146.146: Total time for which application threads were stopped: 0.0001674 seconds, Stopping threads took: 0.0000280 seconds
2018-02-17T16:46:56.737+0800: 146.147: Total time for which application threads were stopped: 0.0001899 seconds, Stopping threads took: 0.0000220 seconds
2018-02-17T16:46:56.737+0800: 146.147: Total time for which application threads were stopped: 0.0001505 seconds, Stopping threads took: 0.0000263 seconds
2018-02-17T16:46:56.737+0800: 146.147: Total time for which application threads were stopped: 0.0001515 seconds, Stopping threads took: 0.0000155 seconds
2018-02-17T16:46:56.741+0800: 146.151: Total time for which application threads were stopped: 0.0001800 seconds, Stopping threads took: 0.0000378 seconds
2018-02-17T16:46:56.741+0800: 146.151: Total time for which application threads were stopped: 0.0001467 seconds, Stopping threads took: 0.0000402 seconds
2018-02-17T16:46:57.719+0800: 147.129: Total time for which application threads were stopped: 0.0117124 seconds, Stopping threads took: 0.0114733 seconds
2018-02-17T16:46:57.726+0800: 147.136: Total time for which application threads were stopped: 0.0008606 seconds, Stopping threads took: 0.0006799 seconds
{Heap before GC invocations=13 (full 2):
 par new generation   total 109248K, used 101890K [0x00000007a0000000, 0x00000007a8000000, 0x00000007a8000000)
  eden space 87424K, 100% used [0x00000007a0000000, 0x00000007a5560000, 0x00000007a5560000)
  from space 21824K,  66% used [0x00000007a6ab0000, 0x00000007a78d0ae0, 0x00000007a8000000)
  to   space 21824K,   0% used [0x00000007a5560000, 0x00000007a5560000, 0x00000007a6ab0000)
 concurrent mark-sweep generation total 393216K, used 10980K [0x00000007a8000000, 0x00000007c0000000, 0x00000007c0000000)
 Metaspace       used 39299K, capacity 40582K, committed 40912K, reserved 1085440K
  class space    used 4740K, capacity 5037K, committed 5140K, reserved 1048576K
2018-02-17T16:46:57.750+0800: 147.160: [GC (Allocation Failure) 2018-02-17T16:46:57.750+0800: 147.160: [ParNew
Desired survivor size 20112992 bytes, new threshold 8 (max 8)
- age   1:    3814200 bytes,    3814200 total
- age   2:    5097032 bytes,    8911232 total
- age   3:    1768104 bytes,   10679336 total
- age   4:     138608 bytes,   10817944 total
- age   5:     128664 bytes,   10946608 total
- age   6:     237816 bytes,   11184424 total
- age   7:    1617072 bytes,   12801496 total
- age   8:     479032 bytes,   13280528 total
: 101890K->18049K(109248K), 0.0455351 secs] 112871K->29054K(502464K), 0.0456140 secs] [Times: user=0.05 sys=0.00, real=0.04 secs] 
Heap after GC invocations=14 (full 2):
 par new generation   total 109248K, used 18049K [0x00000007a0000000, 0x00000007a8000000, 0x00000007a8000000)
  eden space 87424K,   0% used [0x00000007a0000000, 0x00000007a0000000, 0x00000007a5560000)
  from space 21824K,  82% used [0x00000007a5560000, 0x00000007a6700638, 0x00000007a6ab0000)
  to   space 21824K,   0% used [0x00000007a6ab0000, 0x00000007a6ab0000, 0x00000007a8000000)
 concurrent mark-sweep generation total 393216K, used 11005K [0x00000007a8000000, 0x00000007c0000000, 0x00000007c0000000)
 Metaspace       used 39299K, capacity 40582K, committed 40912K, reserved 1085440K
  class space    used 4740K, capacity 5037K, committed 5140K, reserved 1048576K
}
2018-02-17T16:46:57.796+0800: 147.206: Total time for which application threads were stopped: 0.0487556 seconds, Stopping threads took: 0.0028630 seconds
2018-02-17T16:46:57.796+0800: 147.206: Total time for which application threads were stopped: 0.0002688 seconds, Stopping threads took: 0.0001083 seconds
2018-02-17T16:46:57.814+0800: 147.224: Total time for which application threads were stopped: 0.0069365 seconds, Stopping threads took: 0.0067703 seconds
{Heap before GC invocations=14 (full 2):
 par new generation   total 109248K, used 105464K [0x00000007a0000000, 0x00000007a8000000, 0x00000007a8000000)
  eden space 87424K,  99% used [0x00000007a0000000, 0x00000007a555da00, 0x00000007a5560000)
  from space 21824K,  82% used [0x00000007a5560000, 0x00000007a6700638, 0x00000007a6ab0000)
  to   space 21824K,   0% used [0x00000007a6ab0000, 0x00000007a6ab0000, 0x00000007a8000000)
 concurrent mark-sweep generation total 393216K, used 11005K [0x00000007a8000000, 0x00000007c0000000, 0x00000007c0000000)
 Metaspace       used 39313K, capacity 40588K, committed 40912K, reserved 1085440K
  class space    used 4740K, capacity 5038K, committed 5140K, reserved 1048576K
2018-02-17T16:46:57.898+0800: 147.307: [GC (Allocation Failure) 2018-02-17T16:46:57.898+0800: 147.307: [ParNew
Desired survivor size 20112992 bytes, new threshold 8 (max 8)
- age   1:    2120528 bytes,    2120528 total
- age   2:    2665224 bytes,    4785752 total
- age   3:    5030080 bytes,    9815832 total
- age   4:    1762456 bytes,   11578288 total
- age   5:     138608 bytes,   11716896 total
- age   6:     128664 bytes,   11845560 total
- age   7:     237816 bytes,   12083376 total
- age   8:    1617112 bytes,   13700488 total
: 105464K->16744K(109248K), 0.0350318 secs] 116469K->28222K(502464K), 0.0351368 secs] [Times: user=0.05 sys=0.00, real=0.04 secs] 
Heap after GC invocations=15 (full 2):
 par new generation   total 109248K, used 16744K [0x00000007a0000000, 0x00000007a8000000, 0x00000007a8000000)
  eden space 87424K,   0% used [0x00000007a0000000, 0x00000007a0000000, 0x00000007a5560000)
  from space 21824K,  76% used [0x00000007a6ab0000, 0x00000007a7b0a1b8, 0x00000007a8000000)
  to   space 21824K,   0% used [0x00000007a5560000, 0x00000007a5560000, 0x00000007a6ab0000)
 concurrent mark-sweep generation total 393216K, used 11478K [0x00000007a8000000, 0x00000007c0000000, 0x00000007c0000000)
 Metaspace       used 39313K, capacity 40588K, committed 40912K, reserved 1085440K
  class space    used 4740K, capacity 5038K, committed 5140K, reserved 1048576K
}
2018-02-17T16:46:57.933+0800: 147.343: Total time for which application threads were stopped: 0.0355139 seconds, Stopping threads took: 0.0001029 seconds
{Heap before GC invocations=15 (full 2):
 par new generation   total 109248K, used 104168K [0x00000007a0000000, 0x00000007a8000000, 0x00000007a8000000)
  eden space 87424K, 100% used [0x00000007a0000000, 0x00000007a5560000, 0x00000007a5560000)
  from space 21824K,  76% used [0x00000007a6ab0000, 0x00000007a7b0a1b8, 0x00000007a8000000)
  to   space 21824K,   0% used [0x00000007a5560000, 0x00000007a5560000, 0x00000007a6ab0000)
 concurrent mark-sweep generation total 393216K, used 11478K [0x00000007a8000000, 0x00000007c0000000, 0x00000007c0000000)
 Metaspace       used 39328K, capacity 40606K, committed 40912K, reserved 1085440K
  class space    used 4742K, capacity 5041K, committed 5140K, reserved 1048576K
2018-02-17T16:46:58.006+0800: 147.416: [GC (Allocation Failure) 2018-02-17T16:46:58.006+0800: 147.416: [ParNew
Desired survivor size 20112992 bytes, new threshold 8 (max 8)
- age   1:     705224 bytes,     705224 total
- age   2:    1596296 bytes,    2301520 total
- age   3:    2665008 bytes,    4966528 total
- age   4:    5030184 bytes,    9996712 total
- age   5:    1762456 bytes,   11759168 total
- age   6:     138608 bytes,   11897776 total
- age   7:     128664 bytes,   12026440 total
- age   8:     237816 bytes,   12264256 total
: 104168K->17842K(109248K), 0.0516087 secs] 115646K->30909K(502464K), 0.0517020 secs] [Times: user=0.05 sys=0.00, real=0.05 secs] 
Heap after GC invocations=16 (full 2):
 par new generation   total 109248K, used 17842K [0x00000007a0000000, 0x00000007a8000000, 0x00000007a8000000)
  eden space 87424K,   0% used [0x00000007a0000000, 0x00000007a0000000, 0x00000007a5560000)
  from space 21824K,  81% used [0x00000007a5560000, 0x00000007a66cca30, 0x00000007a6ab0000)
  to   space 21824K,   0% used [0x00000007a6ab0000, 0x00000007a6ab0000, 0x00000007a8000000)
 concurrent mark-sweep generation total 393216K, used 13066K [0x00000007a8000000, 0x00000007c0000000, 0x00000007c0000000)
 Metaspace       used 39328K, capacity 40606K, committed 40912K, reserved 1085440K
  class space    used 4742K, capacity 5041K, committed 5140K, reserved 1048576K
}
2018-02-17T16:46:58.058+0800: 147.468: Total time for which application threads were stopped: 0.0519642 seconds, Stopping threads took: 0.0000310 seconds
{Heap before GC invocations=16 (full 2):
 par new generation   total 109248K, used 105266K [0x00000007a0000000, 0x00000007a8000000, 0x00000007a8000000)
  eden space 87424K, 100% used [0x00000007a0000000, 0x00000007a5560000, 0x00000007a5560000)
  from space 21824K,  81% used [0x00000007a5560000, 0x00000007a66cca30, 0x00000007a6ab0000)
  to   space 21824K,   0% used [0x00000007a6ab0000, 0x00000007a6ab0000, 0x00000007a8000000)
 concurrent mark-sweep generation total 393216K, used 13066K [0x00000007a8000000, 0x00000007c0000000, 0x00000007c0000000)
 Metaspace       used 39328K, capacity 40606K, committed 40912K, reserved 1085440K
  class space    used 4742K, capacity 5041K, committed 5140K, reserved 1048576K
2018-02-17T16:46:58.138+0800: 147.547: [GC (Allocation Failure) 2018-02-17T16:46:58.138+0800: 147.547: [ParNew
Desired survivor size 20112992 bytes, new threshold 8 (max 8)
- age   1:     311536 bytes,     311536 total
- age   2:      92504 bytes,     404040 total
- age   3:    1596024 bytes,    2000064 total
- age   4:    2665008 bytes,    4665072 total
- age   5:    5030160 bytes,    9695232 total
- age   6:    1762496 bytes,   11457728 total
- age   7:     138608 bytes,   11596336 total
- age   8:     128664 bytes,   11725000 total
: 105266K->15186K(109248K), 0.0146170 secs] 118333K->28488K(502464K), 0.0147041 secs] [Times: user=0.04 sys=0.00, real=0.02 secs] 
Heap after GC invocations=17 (full 2):
 par new generation   total 109248K, used 15186K [0x00000007a0000000, 0x00000007a8000000, 0x00000007a8000000)
  eden space 87424K,   0% used [0x00000007a0000000, 0x00000007a0000000, 0x00000007a5560000)
  from space 21824K,  69% used [0x00000007a6ab0000, 0x00000007a7984850, 0x00000007a8000000)
  to   space 21824K,   0% used [0x00000007a5560000, 0x00000007a5560000, 0x00000007a6ab0000)
 concurrent mark-sweep generation total 393216K, used 13302K [0x00000007a8000000, 0x00000007c0000000, 0x00000007c0000000)
 Metaspace       used 39328K, capacity 40606K, committed 40912K, reserved 1085440K
  class space    used 4742K, capacity 5041K, committed 5140K, reserved 1048576K
}
2018-02-17T16:46:58.152+0800: 147.562: Total time for which application threads were stopped: 0.0150464 seconds, Stopping threads took: 0.0001037 seconds
2018-02-17T16:46:58.381+0800: 147.790: Total time for which application threads were stopped: 0.0003856 seconds, Stopping threads took: 0.0000886 seconds
2018-02-17T16:46:58.423+0800: 147.832: Total time for which application threads were stopped: 0.0002473 seconds, Stopping threads took: 0.0000448 seconds
2018-02-17T16:46:59.423+0800: 148.833: Total time for which application threads were stopped: 0.0002817 seconds, Stopping threads took: 0.0000412 seconds
2018-02-17T16:47:01.910+0800: 151.320: Total time for which application threads were stopped: 0.0004609 seconds, Stopping threads took: 0.0000418 seconds
2018-02-17T16:47:03.552+0800: 152.962: Total time for which application threads were stopped: 0.0003076 seconds, Stopping threads took: 0.0000293 seconds
2018-02-17T16:47:03.572+0800: 152.982: Total time for which application threads were stopped: 0.0002368 seconds, Stopping threads took: 0.0000630 seconds
2018-02-17T16:47:03.578+0800: 152.987: Total time for which application threads were stopped: 0.0002023 seconds, Stopping threads took: 0.0000284 seconds
2018-02-17T16:47:03.582+0800: 152.991: Total time for which application threads were stopped: 0.0001686 seconds, Stopping threads took: 0.0000279 seconds
2018-02-17T16:47:03.584+0800: 152.993: Total time for which application threads were stopped: 0.0001700 seconds, Stopping threads took: 0.0000276 seconds
2018-02-17T16:47:03.591+0800: 153.001: Total time for which application threads were stopped: 0.0002076 seconds, Stopping threads took: 0.0000436 seconds
2018-02-17T16:47:03.592+0800: 153.002: Total time for which application threads were stopped: 0.0001668 seconds, Stopping threads took: 0.0000264 seconds
2018-02-17T16:47:03.593+0800: 153.003: Total time for which application threads were stopped: 0.0002194 seconds, Stopping threads took: 0.0000427 seconds
2018-02-17T16:47:03.903+0800: 153.313: Total time for which application threads were stopped: 0.0002254 seconds, Stopping threads took: 0.0000364 seconds
2018-02-17T16:47:03.905+0800: 153.314: Total time for which application threads were stopped: 0.0001932 seconds, Stopping threads took: 0.0000251 seconds
2018-02-17T16:47:03.905+0800: 153.314: Total time for which application threads were stopped: 0.0001448 seconds, Stopping threads took: 0.0000160 seconds
2018-02-17T16:47:04.018+0800: 153.428: Total time for which application threads were stopped: 0.0004087 seconds, Stopping threads took: 0.0000855 seconds
2018-02-17T16:47:04.177+0800: 153.587: Total time for which application threads were stopped: 0.0003700 seconds, Stopping threads took: 0.0000693 seconds
2018-02-17T16:47:04.720+0800: 154.129: Total time for which application threads were stopped: 0.0002070 seconds, Stopping threads took: 0.0000508 seconds
2018-02-17T16:47:05.724+0800: 155.134: Total time for which application threads were stopped: 0.0002609 seconds, Stopping threads took: 0.0000338 seconds
2018-02-17T16:47:08.531+0800: 157.941: Total time for which application threads were stopped: 0.0004086 seconds, Stopping threads took: 0.0000763 seconds
2018-02-17T16:47:08.549+0800: 157.958: Total time for which application threads were stopped: 0.0002113 seconds, Stopping threads took: 0.0000280 seconds
2018-02-17T16:47:08.553+0800: 157.962: Total time for which application threads were stopped: 0.0001705 seconds, Stopping threads took: 0.0000277 seconds
2018-02-17T16:47:08.555+0800: 157.964: Total time for which application threads were stopped: 0.0005662 seconds, Stopping threads took: 0.0000411 seconds
2018-02-17T16:47:08.568+0800: 157.978: Total time for which application threads were stopped: 0.0002121 seconds, Stopping threads took: 0.0000815 seconds
2018-02-17T16:47:09.569+0800: 158.979: Total time for which application threads were stopped: 0.0001874 seconds, Stopping threads took: 0.0000363 seconds
2018-02-17T16:47:09.602+0800: 159.012: Total time for which application threads were stopped: 0.0001156 seconds, Stopping threads took: 0.0000194 seconds
2018-02-17T16:47:09.602+0800: 159.012: Total time for which application threads were stopped: 0.0000824 seconds, Stopping threads took: 0.0000133 seconds
2018-02-17T16:47:09.606+0800: 159.015: Total time for which application threads were stopped: 0.0001412 seconds, Stopping threads took: 0.0000422 seconds
2018-02-17T16:47:10.609+0800: 160.019: Total time for which application threads were stopped: 0.0003843 seconds, Stopping threads took: 0.0000736 seconds
2018-02-17T16:47:10.637+0800: 160.046: Total time for which application threads were stopped: 0.0001727 seconds, Stopping threads took: 0.0000270 seconds
2018-02-17T16:47:10.649+0800: 160.059: Total time for which application threads were stopped: 0.0001838 seconds, Stopping threads took: 0.0000361 seconds
2018-02-17T16:47:10.649+0800: 160.059: Total time for which application threads were stopped: 0.0001211 seconds, Stopping threads took: 0.0000132 seconds
2018-02-17T16:47:10.650+0800: 160.059: Total time for which application threads were stopped: 0.0000961 seconds, Stopping threads took: 0.0000112 seconds
2018-02-17T16:47:10.650+0800: 160.059: Total time for which application threads were stopped: 0.0001149 seconds, Stopping threads took: 0.0000143 seconds
2018-02-17T16:47:10.650+0800: 160.059: Total time for which application threads were stopped: 0.0000966 seconds, Stopping threads took: 0.0000097 seconds
2018-02-17T16:47:10.650+0800: 160.059: Total time for which application threads were stopped: 0.0001014 seconds, Stopping threads took: 0.0000111 seconds
2018-02-17T16:47:10.650+0800: 160.060: Total time for which application threads were stopped: 0.0000976 seconds, Stopping threads took: 0.0000105 seconds
2018-02-17T16:47:10.650+0800: 160.060: Total time for which application threads were stopped: 0.0000940 seconds, Stopping threads took: 0.0000094 seconds
2018-02-17T16:47:10.650+0800: 160.060: Total time for which application threads were stopped: 0.0000978 seconds, Stopping threads took: 0.0000108 seconds
2018-02-17T16:47:10.650+0800: 160.060: Total time for which application threads were stopped: 0.0000964 seconds, Stopping threads took: 0.0000098 seconds
2018-02-17T16:47:10.651+0800: 160.060: Total time for which application threads were stopped: 0.0000985 seconds, Stopping threads took: 0.0000106 seconds
2018-02-17T16:47:10.651+0800: 160.060: Total time for which application threads were stopped: 0.0000937 seconds, Stopping threads took: 0.0000109 seconds
2018-02-17T16:47:10.651+0800: 160.060: Total time for which application threads were stopped: 0.0001105 seconds, Stopping threads took: 0.0000116 seconds
2018-02-17T16:47:10.651+0800: 160.061: Total time for which application threads were stopped: 0.0000964 seconds, Stopping threads took: 0.0000091 seconds
2018-02-17T16:47:10.651+0800: 160.061: Total time for which application threads were stopped: 0.0001081 seconds, Stopping threads took: 0.0000109 seconds
2018-02-17T16:47:10.651+0800: 160.061: Total time for which application threads were stopped: 0.0000946 seconds, Stopping threads took: 0.0000105 seconds
2018-02-17T16:47:10.651+0800: 160.061: Total time for which application threads were stopped: 0.0000971 seconds, Stopping threads took: 0.0000109 seconds
2018-02-17T16:47:10.652+0800: 160.062: Total time for which application threads were stopped: 0.0001034 seconds, Stopping threads took: 0.0000113 seconds
2018-02-17T16:47:10.652+0800: 160.062: Total time for which application threads were stopped: 0.0001118 seconds, Stopping threads took: 0.0000135 seconds
2018-02-17T16:47:10.653+0800: 160.062: Total time for which application threads were stopped: 0.0001052 seconds, Stopping threads took: 0.0000115 seconds
2018-02-17T16:47:10.653+0800: 160.062: Total time for which application threads were stopped: 0.0003140 seconds, Stopping threads took: 0.0000128 seconds
2018-02-17T16:47:10.653+0800: 160.063: Total time for which application threads were stopped: 0.0001045 seconds, Stopping threads took: 0.0000116 seconds
2018-02-17T16:47:10.663+0800: 160.072: Total time for which application threads were stopped: 0.0002620 seconds, Stopping threads took: 0.0000430 seconds
2018-02-17T16:47:10.665+0800: 160.075: Total time for which application threads were stopped: 0.0002455 seconds, Stopping threads took: 0.0000515 seconds
{Heap before GC invocations=17 (full 2):
 par new generation   total 109248K, used 102610K [0x00000007a0000000, 0x00000007a8000000, 0x00000007a8000000)
  eden space 87424K, 100% used [0x00000007a0000000, 0x00000007a5560000, 0x00000007a5560000)
  from space 21824K,  69% used [0x00000007a6ab0000, 0x00000007a7984850, 0x00000007a8000000)
  to   space 21824K,   0% used [0x00000007a5560000, 0x00000007a5560000, 0x00000007a6ab0000)
 concurrent mark-sweep generation total 393216K, used 13302K [0x00000007a8000000, 0x00000007c0000000, 0x00000007c0000000)
 Metaspace       used 39888K, capacity 41270K, committed 41424K, reserved 1085440K
  class space    used 4796K, capacity 5119K, committed 5140K, reserved 1048576K
2018-02-17T16:47:10.709+0800: 160.119: [GC (Allocation Failure) 2018-02-17T16:47:10.709+0800: 160.119: [ParNew
Desired survivor size 20112992 bytes, new threshold 8 (max 8)
- age   1:    6896736 bytes,    6896736 total
- age   2:      84088 bytes,    6980824 total
- age   3:      91568 bytes,    7072392 total
- age   4:     191648 bytes,    7264040 total
- age   5:    2528488 bytes,    9792528 total
- age   6:    5029656 bytes,   14822184 total
- age   7:    1760192 bytes,   16582376 total
- age   8:     138608 bytes,   16720984 total
: 102610K->19964K(109248K), 0.0769801 secs] 115912K->33395K(502464K), 0.0770837 secs] [Times: user=0.08 sys=0.00, real=0.08 secs] 
Heap after GC invocations=18 (full 2):
 par new generation   total 109248K, used 19964K [0x00000007a0000000, 0x00000007a8000000, 0x00000007a8000000)
  eden space 87424K,   0% used [0x00000007a0000000, 0x00000007a0000000, 0x00000007a5560000)
  from space 21824K,  91% used [0x00000007a5560000, 0x00000007a68df078, 0x00000007a6ab0000)
  to   space 21824K,   0% used [0x00000007a6ab0000, 0x00000007a6ab0000, 0x00000007a8000000)
 concurrent mark-sweep generation total 393216K, used 13430K [0x00000007a8000000, 0x00000007c0000000, 0x00000007c0000000)
 Metaspace       used 39888K, capacity 41270K, committed 41424K, reserved 1085440K
  class space    used 4796K, capacity 5119K, committed 5140K, reserved 1048576K
}
2018-02-17T16:47:10.786+0800: 160.196: Total time for which application threads were stopped: 0.0774023 seconds, Stopping threads took: 0.0000304 seconds
2018-02-17T16:47:10.788+0800: 160.198: Total time for which application threads were stopped: 0.0005520 seconds, Stopping threads took: 0.0001243 seconds
2018-02-17T16:47:10.792+0800: 160.202: Total time for which application threads were stopped: 0.0009415 seconds, Stopping threads took: 0.0007750 seconds
2018-02-17T16:47:10.828+0800: 160.237: Total time for which application threads were stopped: 0.0004280 seconds, Stopping threads took: 0.0002374 seconds
2018-02-17T16:47:10.899+0800: 160.309: Total time for which application threads were stopped: 0.0001584 seconds, Stopping threads took: 0.0000286 seconds
2018-02-17T16:47:10.900+0800: 160.309: Total time for which application threads were stopped: 0.0002112 seconds, Stopping threads took: 0.0000982 seconds
2018-02-17T16:47:10.901+0800: 160.310: Total time for which application threads were stopped: 0.0001680 seconds, Stopping threads took: 0.0000381 seconds
2018-02-17T16:47:10.901+0800: 160.310: Total time for which application threads were stopped: 0.0001349 seconds, Stopping threads took: 0.0000261 seconds
2018-02-17T16:47:10.902+0800: 160.311: Total time for which application threads were stopped: 0.0002512 seconds, Stopping threads took: 0.0000874 seconds
{Heap before GC invocations=18 (full 2):
 par new generation   total 109248K, used 107378K [0x00000007a0000000, 0x00000007a8000000, 0x00000007a8000000)
  eden space 87424K,  99% used [0x00000007a0000000, 0x00000007a555d8c8, 0x00000007a5560000)
  from space 21824K,  91% used [0x00000007a5560000, 0x00000007a68df078, 0x00000007a6ab0000)
  to   space 21824K,   0% used [0x00000007a6ab0000, 0x00000007a6ab0000, 0x00000007a8000000)
 concurrent mark-sweep generation total 393216K, used 13430K [0x00000007a8000000, 0x00000007c0000000, 0x00000007c0000000)
 Metaspace       used 39967K, capacity 41330K, committed 41424K, reserved 1085440K
  class space    used 4802K, capacity 5129K, committed 5140K, reserved 1048576K
2018-02-17T16:47:10.922+0800: 160.331: [GC (Allocation Failure) 2018-02-17T16:47:10.922+0800: 160.331: [ParNew
Desired survivor size 20112992 bytes, new threshold 8 (max 8)
- age   1:    2939848 bytes,    2939848 total
- age   2:    6359024 bytes,    9298872 total
- age   3:      84088 bytes,    9382960 total
- age   4:      91568 bytes,    9474528 total
- age   5:     191616 bytes,    9666144 total
- age   6:    2512960 bytes,   12179104 total
- age   7:    5000448 bytes,   17179552 total
- age   8:    1720424 bytes,   18899976 total
: 107378K->21824K(109248K), 0.0298251 secs] 120809K->35652K(502464K), 0.0299429 secs] [Times: user=0.08 sys=0.00, real=0.03 secs] 
Heap after GC invocations=19 (full 2):
 par new generation   total 109248K, used 21824K [0x00000007a0000000, 0x00000007a8000000, 0x00000007a8000000)
  eden space 87424K,   0% used [0x00000007a0000000, 0x00000007a0000000, 0x00000007a5560000)
  from space 21824K, 100% used [0x00000007a6ab0000, 0x00000007a8000000, 0x00000007a8000000)
  to   space 21824K,   0% used [0x00000007a5560000, 0x00000007a5560000, 0x00000007a6ab0000)
 concurrent mark-sweep generation total 393216K, used 13828K [0x00000007a8000000, 0x00000007c0000000, 0x00000007c0000000)
 Metaspace       used 39967K, capacity 41330K, committed 41424K, reserved 1085440K
  class space    used 4802K, capacity 5129K, committed 5140K, reserved 1048576K
}
2018-02-17T16:47:10.952+0800: 160.361: Total time for which application threads were stopped: 0.0314068 seconds, Stopping threads took: 0.0012215 seconds
2018-02-17T16:47:10.952+0800: 160.362: Total time for which application threads were stopped: 0.0002817 seconds, Stopping threads took: 0.0001389 seconds
2018-02-17T16:47:10.953+0800: 160.362: Total time for which application threads were stopped: 0.0001689 seconds, Stopping threads took: 0.0000253 seconds
2018-02-17T16:47:10.953+0800: 160.363: Total time for which application threads were stopped: 0.0002464 seconds, Stopping threads took: 0.0001163 seconds
2018-02-17T16:47:10.954+0800: 160.363: Total time for which application threads were stopped: 0.0002113 seconds, Stopping threads took: 0.0000831 seconds
2018-02-17T16:47:10.954+0800: 160.364: Total time for which application threads were stopped: 0.0002026 seconds, Stopping threads took: 0.0000643 seconds
2018-02-17T16:47:10.954+0800: 160.364: Total time for which application threads were stopped: 0.0001887 seconds, Stopping threads took: 0.0000592 seconds
{Heap before GC invocations=19 (full 2):
 par new generation   total 109248K, used 109248K [0x00000007a0000000, 0x00000007a8000000, 0x00000007a8000000)
  eden space 87424K, 100% used [0x00000007a0000000, 0x00000007a5560000, 0x00000007a5560000)
  from space 21824K, 100% used [0x00000007a6ab0000, 0x00000007a8000000, 0x00000007a8000000)
  to   space 21824K,   0% used [0x00000007a5560000, 0x00000007a5560000, 0x00000007a6ab0000)
 concurrent mark-sweep generation total 393216K, used 13828K [0x00000007a8000000, 0x00000007c0000000, 0x00000007c0000000)
 Metaspace       used 40018K, capacity 41378K, committed 41424K, reserved 1085440K
  class space    used 4806K, capacity 5137K, committed 5140K, reserved 1048576K
2018-02-17T16:47:11.066+0800: 160.476: [GC (Allocation Failure) 2018-02-17T16:47:11.067+0800: 160.476: [ParNew
Desired survivor size 20112992 bytes, new threshold 8 (max 8)
- age   1:     359880 bytes,     359880 total
- age   2:    2491152 bytes,    2851032 total
- age   3:    6031896 bytes,    8882928 total
- age   4:      84088 bytes,    8967016 total
- age   5:      91568 bytes,    9058584 total
- age   6:     191616 bytes,    9250200 total
- age   7:    2512040 bytes,   11762240 total
- age   8:    5000448 bytes,   16762688 total
: 109248K->21544K(109248K), 0.0561551 secs] 123076K->37079K(502464K), 0.0562769 secs] [Times: user=0.09 sys=0.00, real=0.06 secs] 
Heap after GC invocations=20 (full 2):
 par new generation   total 109248K, used 21544K [0x00000007a0000000, 0x00000007a8000000, 0x00000007a8000000)
  eden space 87424K,   0% used [0x00000007a0000000, 0x00000007a0000000, 0x00000007a5560000)
  from space 21824K,  98% used [0x00000007a5560000, 0x00000007a6a6a158, 0x00000007a6ab0000)
  to   space 21824K,   0% used [0x00000007a6ab0000, 0x00000007a6ab0000, 0x00000007a8000000)
 concurrent mark-sweep generation total 393216K, used 15535K [0x00000007a8000000, 0x00000007c0000000, 0x00000007c0000000)
 Metaspace       used 40018K, capacity 41378K, committed 41424K, reserved 1085440K
  class space    used 4806K, capacity 5137K, committed 5140K, reserved 1048576K
}
2018-02-17T16:47:11.123+0800: 160.532: Total time for which application threads were stopped: 0.0776392 seconds, Stopping threads took: 0.0210888 seconds
{Heap before GC invocations=20 (full 2):
 par new generation   total 109248K, used 108968K [0x00000007a0000000, 0x00000007a8000000, 0x00000007a8000000)
  eden space 87424K, 100% used [0x00000007a0000000, 0x00000007a5560000, 0x00000007a5560000)
  from space 21824K,  98% used [0x00000007a5560000, 0x00000007a6a6a158, 0x00000007a6ab0000)
  to   space 21824K,   0% used [0x00000007a6ab0000, 0x00000007a6ab0000, 0x00000007a8000000)
 concurrent mark-sweep generation total 393216K, used 15535K [0x00000007a8000000, 0x00000007c0000000, 0x00000007c0000000)
 Metaspace       used 40041K, capacity 41454K, committed 41680K, reserved 1085440K
  class space    used 4807K, capacity 5139K, committed 5140K, reserved 1048576K
2018-02-17T16:47:11.199+0800: 160.608: [GC (Allocation Failure) 2018-02-17T16:47:11.199+0800: 160.608: [ParNew
Desired survivor size 20112992 bytes, new threshold 8 (max 8)
- age   1:     389672 bytes,     389672 total
- age   2:      96776 bytes,     486448 total
- age   3:    2471632 bytes,    2958080 total
- age   4:    6031864 bytes,    8989944 total
- age   5:      84088 bytes,    9074032 total
- age   6:      91568 bytes,    9165600 total
- age   7:     191616 bytes,    9357216 total
- age   8:    2511160 bytes,   11868376 total
: 108968K->18283K(109248K), 0.0397948 secs] 124503K->39409K(502464K), 0.0398982 secs] [Times: user=0.09 sys=0.01, real=0.04 secs] 
Heap after GC invocations=21 (full 2):
 par new generation   total 109248K, used 18283K [0x00000007a0000000, 0x00000007a8000000, 0x00000007a8000000)
  eden space 87424K,   0% used [0x00000007a0000000, 0x00000007a0000000, 0x00000007a5560000)
  from space 21824K,  83% used [0x00000007a6ab0000, 0x00000007a7c8acf0, 0x00000007a8000000)
  to   space 21824K,   0% used [0x00000007a5560000, 0x00000007a5560000, 0x00000007a6ab0000)
 concurrent mark-sweep generation total 393216K, used 21126K [0x00000007a8000000, 0x00000007c0000000, 0x00000007c0000000)
 Metaspace       used 40041K, capacity 41454K, committed 41680K, reserved 1085440K
  class space    used 4807K, capacity 5139K, committed 5140K, reserved 1048576K
}
2018-02-17T16:47:11.239+0800: 160.648: Total time for which application threads were stopped: 0.0402358 seconds, Stopping threads took: 0.0000834 seconds
{Heap before GC invocations=21 (full 2):
 par new generation   total 109248K, used 105707K [0x00000007a0000000, 0x00000007a8000000, 0x00000007a8000000)
  eden space 87424K, 100% used [0x00000007a0000000, 0x00000007a5560000, 0x00000007a5560000)
  from space 21824K,  83% used [0x00000007a6ab0000, 0x00000007a7c8acf0, 0x00000007a8000000)
  to   space 21824K,   0% used [0x00000007a5560000, 0x00000007a5560000, 0x00000007a6ab0000)
 concurrent mark-sweep generation total 393216K, used 21126K [0x00000007a8000000, 0x00000007c0000000, 0x00000007c0000000)
 Metaspace       used 40102K, capacity 41578K, committed 41808K, reserved 1085440K
  class space    used 4813K, capacity 5149K, committed 5268K, reserved 1048576K
2018-02-17T16:47:11.388+0800: 160.798: [GC (Allocation Failure) 2018-02-17T16:47:11.388+0800: 160.798: [ParNew
Desired survivor size 20112992 bytes, new threshold 8 (max 8)
- age   1:     572024 bytes,     572024 total
- age   2:      80696 bytes,     652720 total
- age   3:      95088 bytes,     747808 total
- age   4:    2468568 bytes,    3216376 total
- age   5:    6031080 bytes,    9247456 total
- age   6:      84088 bytes,    9331544 total
- age   7:      91568 bytes,    9423112 total
- age   8:     191616 bytes,    9614728 total
: 105707K->12396K(109248K), 0.0556760 secs] 126833K->35984K(502464K), 0.0557697 secs] [Times: user=0.07 sys=0.00, real=0.06 secs] 
Heap after GC invocations=22 (full 2):
 par new generation   total 109248K, used 12396K [0x00000007a0000000, 0x00000007a8000000, 0x00000007a8000000)
  eden space 87424K,   0% used [0x00000007a0000000, 0x00000007a0000000, 0x00000007a5560000)
  from space 21824K,  56% used [0x00000007a5560000, 0x00000007a617b0f0, 0x00000007a6ab0000)
  to   space 21824K,   0% used [0x00000007a6ab0000, 0x00000007a6ab0000, 0x00000007a8000000)
 concurrent mark-sweep generation total 393216K, used 23588K [0x00000007a8000000, 0x00000007c0000000, 0x00000007c0000000)
 Metaspace       used 40102K, capacity 41578K, committed 41808K, reserved 1085440K
  class space    used 4813K, capacity 5149K, committed 5268K, reserved 1048576K
}
2018-02-17T16:47:11.444+0800: 160.854: Total time for which application threads were stopped: 0.0560876 seconds, Stopping threads took: 0.0000300 seconds
2018-02-17T16:47:11.494+0800: 160.903: Total time for which application threads were stopped: 0.0002554 seconds, Stopping threads took: 0.0000826 seconds
2018-02-17T16:47:11.494+0800: 160.903: Total time for which application threads were stopped: 0.0001715 seconds, Stopping threads took: 0.0000527 seconds
2018-02-17T16:47:11.498+0800: 160.908: Total time for which application threads were stopped: 0.0001916 seconds, Stopping threads took: 0.0000440 seconds
2018-02-17T16:47:11.498+0800: 160.908: Total time for which application threads were stopped: 0.0001297 seconds, Stopping threads took: 0.0000143 seconds
2018-02-17T16:47:11.567+0800: 160.976: Total time for which application threads were stopped: 0.0118940 seconds, Stopping threads took: 0.0116639 seconds
2018-02-17T16:47:12.568+0800: 161.978: Total time for which application threads were stopped: 0.0002763 seconds, Stopping threads took: 0.0000457 seconds
2018-02-17T16:47:13.569+0800: 162.978: Total time for which application threads were stopped: 0.0003866 seconds, Stopping threads took: 0.0000557 seconds
2018-02-17T16:47:14.570+0800: 163.980: Total time for which application threads were stopped: 0.0005429 seconds, Stopping threads took: 0.0001335 seconds
2018-02-17T16:47:15.571+0800: 164.981: Total time for which application threads were stopped: 0.0001888 seconds, Stopping threads took: 0.0000283 seconds
2018-02-17T16:47:16.552+0800: 165.962: Total time for which application threads were stopped: 0.0002003 seconds, Stopping threads took: 0.0000285 seconds
2018-02-17T16:47:16.552+0800: 165.962: Total time for which application threads were stopped: 0.0001347 seconds, Stopping threads took: 0.0000144 seconds
2018-02-17T16:47:16.553+0800: 165.962: Total time for which application threads were stopped: 0.0001291 seconds, Stopping threads took: 0.0000309 seconds
2018-02-17T16:47:16.553+0800: 165.962: Total time for which application threads were stopped: 0.0001050 seconds, Stopping threads took: 0.0000254 seconds
2018-02-17T16:47:16.553+0800: 165.962: Total time for which application threads were stopped: 0.0000931 seconds, Stopping threads took: 0.0000119 seconds
2018-02-17T16:47:16.553+0800: 165.963: Total time for which application threads were stopped: 0.0001217 seconds, Stopping threads took: 0.0000317 seconds
2018-02-17T16:47:16.553+0800: 165.963: Total time for which application threads were stopped: 0.0001091 seconds, Stopping threads took: 0.0000248 seconds
2018-02-17T16:47:16.553+0800: 165.963: Total time for which application threads were stopped: 0.0001015 seconds, Stopping threads took: 0.0000206 seconds
2018-02-17T16:47:16.558+0800: 165.967: Total time for which application threads were stopped: 0.0002480 seconds, Stopping threads took: 0.0000542 seconds
2018-02-17T16:47:16.558+0800: 165.967: Total time for which application threads were stopped: 0.0001100 seconds, Stopping threads took: 0.0000279 seconds
2018-02-17T16:47:16.558+0800: 165.968: Total time for which application threads were stopped: 0.0000981 seconds, Stopping threads took: 0.0000202 seconds
2018-02-17T16:47:16.558+0800: 165.968: Total time for which application threads were stopped: 0.0000837 seconds, Stopping threads took: 0.0000200 seconds
2018-02-17T16:47:16.559+0800: 165.968: Total time for which application threads were stopped: 0.0000820 seconds, Stopping threads took: 0.0000199 seconds
2018-02-17T16:47:16.559+0800: 165.968: Total time for which application threads were stopped: 0.0001350 seconds, Stopping threads took: 0.0000634 seconds
2018-02-17T16:47:16.559+0800: 165.968: Total time for which application threads were stopped: 0.0001726 seconds, Stopping threads took: 0.0001039 seconds
2018-02-17T16:47:16.559+0800: 165.968: Total time for which application threads were stopped: 0.0000724 seconds, Stopping threads took: 0.0000102 seconds
2018-02-17T16:47:16.559+0800: 165.968: Total time for which application threads were stopped: 0.0001119 seconds, Stopping threads took: 0.0000192 seconds
2018-02-17T16:47:16.559+0800: 165.969: Total time for which application threads were stopped: 0.0000922 seconds, Stopping threads took: 0.0000234 seconds
2018-02-17T16:47:16.559+0800: 165.969: Total time for which application threads were stopped: 0.0000743 seconds, Stopping threads took: 0.0000102 seconds
2018-02-17T16:47:16.559+0800: 165.969: Total time for which application threads were stopped: 0.0000679 seconds, Stopping threads took: 0.0000095 seconds
2018-02-17T16:47:16.560+0800: 165.969: Total time for which application threads were stopped: 0.0001286 seconds, Stopping threads took: 0.0000570 seconds
2018-02-17T16:47:16.560+0800: 165.969: Total time for which application threads were stopped: 0.0001567 seconds, Stopping threads took: 0.0000722 seconds
2018-02-17T16:47:16.560+0800: 165.969: Total time for which application threads were stopped: 0.0001286 seconds, Stopping threads took: 0.0000546 seconds
2018-02-17T16:47:16.560+0800: 165.969: Total time for which application threads were stopped: 0.0000810 seconds, Stopping threads took: 0.0000205 seconds
2018-02-17T16:47:16.560+0800: 165.970: Total time for which application threads were stopped: 0.0000935 seconds, Stopping threads took: 0.0000321 seconds
2018-02-17T16:47:16.560+0800: 165.970: Total time for which application threads were stopped: 0.0001176 seconds, Stopping threads took: 0.0000571 seconds
2018-02-17T16:47:16.560+0800: 165.970: Total time for which application threads were stopped: 0.0000808 seconds, Stopping threads took: 0.0000217 seconds
2018-02-17T16:47:16.561+0800: 165.970: Total time for which application threads were stopped: 0.0000898 seconds, Stopping threads took: 0.0000193 seconds
2018-02-17T16:47:16.561+0800: 165.970: Total time for which application threads were stopped: 0.0002470 seconds, Stopping threads took: 0.0000209 seconds
2018-02-17T16:47:16.562+0800: 165.972: Total time for which application threads were stopped: 0.0000989 seconds, Stopping threads took: 0.0000120 seconds
2018-02-17T16:47:16.563+0800: 165.972: Total time for which application threads were stopped: 0.0000770 seconds, Stopping threads took: 0.0000090 seconds
2018-02-17T16:47:16.564+0800: 165.973: Total time for which application threads were stopped: 0.0002060 seconds, Stopping threads took: 0.0000406 seconds
2018-02-17T16:47:17.567+0800: 166.976: Total time for which application threads were stopped: 0.0003796 seconds, Stopping threads took: 0.0000484 seconds
{Heap before GC invocations=22 (full 2):
 par new generation   total 109248K, used 99820K [0x00000007a0000000, 0x00000007a8000000, 0x00000007a8000000)
  eden space 87424K, 100% used [0x00000007a0000000, 0x00000007a5560000, 0x00000007a5560000)
  from space 21824K,  56% used [0x00000007a5560000, 0x00000007a617b0f0, 0x00000007a6ab0000)
  to   space 21824K,   0% used [0x00000007a6ab0000, 0x00000007a6ab0000, 0x00000007a8000000)
 concurrent mark-sweep generation total 393216K, used 23588K [0x00000007a8000000, 0x00000007c0000000, 0x00000007c0000000)
 Metaspace       used 40623K, capacity 42076K, committed 42320K, reserved 1087488K
  class space    used 4824K, capacity 5166K, committed 5268K, reserved 1048576K
2018-02-17T16:47:17.617+0800: 167.026: [GC (Allocation Failure) 2018-02-17T16:47:17.617+0800: 167.027: [ParNew
Desired survivor size 20112992 bytes, new threshold 8 (max 8)
- age   1:    3549144 bytes,    3549144 total
- age   2:     159808 bytes,    3708952 total
- age   3:      78544 bytes,    3787496 total
- age   4:      93696 bytes,    3881192 total
- age   5:    1426096 bytes,    5307288 total
- age   6:    4437872 bytes,    9745160 total
- age   7:      84088 bytes,    9829248 total
- age   8:      91568 bytes,    9920816 total
: 99820K->12501K(109248K), 0.0140735 secs] 123408K->36280K(502464K), 0.0142106 secs] [Times: user=0.05 sys=0.00, real=0.02 secs] 
Heap after GC invocations=23 (full 2):
 par new generation   total 109248K, used 12501K [0x00000007a0000000, 0x00000007a8000000, 0x00000007a8000000)
  eden space 87424K,   0% used [0x00000007a0000000, 0x00000007a0000000, 0x00000007a5560000)
  from space 21824K,  57% used [0x00000007a6ab0000, 0x00000007a76e57d0, 0x00000007a8000000)
  to   space 21824K,   0% used [0x00000007a5560000, 0x00000007a5560000, 0x00000007a6ab0000)
 concurrent mark-sweep generation total 393216K, used 23778K [0x00000007a8000000, 0x00000007c0000000, 0x00000007c0000000)
 Metaspace       used 40623K, capacity 42076K, committed 42320K, reserved 1087488K
  class space    used 4824K, capacity 5166K, committed 5268K, reserved 1048576K
}
2018-02-17T16:47:17.631+0800: 167.041: Total time for which application threads were stopped: 0.0147000 seconds, Stopping threads took: 0.0000987 seconds
2018-02-17T16:47:18.632+0800: 168.041: Total time for which application threads were stopped: 0.0002107 seconds, Stopping threads took: 0.0000308 seconds
2018-02-17T16:47:19.634+0800: 169.043: Total time for which application threads were stopped: 0.0004125 seconds, Stopping threads took: 0.0000721 seconds
2018-02-17T16:47:20.635+0800: 170.044: Total time for which application threads were stopped: 0.0003427 seconds, Stopping threads took: 0.0001190 seconds
2018-02-17T16:47:21.559+0800: 170.968: Total time for which application threads were stopped: 0.0002658 seconds, Stopping threads took: 0.0000383 seconds
2018-02-17T16:47:21.559+0800: 170.968: Total time for which application threads were stopped: 0.0002145 seconds, Stopping threads took: 0.0000269 seconds
2018-02-17T16:47:21.559+0800: 170.968: Total time for which application threads were stopped: 0.0001736 seconds, Stopping threads took: 0.0000483 seconds
2018-02-17T16:47:21.559+0800: 170.969: Total time for which application threads were stopped: 0.0001585 seconds, Stopping threads took: 0.0000362 seconds
2018-02-17T16:47:21.560+0800: 170.969: Total time for which application threads were stopped: 0.0001818 seconds, Stopping threads took: 0.0000588 seconds
2018-02-17T16:47:21.560+0800: 170.969: Total time for which application threads were stopped: 0.0001798 seconds, Stopping threads took: 0.0000306 seconds
2018-02-17T16:47:21.560+0800: 170.970: Total time for which application threads were stopped: 0.0002443 seconds, Stopping threads took: 0.0000499 seconds
2018-02-17T16:47:21.561+0800: 170.970: Total time for which application threads were stopped: 0.0001771 seconds, Stopping threads took: 0.0000245 seconds
2018-02-17T16:47:21.569+0800: 170.978: Total time for which application threads were stopped: 0.0001475 seconds, Stopping threads took: 0.0000255 seconds
2018-02-17T16:47:21.570+0800: 170.980: Total time for which application threads were stopped: 0.0001393 seconds, Stopping threads took: 0.0000246 seconds
2018-02-17T16:47:21.570+0800: 170.980: Total time for which application threads were stopped: 0.0000992 seconds, Stopping threads took: 0.0000127 seconds
2018-02-17T16:47:21.572+0800: 170.981: Total time for which application threads were stopped: 0.0001326 seconds, Stopping threads took: 0.0000220 seconds
2018-02-17T16:47:21.572+0800: 170.981: Total time for which application threads were stopped: 0.0001089 seconds, Stopping threads took: 0.0000273 seconds
2018-02-17T16:47:21.733+0800: 171.142: Total time for which application threads were stopped: 0.0001612 seconds, Stopping threads took: 0.0000249 seconds
2018-02-17T16:47:45.709+0800: 195.118: Total time for which application threads were stopped: 0.0009158 seconds, Stopping threads took: 0.0000261 seconds
2018-02-17T16:47:46.711+0800: 196.120: Total time for which application threads were stopped: 0.0001973 seconds, Stopping threads took: 0.0000278 seconds
2018-02-17T16:47:46.803+0800: 196.211: Total time for which application threads were stopped: 0.0002123 seconds, Stopping threads took: 0.0000266 seconds
2018-02-17T16:47:46.803+0800: 196.211: Total time for which application threads were stopped: 0.0001473 seconds, Stopping threads took: 0.0000293 seconds
2018-02-17T16:47:46.822+0800: 196.230: Total time for which application threads were stopped: 0.0001446 seconds, Stopping threads took: 0.0000226 seconds
2018-02-17T16:47:46.822+0800: 196.231: Total time for which application threads were stopped: 0.0001746 seconds, Stopping threads took: 0.0000135 seconds
2018-02-17T16:47:46.827+0800: 196.236: Total time for which application threads were stopped: 0.0001548 seconds, Stopping threads took: 0.0000215 seconds
2018-02-17T16:47:46.828+0800: 196.236: Total time for which application threads were stopped: 0.0001548 seconds, Stopping threads took: 0.0000373 seconds
2018-02-17T16:47:46.828+0800: 196.237: Total time for which application threads were stopped: 0.0001246 seconds, Stopping threads took: 0.0000278 seconds
2018-02-17T16:47:46.828+0800: 196.237: Total time for which application threads were stopped: 0.0000989 seconds, Stopping threads took: 0.0000104 seconds
2018-02-17T16:47:46.828+0800: 196.237: Total time for which application threads were stopped: 0.0003018 seconds, Stopping threads took: 0.0000202 seconds
2018-02-17T16:47:46.845+0800: 196.253: Total time for which application threads were stopped: 0.0001872 seconds, Stopping threads took: 0.0000419 seconds
2018-02-17T16:47:46.845+0800: 196.253: Total time for which application threads were stopped: 0.0002076 seconds, Stopping threads took: 0.0000724 seconds
2018-02-17T16:47:46.859+0800: 196.268: Total time for which application threads were stopped: 0.0001512 seconds, Stopping threads took: 0.0000231 seconds
2018-02-17T16:47:46.859+0800: 196.268: Total time for which application threads were stopped: 0.0001003 seconds, Stopping threads took: 0.0000096 seconds
2018-02-17T16:47:47.864+0800: 197.272: Total time for which application threads were stopped: 0.0002150 seconds, Stopping threads took: 0.0000439 seconds
2018-02-17T16:47:48.865+0800: 198.274: Total time for which application threads were stopped: 0.0002100 seconds, Stopping threads took: 0.0000416 seconds
2018-02-17T16:48:17.936+0800: 227.344: Total time for which application threads were stopped: 0.0003219 seconds, Stopping threads took: 0.0000469 seconds
2018-02-17T16:48:18.938+0800: 228.346: Total time for which application threads were stopped: 0.0005107 seconds, Stopping threads took: 0.0002482 seconds
2018-02-17T16:48:20.942+0800: 230.350: Total time for which application threads were stopped: 0.0004316 seconds, Stopping threads took: 0.0000967 seconds
2018-02-17T16:48:36.982+0800: 246.389: Total time for which application threads were stopped: 0.0001492 seconds, Stopping threads took: 0.0000431 seconds
2018-02-17T16:48:41.910+0800: 251.318: Total time for which application threads were stopped: 0.0002244 seconds, Stopping threads took: 0.0000468 seconds
2018-02-17T16:48:41.911+0800: 251.318: Total time for which application threads were stopped: 0.0003898 seconds, Stopping threads took: 0.0002338 seconds
2018-02-17T16:48:41.912+0800: 251.319: Total time for which application threads were stopped: 0.0002577 seconds, Stopping threads took: 0.0000903 seconds
2018-02-17T16:48:42.912+0800: 252.319: Total time for which application threads were stopped: 0.0002268 seconds, Stopping threads took: 0.0000383 seconds
2018-02-17T16:48:49.925+0800: 259.332: Total time for which application threads were stopped: 0.0002329 seconds, Stopping threads took: 0.0000519 seconds
2018-02-17T16:48:54.935+0800: 264.342: Total time for which application threads were stopped: 0.0002503 seconds, Stopping threads took: 0.0000607 seconds
2018-02-17T16:48:55.940+0800: 265.346: Total time for which application threads were stopped: 0.0002352 seconds, Stopping threads took: 0.0000373 seconds
2018-02-17T16:49:01.951+0800: 271.357: Total time for which application threads were stopped: 0.0002353 seconds, Stopping threads took: 0.0000462 seconds
2018-02-17T16:50:11.132+0800: 340.537: Total time for which application threads were stopped: 0.0003769 seconds, Stopping threads took: 0.0000486 seconds
2018-02-17T16:51:12.277+0800: 401.681: Total time for which application threads were stopped: 0.0002493 seconds, Stopping threads took: 0.0000397 seconds
2018-02-17T16:51:13.282+0800: 402.685: Total time for which application threads were stopped: 0.0003603 seconds, Stopping threads took: 0.0000494 seconds
2018-02-17T16:53:27.577+0800: 536.977: Total time for which application threads were stopped: 0.0003200 seconds, Stopping threads took: 0.0000446 seconds
2018-02-17T16:53:43.608+0800: 553.007: Total time for which application threads were stopped: 0.0003758 seconds, Stopping threads took: 0.0000379 seconds
2018-02-17T16:56:22.397+0800: 711.792: Total time for which application threads were stopped: 0.0017147 seconds, Stopping threads took: 0.0004708 seconds
2018-02-17T16:56:23.398+0800: 712.794: Total time for which application threads were stopped: 0.0001926 seconds, Stopping threads took: 0.0000300 seconds
2018-02-17T16:56:28.161+0800: 717.556: Total time for which application threads were stopped: 0.0002603 seconds, Stopping threads took: 0.0000221 seconds
2018-02-17T16:56:28.162+0800: 717.558: Total time for which application threads were stopped: 0.0001510 seconds, Stopping threads took: 0.0000326 seconds
2018-02-17T16:56:28.165+0800: 717.561: Total time for which application threads were stopped: 0.0001628 seconds, Stopping threads took: 0.0000269 seconds
2018-02-17T16:56:28.180+0800: 717.576: Total time for which application threads were stopped: 0.0002186 seconds, Stopping threads took: 0.0000196 seconds
2018-02-17T16:56:28.181+0800: 717.576: Total time for which application threads were stopped: 0.0001323 seconds, Stopping threads took: 0.0000143 seconds
2018-02-17T16:56:28.182+0800: 717.577: Total time for which application threads were stopped: 0.0001984 seconds, Stopping threads took: 0.0000295 seconds
2018-02-17T16:56:28.183+0800: 717.578: Total time for which application threads were stopped: 0.0002299 seconds, Stopping threads took: 0.0000156 seconds
2018-02-17T16:56:28.183+0800: 717.579: Total time for which application threads were stopped: 0.0003349 seconds, Stopping threads took: 0.0001509 seconds
2018-02-17T16:56:28.187+0800: 717.582: Total time for which application threads were stopped: 0.0002386 seconds, Stopping threads took: 0.0000497 seconds
2018-02-17T16:56:28.189+0800: 717.584: Total time for which application threads were stopped: 0.0001338 seconds, Stopping threads took: 0.0000311 seconds
2018-02-17T16:56:28.190+0800: 717.585: Total time for which application threads were stopped: 0.0001431 seconds, Stopping threads took: 0.0000160 seconds
2018-02-17T16:56:28.195+0800: 717.590: Total time for which application threads were stopped: 0.0002322 seconds, Stopping threads took: 0.0000823 seconds
2018-02-17T16:56:28.204+0800: 717.599: Total time for which application threads were stopped: 0.0001678 seconds, Stopping threads took: 0.0000394 seconds
2018-02-17T16:56:28.210+0800: 717.605: Total time for which application threads were stopped: 0.0006648 seconds, Stopping threads took: 0.0003680 seconds
2018-02-17T16:56:28.221+0800: 717.617: Total time for which application threads were stopped: 0.0005626 seconds, Stopping threads took: 0.0004729 seconds
2018-02-17T16:56:28.222+0800: 717.617: Total time for which application threads were stopped: 0.0001223 seconds, Stopping threads took: 0.0000265 seconds
2018-02-17T16:56:28.222+0800: 717.617: Total time for which application threads were stopped: 0.0001735 seconds, Stopping threads took: 0.0000757 seconds
2018-02-17T16:56:28.223+0800: 717.618: Total time for which application threads were stopped: 0.0001020 seconds, Stopping threads took: 0.0000092 seconds
2018-02-17T16:56:28.223+0800: 717.618: Total time for which application threads were stopped: 0.0001478 seconds, Stopping threads took: 0.0000075 seconds
2018-02-17T16:56:28.223+0800: 717.618: Total time for which application threads were stopped: 0.0000869 seconds, Stopping threads took: 0.0000082 seconds
2018-02-17T16:56:28.223+0800: 717.618: Total time for which application threads were stopped: 0.0000862 seconds, Stopping threads took: 0.0000189 seconds
2018-02-17T16:56:28.224+0800: 717.620: Total time for which application threads were stopped: 0.0011393 seconds, Stopping threads took: 0.0002496 seconds
2018-02-17T16:56:28.226+0800: 717.621: Total time for which application threads were stopped: 0.0009103 seconds, Stopping threads took: 0.0008040 seconds
2018-02-17T16:56:28.227+0800: 717.622: Total time for which application threads were stopped: 0.0009416 seconds, Stopping threads took: 0.0008318 seconds
2018-02-17T16:56:28.231+0800: 717.626: Total time for which application threads were stopped: 0.0037533 seconds, Stopping threads took: 0.0035840 seconds
2018-02-17T16:56:28.231+0800: 717.626: Total time for which application threads were stopped: 0.0001471 seconds, Stopping threads took: 0.0000277 seconds
2018-02-17T16:56:28.231+0800: 717.626: Total time for which application threads were stopped: 0.0001381 seconds, Stopping threads took: 0.0000327 seconds
2018-02-17T16:56:28.232+0800: 717.627: Total time for which application threads were stopped: 0.0003449 seconds, Stopping threads took: 0.0001925 seconds
2018-02-17T16:56:28.233+0800: 717.628: Total time for which application threads were stopped: 0.0001496 seconds, Stopping threads took: 0.0000565 seconds
2018-02-17T16:56:28.236+0800: 717.632: Total time for which application threads were stopped: 0.0005154 seconds, Stopping threads took: 0.0001330 seconds
2018-02-17T16:56:28.239+0800: 717.634: Total time for which application threads were stopped: 0.0004723 seconds, Stopping threads took: 0.0000901 seconds
2018-02-17T16:56:28.242+0800: 717.637: Total time for which application threads were stopped: 0.0001390 seconds, Stopping threads took: 0.0000376 seconds
2018-02-17T16:56:28.243+0800: 717.638: Total time for which application threads were stopped: 0.0001216 seconds, Stopping threads took: 0.0000176 seconds
2018-02-17T16:56:28.243+0800: 717.638: Total time for which application threads were stopped: 0.0001960 seconds, Stopping threads took: 0.0001000 seconds
2018-02-17T16:56:28.248+0800: 717.643: Total time for which application threads were stopped: 0.0001454 seconds, Stopping threads took: 0.0000361 seconds
2018-02-17T16:56:28.250+0800: 717.645: Total time for which application threads were stopped: 0.0001305 seconds, Stopping threads took: 0.0000424 seconds
2018-02-17T16:56:28.251+0800: 717.647: Total time for which application threads were stopped: 0.0001044 seconds, Stopping threads took: 0.0000272 seconds
2018-02-17T16:56:28.252+0800: 717.647: Total time for which application threads were stopped: 0.0001922 seconds, Stopping threads took: 0.0001381 seconds
2018-02-17T16:56:28.252+0800: 717.647: Total time for which application threads were stopped: 0.0000552 seconds, Stopping threads took: 0.0000088 seconds
2018-02-17T16:56:28.252+0800: 717.647: Total time for which application threads were stopped: 0.0000389 seconds, Stopping threads took: 0.0000058 seconds
2018-02-17T16:56:28.269+0800: 717.664: Total time for which application threads were stopped: 0.0001152 seconds, Stopping threads took: 0.0000507 seconds
2018-02-17T16:56:28.269+0800: 717.665: Total time for which application threads were stopped: 0.0001073 seconds, Stopping threads took: 0.0000586 seconds
2018-02-17T16:56:28.270+0800: 717.665: Total time for which application threads were stopped: 0.0000653 seconds, Stopping threads took: 0.0000201 seconds
Heap
 par new generation   total 109248K, used 44116K [0x00000007a0000000, 0x00000007a8000000, 0x00000007a8000000)
  eden space 87424K,  36% used [0x00000007a0000000, 0x00000007a1edfa28, 0x00000007a5560000)
  from space 21824K,  57% used [0x00000007a6ab0000, 0x00000007a76e57d0, 0x00000007a8000000)
  to   space 21824K,   0% used [0x00000007a5560000, 0x00000007a5560000, 0x00000007a6ab0000)
 concurrent mark-sweep generation total 393216K, used 23778K [0x00000007a8000000, 0x00000007c0000000, 0x00000007c0000000)
 Metaspace       used 41277K, capacity 42784K, committed 43088K, reserved 1087488K
  class space    used 4849K, capacity 5204K, committed 5268K, reserved 1048576K
