[2018-03-15T00:29:02.807-0700][0.005s] Using Concurrent Mark Sweep
[2018-03-15T00:29:08.665-0700][5.863s] GC(0) Pause Young (Allocation Failure) (5.863s)
[2018-03-15T00:29:08.665-0700][5.863s] GC(0) GC Workers: 4
[2018-03-15T00:29:08.673-0700][5.871s] GC(0) ParNew: 87424K->16075K(109248K)
[2018-03-15T00:29:08.674-0700][5.871s] GC(0) CMS: 0K->0K(393216K)
[2018-03-15T00:29:08.674-0700][5.871s] GC(0) Metaspace: 19992K->19992K(1067008K)
[2018-03-15T00:29:08.674-0700][5.871s] GC(0) Pause Young (Allocation Failure) 85M->15M(490M) (5.863s, 5.871s) 8.264ms
[2018-03-15T00:29:08.674-0700][5.871s] GC(0) User=0.04s Sys=0.00s Real=0.01s
[2018-03-15T00:29:09.137-0700][6.335s] GC(1) Pause Young (Allocation Failure) (6.335s)
[2018-03-15T00:29:09.137-0700][6.335s] GC(1) GC Workers: 4
[2018-03-15T00:29:09.144-0700][6.342s] GC(1) ParNew: 103499K->21824K(109248K)
[2018-03-15T00:29:09.144-0700][6.342s] GC(1) CMS: 0K->326K(393216K)
[2018-03-15T00:29:09.144-0700][6.342s] GC(1) Metaspace: 25581K->25581K(1073152K)
[2018-03-15T00:29:09.144-0700][6.342s] GC(1) Pause Young (Allocation Failure) 101M->21M(490M) (6.335s, 6.342s) 7.118ms
[2018-03-15T00:29:09.144-0700][6.342s] GC(1) User=0.02s Sys=0.00s Real=0.01s
[2018-03-15T00:29:09.144-0700][6.342s] GC(2) Pause Initial Mark (6.342s)
[2018-03-15T00:29:09.146-0700][6.344s] GC(2) Pause Initial Mark 22M->22M(490M) (6.342s, 6.344s) 1.672ms
[2018-03-15T00:29:09.146-0700][6.344s] GC(2) User=0.01s Sys=0.00s Real=0.00s
[2018-03-15T00:29:09.146-0700][6.344s] GC(2) Concurrent Mark (6.344s)
[2018-03-15T00:29:09.146-0700][6.344s] GC(2) GC Workers: 4
[2018-03-15T00:29:09.147-0700][6.344s] GC(2) Concurrent Mark (6.344s, 6.344s) 0.709ms
[2018-03-15T00:29:09.147-0700][6.344s] GC(2) User=0.00s Sys=0.00s Real=0.00s
[2018-03-15T00:29:09.147-0700][6.345s] GC(2) Concurrent Preclean (6.345s)
[2018-03-15T00:29:09.148-0700][6.346s] GC(2) Concurrent Preclean (6.345s, 6.346s) 0.976ms
[2018-03-15T00:29:09.148-0700][6.346s] GC(2) User=0.00s Sys=0.01s Real=0.00s
[2018-03-15T00:29:09.148-0700][6.346s] GC(2) Pause Remark (6.346s)
[2018-03-15T00:29:09.148-0700][6.346s] GC(3) Pause Young (CMS Final Remark) (6.346s)
[2018-03-15T00:29:09.148-0700][6.346s] GC(3) GC Workers: 4
[2018-03-15T00:29:09.171-0700][6.369s] GC(3) ParNew: 23461K->20066K(109248K)
[2018-03-15T00:29:09.171-0700][6.369s] GC(3) CMS: 326K->12061K(393216K)
[2018-03-15T00:29:09.171-0700][6.369s] GC(3) Metaspace: 25594K->25594K(1073152K)
[2018-03-15T00:29:09.171-0700][6.369s] GC(3) Pause Young (CMS Final Remark) 23M->31M(490M) (6.346s, 6.369s) 22.864ms
[2018-03-15T00:29:09.171-0700][6.369s] GC(3) User=0.07s Sys=0.01s Real=0.02s
[2018-03-15T00:29:09.179-0700][6.377s] GC(2) Pause Remark 23M->31M(490M) (6.346s, 6.377s) 30.824ms
[2018-03-15T00:29:09.179-0700][6.377s] GC(2) User=0.09s Sys=0.01s Real=0.03s
[2018-03-15T00:29:09.179-0700][6.377s] GC(2) Concurrent Sweep (6.377s)
[2018-03-15T00:29:09.184-0700][6.381s] GC(2) Concurrent Sweep (6.377s, 6.381s) 4.489ms
[2018-03-15T00:29:09.184-0700][6.381s] GC(2) User=0.02s Sys=0.00s Real=0.01s
[2018-03-15T00:29:09.184-0700][6.381s] GC(2) Concurrent Reset (6.381s)
[2018-03-15T00:29:09.186-0700][6.384s] GC(2) Concurrent Reset (6.381s, 6.384s) 2.252ms
[2018-03-15T00:29:09.186-0700][6.384s] GC(2) User=0.00s Sys=0.00s Real=0.00s
[2018-03-15T00:29:09.186-0700][6.384s] GC(2) Old: 326K->12061K(393216K)
[2018-03-15T00:29:09.317-0700][6.515s] GC(4) Pause Young (Allocation Failure) (6.515s)
[2018-03-15T00:29:09.317-0700][6.515s] GC(4) GC Workers: 4
[2018-03-15T00:29:09.320-0700][6.518s] GC(4) ParNew: 107490K->9474K(109248K)
[2018-03-15T00:29:09.320-0700][6.518s] GC(4) CMS: 12061K->12061K(393216K)
[2018-03-15T00:29:09.320-0700][6.518s] GC(4) Metaspace: 26669K->26669K(1073152K)
[2018-03-15T00:29:09.321-0700][6.518s] GC(4) Pause Young (Allocation Failure) 116M->21M(490M) (6.515s, 6.518s) 3.172ms
[2018-03-15T00:29:09.321-0700][6.518s] GC(4) User=0.02s Sys=0.00s Real=0.00s
[2018-03-15T00:29:09.604-0700][6.802s] GC(5) Pause Young (Allocation Failure) (6.802s)
[2018-03-15T00:29:09.604-0700][6.802s] GC(5) GC Workers: 4
[2018-03-15T00:29:09.609-0700][6.806s] GC(5) ParNew: 96898K->10854K(109248K)
[2018-03-15T00:29:09.609-0700][6.806s] GC(5) CMS: 12061K->12061K(393216K)
[2018-03-15T00:29:09.609-0700][6.806s] GC(5) Metaspace: 30430K->30430K(1077248K)
[2018-03-15T00:29:09.609-0700][6.806s] GC(5) Pause Young (Allocation Failure) 106M->22M(490M) (6.802s, 6.806s) 4.359ms
[2018-03-15T00:29:09.609-0700][6.806s] GC(5) User=0.02s Sys=0.00s Real=0.00s
[2018-03-15T00:31:46.036-0700][163.234s] GC(6) Pause Young (Allocation Failure) (163.234s)
[2018-03-15T00:31:46.036-0700][163.234s] GC(6) GC Workers: 4
[2018-03-15T00:31:46.042-0700][163.239s] GC(6) ParNew: 98278K->21027K(109248K)
[2018-03-15T00:31:46.042-0700][163.239s] GC(6) CMS: 12061K->12061K(393216K)
[2018-03-15T00:31:46.042-0700][163.239s] GC(6) Metaspace: 36096K->36096K(1081344K)
[2018-03-15T00:31:46.042-0700][163.239s] GC(6) Pause Young (Allocation Failure) 107M->32M(490M) (163.234s, 163.239s) 5.493ms
[2018-03-15T00:31:46.042-0700][163.239s] GC(6) User=0.02s Sys=0.00s Real=0.00s
[2018-03-15T11:09:52.007-0700][10376.679s] Heap
[2018-03-15T11:09:52.007-0700][10376.679s]  par new generation   total 109248K, used 66966K [0x00000000e0000000, 0x00000000e8000000, 0x00000000e8000000)
[2018-03-15T11:09:52.007-0700][10376.679s]   eden space 87424K,  52% used [0x00000000e0000000, 0x00000000e2cdce48, 0x00000000e5560000)
[2018-03-15T11:09:52.007-0700][10376.679s]   from space 21824K,  96% used [0x00000000e5560000, 0x00000000e69e8db0, 0x00000000e6ab0000)
[2018-03-15T11:09:52.007-0700][10376.679s]   to   space 21824K,   0% used [0x00000000e6ab0000, 0x00000000e6ab0000, 0x00000000e8000000)
[2018-03-15T11:09:52.007-0700][10376.679s]  concurrent mark-sweep generation total 393216K, used 12061K [0x00000000e8000000, 0x0000000100000000, 0x0000000100000000)
[2018-03-15T11:09:52.007-0700][10376.679s]  Metaspace       used 38882K, capacity 40111K, committed 40284K, reserved 1085440K
[2018-03-15T11:09:52.007-0700][10376.679s]   class space    used 4563K, capacity 4868K, committed 4988K, reserved 1048576K
