Java HotSpot(TM) 64-Bit Server VM (25.131-b11) for bsd-amd64 JRE (1.8.0_131-b11), built on Mar 15 2017 01:32:22 by "java_re" with gcc 4.2.1 (Based on Apple Inc. build 5658) (LLVM build 2336.11.00)
Memory: 4k page, physical 8388608k(127880k free)

/proc/meminfo:

CommandLine flags: -XX:CMSInitiatingOccupancyFraction=50 -XX:CMSMaxAbortablePrecleanTime=6000 -XX:+CMSParallelRemarkEnabled -XX:+CMSScavengeBeforeRemark -XX:ConcGCThreads=4 -XX:GCLogFileSize=20971520 -XX:InitialHeapSize=536870912 -XX:MaxHeapSize=536870912 -XX:MaxTenuringThreshold=8 -XX:NewRatio=3 -XX:NumberOfGCLogFiles=9 -XX:OldPLABSize=16 -XX:-OmitStackTraceInFastThrow -XX:OnOutOfMemoryError=/Users/vivianbuan/Documents/SEFS/SOLR/solr-7.2.0/bin/oom_solr.sh 7574 /Users/vivianbuan/Documents/SEFS/SOLR/solr-7.2.0/example/cloud/node2/solr/../logs -XX:ParallelGCThreads=4 -XX:+ParallelRefProcEnabled -XX:PretenureSizeThreshold=67108864 -XX:+PrintGC -XX:+PrintGCApplicationStoppedTime -XX:+PrintGCDateStamps -XX:+PrintGCDetails -XX:+PrintGCTimeStamps -XX:+PrintHeapAtGC -XX:+PrintTenuringDistribution -XX:SurvivorRatio=4 -XX:TargetSurvivorRatio=90 -XX:ThreadStackSize=256 -XX:+UseCMSInitiatingOccupancyOnly -XX:+UseCompressedClassPointers -XX:+UseCompressedOops -XX:+UseConcMarkSweepGC -XX:+UseGCLogFileRotation -XX:+UseParNewGC 
2018-02-17T16:58:32.313+0800: 0.151: Total time for which application threads were stopped: 0.0001122 seconds, Stopping threads took: 0.0000258 seconds
2018-02-17T16:58:32.326+0800: 0.164: Total time for which application threads were stopped: 0.0000621 seconds, Stopping threads took: 0.0000089 seconds
2018-02-17T16:58:32.350+0800: 0.188: Total time for which application threads were stopped: 0.0000592 seconds, Stopping threads took: 0.0000085 seconds
2018-02-17T16:58:32.392+0800: 0.231: Total time for which application threads were stopped: 0.0000719 seconds, Stopping threads took: 0.0000088 seconds
2018-02-17T16:58:32.403+0800: 0.241: Total time for which application threads were stopped: 0.0000676 seconds, Stopping threads took: 0.0000080 seconds
2018-02-17T16:58:32.672+0800: 0.510: Total time for which application threads were stopped: 0.0001667 seconds, Stopping threads took: 0.0000088 seconds
2018-02-17T16:58:32.782+0800: 0.621: Total time for which application threads were stopped: 0.0001647 seconds, Stopping threads took: 0.0000104 seconds
2018-02-17T16:58:32.795+0800: 0.633: Total time for which application threads were stopped: 0.0002224 seconds, Stopping threads took: 0.0000129 seconds
2018-02-17T16:58:33.004+0800: 0.843: Total time for which application threads were stopped: 0.0002037 seconds, Stopping threads took: 0.0000102 seconds
2018-02-17T16:58:33.028+0800: 0.866: Total time for which application threads were stopped: 0.0001792 seconds, Stopping threads took: 0.0000103 seconds
2018-02-17T16:58:34.032+0800: 1.871: Total time for which application threads were stopped: 0.0001913 seconds, Stopping threads took: 0.0000646 seconds
2018-02-17T16:58:36.288+0800: 4.126: Total time for which application threads were stopped: 0.0002585 seconds, Stopping threads took: 0.0000141 seconds
2018-02-17T16:58:38.110+0800: 5.948: Total time for which application threads were stopped: 0.0000668 seconds, Stopping threads took: 0.0000103 seconds
2018-02-17T16:58:38.110+0800: 5.949: Total time for which application threads were stopped: 0.0000476 seconds, Stopping threads took: 0.0000074 seconds
2018-02-17T16:58:38.112+0800: 5.950: Total time for which application threads were stopped: 0.0000513 seconds, Stopping threads took: 0.0000071 seconds
2018-02-17T16:58:38.114+0800: 5.952: Total time for which application threads were stopped: 0.0000562 seconds, Stopping threads took: 0.0000087 seconds
2018-02-17T16:58:38.125+0800: 5.963: Total time for which application threads were stopped: 0.0001049 seconds, Stopping threads took: 0.0000177 seconds
2018-02-17T16:58:38.139+0800: 5.977: Total time for which application threads were stopped: 0.0000832 seconds, Stopping threads took: 0.0000316 seconds
2018-02-17T16:58:38.142+0800: 5.980: Total time for which application threads were stopped: 0.0000526 seconds, Stopping threads took: 0.0000143 seconds
2018-02-17T16:58:38.142+0800: 5.980: Total time for which application threads were stopped: 0.0000351 seconds, Stopping threads took: 0.0000071 seconds
2018-02-17T16:58:38.143+0800: 5.981: Total time for which application threads were stopped: 0.0000403 seconds, Stopping threads took: 0.0000064 seconds
2018-02-17T16:58:38.146+0800: 5.984: Total time for which application threads were stopped: 0.0002477 seconds, Stopping threads took: 0.0001910 seconds
{Heap before GC invocations=0 (full 0):
 par new generation   total 109248K, used 87424K [0x00000007a0000000, 0x00000007a8000000, 0x00000007a8000000)
  eden space 87424K, 100% used [0x00000007a0000000, 0x00000007a5560000, 0x00000007a5560000)
  from space 21824K,   0% used [0x00000007a5560000, 0x00000007a5560000, 0x00000007a6ab0000)
  to   space 21824K,   0% used [0x00000007a6ab0000, 0x00000007a6ab0000, 0x00000007a8000000)
 concurrent mark-sweep generation total 393216K, used 0K [0x00000007a8000000, 0x00000007c0000000, 0x00000007c0000000)
 Metaspace       used 16874K, capacity 17220K, committed 17536K, reserved 1064960K
  class space    used 1959K, capacity 2058K, committed 2176K, reserved 1048576K
2018-02-17T16:58:38.260+0800: 6.098: [GC (Allocation Failure) 2018-02-17T16:58:38.260+0800: 6.098: [ParNew
Desired survivor size 20112992 bytes, new threshold 8 (max 8)
- age   1:    9318728 bytes,    9318728 total
: 87424K->9184K(109248K), 0.0108489 secs] 87424K->9184K(502464K), 0.0109368 secs] [Times: user=0.03 sys=0.01, real=0.01 secs] 
Heap after GC invocations=1 (full 0):
 par new generation   total 109248K, used 9184K [0x00000007a0000000, 0x00000007a8000000, 0x00000007a8000000)
  eden space 87424K,   0% used [0x00000007a0000000, 0x00000007a0000000, 0x00000007a5560000)
  from space 21824K,  42% used [0x00000007a6ab0000, 0x00000007a73a82f8, 0x00000007a8000000)
  to   space 21824K,   0% used [0x00000007a5560000, 0x00000007a5560000, 0x00000007a6ab0000)
 concurrent mark-sweep generation total 393216K, used 0K [0x00000007a8000000, 0x00000007c0000000, 0x00000007c0000000)
 Metaspace       used 16874K, capacity 17220K, committed 17536K, reserved 1064960K
  class space    used 1959K, capacity 2058K, committed 2176K, reserved 1048576K
}
2018-02-17T16:58:38.271+0800: 6.109: Total time for which application threads were stopped: 0.0111161 seconds, Stopping threads took: 0.0000115 seconds
2018-02-17T16:58:38.304+0800: 6.143: Total time for which application threads were stopped: 0.0002065 seconds, Stopping threads took: 0.0000116 seconds
2018-02-17T16:58:38.306+0800: 6.144: Total time for which application threads were stopped: 0.0002450 seconds, Stopping threads took: 0.0000118 seconds
2018-02-17T16:58:38.308+0800: 6.147: Total time for which application threads were stopped: 0.0002744 seconds, Stopping threads took: 0.0000142 seconds
2018-02-17T16:58:38.319+0800: 6.157: Total time for which application threads were stopped: 0.0002073 seconds, Stopping threads took: 0.0000115 seconds
2018-02-17T16:58:38.357+0800: 6.196: Total time for which application threads were stopped: 0.0001063 seconds, Stopping threads took: 0.0000158 seconds
2018-02-17T16:58:38.392+0800: 6.231: Total time for which application threads were stopped: 0.0003948 seconds, Stopping threads took: 0.0000139 seconds
2018-02-17T16:58:39.394+0800: 7.232: Total time for which application threads were stopped: 0.0002050 seconds, Stopping threads took: 0.0000272 seconds
2018-02-17T16:58:43.591+0800: 11.429: Total time for which application threads were stopped: 0.0001250 seconds, Stopping threads took: 0.0000213 seconds
2018-02-17T16:58:43.591+0800: 11.429: Total time for which application threads were stopped: 0.0000551 seconds, Stopping threads took: 0.0000113 seconds
2018-02-17T16:58:43.591+0800: 11.429: Total time for which application threads were stopped: 0.0000765 seconds, Stopping threads took: 0.0000127 seconds
2018-02-17T16:58:43.596+0800: 11.434: Total time for which application threads were stopped: 0.0001270 seconds, Stopping threads took: 0.0000255 seconds
2018-02-17T16:58:43.597+0800: 11.435: Total time for which application threads were stopped: 0.0001086 seconds, Stopping threads took: 0.0000177 seconds
2018-02-17T16:58:43.606+0800: 11.444: Total time for which application threads were stopped: 0.0000905 seconds, Stopping threads took: 0.0000292 seconds
2018-02-17T16:58:43.606+0800: 11.444: Total time for which application threads were stopped: 0.0000523 seconds, Stopping threads took: 0.0000089 seconds
2018-02-17T16:58:43.606+0800: 11.444: Total time for which application threads were stopped: 0.0000570 seconds, Stopping threads took: 0.0000153 seconds
2018-02-17T16:58:43.613+0800: 11.451: Total time for which application threads were stopped: 0.0000952 seconds, Stopping threads took: 0.0000200 seconds
2018-02-17T16:58:43.640+0800: 11.478: Total time for which application threads were stopped: 0.0001542 seconds, Stopping threads took: 0.0000380 seconds
2018-02-17T16:58:43.652+0800: 11.490: Total time for which application threads were stopped: 0.0001041 seconds, Stopping threads took: 0.0000311 seconds
2018-02-17T16:58:43.692+0800: 11.530: Total time for which application threads were stopped: 0.0004274 seconds, Stopping threads took: 0.0000352 seconds
2018-02-17T16:58:43.701+0800: 11.539: Total time for which application threads were stopped: 0.0001167 seconds, Stopping threads took: 0.0000205 seconds
2018-02-17T16:58:43.730+0800: 11.568: Total time for which application threads were stopped: 0.0001151 seconds, Stopping threads took: 0.0000394 seconds
2018-02-17T16:58:43.730+0800: 11.568: Total time for which application threads were stopped: 0.0001139 seconds, Stopping threads took: 0.0000349 seconds
2018-02-17T16:58:43.730+0800: 11.568: Total time for which application threads were stopped: 0.0000728 seconds, Stopping threads took: 0.0000093 seconds
2018-02-17T16:58:43.731+0800: 11.569: Total time for which application threads were stopped: 0.0002376 seconds, Stopping threads took: 0.0001628 seconds
2018-02-17T16:58:43.731+0800: 11.569: Total time for which application threads were stopped: 0.0000953 seconds, Stopping threads took: 0.0000246 seconds
2018-02-17T16:58:43.844+0800: 11.682: Total time for which application threads were stopped: 0.0000788 seconds, Stopping threads took: 0.0000148 seconds
2018-02-17T16:58:43.878+0800: 11.716: Total time for which application threads were stopped: 0.0003419 seconds, Stopping threads took: 0.0000187 seconds
2018-02-17T16:58:43.885+0800: 11.723: Total time for which application threads were stopped: 0.0001031 seconds, Stopping threads took: 0.0000387 seconds
2018-02-17T16:58:44.280+0800: 12.118: [GC (CMS Initial Mark) [1 CMS-initial-mark: 0K(393216K)] 46834K(502464K), 0.0144213 secs] [Times: user=0.03 sys=0.00, real=0.01 secs] 
2018-02-17T16:58:44.294+0800: 12.132: Total time for which application threads were stopped: 0.0146068 seconds, Stopping threads took: 0.0000209 seconds
2018-02-17T16:58:44.294+0800: 12.132: [CMS-concurrent-mark-start]
2018-02-17T16:58:44.295+0800: 12.133: [CMS-concurrent-mark: 0.001/0.001 secs] [Times: user=0.00 sys=0.00, real=0.00 secs] 
2018-02-17T16:58:44.295+0800: 12.133: [CMS-concurrent-preclean-start]
2018-02-17T16:58:44.296+0800: 12.134: [CMS-concurrent-preclean: 0.001/0.001 secs] [Times: user=0.00 sys=0.00, real=0.00 secs] 
2018-02-17T16:58:44.296+0800: 12.134: [CMS-concurrent-abortable-preclean-start]
2018-02-17T16:58:48.952+0800: 16.790: Total time for which application threads were stopped: 0.0002243 seconds, Stopping threads took: 0.0001394 seconds
2018-02-17T16:58:48.983+0800: 16.821: Total time for which application threads were stopped: 0.0000933 seconds, Stopping threads took: 0.0000125 seconds
2018-02-17T16:58:49.015+0800: 16.853: Total time for which application threads were stopped: 0.0000723 seconds, Stopping threads took: 0.0000130 seconds
2018-02-17T16:58:49.019+0800: 16.857: Total time for which application threads were stopped: 0.0000771 seconds, Stopping threads took: 0.0000278 seconds
2018-02-17T16:58:49.020+0800: 16.858: Total time for which application threads were stopped: 0.0001109 seconds, Stopping threads took: 0.0000386 seconds
2018-02-17T16:58:49.022+0800: 16.860: Total time for which application threads were stopped: 0.0001028 seconds, Stopping threads took: 0.0000170 seconds
2018-02-17T16:58:49.024+0800: 16.862: Total time for which application threads were stopped: 0.0001319 seconds, Stopping threads took: 0.0000681 seconds
2018-02-17T16:58:49.024+0800: 16.862: Total time for which application threads were stopped: 0.0000764 seconds, Stopping threads took: 0.0000246 seconds
2018-02-17T16:58:49.024+0800: 16.862: Total time for which application threads were stopped: 0.0000705 seconds, Stopping threads took: 0.0000214 seconds
2018-02-17T16:58:49.025+0800: 16.863: Total time for which application threads were stopped: 0.0000772 seconds, Stopping threads took: 0.0000274 seconds
2018-02-17T16:58:49.027+0800: 16.865: Total time for which application threads were stopped: 0.0000954 seconds, Stopping threads took: 0.0000177 seconds
2018-02-17T16:58:49.027+0800: 16.865: Total time for which application threads were stopped: 0.0000623 seconds, Stopping threads took: 0.0000192 seconds
2018-02-17T16:58:49.030+0800: 16.868: Total time for which application threads were stopped: 0.0001458 seconds, Stopping threads took: 0.0000784 seconds
2018-02-17T16:58:49.031+0800: 16.868: Total time for which application threads were stopped: 0.0001495 seconds, Stopping threads took: 0.0000551 seconds
2018-02-17T16:58:49.031+0800: 16.869: Total time for which application threads were stopped: 0.0000795 seconds, Stopping threads took: 0.0000284 seconds
2018-02-17T16:58:49.032+0800: 16.870: Total time for which application threads were stopped: 0.0000807 seconds, Stopping threads took: 0.0000233 seconds
2018-02-17T16:58:49.032+0800: 16.870: Total time for which application threads were stopped: 0.0000593 seconds, Stopping threads took: 0.0000119 seconds
2018-02-17T16:58:49.041+0800: 16.878: Total time for which application threads were stopped: 0.0001459 seconds, Stopping threads took: 0.0000730 seconds
2018-02-17T16:58:49.043+0800: 16.881: Total time for which application threads were stopped: 0.0002182 seconds, Stopping threads took: 0.0001242 seconds
2018-02-17T16:58:49.047+0800: 16.885: Total time for which application threads were stopped: 0.0003218 seconds, Stopping threads took: 0.0000629 seconds
2018-02-17T16:58:49.068+0800: 16.906: Total time for which application threads were stopped: 0.0001129 seconds, Stopping threads took: 0.0000299 seconds
2018-02-17T16:58:49.069+0800: 16.907: Total time for which application threads were stopped: 0.0001181 seconds, Stopping threads took: 0.0000165 seconds
2018-02-17T16:58:49.070+0800: 16.908: Total time for which application threads were stopped: 0.0001088 seconds, Stopping threads took: 0.0000106 seconds
2018-02-17T16:58:49.070+0800: 16.908: Total time for which application threads were stopped: 0.0000756 seconds, Stopping threads took: 0.0000090 seconds
2018-02-17T16:58:49.098+0800: 16.936: Total time for which application threads were stopped: 0.0001192 seconds, Stopping threads took: 0.0000274 seconds
2018-02-17T16:58:49.099+0800: 16.937: Total time for which application threads were stopped: 0.0000966 seconds, Stopping threads took: 0.0000123 seconds
2018-02-17T16:58:49.103+0800: 16.941: Total time for which application threads were stopped: 0.0000979 seconds, Stopping threads took: 0.0000191 seconds
2018-02-17T16:58:49.104+0800: 16.942: Total time for which application threads were stopped: 0.0001161 seconds, Stopping threads took: 0.0000359 seconds
2018-02-17T16:58:49.105+0800: 16.943: Total time for which application threads were stopped: 0.0003678 seconds, Stopping threads took: 0.0002229 seconds
2018-02-17T16:58:49.173+0800: 17.011: Total time for which application threads were stopped: 0.0001345 seconds, Stopping threads took: 0.0000192 seconds
2018-02-17T16:58:49.179+0800: 17.017: Total time for which application threads were stopped: 0.0001487 seconds, Stopping threads took: 0.0000287 seconds
2018-02-17T16:58:49.181+0800: 17.019: Total time for which application threads were stopped: 0.0001337 seconds, Stopping threads took: 0.0000255 seconds
2018-02-17T16:58:49.186+0800: 17.024: Total time for which application threads were stopped: 0.0002423 seconds, Stopping threads took: 0.0001211 seconds
2018-02-17T16:58:49.188+0800: 17.026: Total time for which application threads were stopped: 0.0001100 seconds, Stopping threads took: 0.0000313 seconds
2018-02-17T16:58:49.192+0800: 17.030: Total time for which application threads were stopped: 0.0007277 seconds, Stopping threads took: 0.0001959 seconds
2018-02-17T16:58:49.196+0800: 17.033: Total time for which application threads were stopped: 0.0014867 seconds, Stopping threads took: 0.0012984 seconds
2018-02-17T16:58:49.201+0800: 17.039: Total time for which application threads were stopped: 0.0002629 seconds, Stopping threads took: 0.0000607 seconds
2018-02-17T16:58:49.204+0800: 17.042: Total time for which application threads were stopped: 0.0001429 seconds, Stopping threads took: 0.0000699 seconds
2018-02-17T16:58:49.328+0800: 17.166: Total time for which application threads were stopped: 0.0001350 seconds, Stopping threads took: 0.0000213 seconds
2018-02-17T16:58:49.334+0800: 17.172: Total time for which application threads were stopped: 0.0003271 seconds, Stopping threads took: 0.0002325 seconds
2018-02-17T16:58:49.334+0800: 17.172: Total time for which application threads were stopped: 0.0000930 seconds, Stopping threads took: 0.0000127 seconds
2018-02-17T16:58:49.335+0800: 17.173: Total time for which application threads were stopped: 0.0000927 seconds, Stopping threads took: 0.0000191 seconds
2018-02-17T16:58:49.335+0800: 17.173: Total time for which application threads were stopped: 0.0000709 seconds, Stopping threads took: 0.0000157 seconds
2018-02-17T16:58:49.335+0800: 17.173: Total time for which application threads were stopped: 0.0000611 seconds, Stopping threads took: 0.0000077 seconds
2018-02-17T16:58:49.335+0800: 17.173: Total time for which application threads were stopped: 0.0000689 seconds, Stopping threads took: 0.0000164 seconds
2018-02-17T16:58:49.335+0800: 17.173: Total time for which application threads were stopped: 0.0001016 seconds, Stopping threads took: 0.0000211 seconds
2018-02-17T16:58:49.337+0800: 17.175: Total time for which application threads were stopped: 0.0002013 seconds, Stopping threads took: 0.0000893 seconds
2018-02-17T16:58:49.338+0800: 17.176: Total time for which application threads were stopped: 0.0003750 seconds, Stopping threads took: 0.0000940 seconds
2018-02-17T16:58:49.338+0800: 17.176: Total time for which application threads were stopped: 0.0001122 seconds, Stopping threads took: 0.0000297 seconds
2018-02-17T16:58:49.339+0800: 17.177: Total time for which application threads were stopped: 0.0001294 seconds, Stopping threads took: 0.0000210 seconds
2018-02-17T16:58:49.339+0800: 17.177: Total time for which application threads were stopped: 0.0001321 seconds, Stopping threads took: 0.0000255 seconds
2018-02-17T16:58:49.339+0800: 17.177: Total time for which application threads were stopped: 0.0001236 seconds, Stopping threads took: 0.0000719 seconds
2018-02-17T16:58:49.339+0800: 17.177: Total time for which application threads were stopped: 0.0000835 seconds, Stopping threads took: 0.0000235 seconds
2018-02-17T16:58:49.339+0800: 17.177: Total time for which application threads were stopped: 0.0000973 seconds, Stopping threads took: 0.0000172 seconds
2018-02-17T16:58:49.339+0800: 17.177: Total time for which application threads were stopped: 0.0000671 seconds, Stopping threads took: 0.0000195 seconds
2018-02-17T16:58:49.340+0800: 17.178: Total time for which application threads were stopped: 0.0001022 seconds, Stopping threads took: 0.0000105 seconds
2018-02-17T16:58:49.340+0800: 17.178: Total time for which application threads were stopped: 0.0001022 seconds, Stopping threads took: 0.0000201 seconds
2018-02-17T16:58:49.340+0800: 17.178: Total time for which application threads were stopped: 0.0000945 seconds, Stopping threads took: 0.0000207 seconds
2018-02-17T16:58:49.340+0800: 17.178: Total time for which application threads were stopped: 0.0000827 seconds, Stopping threads took: 0.0000104 seconds
2018-02-17T16:58:49.340+0800: 17.178: Total time for which application threads were stopped: 0.0000700 seconds, Stopping threads took: 0.0000077 seconds
2018-02-17T16:58:49.341+0800: 17.179: Total time for which application threads were stopped: 0.0001235 seconds, Stopping threads took: 0.0000182 seconds
2018-02-17T16:58:49.345+0800: 17.183: Total time for which application threads were stopped: 0.0001376 seconds, Stopping threads took: 0.0000415 seconds
2018-02-17T16:58:49.345+0800: 17.183: Total time for which application threads were stopped: 0.0000784 seconds, Stopping threads took: 0.0000189 seconds
2018-02-17T16:58:49.346+0800: 17.184: Total time for which application threads were stopped: 0.0001781 seconds, Stopping threads took: 0.0000894 seconds
2018-02-17T16:58:49.364+0800: 17.202: Total time for which application threads were stopped: 0.0017789 seconds, Stopping threads took: 0.0016322 seconds
2018-02-17T16:58:49.365+0800: 17.202: Total time for which application threads were stopped: 0.0001061 seconds, Stopping threads took: 0.0000169 seconds
2018-02-17T16:58:49.365+0800: 17.203: Total time for which application threads were stopped: 0.0001254 seconds, Stopping threads took: 0.0000246 seconds
2018-02-17T16:58:49.365+0800: 17.203: Total time for which application threads were stopped: 0.0001135 seconds, Stopping threads took: 0.0000268 seconds
2018-02-17T16:58:49.365+0800: 17.203: Total time for which application threads were stopped: 0.0001108 seconds, Stopping threads took: 0.0000181 seconds
2018-02-17T16:58:49.366+0800: 17.204: Total time for which application threads were stopped: 0.0001206 seconds, Stopping threads took: 0.0000141 seconds
2018-02-17T16:58:49.366+0800: 17.204: Total time for which application threads were stopped: 0.0001021 seconds, Stopping threads took: 0.0000194 seconds
2018-02-17T16:58:49.366+0800: 17.204: Total time for which application threads were stopped: 0.0001357 seconds, Stopping threads took: 0.0000423 seconds
2018-02-17T16:58:49.372+0800: 17.210: Total time for which application threads were stopped: 0.0004429 seconds, Stopping threads took: 0.0003050 seconds
2018-02-17T16:58:49.377+0800: 17.215: Total time for which application threads were stopped: 0.0001282 seconds, Stopping threads took: 0.0000204 seconds
2018-02-17T16:58:49.400+0800: 17.237: Total time for which application threads were stopped: 0.0010697 seconds, Stopping threads took: 0.0009532 seconds
2018-02-17T16:58:49.403+0800: 17.241: Total time for which application threads were stopped: 0.0013904 seconds, Stopping threads took: 0.0012286 seconds
2018-02-17T16:58:49.415+0800: 17.253: Total time for which application threads were stopped: 0.0001439 seconds, Stopping threads took: 0.0000607 seconds
2018-02-17T16:58:49.415+0800: 17.253: Total time for which application threads were stopped: 0.0000724 seconds, Stopping threads took: 0.0000117 seconds
2018-02-17T16:58:49.416+0800: 17.254: Total time for which application threads were stopped: 0.0000610 seconds, Stopping threads took: 0.0000092 seconds
2018-02-17T16:58:49.416+0800: 17.254: Total time for which application threads were stopped: 0.0000907 seconds, Stopping threads took: 0.0000259 seconds
2018-02-17T16:58:49.416+0800: 17.254: Total time for which application threads were stopped: 0.0001893 seconds, Stopping threads took: 0.0001262 seconds
2018-02-17T16:58:49.443+0800: 17.280: Total time for which application threads were stopped: 0.0231377 seconds, Stopping threads took: 0.0229188 seconds
2018-02-17T16:58:49.445+0800: 17.283: Total time for which application threads were stopped: 0.0001092 seconds, Stopping threads took: 0.0000309 seconds
2018-02-17T16:58:49.447+0800: 17.285: Total time for which application threads were stopped: 0.0002182 seconds, Stopping threads took: 0.0000329 seconds
2018-02-17T16:58:49.462+0800: 17.300: Total time for which application threads were stopped: 0.0001180 seconds, Stopping threads took: 0.0000216 seconds
2018-02-17T16:58:49.506+0800: 17.344: Total time for which application threads were stopped: 0.0001245 seconds, Stopping threads took: 0.0000336 seconds
2018-02-17T16:58:49.507+0800: 17.345: Total time for which application threads were stopped: 0.0001007 seconds, Stopping threads took: 0.0000270 seconds
2018-02-17T16:58:49.508+0800: 17.346: Total time for which application threads were stopped: 0.0001349 seconds, Stopping threads took: 0.0000145 seconds
2018-02-17T16:58:49.508+0800: 17.346: Total time for which application threads were stopped: 0.0000882 seconds, Stopping threads took: 0.0000105 seconds
2018-02-17T16:58:49.531+0800: 17.369: Total time for which application threads were stopped: 0.0000894 seconds, Stopping threads took: 0.0000314 seconds
2018-02-17T16:58:49.537+0800: 17.374: Total time for which application threads were stopped: 0.0001735 seconds, Stopping threads took: 0.0000300 seconds
2018-02-17T16:58:49.537+0800: 17.375: Total time for which application threads were stopped: 0.0000814 seconds, Stopping threads took: 0.0000338 seconds
2018-02-17T16:58:49.548+0800: 17.386: Total time for which application threads were stopped: 0.0001696 seconds, Stopping threads took: 0.0000844 seconds
2018-02-17T16:58:49.562+0800: 17.400: Total time for which application threads were stopped: 0.0001206 seconds, Stopping threads took: 0.0000347 seconds
{Heap before GC invocations=1 (full 1):
 par new generation   total 109248K, used 96608K [0x00000007a0000000, 0x00000007a8000000, 0x00000007a8000000)
  eden space 87424K, 100% used [0x00000007a0000000, 0x00000007a5560000, 0x00000007a5560000)
  from space 21824K,  42% used [0x00000007a6ab0000, 0x00000007a73a82f8, 0x00000007a8000000)
  to   space 21824K,   0% used [0x00000007a5560000, 0x00000007a5560000, 0x00000007a6ab0000)
 concurrent mark-sweep generation total 393216K, used 0K [0x00000007a8000000, 0x00000007c0000000, 0x00000007c0000000)
 Metaspace       used 24554K, capacity 25307K, committed 25536K, reserved 1071104K
  class space    used 2935K, capacity 3155K, committed 3220K, reserved 1048576K
2018-02-17T16:58:49.567+0800: 17.405: [GC (Allocation Failure) 2018-02-17T16:58:49.567+0800: 17.405: [ParNew
Desired survivor size 20112992 bytes, new threshold 8 (max 8)
- age   1:   11123816 bytes,   11123816 total
- age   2:    4072368 bytes,   15196184 total
: 96608K->18081K(109248K), 0.1888348 secs] 96608K->18081K(502464K), 0.1891228 secs] [Times: user=0.07 sys=0.02, real=0.19 secs] 
Heap after GC invocations=2 (full 1):
 par new generation   total 109248K, used 18081K [0x00000007a0000000, 0x00000007a8000000, 0x00000007a8000000)
  eden space 87424K,   0% used [0x00000007a0000000, 0x00000007a0000000, 0x00000007a5560000)
  from space 21824K,  82% used [0x00000007a5560000, 0x00000007a6708650, 0x00000007a6ab0000)
  to   space 21824K,   0% used [0x00000007a6ab0000, 0x00000007a6ab0000, 0x00000007a8000000)
 concurrent mark-sweep generation total 393216K, used 0K [0x00000007a8000000, 0x00000007c0000000, 0x00000007c0000000)
 Metaspace       used 24554K, capacity 25307K, committed 25536K, reserved 1071104K
  class space    used 2935K, capacity 3155K, committed 3220K, reserved 1048576K
}
2018-02-17T16:58:49.757+0800: 17.595: Total time for which application threads were stopped: 0.1898796 seconds, Stopping threads took: 0.0001130 seconds
2018-02-17T16:58:49.759+0800: 17.597: Total time for which application threads were stopped: 0.0002967 seconds, Stopping threads took: 0.0000745 seconds
2018-02-17T16:58:49.762+0800: 17.600: Total time for which application threads were stopped: 0.0002356 seconds, Stopping threads took: 0.0001089 seconds
2018-02-17T16:58:49.762+0800: 17.600: Total time for which application threads were stopped: 0.0001234 seconds, Stopping threads took: 0.0000428 seconds
2018-02-17T16:58:49.768+0800: 17.606: Total time for which application threads were stopped: 0.0002441 seconds, Stopping threads took: 0.0001570 seconds
2018-02-17T16:58:49.768+0800: 17.606: Total time for which application threads were stopped: 0.0000725 seconds, Stopping threads took: 0.0000240 seconds
2018-02-17T16:58:49.769+0800: 17.606: Total time for which application threads were stopped: 0.0000475 seconds, Stopping threads took: 0.0000081 seconds
2018-02-17T16:58:49.812+0800: 17.650: Total time for which application threads were stopped: 0.0001758 seconds, Stopping threads took: 0.0000905 seconds
2018-02-17T16:58:49.879+0800: 17.717: Total time for which application threads were stopped: 0.0145032 seconds, Stopping threads took: 0.0142932 seconds
2018-02-17T16:58:49.914+0800: 17.752: Total time for which application threads were stopped: 0.0008179 seconds, Stopping threads took: 0.0000262 seconds
2018-02-17T16:58:49.955+0800: 17.793: Total time for which application threads were stopped: 0.0010478 seconds, Stopping threads took: 0.0006409 seconds
2018-02-17T16:58:50.001+0800: 17.839: Total time for which application threads were stopped: 0.0000806 seconds, Stopping threads took: 0.0000149 seconds
2018-02-17T16:58:50.002+0800: 17.840: [CMS-concurrent-abortable-preclean: 1.813/5.705 secs] [Times: user=2.99 sys=0.16, real=5.71 secs] 
2018-02-17T16:58:50.002+0800: 17.840: [GC (CMS Final Remark) [YG occupancy: 103230 K (109248 K)]{Heap before GC invocations=2 (full 1):
 par new generation   total 109248K, used 103230K [0x00000007a0000000, 0x00000007a8000000, 0x00000007a8000000)
  eden space 87424K,  97% used [0x00000007a0000000, 0x00000007a53272b8, 0x00000007a5560000)
  from space 21824K,  82% used [0x00000007a5560000, 0x00000007a6708650, 0x00000007a6ab0000)
  to   space 21824K,   0% used [0x00000007a6ab0000, 0x00000007a6ab0000, 0x00000007a8000000)
 concurrent mark-sweep generation total 393216K, used 0K [0x00000007a8000000, 0x00000007c0000000, 0x00000007c0000000)
 Metaspace       used 25224K, capacity 25953K, committed 26200K, reserved 1073152K
  class space    used 2989K, capacity 3220K, committed 3220K, reserved 1048576K
2018-02-17T16:58:50.002+0800: 17.840: [GC (CMS Final Remark) 2018-02-17T16:58:50.002+0800: 17.840: [ParNew
Desired survivor size 20112992 bytes, new threshold 8 (max 8)
- age   1:     740520 bytes,     740520 total
- age   2:    5217584 bytes,    5958104 total
- age   3:    4059320 bytes,   10017424 total
: 103230K->12520K(109248K), 0.0161975 secs] 103230K->12520K(502464K), 0.0162490 secs] [Times: user=0.05 sys=0.00, real=0.01 secs] 
Heap after GC invocations=3 (full 1):
 par new generation   total 109248K, used 12520K [0x00000007a0000000, 0x00000007a8000000, 0x00000007a8000000)
  eden space 87424K,   0% used [0x00000007a0000000, 0x00000007a0000000, 0x00000007a5560000)
  from space 21824K,  57% used [0x00000007a6ab0000, 0x00000007a76ea300, 0x00000007a8000000)
  to   space 21824K,   0% used [0x00000007a5560000, 0x00000007a5560000, 0x00000007a6ab0000)
 concurrent mark-sweep generation total 393216K, used 0K [0x00000007a8000000, 0x00000007c0000000, 0x00000007c0000000)
 Metaspace       used 25224K, capacity 25953K, committed 26200K, reserved 1073152K
  class space    used 2989K, capacity 3220K, committed 3220K, reserved 1048576K
}
2018-02-17T16:58:50.018+0800: 17.856: [Rescan (parallel) , 0.0032347 secs]2018-02-17T16:58:50.022+0800: 17.860: [weak refs processing, 0.0111817 secs]2018-02-17T16:58:50.033+0800: 17.871: [class unloading, 0.0107183 secs]2018-02-17T16:58:50.044+0800: 17.882: [scrub symbol table, 0.0041323 secs]2018-02-17T16:58:50.048+0800: 17.886: [scrub string table, 0.0004139 secs][1 CMS-remark: 0K(393216K)] 12520K(502464K), 0.0467852 secs] [Times: user=0.11 sys=0.01, real=0.04 secs] 
2018-02-17T16:58:50.049+0800: 17.887: Total time for which application threads were stopped: 0.0469016 seconds, Stopping threads took: 0.0000227 seconds
2018-02-17T16:58:50.049+0800: 17.887: [CMS-concurrent-sweep-start]
2018-02-17T16:58:50.049+0800: 17.887: [CMS-concurrent-sweep: 0.000/0.000 secs] [Times: user=0.00 sys=0.00, real=0.00 secs] 
2018-02-17T16:58:50.049+0800: 17.887: [CMS-concurrent-reset-start]
2018-02-17T16:58:50.050+0800: 17.888: Total time for which application threads were stopped: 0.0001297 seconds, Stopping threads took: 0.0000704 seconds
2018-02-17T16:58:50.051+0800: 17.889: Total time for which application threads were stopped: 0.0000907 seconds, Stopping threads took: 0.0000393 seconds
2018-02-17T16:58:50.052+0800: 17.890: Total time for which application threads were stopped: 0.0001648 seconds, Stopping threads took: 0.0001108 seconds
2018-02-17T16:58:50.053+0800: 17.891: Total time for which application threads were stopped: 0.0002815 seconds, Stopping threads took: 0.0002414 seconds
2018-02-17T16:58:50.054+0800: 17.892: Total time for which application threads were stopped: 0.0000828 seconds, Stopping threads took: 0.0000335 seconds
2018-02-17T16:58:50.054+0800: 17.892: Total time for which application threads were stopped: 0.0000335 seconds, Stopping threads took: 0.0000064 seconds
2018-02-17T16:58:50.054+0800: 17.892: Total time for which application threads were stopped: 0.0000293 seconds, Stopping threads took: 0.0000056 seconds
2018-02-17T16:58:50.054+0800: 17.892: [CMS-concurrent-reset: 0.004/0.005 secs] [Times: user=0.02 sys=0.00, real=0.01 secs] 
2018-02-17T16:58:50.054+0800: 17.892: Total time for which application threads were stopped: 0.0002372 seconds, Stopping threads took: 0.0000279 seconds
2018-02-17T16:58:50.126+0800: 17.963: Total time for which application threads were stopped: 0.0002132 seconds, Stopping threads took: 0.0000529 seconds
2018-02-17T16:58:50.132+0800: 17.969: Total time for which application threads were stopped: 0.0000749 seconds, Stopping threads took: 0.0000146 seconds
2018-02-17T16:58:50.132+0800: 17.970: Total time for which application threads were stopped: 0.0000484 seconds, Stopping threads took: 0.0000117 seconds
2018-02-17T16:58:50.132+0800: 17.970: Total time for which application threads were stopped: 0.0000528 seconds, Stopping threads took: 0.0000232 seconds
2018-02-17T16:58:50.153+0800: 17.991: Total time for which application threads were stopped: 0.0001866 seconds, Stopping threads took: 0.0000770 seconds
2018-02-17T16:58:50.186+0800: 18.024: Total time for which application threads were stopped: 0.0001331 seconds, Stopping threads took: 0.0000739 seconds
2018-02-17T16:58:50.186+0800: 18.024: Total time for which application threads were stopped: 0.0000513 seconds, Stopping threads took: 0.0000090 seconds
2018-02-17T16:58:50.187+0800: 18.025: Total time for which application threads were stopped: 0.0000596 seconds, Stopping threads took: 0.0000082 seconds
2018-02-17T16:58:50.188+0800: 18.026: Total time for which application threads were stopped: 0.0001213 seconds, Stopping threads took: 0.0000268 seconds
2018-02-17T16:58:50.190+0800: 18.028: Total time for which application threads were stopped: 0.0000932 seconds, Stopping threads took: 0.0000292 seconds
2018-02-17T16:58:50.190+0800: 18.028: Total time for which application threads were stopped: 0.0000697 seconds, Stopping threads took: 0.0000210 seconds
2018-02-17T16:58:50.190+0800: 18.028: Total time for which application threads were stopped: 0.0000601 seconds, Stopping threads took: 0.0000173 seconds
2018-02-17T16:58:50.190+0800: 18.028: Total time for which application threads were stopped: 0.0000696 seconds, Stopping threads took: 0.0000163 seconds
2018-02-17T16:58:50.191+0800: 18.029: Total time for which application threads were stopped: 0.0000484 seconds, Stopping threads took: 0.0000163 seconds
2018-02-17T16:58:50.191+0800: 18.029: Total time for which application threads were stopped: 0.0000324 seconds, Stopping threads took: 0.0000054 seconds
2018-02-17T16:58:50.191+0800: 18.029: Total time for which application threads were stopped: 0.0000321 seconds, Stopping threads took: 0.0000053 seconds
2018-02-17T16:58:50.191+0800: 18.029: Total time for which application threads were stopped: 0.0000316 seconds, Stopping threads took: 0.0000051 seconds
2018-02-17T16:58:50.192+0800: 18.029: Total time for which application threads were stopped: 0.0000671 seconds, Stopping threads took: 0.0000077 seconds
2018-02-17T16:58:50.193+0800: 18.031: Total time for which application threads were stopped: 0.0000538 seconds, Stopping threads took: 0.0000107 seconds
{Heap before GC invocations=3 (full 1):
 par new generation   total 109248K, used 99933K [0x00000007a0000000, 0x00000007a8000000, 0x00000007a8000000)
  eden space 87424K,  99% used [0x00000007a0000000, 0x00000007a555d370, 0x00000007a5560000)
  from space 21824K,  57% used [0x00000007a6ab0000, 0x00000007a76ea300, 0x00000007a8000000)
  to   space 21824K,   0% used [0x00000007a5560000, 0x00000007a5560000, 0x00000007a6ab0000)
 concurrent mark-sweep generation total 393216K, used 0K [0x00000007a8000000, 0x00000007c0000000, 0x00000007c0000000)
 Metaspace       used 26254K, capacity 26949K, committed 27224K, reserved 1073152K
  class space    used 3136K, capacity 3362K, committed 3476K, reserved 1048576K
2018-02-17T16:58:50.226+0800: 18.064: [GC (Allocation Failure) 2018-02-17T16:58:50.226+0800: 18.064: [ParNew
Desired survivor size 20112992 bytes, new threshold 8 (max 8)
- age   1:    3624392 bytes,    3624392 total
- age   2:     334128 bytes,    3958520 total
- age   3:    5064464 bytes,    9022984 total
- age   4:    4058768 bytes,   13081752 total
: 99933K->18317K(109248K), 0.0178103 secs] 99933K->18317K(502464K), 0.0178912 secs] [Times: user=0.06 sys=0.00, real=0.02 secs] 
Heap after GC invocations=4 (full 1):
 par new generation   total 109248K, used 18317K [0x00000007a0000000, 0x00000007a8000000, 0x00000007a8000000)
  eden space 87424K,   0% used [0x00000007a0000000, 0x00000007a0000000, 0x00000007a5560000)
  from space 21824K,  83% used [0x00000007a5560000, 0x00000007a67434c8, 0x00000007a6ab0000)
  to   space 21824K,   0% used [0x00000007a6ab0000, 0x00000007a6ab0000, 0x00000007a8000000)
 concurrent mark-sweep generation total 393216K, used 0K [0x00000007a8000000, 0x00000007c0000000, 0x00000007c0000000)
 Metaspace       used 26254K, capacity 26949K, committed 27224K, reserved 1073152K
  class space    used 3136K, capacity 3362K, committed 3476K, reserved 1048576K
}
2018-02-17T16:58:50.244+0800: 18.082: Total time for which application threads were stopped: 0.0180920 seconds, Stopping threads took: 0.0000172 seconds
2018-02-17T16:58:50.274+0800: 18.112: Total time for which application threads were stopped: 0.0001199 seconds, Stopping threads took: 0.0000413 seconds
2018-02-17T16:58:50.280+0800: 18.118: Total time for which application threads were stopped: 0.0005114 seconds, Stopping threads took: 0.0004290 seconds
2018-02-17T16:58:50.287+0800: 18.125: Total time for which application threads were stopped: 0.0001175 seconds, Stopping threads took: 0.0000391 seconds
2018-02-17T16:58:50.296+0800: 18.134: Total time for which application threads were stopped: 0.0001412 seconds, Stopping threads took: 0.0000848 seconds
{Heap before GC invocations=4 (full 1):
 par new generation   total 109248K, used 105741K [0x00000007a0000000, 0x00000007a8000000, 0x00000007a8000000)
  eden space 87424K, 100% used [0x00000007a0000000, 0x00000007a5560000, 0x00000007a5560000)
  from space 21824K,  83% used [0x00000007a5560000, 0x00000007a67434c8, 0x00000007a6ab0000)
  to   space 21824K,   0% used [0x00000007a6ab0000, 0x00000007a6ab0000, 0x00000007a8000000)
 concurrent mark-sweep generation total 393216K, used 0K [0x00000007a8000000, 0x00000007c0000000, 0x00000007c0000000)
 Metaspace       used 26495K, capacity 27267K, committed 27480K, reserved 1073152K
  class space    used 3169K, capacity 3399K, committed 3476K, reserved 1048576K
2018-02-17T16:58:50.330+0800: 18.168: [GC (Allocation Failure) 2018-02-17T16:58:50.330+0800: 18.168: [ParNew
Desired survivor size 20112992 bytes, new threshold 8 (max 8)
- age   1:     826480 bytes,     826480 total
- age   2:    2369024 bytes,    3195504 total
- age   3:     334128 bytes,    3529632 total
- age   4:    5064160 bytes,    8593792 total
- age   5:    4058840 bytes,   12652632 total
: 105741K->18518K(109248K), 0.0133796 secs] 105741K->18518K(502464K), 0.0134478 secs] [Times: user=0.04 sys=0.00, real=0.01 secs] 
Heap after GC invocations=5 (full 1):
 par new generation   total 109248K, used 18518K [0x00000007a0000000, 0x00000007a8000000, 0x00000007a8000000)
  eden space 87424K,   0% used [0x00000007a0000000, 0x00000007a0000000, 0x00000007a5560000)
  from space 21824K,  84% used [0x00000007a6ab0000, 0x00000007a7cc5a10, 0x00000007a8000000)
  to   space 21824K,   0% used [0x00000007a5560000, 0x00000007a5560000, 0x00000007a6ab0000)
 concurrent mark-sweep generation total 393216K, used 0K [0x00000007a8000000, 0x00000007c0000000, 0x00000007c0000000)
 Metaspace       used 26495K, capacity 27267K, committed 27480K, reserved 1073152K
  class space    used 3169K, capacity 3399K, committed 3476K, reserved 1048576K
}
2018-02-17T16:58:50.344+0800: 18.182: Total time for which application threads were stopped: 0.0136373 seconds, Stopping threads took: 0.0000725 seconds
{Heap before GC invocations=5 (full 1):
 par new generation   total 109248K, used 105935K [0x00000007a0000000, 0x00000007a8000000, 0x00000007a8000000)
  eden space 87424K,  99% used [0x00000007a0000000, 0x00000007a555e518, 0x00000007a5560000)
  from space 21824K,  84% used [0x00000007a6ab0000, 0x00000007a7cc5a10, 0x00000007a8000000)
  to   space 21824K,   0% used [0x00000007a5560000, 0x00000007a5560000, 0x00000007a6ab0000)
 concurrent mark-sweep generation total 393216K, used 0K [0x00000007a8000000, 0x00000007c0000000, 0x00000007c0000000)
 Metaspace       used 26564K, capacity 27279K, committed 27480K, reserved 1073152K
  class space    used 3177K, capacity 3401K, committed 3476K, reserved 1048576K
2018-02-17T16:58:50.449+0800: 18.287: [GC (Allocation Failure) 2018-02-17T16:58:50.449+0800: 18.287: [ParNew
Desired survivor size 20112992 bytes, new threshold 8 (max 8)
- age   1:     473096 bytes,     473096 total
- age   2:     116576 bytes,     589672 total
- age   3:    2368208 bytes,    2957880 total
- age   4:     334096 bytes,    3291976 total
- age   5:    5062192 bytes,    8354168 total
- age   6:    4058944 bytes,   12413112 total
: 105935K->14591K(109248K), 0.0209430 secs] 105935K->14591K(502464K), 0.0210245 secs] [Times: user=0.06 sys=0.01, real=0.03 secs] 
Heap after GC invocations=6 (full 1):
 par new generation   total 109248K, used 14591K [0x00000007a0000000, 0x00000007a8000000, 0x00000007a8000000)
  eden space 87424K,   0% used [0x00000007a0000000, 0x00000007a0000000, 0x00000007a5560000)
  from space 21824K,  66% used [0x00000007a5560000, 0x00000007a639ffd0, 0x00000007a6ab0000)
  to   space 21824K,   0% used [0x00000007a6ab0000, 0x00000007a6ab0000, 0x00000007a8000000)
 concurrent mark-sweep generation total 393216K, used 0K [0x00000007a8000000, 0x00000007c0000000, 0x00000007c0000000)
 Metaspace       used 26564K, capacity 27279K, committed 27480K, reserved 1073152K
  class space    used 3177K, capacity 3401K, committed 3476K, reserved 1048576K
}
2018-02-17T16:58:50.470+0800: 18.308: Total time for which application threads were stopped: 0.0224512 seconds, Stopping threads took: 0.0012591 seconds
{Heap before GC invocations=6 (full 1):
 par new generation   total 109248K, used 102015K [0x00000007a0000000, 0x00000007a8000000, 0x00000007a8000000)
  eden space 87424K, 100% used [0x00000007a0000000, 0x00000007a5560000, 0x00000007a5560000)
  from space 21824K,  66% used [0x00000007a5560000, 0x00000007a639ffd0, 0x00000007a6ab0000)
  to   space 21824K,   0% used [0x00000007a6ab0000, 0x00000007a6ab0000, 0x00000007a8000000)
 concurrent mark-sweep generation total 393216K, used 0K [0x00000007a8000000, 0x00000007c0000000, 0x00000007c0000000)
 Metaspace       used 26706K, capacity 27445K, committed 27736K, reserved 1073152K
  class space    used 3196K, capacity 3434K, committed 3476K, reserved 1048576K
2018-02-17T16:58:50.566+0800: 18.404: [GC (Allocation Failure) 2018-02-17T16:58:50.566+0800: 18.404: [ParNew
Desired survivor size 20112992 bytes, new threshold 8 (max 8)
- age   1:     837952 bytes,     837952 total
- age   2:     114200 bytes,     952152 total
- age   3:     115896 bytes,    1068048 total
- age   4:    2368032 bytes,    3436080 total
- age   5:     334096 bytes,    3770176 total
- age   6:    5061824 bytes,    8832000 total
- age   7:    4058680 bytes,   12890680 total
: 102015K->21425K(109248K), 0.0151317 secs] 102015K->21425K(502464K), 0.0151913 secs] [Times: user=0.05 sys=0.00, real=0.02 secs] 
Heap after GC invocations=7 (full 1):
 par new generation   total 109248K, used 21425K [0x00000007a0000000, 0x00000007a8000000, 0x00000007a8000000)
  eden space 87424K,   0% used [0x00000007a0000000, 0x00000007a0000000, 0x00000007a5560000)
  from space 21824K,  98% used [0x00000007a6ab0000, 0x00000007a7f9c580, 0x00000007a8000000)
  to   space 21824K,   0% used [0x00000007a5560000, 0x00000007a5560000, 0x00000007a6ab0000)
 concurrent mark-sweep generation total 393216K, used 0K [0x00000007a8000000, 0x00000007c0000000, 0x00000007c0000000)
 Metaspace       used 26706K, capacity 27445K, committed 27736K, reserved 1073152K
  class space    used 3196K, capacity 3434K, committed 3476K, reserved 1048576K
}
2018-02-17T16:58:50.581+0800: 18.419: Total time for which application threads were stopped: 0.0156994 seconds, Stopping threads took: 0.0003369 seconds
2018-02-17T16:58:50.669+0800: 18.506: Total time for which application threads were stopped: 0.0001664 seconds, Stopping threads took: 0.0000758 seconds
2018-02-17T16:58:50.678+0800: 18.516: Total time for which application threads were stopped: 0.0022919 seconds, Stopping threads took: 0.0022243 seconds
2018-02-17T16:58:50.681+0800: 18.519: Total time for which application threads were stopped: 0.0001589 seconds, Stopping threads took: 0.0000856 seconds
2018-02-17T16:58:50.683+0800: 18.520: Total time for which application threads were stopped: 0.0000773 seconds, Stopping threads took: 0.0000123 seconds
2018-02-17T16:58:50.686+0800: 18.523: Total time for which application threads were stopped: 0.0004951 seconds, Stopping threads took: 0.0000803 seconds
2018-02-17T16:58:50.696+0800: 18.534: Total time for which application threads were stopped: 0.0001120 seconds, Stopping threads took: 0.0000463 seconds
2018-02-17T16:58:50.784+0800: 18.622: Total time for which application threads were stopped: 0.0009040 seconds, Stopping threads took: 0.0003312 seconds
{Heap before GC invocations=7 (full 1):
 par new generation   total 109248K, used 108849K [0x00000007a0000000, 0x00000007a8000000, 0x00000007a8000000)
  eden space 87424K, 100% used [0x00000007a0000000, 0x00000007a5560000, 0x00000007a5560000)
  from space 21824K,  98% used [0x00000007a6ab0000, 0x00000007a7f9c580, 0x00000007a8000000)
  to   space 21824K,   0% used [0x00000007a5560000, 0x00000007a5560000, 0x00000007a6ab0000)
 concurrent mark-sweep generation total 393216K, used 0K [0x00000007a8000000, 0x00000007c0000000, 0x00000007c0000000)
 Metaspace       used 28197K, capacity 28933K, committed 29144K, reserved 1075200K
  class space    used 3354K, capacity 3568K, committed 3604K, reserved 1048576K
2018-02-17T16:58:50.952+0800: 18.790: [GC (Allocation Failure) 2018-02-17T16:58:50.952+0800: 18.790: [ParNew
Desired survivor size 20112992 bytes, new threshold 8 (max 8)
- age   1:    2983504 bytes,    2983504 total
- age   2:     104936 bytes,    3088440 total
- age   3:     112392 bytes,    3200832 total
- age   4:     114840 bytes,    3315672 total
- age   5:     501672 bytes,    3817344 total
- age   6:     334032 bytes,    4151376 total
- age   7:    5052944 bytes,    9204320 total
- age   8:    4058816 bytes,   13263136 total
: 108849K->14563K(109248K), 0.0164101 secs] 108849K->14563K(502464K), 0.0164727 secs] [Times: user=0.05 sys=0.00, real=0.01 secs] 
Heap after GC invocations=8 (full 1):
 par new generation   total 109248K, used 14563K [0x00000007a0000000, 0x00000007a8000000, 0x00000007a8000000)
  eden space 87424K,   0% used [0x00000007a0000000, 0x00000007a0000000, 0x00000007a5560000)
  from space 21824K,  66% used [0x00000007a5560000, 0x00000007a6398d20, 0x00000007a6ab0000)
  to   space 21824K,   0% used [0x00000007a6ab0000, 0x00000007a6ab0000, 0x00000007a8000000)
 concurrent mark-sweep generation total 393216K, used 0K [0x00000007a8000000, 0x00000007c0000000, 0x00000007c0000000)
 Metaspace       used 28197K, capacity 28933K, committed 29144K, reserved 1075200K
  class space    used 3354K, capacity 3568K, committed 3604K, reserved 1048576K
}
2018-02-17T16:58:50.969+0800: 18.807: Total time for which application threads were stopped: 0.0167878 seconds, Stopping threads took: 0.0000843 seconds
2018-02-17T16:58:51.015+0800: 18.853: Total time for which application threads were stopped: 0.0002442 seconds, Stopping threads took: 0.0001289 seconds
2018-02-17T16:58:51.016+0800: 18.854: Total time for which application threads were stopped: 0.0000899 seconds, Stopping threads took: 0.0000283 seconds
2018-02-17T16:58:51.020+0800: 18.858: Total time for which application threads were stopped: 0.0002064 seconds, Stopping threads took: 0.0001450 seconds
{Heap before GC invocations=8 (full 1):
 par new generation   total 109248K, used 101987K [0x00000007a0000000, 0x00000007a8000000, 0x00000007a8000000)
  eden space 87424K, 100% used [0x00000007a0000000, 0x00000007a5560000, 0x00000007a5560000)
  from space 21824K,  66% used [0x00000007a5560000, 0x00000007a6398d20, 0x00000007a6ab0000)
  to   space 21824K,   0% used [0x00000007a6ab0000, 0x00000007a6ab0000, 0x00000007a8000000)
 concurrent mark-sweep generation total 393216K, used 0K [0x00000007a8000000, 0x00000007c0000000, 0x00000007c0000000)
 Metaspace       used 28447K, capacity 29247K, committed 29528K, reserved 1075200K
  class space    used 3381K, capacity 3617K, committed 3732K, reserved 1048576K
2018-02-17T16:58:51.141+0800: 18.978: [GC (Allocation Failure) 2018-02-17T16:58:51.141+0800: 18.978: [ParNew
Desired survivor size 20112992 bytes, new threshold 8 (max 8)
- age   1:    1990000 bytes,    1990000 total
- age   2:     450104 bytes,    2440104 total
- age   3:      24592 bytes,    2464696 total
- age   4:      17184 bytes,    2481880 total
- age   5:      38640 bytes,    2520520 total
- age   6:     291888 bytes,    2812408 total
- age   7:     112128 bytes,    2924536 total
- age   8:    3758752 bytes,    6683288 total
: 101987K->11170K(109248K), 0.0278998 secs] 101987K->15533K(502464K), 0.0279983 secs] [Times: user=0.07 sys=0.01, real=0.02 secs] 
Heap after GC invocations=9 (full 1):
 par new generation   total 109248K, used 11170K [0x00000007a0000000, 0x00000007a8000000, 0x00000007a8000000)
  eden space 87424K,   0% used [0x00000007a0000000, 0x00000007a0000000, 0x00000007a5560000)
  from space 21824K,  51% used [0x00000007a6ab0000, 0x00000007a7598860, 0x00000007a8000000)
  to   space 21824K,   0% used [0x00000007a5560000, 0x00000007a5560000, 0x00000007a6ab0000)
 concurrent mark-sweep generation total 393216K, used 4363K [0x00000007a8000000, 0x00000007c0000000, 0x00000007c0000000)
 Metaspace       used 28447K, capacity 29247K, committed 29528K, reserved 1075200K
  class space    used 3381K, capacity 3617K, committed 3732K, reserved 1048576K
}
2018-02-17T16:58:51.169+0800: 19.006: Total time for which application threads were stopped: 0.0282193 seconds, Stopping threads took: 0.0000214 seconds
2018-02-17T16:58:51.169+0800: 19.007: Total time for which application threads were stopped: 0.0001821 seconds, Stopping threads took: 0.0000855 seconds
2018-02-17T16:58:51.169+0800: 19.007: Total time for which application threads were stopped: 0.0001332 seconds, Stopping threads took: 0.0000712 seconds
2018-02-17T16:58:51.170+0800: 19.008: Total time for which application threads were stopped: 0.0000633 seconds, Stopping threads took: 0.0000216 seconds
2018-02-17T16:58:51.170+0800: 19.008: Total time for which application threads were stopped: 0.0000600 seconds, Stopping threads took: 0.0000231 seconds
2018-02-17T16:58:51.171+0800: 19.009: Total time for which application threads were stopped: 0.0001227 seconds, Stopping threads took: 0.0000563 seconds
{Heap before GC invocations=9 (full 1):
 par new generation   total 109248K, used 98594K [0x00000007a0000000, 0x00000007a8000000, 0x00000007a8000000)
  eden space 87424K, 100% used [0x00000007a0000000, 0x00000007a5560000, 0x00000007a5560000)
  from space 21824K,  51% used [0x00000007a6ab0000, 0x00000007a7598860, 0x00000007a8000000)
  to   space 21824K,   0% used [0x00000007a5560000, 0x00000007a5560000, 0x00000007a6ab0000)
 concurrent mark-sweep generation total 393216K, used 4363K [0x00000007a8000000, 0x00000007c0000000, 0x00000007c0000000)
 Metaspace       used 28468K, capacity 29253K, committed 29528K, reserved 1075200K
  class space    used 3382K, capacity 3618K, committed 3732K, reserved 1048576K
2018-02-17T16:58:51.244+0800: 19.082: [GC (Allocation Failure) 2018-02-17T16:58:51.244+0800: 19.082: [ParNew
Desired survivor size 20112992 bytes, new threshold 8 (max 8)
- age   1:     312760 bytes,     312760 total
- age   2:    1501512 bytes,    1814272 total
- age   3:     450104 bytes,    2264376 total
- age   4:      24592 bytes,    2288968 total
- age   5:      17184 bytes,    2306152 total
- age   6:      38536 bytes,    2344688 total
- age   7:     291888 bytes,    2636576 total
- age   8:     112128 bytes,    2748704 total
: 98594K->5530K(109248K), 0.0122024 secs] 102957K->13745K(502464K), 0.0123640 secs] [Times: user=0.03 sys=0.00, real=0.01 secs] 
Heap after GC invocations=10 (full 1):
 par new generation   total 109248K, used 5530K [0x00000007a0000000, 0x00000007a8000000, 0x00000007a8000000)
  eden space 87424K,   0% used [0x00000007a0000000, 0x00000007a0000000, 0x00000007a5560000)
  from space 21824K,  25% used [0x00000007a5560000, 0x00000007a5ac68f0, 0x00000007a6ab0000)
  to   space 21824K,   0% used [0x00000007a6ab0000, 0x00000007a6ab0000, 0x00000007a8000000)
 concurrent mark-sweep generation total 393216K, used 8215K [0x00000007a8000000, 0x00000007c0000000, 0x00000007c0000000)
 Metaspace       used 28468K, capacity 29253K, committed 29528K, reserved 1075200K
  class space    used 3382K, capacity 3618K, committed 3732K, reserved 1048576K
}
2018-02-17T16:58:51.256+0800: 19.094: Total time for which application threads were stopped: 0.0125770 seconds, Stopping threads took: 0.0000498 seconds
2018-02-17T16:58:51.363+0800: 19.201: Total time for which application threads were stopped: 0.0001221 seconds, Stopping threads took: 0.0000140 seconds
2018-02-17T16:58:51.363+0800: 19.201: Total time for which application threads were stopped: 0.0000447 seconds, Stopping threads took: 0.0000085 seconds
2018-02-17T16:58:51.363+0800: 19.201: Total time for which application threads were stopped: 0.0000651 seconds, Stopping threads took: 0.0000313 seconds
2018-02-17T16:58:51.368+0800: 19.206: Total time for which application threads were stopped: 0.0000562 seconds, Stopping threads took: 0.0000104 seconds
2018-02-17T16:58:51.383+0800: 19.221: Total time for which application threads were stopped: 0.0003687 seconds, Stopping threads took: 0.0000132 seconds
2018-02-17T16:58:51.400+0800: 19.238: Total time for which application threads were stopped: 0.0002266 seconds, Stopping threads took: 0.0001436 seconds
2018-02-17T16:58:51.415+0800: 19.253: Total time for which application threads were stopped: 0.0000683 seconds, Stopping threads took: 0.0000121 seconds
2018-02-17T16:58:51.471+0800: 19.308: Total time for which application threads were stopped: 0.0000954 seconds, Stopping threads took: 0.0000183 seconds
2018-02-17T16:58:51.471+0800: 19.309: Total time for which application threads were stopped: 0.0000601 seconds, Stopping threads took: 0.0000109 seconds
2018-02-17T16:58:51.566+0800: 19.404: Total time for which application threads were stopped: 0.0001156 seconds, Stopping threads took: 0.0000272 seconds
2018-02-17T16:58:51.674+0800: 19.512: Total time for which application threads were stopped: 0.0001068 seconds, Stopping threads took: 0.0000193 seconds
2018-02-17T16:58:52.053+0800: 19.891: Total time for which application threads were stopped: 0.0001636 seconds, Stopping threads took: 0.0000214 seconds
{Heap before GC invocations=10 (full 1):
 par new generation   total 109248K, used 92947K [0x00000007a0000000, 0x00000007a8000000, 0x00000007a8000000)
  eden space 87424K,  99% used [0x00000007a0000000, 0x00000007a555e548, 0x00000007a5560000)
  from space 21824K,  25% used [0x00000007a5560000, 0x00000007a5ac68f0, 0x00000007a6ab0000)
  to   space 21824K,   0% used [0x00000007a6ab0000, 0x00000007a6ab0000, 0x00000007a8000000)
 concurrent mark-sweep generation total 393216K, used 8215K [0x00000007a8000000, 0x00000007c0000000, 0x00000007c0000000)
 Metaspace       used 31198K, capacity 32183K, committed 32472K, reserved 1077248K
  class space    used 3742K, capacity 4013K, committed 4116K, reserved 1048576K
2018-02-17T16:58:52.069+0800: 19.907: [GC (Allocation Failure) 2018-02-17T16:58:52.069+0800: 19.907: [ParNew
Desired survivor size 20112992 bytes, new threshold 8 (max 8)
- age   1:    5838792 bytes,    5838792 total
- age   2:     102592 bytes,    5941384 total
- age   3:     767896 bytes,    6709280 total
- age   4:     449936 bytes,    7159216 total
- age   5:      24592 bytes,    7183808 total
- age   6:      16496 bytes,    7200304 total
- age   7:      38408 bytes,    7238712 total
- age   8:     288984 bytes,    7527696 total
: 92947K->8100K(109248K), 0.0084849 secs] 101162K->16427K(502464K), 0.0087636 secs] [Times: user=0.03 sys=0.00, real=0.01 secs] 
Heap after GC invocations=11 (full 1):
 par new generation   total 109248K, used 8100K [0x00000007a0000000, 0x00000007a8000000, 0x00000007a8000000)
  eden space 87424K,   0% used [0x00000007a0000000, 0x00000007a0000000, 0x00000007a5560000)
  from space 21824K,  37% used [0x00000007a6ab0000, 0x00000007a7299398, 0x00000007a8000000)
  to   space 21824K,   0% used [0x00000007a5560000, 0x00000007a5560000, 0x00000007a6ab0000)
 concurrent mark-sweep generation total 393216K, used 8326K [0x00000007a8000000, 0x00000007c0000000, 0x00000007c0000000)
 Metaspace       used 31198K, capacity 32183K, committed 32472K, reserved 1077248K
  class space    used 3742K, capacity 4013K, committed 4116K, reserved 1048576K
}
2018-02-17T16:58:52.078+0800: 19.916: Total time for which application threads were stopped: 0.0090198 seconds, Stopping threads took: 0.0000792 seconds
2018-02-17T16:58:52.078+0800: 19.916: Total time for which application threads were stopped: 0.0001482 seconds, Stopping threads took: 0.0000662 seconds
2018-02-17T16:58:52.078+0800: 19.916: Total time for which application threads were stopped: 0.0001521 seconds, Stopping threads took: 0.0000711 seconds
2018-02-17T16:58:52.080+0800: 19.917: Total time for which application threads were stopped: 0.0001519 seconds, Stopping threads took: 0.0000716 seconds
2018-02-17T16:58:52.084+0800: 19.922: Total time for which application threads were stopped: 0.0001687 seconds, Stopping threads took: 0.0000875 seconds
{Heap before GC invocations=11 (full 1):
 par new generation   total 109248K, used 95524K [0x00000007a0000000, 0x00000007a8000000, 0x00000007a8000000)
  eden space 87424K, 100% used [0x00000007a0000000, 0x00000007a5560000, 0x00000007a5560000)
  from space 21824K,  37% used [0x00000007a6ab0000, 0x00000007a7299398, 0x00000007a8000000)
  to   space 21824K,   0% used [0x00000007a5560000, 0x00000007a5560000, 0x00000007a6ab0000)
 concurrent mark-sweep generation total 393216K, used 8326K [0x00000007a8000000, 0x00000007c0000000, 0x00000007c0000000)
 Metaspace       used 31215K, capacity 32183K, committed 32472K, reserved 1077248K
  class space    used 3742K, capacity 4013K, committed 4116K, reserved 1048576K
2018-02-17T16:58:52.117+0800: 19.955: [GC (Allocation Failure) 2018-02-17T16:58:52.117+0800: 19.955: [ParNew
Desired survivor size 20112992 bytes, new threshold 8 (max 8)
- age   1:    1510136 bytes,    1510136 total
- age   2:    2596344 bytes,    4106480 total
- age   3:     102592 bytes,    4209072 total
- age   4:     767896 bytes,    4976968 total
- age   5:     449912 bytes,    5426880 total
- age   6:      24592 bytes,    5451472 total
- age   7:      16496 bytes,    5467968 total
- age   8:      38408 bytes,    5506376 total
: 95524K->8812K(109248K), 0.0103019 secs] 103851K->17428K(502464K), 0.0103695 secs] [Times: user=0.03 sys=0.00, real=0.01 secs] 
Heap after GC invocations=12 (full 1):
 par new generation   total 109248K, used 8812K [0x00000007a0000000, 0x00000007a8000000, 0x00000007a8000000)
  eden space 87424K,   0% used [0x00000007a0000000, 0x00000007a0000000, 0x00000007a5560000)
  from space 21824K,  40% used [0x00000007a5560000, 0x00000007a5dfb2f0, 0x00000007a6ab0000)
  to   space 21824K,   0% used [0x00000007a6ab0000, 0x00000007a6ab0000, 0x00000007a8000000)
 concurrent mark-sweep generation total 393216K, used 8615K [0x00000007a8000000, 0x00000007c0000000, 0x00000007c0000000)
 Metaspace       used 31215K, capacity 32183K, committed 32472K, reserved 1077248K
  class space    used 3742K, capacity 4013K, committed 4116K, reserved 1048576K
}
2018-02-17T16:58:52.127+0800: 19.965: Total time for which application threads were stopped: 0.0105906 seconds, Stopping threads took: 0.0000466 seconds
2018-02-17T16:58:52.127+0800: 19.965: Total time for which application threads were stopped: 0.0001524 seconds, Stopping threads took: 0.0000785 seconds
2018-02-17T16:58:52.128+0800: 19.966: Total time for which application threads were stopped: 0.0001285 seconds, Stopping threads took: 0.0000523 seconds
2018-02-17T16:58:52.128+0800: 19.966: Total time for which application threads were stopped: 0.0001121 seconds, Stopping threads took: 0.0000416 seconds
2018-02-17T16:58:52.129+0800: 19.967: Total time for which application threads were stopped: 0.0008210 seconds, Stopping threads took: 0.0007585 seconds
2018-02-17T16:58:52.129+0800: 19.967: Total time for which application threads were stopped: 0.0000679 seconds, Stopping threads took: 0.0000233 seconds
2018-02-17T16:58:52.129+0800: 19.967: Total time for which application threads were stopped: 0.0000826 seconds, Stopping threads took: 0.0000422 seconds
2018-02-17T16:58:52.131+0800: 19.969: Total time for which application threads were stopped: 0.0020821 seconds, Stopping threads took: 0.0020058 seconds
2018-02-17T16:58:52.131+0800: 19.969: Total time for which application threads were stopped: 0.0000733 seconds, Stopping threads took: 0.0000087 seconds
2018-02-17T16:58:52.131+0800: 19.969: Total time for which application threads were stopped: 0.0001111 seconds, Stopping threads took: 0.0000476 seconds
2018-02-17T16:58:52.131+0800: 19.969: Total time for which application threads were stopped: 0.0000720 seconds, Stopping threads took: 0.0000188 seconds
2018-02-17T16:58:52.131+0800: 19.969: Total time for which application threads were stopped: 0.0001069 seconds, Stopping threads took: 0.0000575 seconds
2018-02-17T16:58:52.132+0800: 19.970: Total time for which application threads were stopped: 0.0001150 seconds, Stopping threads took: 0.0000538 seconds
2018-02-17T16:58:52.132+0800: 19.970: Total time for which application threads were stopped: 0.0000998 seconds, Stopping threads took: 0.0000579 seconds
2018-02-17T16:58:52.133+0800: 19.971: Total time for which application threads were stopped: 0.0017122 seconds, Stopping threads took: 0.0016427 seconds
2018-02-17T16:58:52.134+0800: 19.972: Total time for which application threads were stopped: 0.0001178 seconds, Stopping threads took: 0.0000488 seconds
2018-02-17T16:58:52.134+0800: 19.972: Total time for which application threads were stopped: 0.0001023 seconds, Stopping threads took: 0.0000473 seconds
2018-02-17T16:58:52.134+0800: 19.972: Total time for which application threads were stopped: 0.0000724 seconds, Stopping threads took: 0.0000156 seconds
{Heap before GC invocations=12 (full 1):
 par new generation   total 109248K, used 96236K [0x00000007a0000000, 0x00000007a8000000, 0x00000007a8000000)
  eden space 87424K, 100% used [0x00000007a0000000, 0x00000007a5560000, 0x00000007a5560000)
  from space 21824K,  40% used [0x00000007a5560000, 0x00000007a5dfb2f0, 0x00000007a6ab0000)
  to   space 21824K,   0% used [0x00000007a6ab0000, 0x00000007a6ab0000, 0x00000007a8000000)
 concurrent mark-sweep generation total 393216K, used 8615K [0x00000007a8000000, 0x00000007c0000000, 0x00000007c0000000)
 Metaspace       used 31225K, capacity 32195K, committed 32472K, reserved 1077248K
  class space    used 3743K, capacity 4015K, committed 4116K, reserved 1048576K
2018-02-17T16:58:52.158+0800: 19.996: [GC (Allocation Failure) 2018-02-17T16:58:52.158+0800: 19.996: [ParNew
Desired survivor size 20112992 bytes, new threshold 8 (max 8)
- age   1:     288224 bytes,     288224 total
- age   2:    1482656 bytes,    1770880 total
- age   3:    2567216 bytes,    4338096 total
- age   4:     102592 bytes,    4440688 total
- age   5:     767896 bytes,    5208584 total
- age   6:     449912 bytes,    5658496 total
- age   7:      24592 bytes,    5683088 total
- age   8:      16496 bytes,    5699584 total
: 96236K->7032K(109248K), 0.0144056 secs] 104852K->15687K(502464K), 0.0144682 secs] [Times: user=0.04 sys=0.00, real=0.02 secs] 
Heap after GC invocations=13 (full 1):
 par new generation   total 109248K, used 7032K [0x00000007a0000000, 0x00000007a8000000, 0x00000007a8000000)
  eden space 87424K,   0% used [0x00000007a0000000, 0x00000007a0000000, 0x00000007a5560000)
  from space 21824K,  32% used [0x00000007a6ab0000, 0x00000007a718e2f0, 0x00000007a8000000)
  to   space 21824K,   0% used [0x00000007a5560000, 0x00000007a5560000, 0x00000007a6ab0000)
 concurrent mark-sweep generation total 393216K, used 8654K [0x00000007a8000000, 0x00000007c0000000, 0x00000007c0000000)
 Metaspace       used 31225K, capacity 32195K, committed 32472K, reserved 1077248K
  class space    used 3743K, capacity 4015K, committed 4116K, reserved 1048576K
}
2018-02-17T16:58:52.172+0800: 20.010: Total time for which application threads were stopped: 0.0146846 seconds, Stopping threads took: 0.0000381 seconds
{Heap before GC invocations=13 (full 1):
 par new generation   total 109248K, used 94456K [0x00000007a0000000, 0x00000007a8000000, 0x00000007a8000000)
  eden space 87424K, 100% used [0x00000007a0000000, 0x00000007a5560000, 0x00000007a5560000)
  from space 21824K,  32% used [0x00000007a6ab0000, 0x00000007a718e2f0, 0x00000007a8000000)
  to   space 21824K,   0% used [0x00000007a5560000, 0x00000007a5560000, 0x00000007a6ab0000)
 concurrent mark-sweep generation total 393216K, used 8654K [0x00000007a8000000, 0x00000007c0000000, 0x00000007c0000000)
 Metaspace       used 31229K, capacity 32195K, committed 32472K, reserved 1077248K
  class space    used 3743K, capacity 4015K, committed 4116K, reserved 1048576K
2018-02-17T16:58:52.211+0800: 20.049: [GC (Allocation Failure) 2018-02-17T16:58:52.211+0800: 20.049: [ParNew
Desired survivor size 20112992 bytes, new threshold 8 (max 8)
- age   1:     329904 bytes,     329904 total
- age   2:      99224 bytes,     429128 total
- age   3:    1482608 bytes,    1911736 total
- age   4:    2567216 bytes,    4478952 total
- age   5:     102592 bytes,    4581544 total
- age   6:     767896 bytes,    5349440 total
- age   7:     449936 bytes,    5799376 total
- age   8:      24592 bytes,    5823968 total
: 94456K->7316K(109248K), 0.0108686 secs] 103111K->15987K(502464K), 0.0109351 secs] [Times: user=0.04 sys=0.00, real=0.01 secs] 
Heap after GC invocations=14 (full 1):
 par new generation   total 109248K, used 7316K [0x00000007a0000000, 0x00000007a8000000, 0x00000007a8000000)
  eden space 87424K,   0% used [0x00000007a0000000, 0x00000007a0000000, 0x00000007a5560000)
  from space 21824K,  33% used [0x00000007a5560000, 0x00000007a5c85280, 0x00000007a6ab0000)
  to   space 21824K,   0% used [0x00000007a6ab0000, 0x00000007a6ab0000, 0x00000007a8000000)
 concurrent mark-sweep generation total 393216K, used 8671K [0x00000007a8000000, 0x00000007c0000000, 0x00000007c0000000)
 Metaspace       used 31229K, capacity 32195K, committed 32472K, reserved 1077248K
  class space    used 3743K, capacity 4015K, committed 4116K, reserved 1048576K
}
2018-02-17T16:58:52.222+0800: 20.060: Total time for which application threads were stopped: 0.0111800 seconds, Stopping threads took: 0.0000755 seconds
2018-02-17T16:58:52.420+0800: 20.258: Total time for which application threads were stopped: 0.0002473 seconds, Stopping threads took: 0.0000819 seconds
2018-02-17T16:58:52.420+0800: 20.258: Total time for which application threads were stopped: 0.0001122 seconds, Stopping threads took: 0.0000281 seconds
2018-02-17T16:58:52.425+0800: 20.263: Total time for which application threads were stopped: 0.0001107 seconds, Stopping threads took: 0.0000179 seconds
2018-02-17T16:58:52.426+0800: 20.264: Total time for which application threads were stopped: 0.0001511 seconds, Stopping threads took: 0.0000631 seconds
2018-02-17T16:58:52.426+0800: 20.264: Total time for which application threads were stopped: 0.0001047 seconds, Stopping threads took: 0.0000292 seconds
2018-02-17T16:58:52.429+0800: 20.267: Total time for which application threads were stopped: 0.0001062 seconds, Stopping threads took: 0.0000176 seconds
2018-02-17T16:58:52.431+0800: 20.268: Total time for which application threads were stopped: 0.0002468 seconds, Stopping threads took: 0.0000324 seconds
2018-02-17T16:58:52.495+0800: 20.333: Total time for which application threads were stopped: 0.0001804 seconds, Stopping threads took: 0.0000362 seconds
2018-02-17T16:58:53.500+0800: 21.338: Total time for which application threads were stopped: 0.0002904 seconds, Stopping threads took: 0.0000609 seconds
{Heap before GC invocations=14 (full 1):
 par new generation   total 109248K, used 94740K [0x00000007a0000000, 0x00000007a8000000, 0x00000007a8000000)
  eden space 87424K, 100% used [0x00000007a0000000, 0x00000007a5560000, 0x00000007a5560000)
  from space 21824K,  33% used [0x00000007a5560000, 0x00000007a5c85280, 0x00000007a6ab0000)
  to   space 21824K,   0% used [0x00000007a6ab0000, 0x00000007a6ab0000, 0x00000007a8000000)
 concurrent mark-sweep generation total 393216K, used 8671K [0x00000007a8000000, 0x00000007c0000000, 0x00000007c0000000)
 Metaspace       used 31313K, capacity 32279K, committed 32472K, reserved 1077248K
  class space    used 3744K, capacity 4017K, committed 4116K, reserved 1048576K
2018-02-17T16:58:56.700+0800: 24.538: [GC (Allocation Failure) 2018-02-17T16:58:56.700+0800: 24.538: [ParNew
Desired survivor size 20112992 bytes, new threshold 8 (max 8)
- age   1:    1849208 bytes,    1849208 total
- age   2:      85184 bytes,    1934392 total
- age   3:      97872 bytes,    2032264 total
- age   4:     190024 bytes,    2222288 total
- age   5:    2555256 bytes,    4777544 total
- age   6:     102592 bytes,    4880136 total
- age   7:     767896 bytes,    5648032 total
- age   8:     449912 bytes,    6097944 total
: 94740K->7542K(109248K), 0.0131202 secs] 103411K->16238K(502464K), 0.0133109 secs] [Times: user=0.03 sys=0.00, real=0.01 secs] 
Heap after GC invocations=15 (full 1):
 par new generation   total 109248K, used 7542K [0x00000007a0000000, 0x00000007a8000000, 0x00000007a8000000)
  eden space 87424K,   0% used [0x00000007a0000000, 0x00000007a0000000, 0x00000007a5560000)
  from space 21824K,  34% used [0x00000007a6ab0000, 0x00000007a720da40, 0x00000007a8000000)
  to   space 21824K,   0% used [0x00000007a5560000, 0x00000007a5560000, 0x00000007a6ab0000)
 concurrent mark-sweep generation total 393216K, used 8695K [0x00000007a8000000, 0x00000007c0000000, 0x00000007c0000000)
 Metaspace       used 31313K, capacity 32279K, committed 32472K, reserved 1077248K
  class space    used 3744K, capacity 4017K, committed 4116K, reserved 1048576K
}
2018-02-17T16:58:56.714+0800: 24.551: Total time for which application threads were stopped: 0.0136966 seconds, Stopping threads took: 0.0000299 seconds
2018-02-17T16:58:56.751+0800: 24.589: Total time for which application threads were stopped: 0.0000974 seconds, Stopping threads took: 0.0000158 seconds
2018-02-17T16:58:56.751+0800: 24.589: Total time for which application threads were stopped: 0.0000515 seconds, Stopping threads took: 0.0000086 seconds
2018-02-17T16:58:56.763+0800: 24.600: Total time for which application threads were stopped: 0.0001055 seconds, Stopping threads took: 0.0000178 seconds
2018-02-17T16:58:56.789+0800: 24.626: Total time for which application threads were stopped: 0.0005378 seconds, Stopping threads took: 0.0000171 seconds
2018-02-17T16:58:56.821+0800: 24.659: Total time for which application threads were stopped: 0.0009474 seconds, Stopping threads took: 0.0000318 seconds
2018-02-17T16:58:56.867+0800: 24.705: Total time for which application threads were stopped: 0.0006325 seconds, Stopping threads took: 0.0000501 seconds
2018-02-17T16:58:56.885+0800: 24.723: Total time for which application threads were stopped: 0.0000880 seconds, Stopping threads took: 0.0000175 seconds
2018-02-17T16:58:56.974+0800: 24.812: Total time for which application threads were stopped: 0.0001445 seconds, Stopping threads took: 0.0000205 seconds
2018-02-17T16:58:56.976+0800: 24.813: Total time for which application threads were stopped: 0.0002125 seconds, Stopping threads took: 0.0001168 seconds
2018-02-17T16:58:56.985+0800: 24.822: Total time for which application threads were stopped: 0.0001236 seconds, Stopping threads took: 0.0000199 seconds
2018-02-17T16:58:56.986+0800: 24.823: Total time for which application threads were stopped: 0.0000963 seconds, Stopping threads took: 0.0000283 seconds
2018-02-17T16:58:56.986+0800: 24.824: Total time for which application threads were stopped: 0.0000796 seconds, Stopping threads took: 0.0000214 seconds
2018-02-17T16:58:56.998+0800: 24.836: Total time for which application threads were stopped: 0.0002819 seconds, Stopping threads took: 0.0000320 seconds
{Heap before GC invocations=15 (full 1):
 par new generation   total 109248K, used 94966K [0x00000007a0000000, 0x00000007a8000000, 0x00000007a8000000)
  eden space 87424K, 100% used [0x00000007a0000000, 0x00000007a5560000, 0x00000007a5560000)
  from space 21824K,  34% used [0x00000007a6ab0000, 0x00000007a720da40, 0x00000007a8000000)
  to   space 21824K,   0% used [0x00000007a5560000, 0x00000007a5560000, 0x00000007a6ab0000)
 concurrent mark-sweep generation total 393216K, used 8695K [0x00000007a8000000, 0x00000007c0000000, 0x00000007c0000000)
 Metaspace       used 33837K, capacity 34943K, committed 35160K, reserved 1079296K
  class space    used 4087K, capacity 4381K, committed 4500K, reserved 1048576K
2018-02-17T16:58:57.065+0800: 24.903: [GC (Allocation Failure) 2018-02-17T16:58:57.065+0800: 24.903: [ParNew
Desired survivor size 20112992 bytes, new threshold 8 (max 8)
- age   1:    6543040 bytes,    6543040 total
- age   2:    1684232 bytes,    8227272 total
- age   3:      85184 bytes,    8312456 total
- age   4:      97872 bytes,    8410328 total
- age   5:     189848 bytes,    8600176 total
- age   6:    2390096 bytes,   10990272 total
- age   7:     102592 bytes,   11092864 total
- age   8:     767576 bytes,   11860440 total
: 94966K->13516K(109248K), 0.0120845 secs] 103662K->22654K(502464K), 0.0121624 secs] [Times: user=0.04 sys=0.00, real=0.01 secs] 
Heap after GC invocations=16 (full 1):
 par new generation   total 109248K, used 13516K [0x00000007a0000000, 0x00000007a8000000, 0x00000007a8000000)
  eden space 87424K,   0% used [0x00000007a0000000, 0x00000007a0000000, 0x00000007a5560000)
  from space 21824K,  61% used [0x00000007a5560000, 0x00000007a6293380, 0x00000007a6ab0000)
  to   space 21824K,   0% used [0x00000007a6ab0000, 0x00000007a6ab0000, 0x00000007a8000000)
 concurrent mark-sweep generation total 393216K, used 9137K [0x00000007a8000000, 0x00000007c0000000, 0x00000007c0000000)
 Metaspace       used 33837K, capacity 34943K, committed 35160K, reserved 1079296K
  class space    used 4087K, capacity 4381K, committed 4500K, reserved 1048576K
}
2018-02-17T16:58:57.077+0800: 24.915: Total time for which application threads were stopped: 0.0123874 seconds, Stopping threads took: 0.0000383 seconds
2018-02-17T16:58:57.084+0800: 24.921: Total time for which application threads were stopped: 0.0002040 seconds, Stopping threads took: 0.0000847 seconds
{Heap before GC invocations=16 (full 1):
 par new generation   total 109248K, used 100940K [0x00000007a0000000, 0x00000007a8000000, 0x00000007a8000000)
  eden space 87424K, 100% used [0x00000007a0000000, 0x00000007a5560000, 0x00000007a5560000)
  from space 21824K,  61% used [0x00000007a5560000, 0x00000007a6293380, 0x00000007a6ab0000)
  to   space 21824K,   0% used [0x00000007a6ab0000, 0x00000007a6ab0000, 0x00000007a8000000)
 concurrent mark-sweep generation total 393216K, used 9137K [0x00000007a8000000, 0x00000007c0000000, 0x00000007c0000000)
 Metaspace       used 33851K, capacity 34943K, committed 35160K, reserved 1079296K
  class space    used 4087K, capacity 4381K, committed 4500K, reserved 1048576K
2018-02-17T16:58:57.129+0800: 24.967: [GC (Allocation Failure) 2018-02-17T16:58:57.129+0800: 24.967: [ParNew
Desired survivor size 20112992 bytes, new threshold 8 (max 8)
- age   1:     417728 bytes,     417728 total
- age   2:    3747232 bytes,    4164960 total
- age   3:    1346312 bytes,    5511272 total
- age   4:      85184 bytes,    5596456 total
- age   5:      97872 bytes,    5694328 total
- age   6:     189848 bytes,    5884176 total
- age   7:    2390096 bytes,    8274272 total
- age   8:     102592 bytes,    8376864 total
: 100940K->14731K(109248K), 0.0242123 secs] 110078K->24623K(502464K), 0.0243159 secs] [Times: user=0.08 sys=0.00, real=0.03 secs] 
Heap after GC invocations=17 (full 1):
 par new generation   total 109248K, used 14731K [0x00000007a0000000, 0x00000007a8000000, 0x00000007a8000000)
  eden space 87424K,   0% used [0x00000007a0000000, 0x00000007a0000000, 0x00000007a5560000)
  from space 21824K,  67% used [0x00000007a6ab0000, 0x00000007a7912da0, 0x00000007a8000000)
  to   space 21824K,   0% used [0x00000007a5560000, 0x00000007a5560000, 0x00000007a6ab0000)
 concurrent mark-sweep generation total 393216K, used 9891K [0x00000007a8000000, 0x00000007c0000000, 0x00000007c0000000)
 Metaspace       used 33851K, capacity 34943K, committed 35160K, reserved 1079296K
  class space    used 4087K, capacity 4381K, committed 4500K, reserved 1048576K
}
2018-02-17T16:58:57.154+0800: 24.991: Total time for which application threads were stopped: 0.0245422 seconds, Stopping threads took: 0.0000404 seconds
2018-02-17T16:58:57.273+0800: 25.110: Total time for which application threads were stopped: 0.0001622 seconds, Stopping threads took: 0.0000224 seconds
2018-02-17T16:58:57.273+0800: 25.111: Total time for which application threads were stopped: 0.0000884 seconds, Stopping threads took: 0.0000119 seconds
2018-02-17T16:58:57.273+0800: 25.111: Total time for which application threads were stopped: 0.0000916 seconds, Stopping threads took: 0.0000126 seconds
2018-02-17T16:58:57.273+0800: 25.111: Total time for which application threads were stopped: 0.0002585 seconds, Stopping threads took: 0.0001873 seconds
2018-02-17T16:58:57.273+0800: 25.111: Total time for which application threads were stopped: 0.0000955 seconds, Stopping threads took: 0.0000230 seconds
2018-02-17T16:58:57.311+0800: 25.149: Total time for which application threads were stopped: 0.0006153 seconds, Stopping threads took: 0.0000221 seconds
2018-02-17T16:58:57.363+0800: 25.200: Total time for which application threads were stopped: 0.0001218 seconds, Stopping threads took: 0.0000231 seconds
2018-02-17T16:58:57.369+0800: 25.207: Total time for which application threads were stopped: 0.0006646 seconds, Stopping threads took: 0.0000536 seconds
2018-02-17T16:58:58.004+0800: 25.842: Total time for which application threads were stopped: 0.0001904 seconds, Stopping threads took: 0.0000300 seconds
2018-02-17T16:58:58.007+0800: 25.845: Total time for which application threads were stopped: 0.0001913 seconds, Stopping threads took: 0.0000491 seconds
2018-02-17T16:58:58.018+0800: 25.856: Total time for which application threads were stopped: 0.0001593 seconds, Stopping threads took: 0.0000206 seconds
2018-02-17T16:58:58.019+0800: 25.857: Total time for which application threads were stopped: 0.0000940 seconds, Stopping threads took: 0.0000173 seconds
2018-02-17T16:58:58.025+0800: 25.863: Total time for which application threads were stopped: 0.0000971 seconds, Stopping threads took: 0.0000162 seconds
2018-02-17T16:58:58.026+0800: 25.864: Total time for which application threads were stopped: 0.0000645 seconds, Stopping threads took: 0.0000112 seconds
2018-02-17T16:58:58.026+0800: 25.864: Total time for which application threads were stopped: 0.0000472 seconds, Stopping threads took: 0.0000074 seconds
2018-02-17T16:58:58.026+0800: 25.864: Total time for which application threads were stopped: 0.0000509 seconds, Stopping threads took: 0.0000080 seconds
2018-02-17T16:58:58.026+0800: 25.864: Total time for which application threads were stopped: 0.0000453 seconds, Stopping threads took: 0.0000070 seconds
2018-02-17T16:58:58.026+0800: 25.864: Total time for which application threads were stopped: 0.0000441 seconds, Stopping threads took: 0.0000066 seconds
2018-02-17T16:58:58.032+0800: 25.870: Total time for which application threads were stopped: 0.0001484 seconds, Stopping threads took: 0.0000352 seconds
2018-02-17T16:58:58.045+0800: 25.882: Total time for which application threads were stopped: 0.0006539 seconds, Stopping threads took: 0.0000279 seconds
2018-02-17T16:58:58.073+0800: 25.911: Total time for which application threads were stopped: 0.0005309 seconds, Stopping threads took: 0.0000234 seconds
{Heap before GC invocations=17 (full 1):
 par new generation   total 109248K, used 102155K [0x00000007a0000000, 0x00000007a8000000, 0x00000007a8000000)
  eden space 87424K, 100% used [0x00000007a0000000, 0x00000007a5560000, 0x00000007a5560000)
  from space 21824K,  67% used [0x00000007a6ab0000, 0x00000007a7912da0, 0x00000007a8000000)
  to   space 21824K,   0% used [0x00000007a5560000, 0x00000007a5560000, 0x00000007a6ab0000)
 concurrent mark-sweep generation total 393216K, used 9891K [0x00000007a8000000, 0x00000007c0000000, 0x00000007c0000000)
 Metaspace       used 35413K, capacity 36497K, committed 36824K, reserved 1081344K
  class space    used 4295K, capacity 4576K, committed 4628K, reserved 1048576K
2018-02-17T16:58:58.352+0800: 26.189: [GC (Allocation Failure) 2018-02-17T16:58:58.352+0800: 26.189: [ParNew
Desired survivor size 20112992 bytes, new threshold 8 (max 8)
- age   1:    3193816 bytes,    3193816 total
- age   2:       1984 bytes,    3195800 total
- age   3:    2616464 bytes,    5812264 total
- age   4:    1346312 bytes,    7158576 total
- age   5:      85184 bytes,    7243760 total
- age   6:      97872 bytes,    7341632 total
- age   7:     189848 bytes,    7531480 total
- age   8:    2389432 bytes,    9920912 total
: 102155K->11250K(109248K), 0.0154930 secs] 112047K->21224K(502464K), 0.0155598 secs] [Times: user=0.05 sys=0.00, real=0.01 secs] 
Heap after GC invocations=18 (full 1):
 par new generation   total 109248K, used 11250K [0x00000007a0000000, 0x00000007a8000000, 0x00000007a8000000)
  eden space 87424K,   0% used [0x00000007a0000000, 0x00000007a0000000, 0x00000007a5560000)
  from space 21824K,  51% used [0x00000007a5560000, 0x00000007a605cb70, 0x00000007a6ab0000)
  to   space 21824K,   0% used [0x00000007a6ab0000, 0x00000007a6ab0000, 0x00000007a8000000)
 concurrent mark-sweep generation total 393216K, used 9973K [0x00000007a8000000, 0x00000007c0000000, 0x00000007c0000000)
 Metaspace       used 35413K, capacity 36497K, committed 36824K, reserved 1081344K
  class space    used 4295K, capacity 4576K, committed 4628K, reserved 1048576K
}
2018-02-17T16:58:58.367+0800: 26.205: Total time for which application threads were stopped: 0.0158884 seconds, Stopping threads took: 0.0000245 seconds
2018-02-17T16:58:58.374+0800: 26.212: Total time for which application threads were stopped: 0.0001784 seconds, Stopping threads took: 0.0000443 seconds
{Heap before GC invocations=18 (full 1):
 par new generation   total 109248K, used 98674K [0x00000007a0000000, 0x00000007a8000000, 0x00000007a8000000)
  eden space 87424K, 100% used [0x00000007a0000000, 0x00000007a5560000, 0x00000007a5560000)
  from space 21824K,  51% used [0x00000007a5560000, 0x00000007a605cb70, 0x00000007a6ab0000)
  to   space 21824K,   0% used [0x00000007a6ab0000, 0x00000007a6ab0000, 0x00000007a8000000)
 concurrent mark-sweep generation total 393216K, used 9973K [0x00000007a8000000, 0x00000007c0000000, 0x00000007c0000000)
 Metaspace       used 35459K, capacity 36569K, committed 36824K, reserved 1081344K
  class space    used 4302K, capacity 4588K, committed 4628K, reserved 1048576K
2018-02-17T16:58:58.433+0800: 26.271: [GC (Allocation Failure) 2018-02-17T16:58:58.433+0800: 26.271: [ParNew
Desired survivor size 20112992 bytes, new threshold 8 (max 8)
- age   1:     120336 bytes,     120336 total
- age   2:    1830336 bytes,    1950672 total
- age   3:       1984 bytes,    1952656 total
- age   4:    2616464 bytes,    4569120 total
- age   5:    1346312 bytes,    5915432 total
- age   6:      85184 bytes,    6000616 total
- age   7:      97872 bytes,    6098488 total
- age   8:     189848 bytes,    6288336 total
: 98674K->12587K(109248K), 0.0158014 secs] 108648K->24926K(502464K), 0.0158999 secs] [Times: user=0.05 sys=0.00, real=0.01 secs] 
Heap after GC invocations=19 (full 1):
 par new generation   total 109248K, used 12587K [0x00000007a0000000, 0x00000007a8000000, 0x00000007a8000000)
  eden space 87424K,   0% used [0x00000007a0000000, 0x00000007a0000000, 0x00000007a5560000)
  from space 21824K,  57% used [0x00000007a6ab0000, 0x00000007a76fac40, 0x00000007a8000000)
  to   space 21824K,   0% used [0x00000007a5560000, 0x00000007a5560000, 0x00000007a6ab0000)
 concurrent mark-sweep generation total 393216K, used 12339K [0x00000007a8000000, 0x00000007c0000000, 0x00000007c0000000)
 Metaspace       used 35459K, capacity 36569K, committed 36824K, reserved 1081344K
  class space    used 4302K, capacity 4588K, committed 4628K, reserved 1048576K
}
2018-02-17T16:58:58.449+0800: 26.287: Total time for which application threads were stopped: 0.0161124 seconds, Stopping threads took: 0.0000244 seconds
2018-02-17T16:58:58.554+0800: 26.392: Total time for which application threads were stopped: 0.0002479 seconds, Stopping threads took: 0.0000194 seconds
2018-02-17T16:58:59.096+0800: 26.934: Total time for which application threads were stopped: 0.0001205 seconds, Stopping threads took: 0.0000217 seconds
2018-02-17T16:59:01.609+0800: 29.447: Total time for which application threads were stopped: 0.0001182 seconds, Stopping threads took: 0.0000232 seconds
2018-02-17T16:59:01.613+0800: 29.450: Total time for which application threads were stopped: 0.0000928 seconds, Stopping threads took: 0.0000169 seconds
2018-02-17T16:59:01.629+0800: 29.467: Total time for which application threads were stopped: 0.0001326 seconds, Stopping threads took: 0.0000231 seconds
2018-02-17T16:59:01.630+0800: 29.467: Total time for which application threads were stopped: 0.0000844 seconds, Stopping threads took: 0.0000130 seconds
2018-02-17T16:59:01.630+0800: 29.468: Total time for which application threads were stopped: 0.0000653 seconds, Stopping threads took: 0.0000092 seconds
2018-02-17T16:59:01.630+0800: 29.468: Total time for which application threads were stopped: 0.0000552 seconds, Stopping threads took: 0.0000074 seconds
2018-02-17T16:59:01.638+0800: 29.476: Total time for which application threads were stopped: 0.0001175 seconds, Stopping threads took: 0.0000233 seconds
2018-02-17T16:59:01.690+0800: 29.528: Total time for which application threads were stopped: 0.0001493 seconds, Stopping threads took: 0.0000397 seconds
2018-02-17T16:59:01.693+0800: 29.530: Total time for which application threads were stopped: 0.0001304 seconds, Stopping threads took: 0.0000242 seconds
2018-02-17T16:59:01.694+0800: 29.532: Total time for which application threads were stopped: 0.0001115 seconds, Stopping threads took: 0.0000233 seconds
2018-02-17T16:59:01.695+0800: 29.532: Total time for which application threads were stopped: 0.0001170 seconds, Stopping threads took: 0.0000175 seconds
2018-02-17T16:59:01.696+0800: 29.534: Total time for which application threads were stopped: 0.0001941 seconds, Stopping threads took: 0.0001014 seconds
2018-02-17T16:59:01.698+0800: 29.535: Total time for which application threads were stopped: 0.0001006 seconds, Stopping threads took: 0.0000133 seconds
2018-02-17T16:59:01.699+0800: 29.536: Total time for which application threads were stopped: 0.0000868 seconds, Stopping threads took: 0.0000138 seconds
2018-02-17T16:59:01.701+0800: 29.538: Total time for which application threads were stopped: 0.0001094 seconds, Stopping threads took: 0.0000273 seconds
2018-02-17T16:59:01.702+0800: 29.540: Total time for which application threads were stopped: 0.0001603 seconds, Stopping threads took: 0.0000321 seconds
2018-02-17T16:59:01.704+0800: 29.541: Total time for which application threads were stopped: 0.0001283 seconds, Stopping threads took: 0.0000521 seconds
2018-02-17T16:59:01.705+0800: 29.542: Total time for which application threads were stopped: 0.0001149 seconds, Stopping threads took: 0.0000394 seconds
2018-02-17T16:59:01.707+0800: 29.545: Total time for which application threads were stopped: 0.0001555 seconds, Stopping threads took: 0.0000325 seconds
2018-02-17T16:59:01.871+0800: 29.709: Total time for which application threads were stopped: 0.0002088 seconds, Stopping threads took: 0.0000184 seconds
2018-02-17T16:59:01.872+0800: 29.709: Total time for which application threads were stopped: 0.0001250 seconds, Stopping threads took: 0.0000173 seconds
2018-02-17T16:59:02.722+0800: 30.560: Total time for which application threads were stopped: 0.0002452 seconds, Stopping threads took: 0.0000570 seconds
2018-02-17T16:59:03.723+0800: 31.560: Total time for which application threads were stopped: 0.0003282 seconds, Stopping threads took: 0.0001688 seconds
2018-02-17T16:59:03.742+0800: 31.579: Total time for which application threads were stopped: 0.0002643 seconds, Stopping threads took: 0.0000812 seconds
2018-02-17T16:59:06.251+0800: 34.089: Total time for which application threads were stopped: 0.0001756 seconds, Stopping threads took: 0.0000698 seconds
2018-02-17T16:59:06.251+0800: 34.089: Total time for which application threads were stopped: 0.0001026 seconds, Stopping threads took: 0.0000147 seconds
2018-02-17T16:59:06.251+0800: 34.089: Total time for which application threads were stopped: 0.0000741 seconds, Stopping threads took: 0.0000090 seconds
2018-02-17T16:59:06.252+0800: 34.089: Total time for which application threads were stopped: 0.0000678 seconds, Stopping threads took: 0.0000086 seconds
2018-02-17T16:59:06.252+0800: 34.090: Total time for which application threads were stopped: 0.0000756 seconds, Stopping threads took: 0.0000145 seconds
2018-02-17T16:59:06.698+0800: 34.535: Total time for which application threads were stopped: 0.0002293 seconds, Stopping threads took: 0.0000828 seconds
2018-02-17T16:59:06.736+0800: 34.573: Total time for which application threads were stopped: 0.0004765 seconds, Stopping threads took: 0.0000172 seconds
2018-02-17T16:59:06.746+0800: 34.584: Total time for which application threads were stopped: 0.0004591 seconds, Stopping threads took: 0.0000168 seconds
2018-02-17T16:59:06.791+0800: 34.629: Total time for which application threads were stopped: 0.0001806 seconds, Stopping threads took: 0.0000405 seconds
2018-02-17T16:59:07.032+0800: 34.869: Total time for which application threads were stopped: 0.0001945 seconds, Stopping threads took: 0.0000333 seconds
2018-02-17T16:59:07.032+0800: 34.870: Total time for which application threads were stopped: 0.0000955 seconds, Stopping threads took: 0.0000143 seconds
2018-02-17T16:59:07.032+0800: 34.870: Total time for which application threads were stopped: 0.0000930 seconds, Stopping threads took: 0.0000137 seconds
2018-02-17T16:59:07.342+0800: 35.179: Total time for which application threads were stopped: 0.0002233 seconds, Stopping threads took: 0.0000527 seconds
2018-02-17T16:59:07.342+0800: 35.179: Total time for which application threads were stopped: 0.0001183 seconds, Stopping threads took: 0.0000211 seconds
2018-02-17T16:59:07.342+0800: 35.180: Total time for which application threads were stopped: 0.0000871 seconds, Stopping threads took: 0.0000119 seconds
2018-02-17T16:59:07.342+0800: 35.180: Total time for which application threads were stopped: 0.0000893 seconds, Stopping threads took: 0.0000125 seconds
2018-02-17T16:59:07.342+0800: 35.180: Total time for which application threads were stopped: 0.0000889 seconds, Stopping threads took: 0.0000136 seconds
2018-02-17T16:59:07.345+0800: 35.182: Total time for which application threads were stopped: 0.0004721 seconds, Stopping threads took: 0.0000307 seconds
2018-02-17T16:59:07.358+0800: 35.195: Total time for which application threads were stopped: 0.0001152 seconds, Stopping threads took: 0.0000216 seconds
2018-02-17T16:59:07.358+0800: 35.196: Total time for which application threads were stopped: 0.0000616 seconds, Stopping threads took: 0.0000105 seconds
2018-02-17T16:59:07.358+0800: 35.196: Total time for which application threads were stopped: 0.0000408 seconds, Stopping threads took: 0.0000060 seconds
2018-02-17T16:59:07.358+0800: 35.196: Total time for which application threads were stopped: 0.0000379 seconds, Stopping threads took: 0.0000059 seconds
2018-02-17T16:59:07.358+0800: 35.196: Total time for which application threads were stopped: 0.0000404 seconds, Stopping threads took: 0.0000060 seconds
2018-02-17T16:59:07.358+0800: 35.196: Total time for which application threads were stopped: 0.0000394 seconds, Stopping threads took: 0.0000059 seconds
2018-02-17T16:59:07.820+0800: 35.657: Total time for which application threads were stopped: 0.0002051 seconds, Stopping threads took: 0.0000397 seconds
2018-02-17T16:59:07.927+0800: 35.764: Total time for which application threads were stopped: 0.0002285 seconds, Stopping threads took: 0.0000667 seconds
2018-02-17T16:59:08.835+0800: 36.672: Total time for which application threads were stopped: 0.0002386 seconds, Stopping threads took: 0.0000663 seconds
2018-02-17T16:59:09.452+0800: 37.290: Total time for which application threads were stopped: 0.0001513 seconds, Stopping threads took: 0.0000375 seconds
2018-02-17T16:59:09.453+0800: 37.290: Total time for which application threads were stopped: 0.0001168 seconds, Stopping threads took: 0.0000189 seconds
2018-02-17T16:59:09.453+0800: 37.291: Total time for which application threads were stopped: 0.0001109 seconds, Stopping threads took: 0.0000223 seconds
2018-02-17T16:59:09.455+0800: 37.292: Total time for which application threads were stopped: 0.0001362 seconds, Stopping threads took: 0.0000240 seconds
2018-02-17T16:59:09.456+0800: 37.294: Total time for which application threads were stopped: 0.0001267 seconds, Stopping threads took: 0.0000189 seconds
2018-02-17T16:59:09.456+0800: 37.294: Total time for which application threads were stopped: 0.0001460 seconds, Stopping threads took: 0.0000258 seconds
2018-02-17T16:59:09.457+0800: 37.294: Total time for which application threads were stopped: 0.0001309 seconds, Stopping threads took: 0.0000119 seconds
2018-02-17T16:59:09.457+0800: 37.294: Total time for which application threads were stopped: 0.0001026 seconds, Stopping threads took: 0.0000104 seconds
2018-02-17T16:59:09.457+0800: 37.294: Total time for which application threads were stopped: 0.0001025 seconds, Stopping threads took: 0.0000099 seconds
2018-02-17T16:59:09.458+0800: 37.295: Total time for which application threads were stopped: 0.0001456 seconds, Stopping threads took: 0.0000216 seconds
2018-02-17T16:59:09.458+0800: 37.296: Total time for which application threads were stopped: 0.0007972 seconds, Stopping threads took: 0.0006576 seconds
2018-02-17T16:59:09.461+0800: 37.298: Total time for which application threads were stopped: 0.0001511 seconds, Stopping threads took: 0.0000215 seconds
2018-02-17T16:59:09.461+0800: 37.298: Total time for which application threads were stopped: 0.0001267 seconds, Stopping threads took: 0.0000196 seconds
2018-02-17T16:59:09.463+0800: 37.300: Total time for which application threads were stopped: 0.0001708 seconds, Stopping threads took: 0.0000211 seconds
2018-02-17T16:59:09.464+0800: 37.301: Total time for which application threads were stopped: 0.0001691 seconds, Stopping threads took: 0.0000561 seconds
2018-02-17T16:59:09.478+0800: 37.315: Total time for which application threads were stopped: 0.0001544 seconds, Stopping threads took: 0.0000237 seconds
2018-02-17T16:59:09.485+0800: 37.323: Total time for which application threads were stopped: 0.0001647 seconds, Stopping threads took: 0.0000239 seconds
2018-02-17T16:59:09.492+0800: 37.329: Total time for which application threads were stopped: 0.0001507 seconds, Stopping threads took: 0.0000265 seconds
2018-02-17T16:59:09.495+0800: 37.332: Total time for which application threads were stopped: 0.0001330 seconds, Stopping threads took: 0.0000263 seconds
2018-02-17T16:59:11.340+0800: 39.178: Total time for which application threads were stopped: 0.0004025 seconds, Stopping threads took: 0.0000627 seconds
2018-02-17T16:59:11.349+0800: 39.186: Total time for which application threads were stopped: 0.0001253 seconds, Stopping threads took: 0.0000242 seconds
2018-02-17T16:59:11.350+0800: 39.188: Total time for which application threads were stopped: 0.0001062 seconds, Stopping threads took: 0.0000213 seconds
2018-02-17T16:59:11.705+0800: 39.542: Total time for which application threads were stopped: 0.0001683 seconds, Stopping threads took: 0.0000356 seconds
{Heap before GC invocations=19 (full 1):
 par new generation   total 109248K, used 100011K [0x00000007a0000000, 0x00000007a8000000, 0x00000007a8000000)
  eden space 87424K, 100% used [0x00000007a0000000, 0x00000007a5560000, 0x00000007a5560000)
  from space 21824K,  57% used [0x00000007a6ab0000, 0x00000007a76fac40, 0x00000007a8000000)
  to   space 21824K,   0% used [0x00000007a5560000, 0x00000007a5560000, 0x00000007a6ab0000)
 concurrent mark-sweep generation total 393216K, used 12339K [0x00000007a8000000, 0x00000007c0000000, 0x00000007c0000000)
 Metaspace       used 36702K, capacity 37901K, committed 38232K, reserved 1083392K
  class space    used 4455K, capacity 4724K, committed 4756K, reserved 1048576K
2018-02-17T16:59:11.735+0800: 39.573: [GC (Allocation Failure) 2018-02-17T16:59:11.735+0800: 39.573: [ParNew
Desired survivor size 20112992 bytes, new threshold 8 (max 8)
- age   1:    8488048 bytes,    8488048 total
- age   2:     100720 bytes,    8588768 total
- age   3:    1157280 bytes,    9746048 total
- age   4:       1984 bytes,    9748032 total
- age   5:    2610768 bytes,   12358800 total
- age   6:    1317952 bytes,   13676752 total
- age   7:      85184 bytes,   13761936 total
- age   8:      97872 bytes,   13859808 total
: 100011K->14877K(109248K), 0.0362401 secs] 112350K->27404K(502464K), 0.0363108 secs] [Times: user=0.06 sys=0.01, real=0.04 secs] 
Heap after GC invocations=20 (full 1):
 par new generation   total 109248K, used 14877K [0x00000007a0000000, 0x00000007a8000000, 0x00000007a8000000)
  eden space 87424K,   0% used [0x00000007a0000000, 0x00000007a0000000, 0x00000007a5560000)
  from space 21824K,  68% used [0x00000007a5560000, 0x00000007a63e7720, 0x00000007a6ab0000)
  to   space 21824K,   0% used [0x00000007a6ab0000, 0x00000007a6ab0000, 0x00000007a8000000)
 concurrent mark-sweep generation total 393216K, used 12527K [0x00000007a8000000, 0x00000007c0000000, 0x00000007c0000000)
 Metaspace       used 36702K, capacity 37901K, committed 38232K, reserved 1083392K
  class space    used 4455K, capacity 4724K, committed 4756K, reserved 1048576K
}
2018-02-17T16:59:11.772+0800: 39.609: Total time for which application threads were stopped: 0.0364680 seconds, Stopping threads took: 0.0000172 seconds
2018-02-17T16:59:11.789+0800: 39.626: Total time for which application threads were stopped: 0.0008888 seconds, Stopping threads took: 0.0005935 seconds
2018-02-17T16:59:11.922+0800: 39.760: Total time for which application threads were stopped: 0.0001237 seconds, Stopping threads took: 0.0000264 seconds
2018-02-17T16:59:11.923+0800: 39.760: Total time for which application threads were stopped: 0.0000894 seconds, Stopping threads took: 0.0000243 seconds
2018-02-17T16:59:11.923+0800: 39.760: Total time for which application threads were stopped: 0.0000962 seconds, Stopping threads took: 0.0000173 seconds
2018-02-17T16:59:12.238+0800: 40.076: Total time for which application threads were stopped: 0.0000906 seconds, Stopping threads took: 0.0000198 seconds
2018-02-17T16:59:12.239+0800: 40.076: Total time for which application threads were stopped: 0.0000929 seconds, Stopping threads took: 0.0000180 seconds
2018-02-17T16:59:12.239+0800: 40.076: Total time for which application threads were stopped: 0.0000907 seconds, Stopping threads took: 0.0000163 seconds
2018-02-17T16:59:12.239+0800: 40.076: Total time for which application threads were stopped: 0.0000542 seconds, Stopping threads took: 0.0000101 seconds
2018-02-17T16:59:12.239+0800: 40.077: Total time for which application threads were stopped: 0.0000690 seconds, Stopping threads took: 0.0000266 seconds
2018-02-17T16:59:12.239+0800: 40.077: Total time for which application threads were stopped: 0.0000688 seconds, Stopping threads took: 0.0000271 seconds
2018-02-17T16:59:12.808+0800: 40.645: Total time for which application threads were stopped: 0.0001358 seconds, Stopping threads took: 0.0000361 seconds
2018-02-17T16:59:12.913+0800: 40.751: Total time for which application threads were stopped: 0.0002491 seconds, Stopping threads took: 0.0000657 seconds
2018-02-17T16:59:13.815+0800: 41.652: Total time for which application threads were stopped: 0.0001734 seconds, Stopping threads took: 0.0000304 seconds
2018-02-17T16:59:16.328+0800: 44.165: Total time for which application threads were stopped: 0.0001626 seconds, Stopping threads took: 0.0000331 seconds
2018-02-17T16:59:54.754+0800: 82.590: Total time for which application threads were stopped: 0.0001686 seconds, Stopping threads took: 0.0001004 seconds
2018-02-17T16:59:54.754+0800: 82.590: Total time for which application threads were stopped: 0.0000414 seconds, Stopping threads took: 0.0000078 seconds
2018-02-17T16:59:54.754+0800: 82.590: Total time for which application threads were stopped: 0.0000412 seconds, Stopping threads took: 0.0000089 seconds
2018-02-17T16:59:54.754+0800: 82.590: Total time for which application threads were stopped: 0.0000437 seconds, Stopping threads took: 0.0000142 seconds
2018-02-17T16:59:54.754+0800: 82.590: Total time for which application threads were stopped: 0.0000522 seconds, Stopping threads took: 0.0000176 seconds
2018-02-17T16:59:54.755+0800: 82.591: Total time for which application threads were stopped: 0.0000585 seconds, Stopping threads took: 0.0000109 seconds
2018-02-17T16:59:54.755+0800: 82.591: Total time for which application threads were stopped: 0.0000622 seconds, Stopping threads took: 0.0000112 seconds
2018-02-17T16:59:54.755+0800: 82.591: Total time for which application threads were stopped: 0.0003597 seconds, Stopping threads took: 0.0000093 seconds
2018-02-17T16:59:54.755+0800: 82.592: Total time for which application threads were stopped: 0.0000467 seconds, Stopping threads took: 0.0000115 seconds
2018-02-17T16:59:54.755+0800: 82.592: Total time for which application threads were stopped: 0.0000388 seconds, Stopping threads took: 0.0000083 seconds
2018-02-17T16:59:54.756+0800: 82.592: Total time for which application threads were stopped: 0.0000577 seconds, Stopping threads took: 0.0000219 seconds
2018-02-17T16:59:54.756+0800: 82.592: Total time for which application threads were stopped: 0.0000432 seconds, Stopping threads took: 0.0000144 seconds
2018-02-17T16:59:54.756+0800: 82.592: Total time for which application threads were stopped: 0.0000368 seconds, Stopping threads took: 0.0000076 seconds
2018-02-17T16:59:54.756+0800: 82.593: Total time for which application threads were stopped: 0.0000713 seconds, Stopping threads took: 0.0000084 seconds
2018-02-17T16:59:54.756+0800: 82.593: Total time for which application threads were stopped: 0.0000623 seconds, Stopping threads took: 0.0000277 seconds
2018-02-17T16:59:54.764+0800: 82.600: Total time for which application threads were stopped: 0.0004547 seconds, Stopping threads took: 0.0000259 seconds
2018-02-17T16:59:54.766+0800: 82.602: Total time for which application threads were stopped: 0.0001530 seconds, Stopping threads took: 0.0000870 seconds
2018-02-17T16:59:54.766+0800: 82.602: Total time for which application threads were stopped: 0.0000713 seconds, Stopping threads took: 0.0000251 seconds
2018-02-17T16:59:54.766+0800: 82.602: Total time for which application threads were stopped: 0.0000658 seconds, Stopping threads took: 0.0000239 seconds
2018-02-17T16:59:54.776+0800: 82.613: Total time for which application threads were stopped: 0.0000987 seconds, Stopping threads took: 0.0000250 seconds
2018-02-17T16:59:54.777+0800: 82.613: Total time for which application threads were stopped: 0.0000647 seconds, Stopping threads took: 0.0000078 seconds
2018-02-17T16:59:54.801+0800: 82.637: Total time for which application threads were stopped: 0.0001043 seconds, Stopping threads took: 0.0000179 seconds
2018-02-17T16:59:54.801+0800: 82.637: Total time for which application threads were stopped: 0.0000560 seconds, Stopping threads took: 0.0000186 seconds
2018-02-17T16:59:54.801+0800: 82.638: Total time for which application threads were stopped: 0.0003251 seconds, Stopping threads took: 0.0002705 seconds
2018-02-17T16:59:54.801+0800: 82.638: Total time for which application threads were stopped: 0.0000561 seconds, Stopping threads took: 0.0000088 seconds
2018-02-17T16:59:54.802+0800: 82.638: Total time for which application threads were stopped: 0.0001746 seconds, Stopping threads took: 0.0000211 seconds
2018-02-17T16:59:54.809+0800: 82.646: Total time for which application threads were stopped: 0.0000895 seconds, Stopping threads took: 0.0000283 seconds
2018-02-17T16:59:54.810+0800: 82.646: Total time for which application threads were stopped: 0.0000706 seconds, Stopping threads took: 0.0000095 seconds
2018-02-17T16:59:54.819+0800: 82.655: Total time for which application threads were stopped: 0.0000857 seconds, Stopping threads took: 0.0000182 seconds
2018-02-17T16:59:54.819+0800: 82.655: Total time for which application threads were stopped: 0.0000834 seconds, Stopping threads took: 0.0000309 seconds
2018-02-17T16:59:55.824+0800: 83.660: Total time for which application threads were stopped: 0.0002829 seconds, Stopping threads took: 0.0000346 seconds
2018-02-17T17:00:00.143+0800: 87.979: Total time for which application threads were stopped: 0.0000763 seconds, Stopping threads took: 0.0000149 seconds
2018-02-17T17:00:00.153+0800: 87.989: Total time for which application threads were stopped: 0.0004818 seconds, Stopping threads took: 0.0000151 seconds
2018-02-17T17:00:00.529+0800: 88.365: Total time for which application threads were stopped: 0.0001630 seconds, Stopping threads took: 0.0000233 seconds
2018-02-17T17:00:01.533+0800: 89.369: Total time for which application threads were stopped: 0.0002841 seconds, Stopping threads took: 0.0000417 seconds
2018-02-17T17:00:01.831+0800: 89.667: Total time for which application threads were stopped: 0.0314639 seconds, Stopping threads took: 0.0312287 seconds
{Heap before GC invocations=20 (full 1):
 par new generation   total 109248K, used 102301K [0x00000007a0000000, 0x00000007a8000000, 0x00000007a8000000)
  eden space 87424K, 100% used [0x00000007a0000000, 0x00000007a5560000, 0x00000007a5560000)
  from space 21824K,  68% used [0x00000007a5560000, 0x00000007a63e7720, 0x00000007a6ab0000)
  to   space 21824K,   0% used [0x00000007a6ab0000, 0x00000007a6ab0000, 0x00000007a8000000)
 concurrent mark-sweep generation total 393216K, used 12527K [0x00000007a8000000, 0x00000007c0000000, 0x00000007c0000000)
 Metaspace       used 37078K, capacity 38253K, committed 38616K, reserved 1083392K
  class space    used 4491K, capacity 4770K, committed 4884K, reserved 1048576K
2018-02-17T17:00:01.955+0800: 89.791: [GC (Allocation Failure) 2018-02-17T17:00:01.955+0800: 89.791: [ParNew
Desired survivor size 20112992 bytes, new threshold 8 (max 8)
- age   1:    3842232 bytes,    3842232 total
- age   2:    7495720 bytes,   11337952 total
- age   3:     100720 bytes,   11438672 total
- age   4:    1147080 bytes,   12585752 total
- age   5:       1984 bytes,   12587736 total
- age   6:    2610728 bytes,   15198464 total
- age   7:    1317976 bytes,   16516440 total
- age   8:      85184 bytes,   16601624 total
: 102301K->21543K(109248K), 0.0291789 secs] 114828K->34168K(502464K), 0.0292680 secs] [Times: user=0.06 sys=0.01, real=0.03 secs] 
Heap after GC invocations=21 (full 1):
 par new generation   total 109248K, used 21543K [0x00000007a0000000, 0x00000007a8000000, 0x00000007a8000000)
  eden space 87424K,   0% used [0x00000007a0000000, 0x00000007a0000000, 0x00000007a5560000)
  from space 21824K,  98% used [0x00000007a6ab0000, 0x00000007a7fb9c80, 0x00000007a8000000)
  to   space 21824K,   0% used [0x00000007a5560000, 0x00000007a5560000, 0x00000007a6ab0000)
 concurrent mark-sweep generation total 393216K, used 12625K [0x00000007a8000000, 0x00000007c0000000, 0x00000007c0000000)
 Metaspace       used 37078K, capacity 38253K, committed 38616K, reserved 1083392K
  class space    used 4491K, capacity 4770K, committed 4884K, reserved 1048576K
}
2018-02-17T17:00:01.984+0800: 89.820: Total time for which application threads were stopped: 0.0295404 seconds, Stopping threads took: 0.0000697 seconds
2018-02-17T17:00:01.996+0800: 89.832: Total time for which application threads were stopped: 0.0109367 seconds, Stopping threads took: 0.0107584 seconds
2018-02-17T17:00:01.996+0800: 89.833: Total time for which application threads were stopped: 0.0001961 seconds, Stopping threads took: 0.0000835 seconds
{Heap before GC invocations=21 (full 1):
 par new generation   total 109248K, used 108939K [0x00000007a0000000, 0x00000007a8000000, 0x00000007a8000000)
  eden space 87424K,  99% used [0x00000007a0000000, 0x00000007a5559158, 0x00000007a5560000)
  from space 21824K,  98% used [0x00000007a6ab0000, 0x00000007a7fb9c80, 0x00000007a8000000)
  to   space 21824K,   0% used [0x00000007a5560000, 0x00000007a5560000, 0x00000007a6ab0000)
 concurrent mark-sweep generation total 393216K, used 12625K [0x00000007a8000000, 0x00000007c0000000, 0x00000007c0000000)
 Metaspace       used 37079K, capacity 38253K, committed 38616K, reserved 1083392K
  class space    used 4491K, capacity 4770K, committed 4884K, reserved 1048576K
2018-02-17T17:00:02.065+0800: 89.901: [GC (Allocation Failure) 2018-02-17T17:00:02.065+0800: 89.901: [ParNew
Desired survivor size 20112992 bytes, new threshold 8 (max 8)
- age   1:     293280 bytes,     293280 total
- age   2:    3085672 bytes,    3378952 total
- age   3:    7318120 bytes,   10697072 total
- age   4:     100720 bytes,   10797792 total
- age   5:    1146368 bytes,   11944160 total
- age   6:       1984 bytes,   11946144 total
- age   7:    2610176 bytes,   14556320 total
- age   8:    1317952 bytes,   15874272 total
: 108939K->19993K(109248K), 0.0205602 secs] 121564K->32703K(502464K), 0.0206446 secs] [Times: user=0.06 sys=0.01, real=0.02 secs] 
Heap after GC invocations=22 (full 1):
 par new generation   total 109248K, used 19993K [0x00000007a0000000, 0x00000007a8000000, 0x00000007a8000000)
  eden space 87424K,   0% used [0x00000007a0000000, 0x00000007a0000000, 0x00000007a5560000)
  from space 21824K,  91% used [0x00000007a5560000, 0x00000007a68e64e8, 0x00000007a6ab0000)
  to   space 21824K,   0% used [0x00000007a6ab0000, 0x00000007a6ab0000, 0x00000007a8000000)
 concurrent mark-sweep generation total 393216K, used 12710K [0x00000007a8000000, 0x00000007c0000000, 0x00000007c0000000)
 Metaspace       used 37079K, capacity 38253K, committed 38616K, reserved 1083392K
  class space    used 4491K, capacity 4770K, committed 4884K, reserved 1048576K
}
2018-02-17T17:00:02.086+0800: 89.922: Total time for which application threads were stopped: 0.0209332 seconds, Stopping threads took: 0.0000788 seconds
{Heap before GC invocations=22 (full 1):
 par new generation   total 109248K, used 107417K [0x00000007a0000000, 0x00000007a8000000, 0x00000007a8000000)
  eden space 87424K, 100% used [0x00000007a0000000, 0x00000007a5560000, 0x00000007a5560000)
  from space 21824K,  91% used [0x00000007a5560000, 0x00000007a68e64e8, 0x00000007a6ab0000)
  to   space 21824K,   0% used [0x00000007a6ab0000, 0x00000007a6ab0000, 0x00000007a8000000)
 concurrent mark-sweep generation total 393216K, used 12710K [0x00000007a8000000, 0x00000007c0000000, 0x00000007c0000000)
 Metaspace       used 37080K, capacity 38253K, committed 38616K, reserved 1083392K
  class space    used 4491K, capacity 4770K, committed 4884K, reserved 1048576K
2018-02-17T17:00:02.182+0800: 90.018: [GC (Allocation Failure) 2018-02-17T17:00:02.182+0800: 90.018: [ParNew
Desired survivor size 20112992 bytes, new threshold 8 (max 8)
- age   1:     804096 bytes,     804096 total
- age   2:      86000 bytes,     890096 total
- age   3:    3066184 bytes,    3956280 total
- age   4:    7318120 bytes,   11274400 total
- age   5:     100720 bytes,   11375120 total
- age   6:    1146368 bytes,   12521488 total
- age   7:       1984 bytes,   12523472 total
- age   8:    2610176 bytes,   15133648 total
: 107417K->17798K(109248K), 0.0337678 secs] 120127K->31807K(502464K), 0.0338811 secs] [Times: user=0.06 sys=0.00, real=0.03 secs] 
Heap after GC invocations=23 (full 1):
 par new generation   total 109248K, used 17798K [0x00000007a0000000, 0x00000007a8000000, 0x00000007a8000000)
  eden space 87424K,   0% used [0x00000007a0000000, 0x00000007a0000000, 0x00000007a5560000)
  from space 21824K,  81% used [0x00000007a6ab0000, 0x00000007a7c11918, 0x00000007a8000000)
  to   space 21824K,   0% used [0x00000007a5560000, 0x00000007a5560000, 0x00000007a6ab0000)
 concurrent mark-sweep generation total 393216K, used 14008K [0x00000007a8000000, 0x00000007c0000000, 0x00000007c0000000)
 Metaspace       used 37080K, capacity 38253K, committed 38616K, reserved 1083392K
  class space    used 4491K, capacity 4770K, committed 4884K, reserved 1048576K
}
2018-02-17T17:00:02.216+0800: 90.052: Total time for which application threads were stopped: 0.0448564 seconds, Stopping threads took: 0.0107521 seconds
{Heap before GC invocations=23 (full 1):
 par new generation   total 109248K, used 105222K [0x00000007a0000000, 0x00000007a8000000, 0x00000007a8000000)
  eden space 87424K, 100% used [0x00000007a0000000, 0x00000007a5560000, 0x00000007a5560000)
  from space 21824K,  81% used [0x00000007a6ab0000, 0x00000007a7c11918, 0x00000007a8000000)
  to   space 21824K,   0% used [0x00000007a5560000, 0x00000007a5560000, 0x00000007a6ab0000)
 concurrent mark-sweep generation total 393216K, used 14008K [0x00000007a8000000, 0x00000007c0000000, 0x00000007c0000000)
 Metaspace       used 37083K, capacity 38253K, committed 38616K, reserved 1083392K
  class space    used 4491K, capacity 4770K, committed 4884K, reserved 1048576K
2018-02-17T17:00:02.516+0800: 90.352: [GC (Allocation Failure) 2018-02-17T17:00:02.516+0800: 90.352: [ParNew
Desired survivor size 20112992 bytes, new threshold 8 (max 8)
- age   1:     749712 bytes,     749712 total
- age   2:      74328 bytes,     824040 total
- age   3:      84552 bytes,     908592 total
- age   4:    3065640 bytes,    3974232 total
- age   5:    7318120 bytes,   11292352 total
- age   6:     100720 bytes,   11393072 total
- age   7:    1146368 bytes,   12539440 total
- age   8:       1984 bytes,   12541424 total
: 105222K->19592K(109248K), 0.0263939 secs] 119231K->36605K(502464K), 0.0264730 secs] [Times: user=0.06 sys=0.00, real=0.03 secs] 
Heap after GC invocations=24 (full 1):
 par new generation   total 109248K, used 19592K [0x00000007a0000000, 0x00000007a8000000, 0x00000007a8000000)
  eden space 87424K,   0% used [0x00000007a0000000, 0x00000007a0000000, 0x00000007a5560000)
  from space 21824K,  89% used [0x00000007a5560000, 0x00000007a68822e0, 0x00000007a6ab0000)
  to   space 21824K,   0% used [0x00000007a6ab0000, 0x00000007a6ab0000, 0x00000007a8000000)
 concurrent mark-sweep generation total 393216K, used 17012K [0x00000007a8000000, 0x00000007c0000000, 0x00000007c0000000)
 Metaspace       used 37083K, capacity 38253K, committed 38616K, reserved 1083392K
  class space    used 4491K, capacity 4770K, committed 4884K, reserved 1048576K
}
2018-02-17T17:00:02.543+0800: 90.379: Total time for which application threads were stopped: 0.0267813 seconds, Stopping threads took: 0.0000357 seconds
2018-02-17T17:00:02.640+0800: 90.476: Total time for which application threads were stopped: 0.0001996 seconds, Stopping threads took: 0.0000361 seconds
2018-02-17T17:00:02.642+0800: 90.478: Total time for which application threads were stopped: 0.0001952 seconds, Stopping threads took: 0.0000392 seconds
2018-02-17T17:00:03.643+0800: 91.479: Total time for which application threads were stopped: 0.0002117 seconds, Stopping threads took: 0.0000645 seconds
2018-02-17T17:00:07.648+0800: 95.483: Total time for which application threads were stopped: 0.0002055 seconds, Stopping threads took: 0.0000373 seconds
2018-02-17T17:00:07.717+0800: 95.553: Total time for which application threads were stopped: 0.0002516 seconds, Stopping threads took: 0.0000879 seconds
2018-02-17T17:00:07.732+0800: 95.568: Total time for which application threads were stopped: 0.0002495 seconds, Stopping threads took: 0.0000855 seconds
2018-02-17T17:00:08.738+0800: 96.574: Total time for which application threads were stopped: 0.0001917 seconds, Stopping threads took: 0.0000363 seconds
2018-02-17T17:00:12.723+0800: 100.559: Total time for which application threads were stopped: 0.0001878 seconds, Stopping threads took: 0.0000754 seconds
2018-02-17T17:00:12.731+0800: 100.567: Total time for which application threads were stopped: 0.0001823 seconds, Stopping threads took: 0.0000824 seconds
2018-02-17T17:00:12.780+0800: 100.616: Total time for which application threads were stopped: 0.0002098 seconds, Stopping threads took: 0.0000273 seconds
2018-02-17T17:00:12.782+0800: 100.618: Total time for which application threads were stopped: 0.0001515 seconds, Stopping threads took: 0.0000308 seconds
2018-02-17T17:00:12.783+0800: 100.618: Total time for which application threads were stopped: 0.0002318 seconds, Stopping threads took: 0.0001121 seconds
2018-02-17T17:00:13.078+0800: 100.914: Total time for which application threads were stopped: 0.0001941 seconds, Stopping threads took: 0.0000342 seconds
2018-02-17T17:00:13.079+0800: 100.915: Total time for which application threads were stopped: 0.0001474 seconds, Stopping threads took: 0.0000217 seconds
2018-02-17T17:00:14.083+0800: 101.918: Total time for which application threads were stopped: 0.0001821 seconds, Stopping threads took: 0.0000271 seconds
2018-02-17T17:00:15.084+0800: 102.919: Total time for which application threads were stopped: 0.0001189 seconds, Stopping threads took: 0.0000258 seconds
2018-02-17T17:00:54.823+0800: 142.657: Total time for which application threads were stopped: 0.0001168 seconds, Stopping threads took: 0.0000253 seconds
2018-02-17T17:01:08.850+0800: 156.685: Total time for which application threads were stopped: 0.0002212 seconds, Stopping threads took: 0.0000600 seconds
2018-02-17T17:01:53.666+0800: 201.499: Total time for which application threads were stopped: 0.0000885 seconds, Stopping threads took: 0.0000184 seconds
2018-02-17T17:01:53.667+0800: 201.500: Total time for which application threads were stopped: 0.0000889 seconds, Stopping threads took: 0.0000176 seconds
2018-02-17T17:01:53.679+0800: 201.512: Total time for which application threads were stopped: 0.0002239 seconds, Stopping threads took: 0.0000544 seconds
2018-02-17T17:01:53.683+0800: 201.516: Total time for which application threads were stopped: 0.0004490 seconds, Stopping threads took: 0.0000338 seconds
2018-02-17T17:01:53.708+0800: 201.541: Total time for which application threads were stopped: 0.0001978 seconds, Stopping threads took: 0.0000907 seconds
2018-02-17T17:01:53.734+0800: 201.568: Total time for which application threads were stopped: 0.0109623 seconds, Stopping threads took: 0.0108205 seconds
2018-02-17T17:01:53.737+0800: 201.570: Total time for which application threads were stopped: 0.0001423 seconds, Stopping threads took: 0.0000337 seconds
2018-02-17T17:01:53.750+0800: 201.583: Total time for which application threads were stopped: 0.0001494 seconds, Stopping threads took: 0.0000259 seconds
2018-02-17T17:01:53.750+0800: 201.583: Total time for which application threads were stopped: 0.0001341 seconds, Stopping threads took: 0.0000298 seconds
2018-02-17T17:01:53.750+0800: 201.584: Total time for which application threads were stopped: 0.0001179 seconds, Stopping threads took: 0.0000135 seconds
2018-02-17T17:01:53.751+0800: 201.584: Total time for which application threads were stopped: 0.0001157 seconds, Stopping threads took: 0.0000237 seconds
{Heap before GC invocations=24 (full 1):
 par new generation   total 109248K, used 107016K [0x00000007a0000000, 0x00000007a8000000, 0x00000007a8000000)
  eden space 87424K, 100% used [0x00000007a0000000, 0x00000007a5560000, 0x00000007a5560000)
  from space 21824K,  89% used [0x00000007a5560000, 0x00000007a68822e0, 0x00000007a6ab0000)
  to   space 21824K,   0% used [0x00000007a6ab0000, 0x00000007a6ab0000, 0x00000007a8000000)
 concurrent mark-sweep generation total 393216K, used 17012K [0x00000007a8000000, 0x00000007c0000000, 0x00000007c0000000)
 Metaspace       used 37552K, capacity 38825K, committed 39128K, reserved 1083392K
  class space    used 4535K, capacity 4818K, committed 4884K, reserved 1048576K
2018-02-17T17:01:53.759+0800: 201.592: [GC (Allocation Failure) 2018-02-17T17:01:53.759+0800: 201.592: [ParNew
Desired survivor size 20112992 bytes, new threshold 8 (max 8)
- age   1:    7305320 bytes,    7305320 total
- age   2:     148584 bytes,    7453904 total
- age   3:      74328 bytes,    7528232 total
- age   4:      84552 bytes,    7612784 total
- age   5:    1600904 bytes,    9213688 total
- age   6:    7270680 bytes,   16484368 total
- age   7:     100720 bytes,   16585088 total
- age   8:    1131384 bytes,   17716472 total
: 107016K->20819K(109248K), 0.0468058 secs] 124029K->37834K(502464K), 0.0469083 secs] [Times: user=0.07 sys=0.02, real=0.05 secs] 
Heap after GC invocations=25 (full 1):
 par new generation   total 109248K, used 20819K [0x00000007a0000000, 0x00000007a8000000, 0x00000007a8000000)
  eden space 87424K,   0% used [0x00000007a0000000, 0x00000007a0000000, 0x00000007a5560000)
  from space 21824K,  95% used [0x00000007a6ab0000, 0x00000007a7f04f20, 0x00000007a8000000)
  to   space 21824K,   0% used [0x00000007a5560000, 0x00000007a5560000, 0x00000007a6ab0000)
 concurrent mark-sweep generation total 393216K, used 17014K [0x00000007a8000000, 0x00000007c0000000, 0x00000007c0000000)
 Metaspace       used 37552K, capacity 38825K, committed 39128K, reserved 1083392K
  class space    used 4535K, capacity 4818K, committed 4884K, reserved 1048576K
}
2018-02-17T17:01:53.806+0800: 201.639: Total time for which application threads were stopped: 0.0471689 seconds, Stopping threads took: 0.0000476 seconds
{Heap before GC invocations=25 (full 1):
 par new generation   total 109248K, used 108228K [0x00000007a0000000, 0x00000007a8000000, 0x00000007a8000000)
  eden space 87424K,  99% used [0x00000007a0000000, 0x00000007a555c2b0, 0x00000007a5560000)
  from space 21824K,  95% used [0x00000007a6ab0000, 0x00000007a7f04f20, 0x00000007a8000000)
  to   space 21824K,   0% used [0x00000007a5560000, 0x00000007a5560000, 0x00000007a6ab0000)
 concurrent mark-sweep generation total 393216K, used 17014K [0x00000007a8000000, 0x00000007c0000000, 0x00000007c0000000)
 Metaspace       used 37565K, capacity 38829K, committed 39128K, reserved 1083392K
  class space    used 4535K, capacity 4818K, committed 4884K, reserved 1048576K
2018-02-17T17:01:53.914+0800: 201.747: [GC (Allocation Failure) 2018-02-17T17:01:53.914+0800: 201.747: [ParNew
Desired survivor size 20112992 bytes, new threshold 8 (max 8)
- age   1:    2395712 bytes,    2395712 total
- age   2:    6655576 bytes,    9051288 total
- age   3:     141920 bytes,    9193208 total
- age   4:      62632 bytes,    9255840 total
- age   5:      84552 bytes,    9340392 total
- age   6:    1582824 bytes,   10923216 total
- age   7:    7269992 bytes,   18193208 total
- age   8:     100720 bytes,   18293928 total
: 108228K->21824K(109248K), 0.0267354 secs] 125243K->40196K(502464K), 0.0268119 secs] [Times: user=0.08 sys=0.00, real=0.03 secs] 
Heap after GC invocations=26 (full 1):
 par new generation   total 109248K, used 21824K [0x00000007a0000000, 0x00000007a8000000, 0x00000007a8000000)
  eden space 87424K,   0% used [0x00000007a0000000, 0x00000007a0000000, 0x00000007a5560000)
  from space 21824K, 100% used [0x00000007a5560000, 0x00000007a6ab0000, 0x00000007a6ab0000)
  to   space 21824K,   0% used [0x00000007a6ab0000, 0x00000007a6ab0000, 0x00000007a8000000)
 concurrent mark-sweep generation total 393216K, used 18372K [0x00000007a8000000, 0x00000007c0000000, 0x00000007c0000000)
 Metaspace       used 37565K, capacity 38829K, committed 39128K, reserved 1083392K
  class space    used 4535K, capacity 4818K, committed 4884K, reserved 1048576K
}
2018-02-17T17:01:53.940+0800: 201.774: Total time for which application threads were stopped: 0.0275941 seconds, Stopping threads took: 0.0005219 seconds
2018-02-17T17:01:53.953+0800: 201.786: Total time for which application threads were stopped: 0.0108842 seconds, Stopping threads took: 0.0107642 seconds
2018-02-17T17:01:53.953+0800: 201.786: Total time for which application threads were stopped: 0.0001136 seconds, Stopping threads took: 0.0000308 seconds
{Heap before GC invocations=26 (full 1):
 par new generation   total 109248K, used 109248K [0x00000007a0000000, 0x00000007a8000000, 0x00000007a8000000)
  eden space 87424K, 100% used [0x00000007a0000000, 0x00000007a5560000, 0x00000007a5560000)
  from space 21824K, 100% used [0x00000007a5560000, 0x00000007a6ab0000, 0x00000007a6ab0000)
  to   space 21824K,   0% used [0x00000007a6ab0000, 0x00000007a6ab0000, 0x00000007a8000000)
 concurrent mark-sweep generation total 393216K, used 18372K [0x00000007a8000000, 0x00000007c0000000, 0x00000007c0000000)
 Metaspace       used 37568K, capacity 38829K, committed 39128K, reserved 1083392K
  class space    used 4535K, capacity 4818K, committed 4884K, reserved 1048576K
2018-02-17T17:01:54.050+0800: 201.883: [GC (Allocation Failure) 2018-02-17T17:01:54.050+0800: 201.883: [ParNew
Desired survivor size 20112992 bytes, new threshold 8 (max 8)
- age   1:     844032 bytes,     844032 total
- age   2:    1307352 bytes,    2151384 total
- age   3:    6436728 bytes,    8588112 total
- age   4:     141920 bytes,    8730032 total
- age   5:      62632 bytes,    8792664 total
- age   6:      84552 bytes,    8877216 total
- age   7:    1582824 bytes,   10460040 total
- age   8:    7269992 bytes,   17730032 total
: 109248K->21824K(109248K), 0.0655542 secs] 127620K->40353K(502464K), 0.0656457 secs] [Times: user=0.07 sys=0.01, real=0.06 secs] 
Heap after GC invocations=27 (full 1):
 par new generation   total 109248K, used 21824K [0x00000007a0000000, 0x00000007a8000000, 0x00000007a8000000)
  eden space 87424K,   0% used [0x00000007a0000000, 0x00000007a0000000, 0x00000007a5560000)
  from space 21824K, 100% used [0x00000007a6ab0000, 0x00000007a8000000, 0x00000007a8000000)
  to   space 21824K,   0% used [0x00000007a5560000, 0x00000007a5560000, 0x00000007a6ab0000)
 concurrent mark-sweep generation total 393216K, used 18529K [0x00000007a8000000, 0x00000007c0000000, 0x00000007c0000000)
 Metaspace       used 37568K, capacity 38829K, committed 39128K, reserved 1083392K
  class space    used 4535K, capacity 4818K, committed 4884K, reserved 1048576K
}
2018-02-17T17:01:54.116+0800: 201.949: Total time for which application threads were stopped: 0.0659803 seconds, Stopping threads took: 0.0001213 seconds
{Heap before GC invocations=27 (full 1):
 par new generation   total 109248K, used 109248K [0x00000007a0000000, 0x00000007a8000000, 0x00000007a8000000)
  eden space 87424K, 100% used [0x00000007a0000000, 0x00000007a5560000, 0x00000007a5560000)
  from space 21824K, 100% used [0x00000007a6ab0000, 0x00000007a8000000, 0x00000007a8000000)
  to   space 21824K,   0% used [0x00000007a5560000, 0x00000007a5560000, 0x00000007a6ab0000)
 concurrent mark-sweep generation total 393216K, used 18529K [0x00000007a8000000, 0x00000007c0000000, 0x00000007c0000000)
 Metaspace       used 37569K, capacity 38829K, committed 39128K, reserved 1083392K
  class space    used 4535K, capacity 4818K, committed 4884K, reserved 1048576K
2018-02-17T17:01:54.179+0800: 202.012: [GC (Allocation Failure) 2018-02-17T17:01:54.179+0800: 202.012: [ParNew
Desired survivor size 20112992 bytes, new threshold 8 (max 8)
- age   1:    1495448 bytes,    1495448 total
- age   2:     133840 bytes,    1629288 total
- age   3:    1296848 bytes,    2926136 total
- age   4:    6436728 bytes,    9362864 total
- age   5:     141920 bytes,    9504784 total
- age   6:      62632 bytes,    9567416 total
- age   7:      84552 bytes,    9651968 total
- age   8:    1582824 bytes,   11234792 total
: 109248K->21541K(109248K), 0.0692778 secs] 127777K->48014K(502464K), 0.0693640 secs] [Times: user=0.09 sys=0.01, real=0.07 secs] 
Heap after GC invocations=28 (full 1):
 par new generation   total 109248K, used 21541K [0x00000007a0000000, 0x00000007a8000000, 0x00000007a8000000)
  eden space 87424K,   0% used [0x00000007a0000000, 0x00000007a0000000, 0x00000007a5560000)
  from space 21824K,  98% used [0x00000007a5560000, 0x00000007a6a69758, 0x00000007a6ab0000)
  to   space 21824K,   0% used [0x00000007a6ab0000, 0x00000007a6ab0000, 0x00000007a8000000)
 concurrent mark-sweep generation total 393216K, used 26472K [0x00000007a8000000, 0x00000007c0000000, 0x00000007c0000000)
 Metaspace       used 37569K, capacity 38829K, committed 39128K, reserved 1083392K
  class space    used 4535K, capacity 4818K, committed 4884K, reserved 1048576K
}
2018-02-17T17:01:54.249+0800: 202.082: Total time for which application threads were stopped: 0.0696739 seconds, Stopping threads took: 0.0000968 seconds
{Heap before GC invocations=28 (full 1):
 par new generation   total 109248K, used 108952K [0x00000007a0000000, 0x00000007a8000000, 0x00000007a8000000)
  eden space 87424K,  99% used [0x00000007a0000000, 0x00000007a555c8d8, 0x00000007a5560000)
  from space 21824K,  98% used [0x00000007a5560000, 0x00000007a6a69758, 0x00000007a6ab0000)
  to   space 21824K,   0% used [0x00000007a6ab0000, 0x00000007a6ab0000, 0x00000007a8000000)
 concurrent mark-sweep generation total 393216K, used 26472K [0x00000007a8000000, 0x00000007c0000000, 0x00000007c0000000)
 Metaspace       used 37569K, capacity 38829K, committed 39128K, reserved 1083392K
  class space    used 4535K, capacity 4818K, committed 4884K, reserved 1048576K
2018-02-17T17:01:54.268+0800: 202.101: [GC (Allocation Failure) 2018-02-17T17:01:54.268+0800: 202.101: [ParNew
Desired survivor size 20112992 bytes, new threshold 8 (max 8)
- age   1:    1107120 bytes,    1107120 total
- age   2:     937968 bytes,    2045088 total
- age   3:     133840 bytes,    2178928 total
- age   4:    1296848 bytes,    3475776 total
- age   5:    6436728 bytes,    9912504 total
- age   6:     141920 bytes,   10054424 total
- age   7:      62632 bytes,   10117056 total
- age   8:      84552 bytes,   10201608 total
: 108952K->12731K(109248K), 0.0574284 secs] 135424K->40756K(502464K), 0.0575271 secs] [Times: user=0.09 sys=0.00, real=0.06 secs] 
Heap after GC invocations=29 (full 1):
 par new generation   total 109248K, used 12731K [0x00000007a0000000, 0x00000007a8000000, 0x00000007a8000000)
  eden space 87424K,   0% used [0x00000007a0000000, 0x00000007a0000000, 0x00000007a5560000)
  from space 21824K,  58% used [0x00000007a6ab0000, 0x00000007a771ec00, 0x00000007a8000000)
  to   space 21824K,   0% used [0x00000007a5560000, 0x00000007a5560000, 0x00000007a6ab0000)
 concurrent mark-sweep generation total 393216K, used 28025K [0x00000007a8000000, 0x00000007c0000000, 0x00000007c0000000)
 Metaspace       used 37569K, capacity 38829K, committed 39128K, reserved 1083392K
  class space    used 4535K, capacity 4818K, committed 4884K, reserved 1048576K
}
2018-02-17T17:01:54.326+0800: 202.159: Total time for which application threads were stopped: 0.0578533 seconds, Stopping threads took: 0.0001064 seconds
{Heap before GC invocations=29 (full 1):
 par new generation   total 109248K, used 100155K [0x00000007a0000000, 0x00000007a8000000, 0x00000007a8000000)
  eden space 87424K, 100% used [0x00000007a0000000, 0x00000007a5560000, 0x00000007a5560000)
  from space 21824K,  58% used [0x00000007a6ab0000, 0x00000007a771ec00, 0x00000007a8000000)
  to   space 21824K,   0% used [0x00000007a5560000, 0x00000007a5560000, 0x00000007a6ab0000)
 concurrent mark-sweep generation total 393216K, used 28025K [0x00000007a8000000, 0x00000007c0000000, 0x00000007c0000000)
 Metaspace       used 37572K, capacity 38829K, committed 39128K, reserved 1083392K
  class space    used 4535K, capacity 4818K, committed 4884K, reserved 1048576K
2018-02-17T17:01:54.360+0800: 202.194: [GC (Allocation Failure) 2018-02-17T17:01:54.360+0800: 202.194: [ParNew
Desired survivor size 20112992 bytes, new threshold 8 (max 8)
- age   1:    1033960 bytes,    1033960 total
- age   2:     409912 bytes,    1443872 total
- age   3:     936888 bytes,    2380760 total
- age   4:     133288 bytes,    2514048 total
- age   5:    1295816 bytes,    3809864 total
- age   6:    6435800 bytes,   10245664 total
- age   7:     141920 bytes,   10387584 total
- age   8:      62632 bytes,   10450216 total
: 100155K->15860K(109248K), 0.0705303 secs] 128180K->43971K(502464K), 0.0706288 secs] [Times: user=0.06 sys=0.01, real=0.07 secs] 
Heap after GC invocations=30 (full 1):
 par new generation   total 109248K, used 15860K [0x00000007a0000000, 0x00000007a8000000, 0x00000007a8000000)
  eden space 87424K,   0% used [0x00000007a0000000, 0x00000007a0000000, 0x00000007a5560000)
  from space 21824K,  72% used [0x00000007a5560000, 0x00000007a64dd2f8, 0x00000007a6ab0000)
  to   space 21824K,   0% used [0x00000007a6ab0000, 0x00000007a6ab0000, 0x00000007a8000000)
 concurrent mark-sweep generation total 393216K, used 28110K [0x00000007a8000000, 0x00000007c0000000, 0x00000007c0000000)
 Metaspace       used 37572K, capacity 38829K, committed 39128K, reserved 1083392K
  class space    used 4535K, capacity 4818K, committed 4884K, reserved 1048576K
}
2018-02-17T17:01:54.431+0800: 202.264: Total time for which application threads were stopped: 0.0709508 seconds, Stopping threads took: 0.0000986 seconds
2018-02-17T17:01:54.466+0800: 202.299: Total time for which application threads were stopped: 0.0010535 seconds, Stopping threads took: 0.0009002 seconds
2018-02-17T17:01:54.476+0800: 202.309: Total time for which application threads were stopped: 0.0001812 seconds, Stopping threads took: 0.0000816 seconds
{Heap before GC invocations=30 (full 1):
 par new generation   total 109248K, used 103284K [0x00000007a0000000, 0x00000007a8000000, 0x00000007a8000000)
  eden space 87424K, 100% used [0x00000007a0000000, 0x00000007a5560000, 0x00000007a5560000)
  from space 21824K,  72% used [0x00000007a5560000, 0x00000007a64dd2f8, 0x00000007a6ab0000)
  to   space 21824K,   0% used [0x00000007a6ab0000, 0x00000007a6ab0000, 0x00000007a8000000)
 concurrent mark-sweep generation total 393216K, used 28110K [0x00000007a8000000, 0x00000007c0000000, 0x00000007c0000000)
 Metaspace       used 37579K, capacity 38831K, committed 39128K, reserved 1083392K
  class space    used 4536K, capacity 4819K, committed 4884K, reserved 1048576K
2018-02-17T17:01:54.482+0800: 202.315: [GC (Allocation Failure) 2018-02-17T17:01:54.482+0800: 202.315: [ParNew
Desired survivor size 20112992 bytes, new threshold 8 (max 8)
- age   1:    1030088 bytes,    1030088 total
- age   2:     402736 bytes,    1432824 total
- age   3:     409352 bytes,    1842176 total
- age   4:     936888 bytes,    2779064 total
- age   5:     133288 bytes,    2912352 total
- age   6:    1295816 bytes,    4208168 total
- age   7:    5360120 bytes,    9568288 total
- age   8:     141920 bytes,    9710208 total
: 103284K->10838K(109248K), 0.0207315 secs] 131395K->39012K(502464K), 0.0208077 secs] [Times: user=0.04 sys=0.00, real=0.02 secs] 
Heap after GC invocations=31 (full 1):
 par new generation   total 109248K, used 10838K [0x00000007a0000000, 0x00000007a8000000, 0x00000007a8000000)
  eden space 87424K,   0% used [0x00000007a0000000, 0x00000007a0000000, 0x00000007a5560000)
  from space 21824K,  49% used [0x00000007a6ab0000, 0x00000007a7545a68, 0x00000007a8000000)
  to   space 21824K,   0% used [0x00000007a5560000, 0x00000007a5560000, 0x00000007a6ab0000)
 concurrent mark-sweep generation total 393216K, used 28174K [0x00000007a8000000, 0x00000007c0000000, 0x00000007c0000000)
 Metaspace       used 37579K, capacity 38831K, committed 39128K, reserved 1083392K
  class space    used 4536K, capacity 4819K, committed 4884K, reserved 1048576K
}
2018-02-17T17:01:54.502+0800: 202.336: Total time for which application threads were stopped: 0.0210614 seconds, Stopping threads took: 0.0000811 seconds
2018-02-17T17:01:54.520+0800: 202.353: Total time for which application threads were stopped: 0.0001166 seconds, Stopping threads took: 0.0000199 seconds
2018-02-17T17:01:54.521+0800: 202.354: Total time for which application threads were stopped: 0.0002435 seconds, Stopping threads took: 0.0001652 seconds
2018-02-17T17:01:54.594+0800: 202.427: Total time for which application threads were stopped: 0.0001490 seconds, Stopping threads took: 0.0000301 seconds
2018-02-17T17:01:54.594+0800: 202.427: Total time for which application threads were stopped: 0.0000907 seconds, Stopping threads took: 0.0000106 seconds
2018-02-17T17:01:54.594+0800: 202.427: Total time for which application threads were stopped: 0.0000540 seconds, Stopping threads took: 0.0000083 seconds
2018-02-17T17:01:54.594+0800: 202.427: Total time for which application threads were stopped: 0.0000626 seconds, Stopping threads took: 0.0000147 seconds
2018-02-17T17:01:54.596+0800: 202.429: Total time for which application threads were stopped: 0.0001250 seconds, Stopping threads took: 0.0000328 seconds
2018-02-17T17:01:54.598+0800: 202.431: Total time for which application threads were stopped: 0.0001174 seconds, Stopping threads took: 0.0000275 seconds
2018-02-17T17:01:55.598+0800: 203.432: Total time for which application threads were stopped: 0.0002150 seconds, Stopping threads took: 0.0000425 seconds
2018-02-17T17:01:59.638+0800: 207.471: Total time for which application threads were stopped: 0.0001533 seconds, Stopping threads took: 0.0000409 seconds
2018-02-17T17:01:59.639+0800: 207.472: Total time for which application threads were stopped: 0.0001014 seconds, Stopping threads took: 0.0000238 seconds
2018-02-17T17:01:59.639+0800: 207.472: Total time for which application threads were stopped: 0.0000914 seconds, Stopping threads took: 0.0000205 seconds
2018-02-17T17:01:59.639+0800: 207.472: Total time for which application threads were stopped: 0.0000823 seconds, Stopping threads took: 0.0000220 seconds
2018-02-17T17:01:59.639+0800: 207.472: Total time for which application threads were stopped: 0.0000730 seconds, Stopping threads took: 0.0000185 seconds
2018-02-17T17:01:59.639+0800: 207.472: Total time for which application threads were stopped: 0.0000631 seconds, Stopping threads took: 0.0000090 seconds
2018-02-17T17:01:59.639+0800: 207.472: Total time for which application threads were stopped: 0.0000628 seconds, Stopping threads took: 0.0000085 seconds
2018-02-17T17:01:59.639+0800: 207.472: Total time for which application threads were stopped: 0.0000593 seconds, Stopping threads took: 0.0000075 seconds
2018-02-17T17:01:59.639+0800: 207.473: Total time for which application threads were stopped: 0.0000517 seconds, Stopping threads took: 0.0000050 seconds
2018-02-17T17:01:59.644+0800: 207.477: Total time for which application threads were stopped: 0.0001305 seconds, Stopping threads took: 0.0000328 seconds
2018-02-17T17:01:59.645+0800: 207.478: Total time for which application threads were stopped: 0.0000864 seconds, Stopping threads took: 0.0000219 seconds
2018-02-17T17:01:59.645+0800: 207.478: Total time for which application threads were stopped: 0.0000628 seconds, Stopping threads took: 0.0000171 seconds
2018-02-17T17:01:59.645+0800: 207.478: Total time for which application threads were stopped: 0.0000757 seconds, Stopping threads took: 0.0000201 seconds
2018-02-17T17:01:59.645+0800: 207.478: Total time for which application threads were stopped: 0.0000686 seconds, Stopping threads took: 0.0000181 seconds
2018-02-17T17:01:59.645+0800: 207.478: Total time for which application threads were stopped: 0.0000544 seconds, Stopping threads took: 0.0000188 seconds
2018-02-17T17:01:59.645+0800: 207.478: Total time for which application threads were stopped: 0.0000635 seconds, Stopping threads took: 0.0000193 seconds
2018-02-17T17:01:59.645+0800: 207.478: Total time for which application threads were stopped: 0.0000579 seconds, Stopping threads took: 0.0000076 seconds
2018-02-17T17:01:59.645+0800: 207.478: Total time for which application threads were stopped: 0.0000549 seconds, Stopping threads took: 0.0000171 seconds
2018-02-17T17:01:59.645+0800: 207.478: Total time for which application threads were stopped: 0.0000739 seconds, Stopping threads took: 0.0000193 seconds
2018-02-17T17:01:59.646+0800: 207.479: Total time for which application threads were stopped: 0.0000628 seconds, Stopping threads took: 0.0000130 seconds
2018-02-17T17:01:59.646+0800: 207.479: Total time for which application threads were stopped: 0.0000568 seconds, Stopping threads took: 0.0000178 seconds
2018-02-17T17:01:59.646+0800: 207.479: Total time for which application threads were stopped: 0.0000691 seconds, Stopping threads took: 0.0000173 seconds
2018-02-17T17:01:59.646+0800: 207.479: Total time for which application threads were stopped: 0.0000575 seconds, Stopping threads took: 0.0000089 seconds
2018-02-17T17:01:59.646+0800: 207.479: Total time for which application threads were stopped: 0.0000680 seconds, Stopping threads took: 0.0000189 seconds
2018-02-17T17:01:59.646+0800: 207.479: Total time for which application threads were stopped: 0.0000556 seconds, Stopping threads took: 0.0000076 seconds
2018-02-17T17:01:59.646+0800: 207.479: Total time for which application threads were stopped: 0.0000557 seconds, Stopping threads took: 0.0000077 seconds
2018-02-17T17:01:59.646+0800: 207.479: Total time for which application threads were stopped: 0.0000535 seconds, Stopping threads took: 0.0000195 seconds
2018-02-17T17:01:59.646+0800: 207.479: Total time for which application threads were stopped: 0.0000821 seconds, Stopping threads took: 0.0000192 seconds
2018-02-17T17:01:59.646+0800: 207.479: Total time for which application threads were stopped: 0.0000665 seconds, Stopping threads took: 0.0000156 seconds
2018-02-17T17:01:59.647+0800: 207.480: Total time for which application threads were stopped: 0.0001885 seconds, Stopping threads took: 0.0000644 seconds
2018-02-17T17:01:59.648+0800: 207.481: Total time for which application threads were stopped: 0.0000904 seconds, Stopping threads took: 0.0000130 seconds
2018-02-17T17:01:59.648+0800: 207.481: Total time for which application threads were stopped: 0.0000583 seconds, Stopping threads took: 0.0000082 seconds
2018-02-17T17:01:59.650+0800: 207.483: Total time for which application threads were stopped: 0.0000831 seconds, Stopping threads took: 0.0000131 seconds
2018-02-17T17:01:59.650+0800: 207.483: Total time for which application threads were stopped: 0.0000717 seconds, Stopping threads took: 0.0000112 seconds
2018-02-17T17:02:00.654+0800: 208.487: Total time for which application threads were stopped: 0.0001962 seconds, Stopping threads took: 0.0000465 seconds
2018-02-17T17:02:04.447+0800: 212.280: Total time for which application threads were stopped: 0.0001177 seconds, Stopping threads took: 0.0000205 seconds
2018-02-17T17:02:04.455+0800: 212.287: Total time for which application threads were stopped: 0.0001241 seconds, Stopping threads took: 0.0000240 seconds
2018-02-17T17:02:04.639+0800: 212.472: Total time for which application threads were stopped: 0.0002252 seconds, Stopping threads took: 0.0000928 seconds
2018-02-17T17:02:04.641+0800: 212.474: Total time for which application threads were stopped: 0.0001428 seconds, Stopping threads took: 0.0000318 seconds
2018-02-17T17:02:04.646+0800: 212.478: Total time for which application threads were stopped: 0.0001070 seconds, Stopping threads took: 0.0000232 seconds
2018-02-17T17:02:04.660+0800: 212.493: Total time for which application threads were stopped: 0.0001543 seconds, Stopping threads took: 0.0000276 seconds
2018-02-17T17:02:04.661+0800: 212.494: Total time for which application threads were stopped: 0.0000704 seconds, Stopping threads took: 0.0000120 seconds
2018-02-17T17:02:04.661+0800: 212.494: Total time for which application threads were stopped: 0.0000515 seconds, Stopping threads took: 0.0000085 seconds
2018-02-17T17:02:04.661+0800: 212.494: Total time for which application threads were stopped: 0.0000803 seconds, Stopping threads took: 0.0000096 seconds
2018-02-17T17:02:04.661+0800: 212.494: Total time for which application threads were stopped: 0.0000524 seconds, Stopping threads took: 0.0000086 seconds
2018-02-17T17:02:04.661+0800: 212.494: Total time for which application threads were stopped: 0.0000428 seconds, Stopping threads took: 0.0000051 seconds
2018-02-17T17:02:04.687+0800: 212.520: Total time for which application threads were stopped: 0.0001116 seconds, Stopping threads took: 0.0000224 seconds
2018-02-17T17:02:04.689+0800: 212.522: Total time for which application threads were stopped: 0.0001255 seconds, Stopping threads took: 0.0000211 seconds
2018-02-17T17:02:04.711+0800: 212.544: Total time for which application threads were stopped: 0.0001526 seconds, Stopping threads took: 0.0000575 seconds
2018-02-17T17:03:21.850+0800: 289.680: Total time for which application threads were stopped: 0.0001572 seconds, Stopping threads took: 0.0000765 seconds
2018-02-17T17:03:21.850+0800: 289.681: Total time for which application threads were stopped: 0.0001301 seconds, Stopping threads took: 0.0000682 seconds
2018-02-17T17:03:21.850+0800: 289.681: Total time for which application threads were stopped: 0.0000831 seconds, Stopping threads took: 0.0000230 seconds
2018-02-17T17:03:21.851+0800: 289.682: Total time for which application threads were stopped: 0.0002598 seconds, Stopping threads took: 0.0000213 seconds
2018-02-17T17:03:21.862+0800: 289.693: Total time for which application threads were stopped: 0.0009042 seconds, Stopping threads took: 0.0008098 seconds
2018-02-17T17:03:21.867+0800: 289.698: Total time for which application threads were stopped: 0.0001111 seconds, Stopping threads took: 0.0000323 seconds
{Heap before GC invocations=31 (full 1):
 par new generation   total 109248K, used 98262K [0x00000007a0000000, 0x00000007a8000000, 0x00000007a8000000)
  eden space 87424K, 100% used [0x00000007a0000000, 0x00000007a5560000, 0x00000007a5560000)
  from space 21824K,  49% used [0x00000007a6ab0000, 0x00000007a7545a68, 0x00000007a8000000)
  to   space 21824K,   0% used [0x00000007a5560000, 0x00000007a5560000, 0x00000007a6ab0000)
 concurrent mark-sweep generation total 393216K, used 28174K [0x00000007a8000000, 0x00000007c0000000, 0x00000007c0000000)
 Metaspace       used 37649K, capacity 38893K, committed 39128K, reserved 1083392K
  class space    used 4542K, capacity 4828K, committed 4884K, reserved 1048576K
2018-02-17T17:03:21.869+0800: 289.700: [GC (Allocation Failure) 2018-02-17T17:03:21.869+0800: 289.700: [ParNew
Desired survivor size 20112992 bytes, new threshold 8 (max 8)
- age   1:    6444464 bytes,    6444464 total
- age   2:     731912 bytes,    7176376 total
- age   3:     401736 bytes,    7578112 total
- age   4:      61760 bytes,    7639872 total
- age   5:     183072 bytes,    7822944 total
- age   6:     131848 bytes,    7954792 total
- age   7:    1232032 bytes,    9186824 total
- age   8:    2164792 bytes,   11351616 total
: 98262K->14553K(109248K), 0.0266628 secs] 126436K->42869K(502464K), 0.0271528 secs] [Times: user=0.04 sys=0.00, real=0.03 secs] 
Heap after GC invocations=32 (full 1):
 par new generation   total 109248K, used 14553K [0x00000007a0000000, 0x00000007a8000000, 0x00000007a8000000)
  eden space 87424K,   0% used [0x00000007a0000000, 0x00000007a0000000, 0x00000007a5560000)
  from space 21824K,  66% used [0x00000007a5560000, 0x00000007a63965f8, 0x00000007a6ab0000)
  to   space 21824K,   0% used [0x00000007a6ab0000, 0x00000007a6ab0000, 0x00000007a8000000)
 concurrent mark-sweep generation total 393216K, used 28315K [0x00000007a8000000, 0x00000007c0000000, 0x00000007c0000000)
 Metaspace       used 37649K, capacity 38893K, committed 39128K, reserved 1083392K
  class space    used 4542K, capacity 4828K, committed 4884K, reserved 1048576K
}
2018-02-17T17:03:21.896+0800: 289.727: Total time for which application threads were stopped: 0.0273602 seconds, Stopping threads took: 0.0000402 seconds
{Heap before GC invocations=32 (full 1):
 par new generation   total 109248K, used 101977K [0x00000007a0000000, 0x00000007a8000000, 0x00000007a8000000)
  eden space 87424K, 100% used [0x00000007a0000000, 0x00000007a5560000, 0x00000007a5560000)
  from space 21824K,  66% used [0x00000007a5560000, 0x00000007a63965f8, 0x00000007a6ab0000)
  to   space 21824K,   0% used [0x00000007a6ab0000, 0x00000007a6ab0000, 0x00000007a8000000)
 concurrent mark-sweep generation total 393216K, used 28315K [0x00000007a8000000, 0x00000007c0000000, 0x00000007c0000000)
 Metaspace       used 37679K, capacity 38941K, committed 39128K, reserved 1083392K
  class space    used 4546K, capacity 4836K, committed 4884K, reserved 1048576K
2018-02-17T17:03:21.919+0800: 289.750: [GC (Allocation Failure) 2018-02-17T17:03:21.919+0800: 289.750: [ParNew
Desired survivor size 20112992 bytes, new threshold 8 (max 8)
- age   1:     405360 bytes,     405360 total
- age   2:    6111456 bytes,    6516816 total
- age   3:     731912 bytes,    7248728 total
- age   4:     401736 bytes,    7650464 total
- age   5:      61760 bytes,    7712224 total
- age   6:     183072 bytes,    7895296 total
- age   7:     131848 bytes,    8027144 total
- age   8:    1231760 bytes,    9258904 total
: 101977K->12472K(109248K), 0.0626728 secs] 130293K->42903K(502464K), 0.0627428 secs] [Times: user=0.05 sys=0.00, real=0.07 secs] 
Heap after GC invocations=33 (full 1):
 par new generation   total 109248K, used 12472K [0x00000007a0000000, 0x00000007a8000000, 0x00000007a8000000)
  eden space 87424K,   0% used [0x00000007a0000000, 0x00000007a0000000, 0x00000007a5560000)
  from space 21824K,  57% used [0x00000007a6ab0000, 0x00000007a76de140, 0x00000007a8000000)
  to   space 21824K,   0% used [0x00000007a5560000, 0x00000007a5560000, 0x00000007a6ab0000)
 concurrent mark-sweep generation total 393216K, used 30431K [0x00000007a8000000, 0x00000007c0000000, 0x00000007c0000000)
 Metaspace       used 37679K, capacity 38941K, committed 39128K, reserved 1083392K
  class space    used 4546K, capacity 4836K, committed 4884K, reserved 1048576K
}
2018-02-17T17:03:21.982+0800: 289.813: Total time for which application threads were stopped: 0.0630492 seconds, Stopping threads took: 0.0001244 seconds
{Heap before GC invocations=33 (full 1):
 par new generation   total 109248K, used 99896K [0x00000007a0000000, 0x00000007a8000000, 0x00000007a8000000)
  eden space 87424K, 100% used [0x00000007a0000000, 0x00000007a5560000, 0x00000007a5560000)
  from space 21824K,  57% used [0x00000007a6ab0000, 0x00000007a76de140, 0x00000007a8000000)
  to   space 21824K,   0% used [0x00000007a5560000, 0x00000007a5560000, 0x00000007a6ab0000)
 concurrent mark-sweep generation total 393216K, used 30431K [0x00000007a8000000, 0x00000007c0000000, 0x00000007c0000000)
 Metaspace       used 37736K, capacity 39031K, committed 39128K, reserved 1083392K
  class space    used 4555K, capacity 4851K, committed 4884K, reserved 1048576K
2018-02-17T17:03:22.017+0800: 289.848: [GC (Allocation Failure) 2018-02-17T17:03:22.017+0800: 289.848: [ParNew
Desired survivor size 20112992 bytes, new threshold 8 (max 8)
- age   1:     358120 bytes,     358120 total
- age   2:      67552 bytes,     425672 total
- age   3:    5764320 bytes,    6189992 total
- age   4:     731912 bytes,    6921904 total
- age   5:     401736 bytes,    7323640 total
- age   6:      61760 bytes,    7385400 total
- age   7:     183096 bytes,    7568496 total
- age   8:     131848 bytes,    7700344 total
: 99896K->9899K(109248K), 0.0508383 secs] 130327K->41538K(502464K), 0.0509093 secs] [Times: user=0.06 sys=0.01, real=0.05 secs] 
Heap after GC invocations=34 (full 1):
 par new generation   total 109248K, used 9899K [0x00000007a0000000, 0x00000007a8000000, 0x00000007a8000000)
  eden space 87424K,   0% used [0x00000007a0000000, 0x00000007a0000000, 0x00000007a5560000)
  from space 21824K,  45% used [0x00000007a5560000, 0x00000007a5f0ae00, 0x00000007a6ab0000)
  to   space 21824K,   0% used [0x00000007a6ab0000, 0x00000007a6ab0000, 0x00000007a8000000)
 concurrent mark-sweep generation total 393216K, used 31639K [0x00000007a8000000, 0x00000007c0000000, 0x00000007c0000000)
 Metaspace       used 37736K, capacity 39031K, committed 39128K, reserved 1083392K
  class space    used 4555K, capacity 4851K, committed 4884K, reserved 1048576K
}
2018-02-17T17:03:22.068+0800: 289.899: Total time for which application threads were stopped: 0.0511679 seconds, Stopping threads took: 0.0000928 seconds
{Heap before GC invocations=34 (full 1):
 par new generation   total 109248K, used 97322K [0x00000007a0000000, 0x00000007a8000000, 0x00000007a8000000)
  eden space 87424K,  99% used [0x00000007a0000000, 0x00000007a555fb98, 0x00000007a5560000)
  from space 21824K,  45% used [0x00000007a5560000, 0x00000007a5f0ae00, 0x00000007a6ab0000)
  to   space 21824K,   0% used [0x00000007a6ab0000, 0x00000007a6ab0000, 0x00000007a8000000)
 concurrent mark-sweep generation total 393216K, used 31639K [0x00000007a8000000, 0x00000007c0000000, 0x00000007c0000000)
 Metaspace       used 37794K, capacity 39167K, committed 39384K, reserved 1083392K
  class space    used 4561K, capacity 4863K, committed 4884K, reserved 1048576K
2018-02-17T17:03:22.150+0800: 289.981: [GC (Allocation Failure) 2018-02-17T17:03:22.150+0800: 289.981: [ParNew
Desired survivor size 20112992 bytes, new threshold 8 (max 8)
- age   1:    2269216 bytes,    2269216 total
- age   2:     130224 bytes,    2399440 total
- age   3:      65656 bytes,    2465096 total
- age   4:    5760112 bytes,    8225208 total
- age   5:     731912 bytes,    8957120 total
- age   6:     401736 bytes,    9358856 total
- age   7:      61760 bytes,    9420616 total
- age   8:     183072 bytes,    9603688 total
: 97322K->12172K(109248K), 0.0310481 secs] 128961K->43942K(502464K), 0.0311228 secs] [Times: user=0.07 sys=0.01, real=0.03 secs] 
Heap after GC invocations=35 (full 1):
 par new generation   total 109248K, used 12172K [0x00000007a0000000, 0x00000007a8000000, 0x00000007a8000000)
  eden space 87424K,   0% used [0x00000007a0000000, 0x00000007a0000000, 0x00000007a5560000)
  from space 21824K,  55% used [0x00000007a6ab0000, 0x00000007a7693080, 0x00000007a8000000)
  to   space 21824K,   0% used [0x00000007a5560000, 0x00000007a5560000, 0x00000007a6ab0000)
 concurrent mark-sweep generation total 393216K, used 31770K [0x00000007a8000000, 0x00000007c0000000, 0x00000007c0000000)
 Metaspace       used 37794K, capacity 39167K, committed 39384K, reserved 1083392K
  class space    used 4561K, capacity 4863K, committed 4884K, reserved 1048576K
}
2018-02-17T17:03:22.181+0800: 290.012: Total time for which application threads were stopped: 0.0452813 seconds, Stopping threads took: 0.0139289 seconds
2018-02-17T17:03:22.181+0800: 290.012: Total time for which application threads were stopped: 0.0002790 seconds, Stopping threads took: 0.0001597 seconds
2018-02-17T17:03:22.185+0800: 290.016: Total time for which application threads were stopped: 0.0002254 seconds, Stopping threads took: 0.0001079 seconds
{Heap before GC invocations=35 (full 1):
 par new generation   total 109248K, used 99596K [0x00000007a0000000, 0x00000007a8000000, 0x00000007a8000000)
  eden space 87424K, 100% used [0x00000007a0000000, 0x00000007a5560000, 0x00000007a5560000)
  from space 21824K,  55% used [0x00000007a6ab0000, 0x00000007a7693080, 0x00000007a8000000)
  to   space 21824K,   0% used [0x00000007a5560000, 0x00000007a5560000, 0x00000007a6ab0000)
 concurrent mark-sweep generation total 393216K, used 31770K [0x00000007a8000000, 0x00000007c0000000, 0x00000007c0000000)
 Metaspace       used 37803K, capacity 39167K, committed 39384K, reserved 1083392K
  class space    used 4561K, capacity 4863K, committed 4884K, reserved 1048576K
2018-02-17T17:03:22.254+0800: 290.085: [GC (Allocation Failure) 2018-02-17T17:03:22.254+0800: 290.085: [ParNew
Desired survivor size 20112992 bytes, new threshold 8 (max 8)
- age   1:    1356784 bytes,    1356784 total
- age   2:    1558752 bytes,    2915536 total
- age   3:     130224 bytes,    3045760 total
- age   4:      65656 bytes,    3111416 total
- age   5:    5760112 bytes,    8871528 total
- age   6:     731912 bytes,    9603440 total
- age   7:     401736 bytes,   10005176 total
- age   8:      61760 bytes,   10066936 total
: 99596K->12461K(109248K), 0.0283082 secs] 131366K->44412K(502464K), 0.0283850 secs] [Times: user=0.06 sys=0.00, real=0.03 secs] 
Heap after GC invocations=36 (full 1):
 par new generation   total 109248K, used 12461K [0x00000007a0000000, 0x00000007a8000000, 0x00000007a8000000)
  eden space 87424K,   0% used [0x00000007a0000000, 0x00000007a0000000, 0x00000007a5560000)
  from space 21824K,  57% used [0x00000007a5560000, 0x00000007a618b470, 0x00000007a6ab0000)
  to   space 21824K,   0% used [0x00000007a6ab0000, 0x00000007a6ab0000, 0x00000007a8000000)
 concurrent mark-sweep generation total 393216K, used 31951K [0x00000007a8000000, 0x00000007c0000000, 0x00000007c0000000)
 Metaspace       used 37803K, capacity 39167K, committed 39384K, reserved 1083392K
  class space    used 4561K, capacity 4863K, committed 4884K, reserved 1048576K
}
2018-02-17T17:03:22.282+0800: 290.113: Total time for which application threads were stopped: 0.0286154 seconds, Stopping threads took: 0.0000257 seconds
{Heap before GC invocations=36 (full 1):
 par new generation   total 109248K, used 99885K [0x00000007a0000000, 0x00000007a8000000, 0x00000007a8000000)
  eden space 87424K, 100% used [0x00000007a0000000, 0x00000007a5560000, 0x00000007a5560000)
  from space 21824K,  57% used [0x00000007a5560000, 0x00000007a618b470, 0x00000007a6ab0000)
  to   space 21824K,   0% used [0x00000007a6ab0000, 0x00000007a6ab0000, 0x00000007a8000000)
 concurrent mark-sweep generation total 393216K, used 31951K [0x00000007a8000000, 0x00000007c0000000, 0x00000007c0000000)
 Metaspace       used 37803K, capacity 39167K, committed 39384K, reserved 1083392K
  class space    used 4561K, capacity 4863K, committed 4884K, reserved 1048576K
2018-02-17T17:03:22.306+0800: 290.137: [GC (Allocation Failure) 2018-02-17T17:03:22.306+0800: 290.137: [ParNew
Desired survivor size 20112992 bytes, new threshold 8 (max 8)
- age   1:     252528 bytes,     252528 total
- age   2:    1354232 bytes,    1606760 total
- age   3:    1539264 bytes,    3146024 total
- age   4:     130224 bytes,    3276248 total
- age   5:      65656 bytes,    3341904 total
- age   6:    5760112 bytes,    9102016 total
- age   7:     731912 bytes,    9833928 total
- age   8:     401736 bytes,   10235664 total
: 99885K->12759K(109248K), 0.0471024 secs] 131836K->44773K(502464K), 0.0471989 secs] [Times: user=0.05 sys=0.00, real=0.05 secs] 
Heap after GC invocations=37 (full 1):
 par new generation   total 109248K, used 12759K [0x00000007a0000000, 0x00000007a8000000, 0x00000007a8000000)
  eden space 87424K,   0% used [0x00000007a0000000, 0x00000007a0000000, 0x00000007a5560000)
  from space 21824K,  58% used [0x00000007a6ab0000, 0x00000007a7725c90, 0x00000007a8000000)
  to   space 21824K,   0% used [0x00000007a5560000, 0x00000007a5560000, 0x00000007a6ab0000)
 concurrent mark-sweep generation total 393216K, used 32014K [0x00000007a8000000, 0x00000007c0000000, 0x00000007c0000000)
 Metaspace       used 37803K, capacity 39167K, committed 39384K, reserved 1083392K
  class space    used 4561K, capacity 4863K, committed 4884K, reserved 1048576K
}
2018-02-17T17:03:22.353+0800: 290.184: Total time for which application threads were stopped: 0.0500706 seconds, Stopping threads took: 0.0026711 seconds
2018-02-17T17:03:22.383+0800: 290.214: Total time for which application threads were stopped: 0.0073933 seconds, Stopping threads took: 0.0072647 seconds
2018-02-17T17:03:22.390+0800: 290.221: Total time for which application threads were stopped: 0.0007288 seconds, Stopping threads took: 0.0006293 seconds
{Heap before GC invocations=37 (full 1):
 par new generation   total 109248K, used 100183K [0x00000007a0000000, 0x00000007a8000000, 0x00000007a8000000)
  eden space 87424K, 100% used [0x00000007a0000000, 0x00000007a5560000, 0x00000007a5560000)
  from space 21824K,  58% used [0x00000007a6ab0000, 0x00000007a7725c90, 0x00000007a8000000)
  to   space 21824K,   0% used [0x00000007a5560000, 0x00000007a5560000, 0x00000007a6ab0000)
 concurrent mark-sweep generation total 393216K, used 32014K [0x00000007a8000000, 0x00000007c0000000, 0x00000007c0000000)
 Metaspace       used 37807K, capacity 39167K, committed 39384K, reserved 1083392K
  class space    used 4561K, capacity 4863K, committed 4884K, reserved 1048576K
2018-02-17T17:03:22.435+0800: 290.266: [GC (Allocation Failure) 2018-02-17T17:03:22.435+0800: 290.266: [ParNew
Desired survivor size 20112992 bytes, new threshold 8 (max 8)
- age   1:    1456472 bytes,    1456472 total
- age   2:      94944 bytes,    1551416 total
- age   3:    1352664 bytes,    2904080 total
- age   4:    1538688 bytes,    4442768 total
- age   5:     130224 bytes,    4572992 total
- age   6:      65656 bytes,    4638648 total
- age   7:    4681760 bytes,    9320408 total
- age   8:     731912 bytes,   10052320 total
: 100183K->14435K(109248K), 0.0432438 secs] 132197K->46845K(502464K), 0.0433354 secs] [Times: user=0.07 sys=0.00, real=0.04 secs] 
Heap after GC invocations=38 (full 1):
 par new generation   total 109248K, used 14435K [0x00000007a0000000, 0x00000007a8000000, 0x00000007a8000000)
  eden space 87424K,   0% used [0x00000007a0000000, 0x00000007a0000000, 0x00000007a5560000)
  from space 21824K,  66% used [0x00000007a5560000, 0x00000007a6378c40, 0x00000007a6ab0000)
  to   space 21824K,   0% used [0x00000007a6ab0000, 0x00000007a6ab0000, 0x00000007a8000000)
 concurrent mark-sweep generation total 393216K, used 32410K [0x00000007a8000000, 0x00000007c0000000, 0x00000007c0000000)
 Metaspace       used 37807K, capacity 39167K, committed 39384K, reserved 1083392K
  class space    used 4561K, capacity 4863K, committed 4884K, reserved 1048576K
}
2018-02-17T17:03:22.478+0800: 290.309: Total time for which application threads were stopped: 0.0435763 seconds, Stopping threads took: 0.0000392 seconds
2018-02-17T17:03:22.529+0800: 290.360: Total time for which application threads were stopped: 0.0001282 seconds, Stopping threads took: 0.0000371 seconds
2018-02-17T17:03:22.530+0800: 290.361: Total time for which application threads were stopped: 0.0005188 seconds, Stopping threads took: 0.0004500 seconds
2018-02-17T17:03:22.638+0800: 290.469: Total time for which application threads were stopped: 0.0001361 seconds, Stopping threads took: 0.0000351 seconds
2018-02-17T17:03:22.639+0800: 290.470: Total time for which application threads were stopped: 0.0002004 seconds, Stopping threads took: 0.0000803 seconds
2018-02-17T17:03:23.640+0800: 291.471: Total time for which application threads were stopped: 0.0003504 seconds, Stopping threads took: 0.0000430 seconds
2018-02-17T17:03:27.679+0800: 295.510: Total time for which application threads were stopped: 0.0001556 seconds, Stopping threads took: 0.0000248 seconds
2018-02-17T17:03:27.680+0800: 295.510: Total time for which application threads were stopped: 0.0000950 seconds, Stopping threads took: 0.0000180 seconds
2018-02-17T17:03:27.680+0800: 295.511: Total time for which application threads were stopped: 0.0000730 seconds, Stopping threads took: 0.0000210 seconds
2018-02-17T17:03:27.680+0800: 295.511: Total time for which application threads were stopped: 0.0002436 seconds, Stopping threads took: 0.0001836 seconds
2018-02-17T17:03:27.680+0800: 295.511: Total time for which application threads were stopped: 0.0000972 seconds, Stopping threads took: 0.0000423 seconds
2018-02-17T17:03:27.680+0800: 295.511: Total time for which application threads were stopped: 0.0000700 seconds, Stopping threads took: 0.0000138 seconds
2018-02-17T17:03:27.681+0800: 295.511: Total time for which application threads were stopped: 0.0001057 seconds, Stopping threads took: 0.0000300 seconds
2018-02-17T17:03:27.681+0800: 295.511: Total time for which application threads were stopped: 0.0000548 seconds, Stopping threads took: 0.0000102 seconds
2018-02-17T17:03:27.681+0800: 295.512: Total time for which application threads were stopped: 0.0000428 seconds, Stopping threads took: 0.0000063 seconds
2018-02-17T17:03:27.686+0800: 295.516: Total time for which application threads were stopped: 0.0002009 seconds, Stopping threads took: 0.0001124 seconds
2018-02-17T17:03:27.686+0800: 295.517: Total time for which application threads were stopped: 0.0001033 seconds, Stopping threads took: 0.0000327 seconds
2018-02-17T17:03:27.686+0800: 295.517: Total time for which application threads were stopped: 0.0000883 seconds, Stopping threads took: 0.0000351 seconds
2018-02-17T17:03:27.686+0800: 295.517: Total time for which application threads were stopped: 0.0000894 seconds, Stopping threads took: 0.0000291 seconds
2018-02-17T17:03:27.686+0800: 295.517: Total time for which application threads were stopped: 0.0000685 seconds, Stopping threads took: 0.0000077 seconds
2018-02-17T17:03:27.686+0800: 295.517: Total time for which application threads were stopped: 0.0000477 seconds, Stopping threads took: 0.0000073 seconds
2018-02-17T17:03:27.686+0800: 295.517: Total time for which application threads were stopped: 0.0000446 seconds, Stopping threads took: 0.0000071 seconds
2018-02-17T17:03:27.687+0800: 295.517: Total time for which application threads were stopped: 0.0000451 seconds, Stopping threads took: 0.0000075 seconds
2018-02-17T17:03:27.687+0800: 295.517: Total time for which application threads were stopped: 0.0000444 seconds, Stopping threads took: 0.0000070 seconds
2018-02-17T17:03:27.687+0800: 295.517: Total time for which application threads were stopped: 0.0000444 seconds, Stopping threads took: 0.0000077 seconds
2018-02-17T17:03:27.687+0800: 295.518: Total time for which application threads were stopped: 0.0000435 seconds, Stopping threads took: 0.0000070 seconds
2018-02-17T17:03:27.687+0800: 295.518: Total time for which application threads were stopped: 0.0000442 seconds, Stopping threads took: 0.0000078 seconds
2018-02-17T17:03:27.687+0800: 295.518: Total time for which application threads were stopped: 0.0000436 seconds, Stopping threads took: 0.0000072 seconds
2018-02-17T17:03:27.687+0800: 295.518: Total time for which application threads were stopped: 0.0000441 seconds, Stopping threads took: 0.0000076 seconds
2018-02-17T17:03:27.687+0800: 295.518: Total time for which application threads were stopped: 0.0000442 seconds, Stopping threads took: 0.0000072 seconds
2018-02-17T17:03:27.687+0800: 295.518: Total time for which application threads were stopped: 0.0000442 seconds, Stopping threads took: 0.0000080 seconds
2018-02-17T17:03:27.687+0800: 295.518: Total time for which application threads were stopped: 0.0000437 seconds, Stopping threads took: 0.0000072 seconds
2018-02-17T17:03:27.687+0800: 295.518: Total time for which application threads were stopped: 0.0000432 seconds, Stopping threads took: 0.0000070 seconds
2018-02-17T17:03:27.687+0800: 295.518: Total time for which application threads were stopped: 0.0000430 seconds, Stopping threads took: 0.0000068 seconds
2018-02-17T17:03:27.688+0800: 295.518: Total time for which application threads were stopped: 0.0001423 seconds, Stopping threads took: 0.0000080 seconds
2018-02-17T17:03:27.689+0800: 295.520: Total time for which application threads were stopped: 0.0000588 seconds, Stopping threads took: 0.0000084 seconds
2018-02-17T17:03:27.689+0800: 295.520: Total time for which application threads were stopped: 0.0000466 seconds, Stopping threads took: 0.0000072 seconds
2018-02-17T17:03:28.691+0800: 296.522: Total time for which application threads were stopped: 0.0002049 seconds, Stopping threads took: 0.0000414 seconds
2018-02-17T17:03:32.508+0800: 300.339: Total time for which application threads were stopped: 0.0003976 seconds, Stopping threads took: 0.0000225 seconds
{Heap before GC invocations=38 (full 1):
 par new generation   total 109248K, used 101859K [0x00000007a0000000, 0x00000007a8000000, 0x00000007a8000000)
  eden space 87424K, 100% used [0x00000007a0000000, 0x00000007a5560000, 0x00000007a5560000)
  from space 21824K,  66% used [0x00000007a5560000, 0x00000007a6378c40, 0x00000007a6ab0000)
  to   space 21824K,   0% used [0x00000007a6ab0000, 0x00000007a6ab0000, 0x00000007a8000000)
 concurrent mark-sweep generation total 393216K, used 32410K [0x00000007a8000000, 0x00000007c0000000, 0x00000007c0000000)
 Metaspace       used 37858K, capacity 39167K, committed 39384K, reserved 1083392K
  class space    used 4561K, capacity 4863K, committed 4884K, reserved 1048576K
2018-02-17T17:03:32.523+0800: 300.353: [GC (Allocation Failure) 2018-02-17T17:03:32.523+0800: 300.353: [ParNew
Desired survivor size 20112992 bytes, new threshold 8 (max 8)
- age   1:    3411496 bytes,    3411496 total
- age   2:     764576 bytes,    4176072 total
- age   3:      93792 bytes,    4269864 total
- age   4:     247768 bytes,    4517632 total
- age   5:    1504608 bytes,    6022240 total
- age   6:     130224 bytes,    6152464 total
- age   7:      64648 bytes,    6217112 total
- age   8:    3055256 bytes,    9272368 total
: 101859K->10652K(109248K), 0.0330712 secs] 134269K->43780K(502464K), 0.0332080 secs] [Times: user=0.06 sys=0.00, real=0.03 secs] 
Heap after GC invocations=39 (full 1):
 par new generation   total 109248K, used 10652K [0x00000007a0000000, 0x00000007a8000000, 0x00000007a8000000)
  eden space 87424K,   0% used [0x00000007a0000000, 0x00000007a0000000, 0x00000007a5560000)
  from space 21824K,  48% used [0x00000007a6ab0000, 0x00000007a75171e0, 0x00000007a8000000)
  to   space 21824K,   0% used [0x00000007a5560000, 0x00000007a5560000, 0x00000007a6ab0000)
 concurrent mark-sweep generation total 393216K, used 33127K [0x00000007a8000000, 0x00000007c0000000, 0x00000007c0000000)
 Metaspace       used 37858K, capacity 39167K, committed 39384K, reserved 1083392K
  class space    used 4561K, capacity 4863K, committed 4884K, reserved 1048576K
}
2018-02-17T17:03:32.556+0800: 300.386: Total time for which application threads were stopped: 0.0335028 seconds, Stopping threads took: 0.0000241 seconds
2018-02-17T17:03:32.557+0800: 300.387: Total time for which application threads were stopped: 0.0000769 seconds, Stopping threads took: 0.0000141 seconds
2018-02-17T17:03:32.680+0800: 300.511: Total time for which application threads were stopped: 0.0002665 seconds, Stopping threads took: 0.0001061 seconds
2018-02-17T17:03:32.681+0800: 300.511: Total time for which application threads were stopped: 0.0000876 seconds, Stopping threads took: 0.0000256 seconds
2018-02-17T17:03:32.681+0800: 300.512: Total time for which application threads were stopped: 0.0000792 seconds, Stopping threads took: 0.0000235 seconds
2018-02-17T17:03:32.681+0800: 300.512: Total time for which application threads were stopped: 0.0000641 seconds, Stopping threads took: 0.0000242 seconds
2018-02-17T17:03:32.681+0800: 300.512: Total time for which application threads were stopped: 0.0000808 seconds, Stopping threads took: 0.0000302 seconds
2018-02-17T17:03:32.681+0800: 300.512: Total time for which application threads were stopped: 0.0000572 seconds, Stopping threads took: 0.0000193 seconds
2018-02-17T17:03:32.681+0800: 300.512: Total time for which application threads were stopped: 0.0000804 seconds, Stopping threads took: 0.0000193 seconds
2018-02-17T17:03:32.681+0800: 300.512: Total time for which application threads were stopped: 0.0000488 seconds, Stopping threads took: 0.0000081 seconds
2018-02-17T17:03:32.682+0800: 300.512: Total time for which application threads were stopped: 0.0000607 seconds, Stopping threads took: 0.0000228 seconds
2018-02-17T17:03:32.690+0800: 300.520: Total time for which application threads were stopped: 0.0001021 seconds, Stopping threads took: 0.0000210 seconds
2018-02-17T17:03:32.690+0800: 300.521: Total time for which application threads were stopped: 0.0000696 seconds, Stopping threads took: 0.0000124 seconds
2018-02-17T17:03:54.727+0800: 322.557: Total time for which application threads were stopped: 0.0001690 seconds, Stopping threads took: 0.0000349 seconds
2018-02-17T17:04:29.183+0800: 357.012: Total time for which application threads were stopped: 0.0001253 seconds, Stopping threads took: 0.0000306 seconds
2018-02-17T17:04:29.183+0800: 357.013: Total time for which application threads were stopped: 0.0000933 seconds, Stopping threads took: 0.0000210 seconds
2018-02-17T17:04:29.192+0800: 357.021: Total time for which application threads were stopped: 0.0001136 seconds, Stopping threads took: 0.0000404 seconds
{Heap before GC invocations=39 (full 1):
 par new generation   total 109248K, used 98076K [0x00000007a0000000, 0x00000007a8000000, 0x00000007a8000000)
  eden space 87424K, 100% used [0x00000007a0000000, 0x00000007a5560000, 0x00000007a5560000)
  from space 21824K,  48% used [0x00000007a6ab0000, 0x00000007a75171e0, 0x00000007a8000000)
  to   space 21824K,   0% used [0x00000007a5560000, 0x00000007a5560000, 0x00000007a6ab0000)
 concurrent mark-sweep generation total 393216K, used 33127K [0x00000007a8000000, 0x00000007c0000000, 0x00000007c0000000)
 Metaspace       used 37872K, capacity 39179K, committed 39384K, reserved 1083392K
  class space    used 4562K, capacity 4865K, committed 4884K, reserved 1048576K
2018-02-17T17:04:29.215+0800: 357.044: [GC (Allocation Failure) 2018-02-17T17:04:29.215+0800: 357.044: [ParNew
Desired survivor size 20112992 bytes, new threshold 8 (max 8)
- age   1:    3232440 bytes,    3232440 total
- age   2:    3221152 bytes,    6453592 total
- age   3:     764448 bytes,    7218040 total
- age   4:      93792 bytes,    7311832 total
- age   5:     247592 bytes,    7559424 total
- age   6:    1474408 bytes,    9033832 total
- age   7:     130096 bytes,    9163928 total
- age   8:      64648 bytes,    9228576 total
: 98076K->12469K(109248K), 0.0263677 secs] 131204K->47027K(502464K), 0.0264687 secs] [Times: user=0.06 sys=0.00, real=0.03 secs] 
Heap after GC invocations=40 (full 1):
 par new generation   total 109248K, used 12469K [0x00000007a0000000, 0x00000007a8000000, 0x00000007a8000000)
  eden space 87424K,   0% used [0x00000007a0000000, 0x00000007a0000000, 0x00000007a5560000)
  from space 21824K,  57% used [0x00000007a5560000, 0x00000007a618d690, 0x00000007a6ab0000)
  to   space 21824K,   0% used [0x00000007a6ab0000, 0x00000007a6ab0000, 0x00000007a8000000)
 concurrent mark-sweep generation total 393216K, used 34557K [0x00000007a8000000, 0x00000007c0000000, 0x00000007c0000000)
 Metaspace       used 37872K, capacity 39179K, committed 39384K, reserved 1083392K
  class space    used 4562K, capacity 4865K, committed 4884K, reserved 1048576K
}
2018-02-17T17:04:29.242+0800: 357.071: Total time for which application threads were stopped: 0.0266847 seconds, Stopping threads took: 0.0000250 seconds
{Heap before GC invocations=40 (full 1):
 par new generation   total 109248K, used 99893K [0x00000007a0000000, 0x00000007a8000000, 0x00000007a8000000)
  eden space 87424K,  99% used [0x00000007a0000000, 0x00000007a555ff90, 0x00000007a5560000)
  from space 21824K,  57% used [0x00000007a5560000, 0x00000007a618d690, 0x00000007a6ab0000)
  to   space 21824K,   0% used [0x00000007a6ab0000, 0x00000007a6ab0000, 0x00000007a8000000)
 concurrent mark-sweep generation total 393216K, used 34557K [0x00000007a8000000, 0x00000007c0000000, 0x00000007c0000000)
 Metaspace       used 37872K, capacity 39179K, committed 39384K, reserved 1083392K
  class space    used 4562K, capacity 4865K, committed 4884K, reserved 1048576K
2018-02-17T17:04:29.279+0800: 357.108: [GC (Allocation Failure) 2018-02-17T17:04:29.279+0800: 357.108: [ParNew
Desired survivor size 20112992 bytes, new threshold 8 (max 8)
- age   1:     382952 bytes,     382952 total
- age   2:    2929784 bytes,    3312736 total
- age   3:    2880352 bytes,    6193088 total
- age   4:     764448 bytes,    6957536 total
- age   5:      93792 bytes,    7051328 total
- age   6:     247592 bytes,    7298920 total
- age   7:    1474232 bytes,    8773152 total
- age   8:     130096 bytes,    8903248 total
: 99893K->10915K(109248K), 0.0519042 secs] 134451K->45539K(502464K), 0.0519847 secs] [Times: user=0.05 sys=0.00, real=0.06 secs] 
Heap after GC invocations=41 (full 1):
 par new generation   total 109248K, used 10915K [0x00000007a0000000, 0x00000007a8000000, 0x00000007a8000000)
  eden space 87424K,   0% used [0x00000007a0000000, 0x00000007a0000000, 0x00000007a5560000)
  from space 21824K,  50% used [0x00000007a6ab0000, 0x00000007a7558ec0, 0x00000007a8000000)
  to   space 21824K,   0% used [0x00000007a5560000, 0x00000007a5560000, 0x00000007a6ab0000)
 concurrent mark-sweep generation total 393216K, used 34623K [0x00000007a8000000, 0x00000007c0000000, 0x00000007c0000000)
 Metaspace       used 37872K, capacity 39179K, committed 39384K, reserved 1083392K
  class space    used 4562K, capacity 4865K, committed 4884K, reserved 1048576K
}
2018-02-17T17:04:29.331+0800: 357.160: Total time for which application threads were stopped: 0.0522725 seconds, Stopping threads took: 0.0001106 seconds
{Heap before GC invocations=41 (full 1):
 par new generation   total 109248K, used 98339K [0x00000007a0000000, 0x00000007a8000000, 0x00000007a8000000)
  eden space 87424K, 100% used [0x00000007a0000000, 0x00000007a5560000, 0x00000007a5560000)
  from space 21824K,  50% used [0x00000007a6ab0000, 0x00000007a7558ec0, 0x00000007a8000000)
  to   space 21824K,   0% used [0x00000007a5560000, 0x00000007a5560000, 0x00000007a6ab0000)
 concurrent mark-sweep generation total 393216K, used 34623K [0x00000007a8000000, 0x00000007c0000000, 0x00000007c0000000)
 Metaspace       used 37961K, capacity 39311K, committed 39512K, reserved 1083392K
  class space    used 4575K, capacity 4887K, committed 5012K, reserved 1048576K
2018-02-17T17:04:29.405+0800: 357.234: [GC (Allocation Failure) 2018-02-17T17:04:29.405+0800: 357.234: [ParNew
Desired survivor size 20112992 bytes, new threshold 8 (max 8)
- age   1:    2334616 bytes,    2334616 total
- age   2:     110128 bytes,    2444744 total
- age   3:    2926016 bytes,    5370760 total
- age   4:    2876984 bytes,    8247744 total
- age   5:     764448 bytes,    9012192 total
- age   6:      93792 bytes,    9105984 total
- age   7:     247592 bytes,    9353576 total
- age   8:    1464536 bytes,   10818112 total
: 98339K->13799K(109248K), 0.0660102 secs] 132963K->48553K(502464K), 0.0661109 secs] [Times: user=0.06 sys=0.01, real=0.07 secs] 
Heap after GC invocations=42 (full 1):
 par new generation   total 109248K, used 13799K [0x00000007a0000000, 0x00000007a8000000, 0x00000007a8000000)
  eden space 87424K,   0% used [0x00000007a0000000, 0x00000007a0000000, 0x00000007a5560000)
  from space 21824K,  63% used [0x00000007a5560000, 0x00000007a62d9dd8, 0x00000007a6ab0000)
  to   space 21824K,   0% used [0x00000007a6ab0000, 0x00000007a6ab0000, 0x00000007a8000000)
 concurrent mark-sweep generation total 393216K, used 34753K [0x00000007a8000000, 0x00000007c0000000, 0x00000007c0000000)
 Metaspace       used 37961K, capacity 39311K, committed 39512K, reserved 1083392K
  class space    used 4575K, capacity 4887K, committed 5012K, reserved 1048576K
}
2018-02-17T17:04:29.471+0800: 357.300: Total time for which application threads were stopped: 0.0703212 seconds, Stopping threads took: 0.0039720 seconds
2018-02-17T17:04:29.471+0800: 357.301: Total time for which application threads were stopped: 0.0002335 seconds, Stopping threads took: 0.0000960 seconds
2018-02-17T17:04:29.505+0800: 357.334: Total time for which application threads were stopped: 0.0002713 seconds, Stopping threads took: 0.0001344 seconds
{Heap before GC invocations=42 (full 1):
 par new generation   total 109248K, used 101223K [0x00000007a0000000, 0x00000007a8000000, 0x00000007a8000000)
  eden space 87424K, 100% used [0x00000007a0000000, 0x00000007a5560000, 0x00000007a5560000)
  from space 21824K,  63% used [0x00000007a5560000, 0x00000007a62d9dd8, 0x00000007a6ab0000)
  to   space 21824K,   0% used [0x00000007a6ab0000, 0x00000007a6ab0000, 0x00000007a8000000)
 concurrent mark-sweep generation total 393216K, used 34753K [0x00000007a8000000, 0x00000007c0000000, 0x00000007c0000000)
 Metaspace       used 37961K, capacity 39311K, committed 39512K, reserved 1083392K
  class space    used 4575K, capacity 4887K, committed 5012K, reserved 1048576K
2018-02-17T17:04:29.544+0800: 357.373: [GC (Allocation Failure) 2018-02-17T17:04:29.544+0800: 357.373: [ParNew
Desired survivor size 20112992 bytes, new threshold 8 (max 8)
- age   1:    1223888 bytes,    1223888 total
- age   2:    1363448 bytes,    2587336 total
- age   3:     109216 bytes,    2696552 total
- age   4:    2924320 bytes,    5620872 total
- age   5:    2876984 bytes,    8497856 total
- age   6:     764448 bytes,    9262304 total
- age   7:      93792 bytes,    9356096 total
- age   8:     247592 bytes,    9603688 total
: 101223K->11866K(109248K), 0.0541237 secs] 135977K->48056K(502464K), 0.0541981 secs] [Times: user=0.08 sys=0.01, real=0.05 secs] 
Heap after GC invocations=43 (full 1):
 par new generation   total 109248K, used 11866K [0x00000007a0000000, 0x00000007a8000000, 0x00000007a8000000)
  eden space 87424K,   0% used [0x00000007a0000000, 0x00000007a0000000, 0x00000007a5560000)
  from space 21824K,  54% used [0x00000007a6ab0000, 0x00000007a7646880, 0x00000007a8000000)
  to   space 21824K,   0% used [0x00000007a5560000, 0x00000007a5560000, 0x00000007a6ab0000)
 concurrent mark-sweep generation total 393216K, used 36190K [0x00000007a8000000, 0x00000007c0000000, 0x00000007c0000000)
 Metaspace       used 37961K, capacity 39311K, committed 39512K, reserved 1083392K
  class space    used 4575K, capacity 4887K, committed 5012K, reserved 1048576K
}
2018-02-17T17:04:29.598+0800: 357.427: Total time for which application threads were stopped: 0.0551726 seconds, Stopping threads took: 0.0007516 seconds
2018-02-17T17:04:29.614+0800: 357.444: Total time for which application threads were stopped: 0.0002440 seconds, Stopping threads took: 0.0001010 seconds
{Heap before GC invocations=43 (full 1):
 par new generation   total 109248K, used 99290K [0x00000007a0000000, 0x00000007a8000000, 0x00000007a8000000)
  eden space 87424K, 100% used [0x00000007a0000000, 0x00000007a5560000, 0x00000007a5560000)
  from space 21824K,  54% used [0x00000007a6ab0000, 0x00000007a7646880, 0x00000007a8000000)
  to   space 21824K,   0% used [0x00000007a5560000, 0x00000007a5560000, 0x00000007a6ab0000)
 concurrent mark-sweep generation total 393216K, used 36190K [0x00000007a8000000, 0x00000007c0000000, 0x00000007c0000000)
 Metaspace       used 37972K, capacity 39387K, committed 39512K, reserved 1083392K
  class space    used 4576K, capacity 4889K, committed 5012K, reserved 1048576K
2018-02-17T17:04:29.633+0800: 357.463: [GC (Allocation Failure) 2018-02-17T17:04:29.633+0800: 357.463: [ParNew
Desired survivor size 20112992 bytes, new threshold 8 (max 8)
- age   1:    1189648 bytes,    1189648 total
- age   2:    1038264 bytes,    2227912 total
- age   3:    1343960 bytes,    3571872 total
- age   4:     109216 bytes,    3681088 total
- age   5:    2384256 bytes,    6065344 total
- age   6:    2876984 bytes,    8942328 total
- age   7:     764448 bytes,    9706776 total
- age   8:      93792 bytes,    9800568 total
: 99290K->14905K(109248K), 0.0384132 secs] 135480K->51340K(502464K), 0.0385111 secs] [Times: user=0.05 sys=0.00, real=0.04 secs] 
Heap after GC invocations=44 (full 1):
 par new generation   total 109248K, used 14905K [0x00000007a0000000, 0x00000007a8000000, 0x00000007a8000000)
  eden space 87424K,   0% used [0x00000007a0000000, 0x00000007a0000000, 0x00000007a5560000)
  from space 21824K,  68% used [0x00000007a5560000, 0x00000007a63ee4c0, 0x00000007a6ab0000)
  to   space 21824K,   0% used [0x00000007a6ab0000, 0x00000007a6ab0000, 0x00000007a8000000)
 concurrent mark-sweep generation total 393216K, used 36435K [0x00000007a8000000, 0x00000007c0000000, 0x00000007c0000000)
 Metaspace       used 37972K, capacity 39387K, committed 39512K, reserved 1083392K
  class space    used 4576K, capacity 4889K, committed 5012K, reserved 1048576K
}
2018-02-17T17:04:29.672+0800: 357.501: Total time for which application threads were stopped: 0.0387687 seconds, Stopping threads took: 0.0000528 seconds
{Heap before GC invocations=44 (full 1):
 par new generation   total 109248K, used 102304K [0x00000007a0000000, 0x00000007a8000000, 0x00000007a8000000)
  eden space 87424K,  99% used [0x00000007a0000000, 0x00000007a5559cd0, 0x00000007a5560000)
  from space 21824K,  68% used [0x00000007a5560000, 0x00000007a63ee4c0, 0x00000007a6ab0000)
  to   space 21824K,   0% used [0x00000007a6ab0000, 0x00000007a6ab0000, 0x00000007a8000000)
 concurrent mark-sweep generation total 393216K, used 36435K [0x00000007a8000000, 0x00000007c0000000, 0x00000007c0000000)
 Metaspace       used 37973K, capacity 39387K, committed 39512K, reserved 1083392K
  class space    used 4576K, capacity 4889K, committed 5012K, reserved 1048576K
2018-02-17T17:04:29.716+0800: 357.545: [GC (Allocation Failure) 2018-02-17T17:04:29.716+0800: 357.545: [ParNew
Desired survivor size 20112992 bytes, new threshold 8 (max 8)
- age   1:     851312 bytes,     851312 total
- age   2:     950840 bytes,    1802152 total
- age   3:    1038264 bytes,    2840416 total
- age   4:    1343960 bytes,    4184376 total
- age   5:     109216 bytes,    4293592 total
- age   6:    2384256 bytes,    6677848 total
- age   7:    2876984 bytes,    9554832 total
- age   8:     764448 bytes,   10319280 total
: 102304K->11305K(109248K), 0.0275365 secs] 138739K->47834K(502464K), 0.0276304 secs] [Times: user=0.05 sys=0.00, real=0.03 secs] 
Heap after GC invocations=45 (full 1):
 par new generation   total 109248K, used 11305K [0x00000007a0000000, 0x00000007a8000000, 0x00000007a8000000)
  eden space 87424K,   0% used [0x00000007a0000000, 0x00000007a0000000, 0x00000007a5560000)
  from space 21824K,  51% used [0x00000007a6ab0000, 0x00000007a75ba400, 0x00000007a8000000)
  to   space 21824K,   0% used [0x00000007a5560000, 0x00000007a5560000, 0x00000007a6ab0000)
 concurrent mark-sweep generation total 393216K, used 36529K [0x00000007a8000000, 0x00000007c0000000, 0x00000007c0000000)
 Metaspace       used 37973K, capacity 39387K, committed 39512K, reserved 1083392K
  class space    used 4576K, capacity 4889K, committed 5012K, reserved 1048576K
}
2018-02-17T17:04:29.744+0800: 357.573: Total time for which application threads were stopped: 0.0279510 seconds, Stopping threads took: 0.0001039 seconds
2018-02-17T17:04:29.759+0800: 357.588: Total time for which application threads were stopped: 0.0002270 seconds, Stopping threads took: 0.0001355 seconds
2018-02-17T17:04:29.889+0800: 357.718: Total time for which application threads were stopped: 0.0002280 seconds, Stopping threads took: 0.0001206 seconds
2018-02-17T17:04:29.900+0800: 357.729: Total time for which application threads were stopped: 0.0001112 seconds, Stopping threads took: 0.0000201 seconds
2018-02-17T17:04:29.957+0800: 357.786: Total time for which application threads were stopped: 0.0002524 seconds, Stopping threads took: 0.0001016 seconds
{Heap before GC invocations=45 (full 1):
 par new generation   total 109248K, used 98729K [0x00000007a0000000, 0x00000007a8000000, 0x00000007a8000000)
  eden space 87424K, 100% used [0x00000007a0000000, 0x00000007a5560000, 0x00000007a5560000)
  from space 21824K,  51% used [0x00000007a6ab0000, 0x00000007a75ba400, 0x00000007a8000000)
  to   space 21824K,   0% used [0x00000007a5560000, 0x00000007a5560000, 0x00000007a6ab0000)
 concurrent mark-sweep generation total 393216K, used 36529K [0x00000007a8000000, 0x00000007c0000000, 0x00000007c0000000)
 Metaspace       used 38000K, capacity 39387K, committed 39512K, reserved 1083392K
  class space    used 4576K, capacity 4889K, committed 5012K, reserved 1048576K
2018-02-17T17:04:29.977+0800: 357.806: [GC (Allocation Failure) 2018-02-17T17:04:29.977+0800: 357.806: [ParNew
Desired survivor size 20112992 bytes, new threshold 8 (max 8)
- age   1:    1467256 bytes,    1467256 total
- age   2:     254312 bytes,    1721568 total
- age   3:     949152 bytes,    2670720 total
- age   4:     484424 bytes,    3155144 total
- age   5:    1341760 bytes,    4496904 total
- age   6:     109216 bytes,    4606120 total
- age   7:    1844048 bytes,    6450168 total
- age   8:    2871072 bytes,    9321240 total
: 98729K->15205K(109248K), 0.0528124 secs] 135258K->52483K(502464K), 0.0528981 secs] [Times: user=0.12 sys=0.00, real=0.06 secs] 
Heap after GC invocations=46 (full 1):
 par new generation   total 109248K, used 15205K [0x00000007a0000000, 0x00000007a8000000, 0x00000007a8000000)
  eden space 87424K,   0% used [0x00000007a0000000, 0x00000007a0000000, 0x00000007a5560000)
  from space 21824K,  69% used [0x00000007a5560000, 0x00000007a6439428, 0x00000007a6ab0000)
  to   space 21824K,   0% used [0x00000007a6ab0000, 0x00000007a6ab0000, 0x00000007a8000000)
 concurrent mark-sweep generation total 393216K, used 37278K [0x00000007a8000000, 0x00000007c0000000, 0x00000007c0000000)
 Metaspace       used 38000K, capacity 39387K, committed 39512K, reserved 1083392K
  class space    used 4576K, capacity 4889K, committed 5012K, reserved 1048576K
}
2018-02-17T17:04:30.030+0800: 357.859: Total time for which application threads were stopped: 0.0533542 seconds, Stopping threads took: 0.0002137 seconds
2018-02-17T17:04:30.061+0800: 357.890: Total time for which application threads were stopped: 0.0001282 seconds, Stopping threads took: 0.0000363 seconds
2018-02-17T17:04:31.062+0800: 358.891: Total time for which application threads were stopped: 0.0002748 seconds, Stopping threads took: 0.0000364 seconds
2018-02-17T17:04:35.047+0800: 362.876: Total time for which application threads were stopped: 0.0003494 seconds, Stopping threads took: 0.0001532 seconds
2018-02-17T17:04:35.048+0800: 362.877: Total time for which application threads were stopped: 0.0001231 seconds, Stopping threads took: 0.0000231 seconds
2018-02-17T17:04:35.048+0800: 362.877: Total time for which application threads were stopped: 0.0001461 seconds, Stopping threads took: 0.0000261 seconds
2018-02-17T17:04:35.048+0800: 362.877: Total time for which application threads were stopped: 0.0001384 seconds, Stopping threads took: 0.0000570 seconds
2018-02-17T17:04:35.048+0800: 362.877: Total time for which application threads were stopped: 0.0000835 seconds, Stopping threads took: 0.0000138 seconds
2018-02-17T17:04:35.048+0800: 362.878: Total time for which application threads were stopped: 0.0000804 seconds, Stopping threads took: 0.0000127 seconds
2018-02-17T17:04:35.049+0800: 362.878: Total time for which application threads were stopped: 0.0000787 seconds, Stopping threads took: 0.0000129 seconds
2018-02-17T17:04:35.049+0800: 362.878: Total time for which application threads were stopped: 0.0000798 seconds, Stopping threads took: 0.0000129 seconds
2018-02-17T17:04:35.049+0800: 362.878: Total time for which application threads were stopped: 0.0000685 seconds, Stopping threads took: 0.0000082 seconds
2018-02-17T17:04:35.058+0800: 362.887: Total time for which application threads were stopped: 0.0001814 seconds, Stopping threads took: 0.0000577 seconds
2018-02-17T17:04:35.058+0800: 362.887: Total time for which application threads were stopped: 0.0001492 seconds, Stopping threads took: 0.0000471 seconds
2018-02-17T17:04:35.058+0800: 362.887: Total time for which application threads were stopped: 0.0002023 seconds, Stopping threads took: 0.0000498 seconds
2018-02-17T17:04:35.058+0800: 362.887: Total time for which application threads were stopped: 0.0001209 seconds, Stopping threads took: 0.0000406 seconds
2018-02-17T17:04:35.058+0800: 362.887: Total time for which application threads were stopped: 0.0000827 seconds, Stopping threads took: 0.0000149 seconds
2018-02-17T17:04:35.059+0800: 362.888: Total time for which application threads were stopped: 0.0000813 seconds, Stopping threads took: 0.0000137 seconds
2018-02-17T17:04:35.059+0800: 362.888: Total time for which application threads were stopped: 0.0001102 seconds, Stopping threads took: 0.0000223 seconds
2018-02-17T17:04:35.059+0800: 362.888: Total time for which application threads were stopped: 0.0000886 seconds, Stopping threads took: 0.0000142 seconds
2018-02-17T17:04:35.059+0800: 362.888: Total time for which application threads were stopped: 0.0001678 seconds, Stopping threads took: 0.0000167 seconds
2018-02-17T17:04:35.059+0800: 362.888: Total time for which application threads were stopped: 0.0001131 seconds, Stopping threads took: 0.0000177 seconds
2018-02-17T17:04:35.059+0800: 362.889: Total time for which application threads were stopped: 0.0000924 seconds, Stopping threads took: 0.0000135 seconds
2018-02-17T17:04:35.060+0800: 362.889: Total time for which application threads were stopped: 0.0000916 seconds, Stopping threads took: 0.0000157 seconds
2018-02-17T17:04:35.060+0800: 362.889: Total time for which application threads were stopped: 0.0000874 seconds, Stopping threads took: 0.0000129 seconds
2018-02-17T17:04:35.060+0800: 362.889: Total time for which application threads were stopped: 0.0000862 seconds, Stopping threads took: 0.0000126 seconds
2018-02-17T17:04:35.060+0800: 362.889: Total time for which application threads were stopped: 0.0000888 seconds, Stopping threads took: 0.0000150 seconds
2018-02-17T17:04:35.060+0800: 362.889: Total time for which application threads were stopped: 0.0000877 seconds, Stopping threads took: 0.0000125 seconds
2018-02-17T17:04:35.060+0800: 362.889: Total time for which application threads were stopped: 0.0000877 seconds, Stopping threads took: 0.0000145 seconds
2018-02-17T17:04:35.061+0800: 362.890: Total time for which application threads were stopped: 0.0001707 seconds, Stopping threads took: 0.0000128 seconds
2018-02-17T17:04:35.061+0800: 362.890: Total time for which application threads were stopped: 0.0000917 seconds, Stopping threads took: 0.0000172 seconds
2018-02-17T17:04:35.061+0800: 362.890: Total time for which application threads were stopped: 0.0002317 seconds, Stopping threads took: 0.0000128 seconds
2018-02-17T17:04:35.064+0800: 362.893: Total time for which application threads were stopped: 0.0001010 seconds, Stopping threads took: 0.0000168 seconds
2018-02-17T17:04:35.064+0800: 362.893: Total time for which application threads were stopped: 0.0000839 seconds, Stopping threads took: 0.0000132 seconds
2018-02-17T17:04:39.578+0800: 367.407: Total time for which application threads were stopped: 0.0001801 seconds, Stopping threads took: 0.0000386 seconds
2018-02-17T17:04:40.049+0800: 367.878: Total time for which application threads were stopped: 0.0001187 seconds, Stopping threads took: 0.0000198 seconds
2018-02-17T17:04:40.049+0800: 367.878: Total time for which application threads were stopped: 0.0000727 seconds, Stopping threads took: 0.0000183 seconds
2018-02-17T17:04:40.049+0800: 367.878: Total time for which application threads were stopped: 0.0000568 seconds, Stopping threads took: 0.0000089 seconds
2018-02-17T17:04:40.049+0800: 367.878: Total time for which application threads were stopped: 0.0000479 seconds, Stopping threads took: 0.0000071 seconds
2018-02-17T17:04:40.049+0800: 367.878: Total time for which application threads were stopped: 0.0000464 seconds, Stopping threads took: 0.0000067 seconds
2018-02-17T17:04:40.049+0800: 367.878: Total time for which application threads were stopped: 0.0000449 seconds, Stopping threads took: 0.0000067 seconds
2018-02-17T17:04:40.049+0800: 367.878: Total time for which application threads were stopped: 0.0000632 seconds, Stopping threads took: 0.0000071 seconds
2018-02-17T17:04:40.049+0800: 367.878: Total time for which application threads were stopped: 0.0000450 seconds, Stopping threads took: 0.0000059 seconds
2018-02-17T17:04:40.058+0800: 367.887: Total time for which application threads were stopped: 0.0001225 seconds, Stopping threads took: 0.0000194 seconds
2018-02-17T17:04:40.059+0800: 367.887: Total time for which application threads were stopped: 0.0000830 seconds, Stopping threads took: 0.0000094 seconds
2018-02-17T17:04:46.070+0800: 373.899: Total time for which application threads were stopped: 0.0002206 seconds, Stopping threads took: 0.0000394 seconds
2018-02-17T17:04:54.019+0800: 381.847: Total time for which application threads were stopped: 0.0001927 seconds, Stopping threads took: 0.0000657 seconds
2018-02-17T17:04:54.029+0800: 381.858: Total time for which application threads were stopped: 0.0001477 seconds, Stopping threads took: 0.0000464 seconds
{Heap before GC invocations=46 (full 1):
 par new generation   total 109248K, used 102612K [0x00000007a0000000, 0x00000007a8000000, 0x00000007a8000000)
  eden space 87424K,  99% used [0x00000007a0000000, 0x00000007a555bea0, 0x00000007a5560000)
  from space 21824K,  69% used [0x00000007a5560000, 0x00000007a6439428, 0x00000007a6ab0000)
  to   space 21824K,   0% used [0x00000007a6ab0000, 0x00000007a6ab0000, 0x00000007a8000000)
 concurrent mark-sweep generation total 393216K, used 37278K [0x00000007a8000000, 0x00000007c0000000, 0x00000007c0000000)
 Metaspace       used 38027K, capacity 39451K, committed 39768K, reserved 1083392K
  class space    used 4576K, capacity 4889K, committed 5012K, reserved 1048576K
2018-02-17T17:04:54.036+0800: 381.865: [GC (Allocation Failure) 2018-02-17T17:04:54.037+0800: 381.865: [ParNew
Desired survivor size 20112992 bytes, new threshold 8 (max 8)
- age   1:    5651184 bytes,    5651184 total
- age   2:     942400 bytes,    6593584 total
- age   3:     254312 bytes,    6847896 total
- age   4:     396664 bytes,    7244560 total
- age   5:     483704 bytes,    7728264 total
- age   6:    1277688 bytes,    9005952 total
- age   7:     109216 bytes,    9115168 total
- age   8:     291520 bytes,    9406688 total
: 102612K->11119K(109248K), 0.0480521 secs] 139891K->49654K(502464K), 0.0482151 secs] [Times: user=0.06 sys=0.00, real=0.05 secs] 
Heap after GC invocations=47 (full 1):
 par new generation   total 109248K, used 11119K [0x00000007a0000000, 0x00000007a8000000, 0x00000007a8000000)
  eden space 87424K,   0% used [0x00000007a0000000, 0x00000007a0000000, 0x00000007a5560000)
  from space 21824K,  50% used [0x00000007a6ab0000, 0x00000007a758be20, 0x00000007a8000000)
  to   space 21824K,   0% used [0x00000007a5560000, 0x00000007a5560000, 0x00000007a6ab0000)
 concurrent mark-sweep generation total 393216K, used 38535K [0x00000007a8000000, 0x00000007c0000000, 0x00000007c0000000)
 Metaspace       used 38027K, capacity 39451K, committed 39768K, reserved 1083392K
  class space    used 4576K, capacity 4889K, committed 5012K, reserved 1048576K
}
2018-02-17T17:04:54.085+0800: 381.913: Total time for which application threads were stopped: 0.0490835 seconds, Stopping threads took: 0.0000503 seconds
{Heap before GC invocations=47 (full 1):
 par new generation   total 109248K, used 98543K [0x00000007a0000000, 0x00000007a8000000, 0x00000007a8000000)
  eden space 87424K, 100% used [0x00000007a0000000, 0x00000007a5560000, 0x00000007a5560000)
  from space 21824K,  50% used [0x00000007a6ab0000, 0x00000007a758be20, 0x00000007a8000000)
  to   space 21824K,   0% used [0x00000007a5560000, 0x00000007a5560000, 0x00000007a6ab0000)
 concurrent mark-sweep generation total 393216K, used 38535K [0x00000007a8000000, 0x00000007c0000000, 0x00000007c0000000)
 Metaspace       used 38028K, capacity 39451K, committed 39768K, reserved 1083392K
  class space    used 4576K, capacity 4889K, committed 5012K, reserved 1048576K
2018-02-17T17:04:54.109+0800: 381.937: [GC (Allocation Failure) 2018-02-17T17:04:54.109+0800: 381.937: [ParNew
Desired survivor size 20112992 bytes, new threshold 8 (max 8)
- age   1:     556080 bytes,     556080 total
- age   2:    5364232 bytes,    5920312 total
- age   3:     849696 bytes,    6770008 total
- age   4:     254312 bytes,    7024320 total
- age   5:     396664 bytes,    7420984 total
- age   6:     483704 bytes,    7904688 total
- age   7:    1277416 bytes,    9182104 total
- age   8:     109216 bytes,    9291320 total
: 98543K->12002K(109248K), 0.0400135 secs] 137078K->50819K(502464K), 0.0400984 secs] [Times: user=0.09 sys=0.00, real=0.04 secs] 
Heap after GC invocations=48 (full 1):
 par new generation   total 109248K, used 12002K [0x00000007a0000000, 0x00000007a8000000, 0x00000007a8000000)
  eden space 87424K,   0% used [0x00000007a0000000, 0x00000007a0000000, 0x00000007a5560000)
  from space 21824K,  54% used [0x00000007a5560000, 0x00000007a61189f0, 0x00000007a6ab0000)
  to   space 21824K,   0% used [0x00000007a6ab0000, 0x00000007a6ab0000, 0x00000007a8000000)
 concurrent mark-sweep generation total 393216K, used 38817K [0x00000007a8000000, 0x00000007c0000000, 0x00000007c0000000)
 Metaspace       used 38028K, capacity 39451K, committed 39768K, reserved 1083392K
  class space    used 4576K, capacity 4889K, committed 5012K, reserved 1048576K
}
2018-02-17T17:04:54.149+0800: 381.977: Total time for which application threads were stopped: 0.0403335 seconds, Stopping threads took: 0.0000239 seconds
{Heap before GC invocations=48 (full 1):
 par new generation   total 109248K, used 99426K [0x00000007a0000000, 0x00000007a8000000, 0x00000007a8000000)
  eden space 87424K, 100% used [0x00000007a0000000, 0x00000007a5560000, 0x00000007a5560000)
  from space 21824K,  54% used [0x00000007a5560000, 0x00000007a61189f0, 0x00000007a6ab0000)
  to   space 21824K,   0% used [0x00000007a6ab0000, 0x00000007a6ab0000, 0x00000007a8000000)
 concurrent mark-sweep generation total 393216K, used 38817K [0x00000007a8000000, 0x00000007c0000000, 0x00000007c0000000)
 Metaspace       used 38033K, capacity 39451K, committed 39768K, reserved 1083392K
  class space    used 4576K, capacity 4889K, committed 5012K, reserved 1048576K
2018-02-17T17:04:54.232+0800: 382.060: [GC (Allocation Failure) 2018-02-17T17:04:54.232+0800: 382.060: [ParNew
Desired survivor size 20112992 bytes, new threshold 8 (max 8)
- age   1:    2024640 bytes,    2024640 total
- age   2:     303240 bytes,    2327880 total
- age   3:    5111624 bytes,    7439504 total
- age   4:     849672 bytes,    8289176 total
- age   5:     254312 bytes,    8543488 total
- age   6:     396664 bytes,    8940152 total
- age   7:     483704 bytes,    9423856 total
- age   8:    1269720 bytes,   10693576 total
: 99426K->13507K(109248K), 0.0153525 secs] 138243K->52433K(502464K), 0.0154530 secs] [Times: user=0.04 sys=0.01, real=0.01 secs] 
Heap after GC invocations=49 (full 1):
 par new generation   total 109248K, used 13507K [0x00000007a0000000, 0x00000007a8000000, 0x00000007a8000000)
  eden space 87424K,   0% used [0x00000007a0000000, 0x00000007a0000000, 0x00000007a5560000)
  from space 21824K,  61% used [0x00000007a6ab0000, 0x00000007a77e0e00, 0x00000007a8000000)
  to   space 21824K,   0% used [0x00000007a5560000, 0x00000007a5560000, 0x00000007a6ab0000)
 concurrent mark-sweep generation total 393216K, used 38925K [0x00000007a8000000, 0x00000007c0000000, 0x00000007c0000000)
 Metaspace       used 38033K, capacity 39451K, committed 39768K, reserved 1083392K
  class space    used 4576K, capacity 4889K, committed 5012K, reserved 1048576K
}
2018-02-17T17:04:54.247+0800: 382.076: Total time for which application threads were stopped: 0.0157593 seconds, Stopping threads took: 0.0000919 seconds
2018-02-17T17:04:54.258+0800: 382.087: Total time for which application threads were stopped: 0.0109095 seconds, Stopping threads took: 0.0107752 seconds
2018-02-17T17:04:54.280+0800: 382.108: Total time for which application threads were stopped: 0.0002024 seconds, Stopping threads took: 0.0000723 seconds
{Heap before GC invocations=49 (full 1):
 par new generation   total 109248K, used 100931K [0x00000007a0000000, 0x00000007a8000000, 0x00000007a8000000)
  eden space 87424K, 100% used [0x00000007a0000000, 0x00000007a5560000, 0x00000007a5560000)
  from space 21824K,  61% used [0x00000007a6ab0000, 0x00000007a77e0e00, 0x00000007a8000000)
  to   space 21824K,   0% used [0x00000007a5560000, 0x00000007a5560000, 0x00000007a6ab0000)
 concurrent mark-sweep generation total 393216K, used 38925K [0x00000007a8000000, 0x00000007c0000000, 0x00000007c0000000)
 Metaspace       used 38042K, capacity 39451K, committed 39768K, reserved 1083392K
  class space    used 4576K, capacity 4889K, committed 5012K, reserved 1048576K
2018-02-17T17:04:54.327+0800: 382.156: [GC (Allocation Failure) 2018-02-17T17:04:54.327+0800: 382.156: [ParNew
Desired survivor size 20112992 bytes, new threshold 8 (max 8)
- age   1:     965056 bytes,     965056 total
- age   2:    1128000 bytes,    2093056 total
- age   3:     301968 bytes,    2395024 total
- age   4:    5109976 bytes,    7505000 total
- age   5:     849672 bytes,    8354672 total
- age   6:     254312 bytes,    8608984 total
- age   7:     396664 bytes,    9005648 total
- age   8:     483704 bytes,    9489352 total
: 100931K->11850K(109248K), 0.0419276 secs] 139857K->52022K(502464K), 0.0420072 secs] [Times: user=0.05 sys=0.00, real=0.04 secs] 
Heap after GC invocations=50 (full 1):
 par new generation   total 109248K, used 11850K [0x00000007a0000000, 0x00000007a8000000, 0x00000007a8000000)
  eden space 87424K,   0% used [0x00000007a0000000, 0x00000007a0000000, 0x00000007a5560000)
  from space 21824K,  54% used [0x00000007a5560000, 0x00000007a60f2998, 0x00000007a6ab0000)
  to   space 21824K,   0% used [0x00000007a6ab0000, 0x00000007a6ab0000, 0x00000007a8000000)
 concurrent mark-sweep generation total 393216K, used 40171K [0x00000007a8000000, 0x00000007c0000000, 0x00000007c0000000)
 Metaspace       used 38042K, capacity 39451K, committed 39768K, reserved 1083392K
  class space    used 4576K, capacity 4889K, committed 5012K, reserved 1048576K
}
2018-02-17T17:04:54.369+0800: 382.198: Total time for which application threads were stopped: 0.0426504 seconds, Stopping threads took: 0.0003814 seconds
{Heap before GC invocations=50 (full 1):
 par new generation   total 109248K, used 99274K [0x00000007a0000000, 0x00000007a8000000, 0x00000007a8000000)
  eden space 87424K, 100% used [0x00000007a0000000, 0x00000007a5560000, 0x00000007a5560000)
  from space 21824K,  54% used [0x00000007a5560000, 0x00000007a60f2998, 0x00000007a6ab0000)
  to   space 21824K,   0% used [0x00000007a6ab0000, 0x00000007a6ab0000, 0x00000007a8000000)
 concurrent mark-sweep generation total 393216K, used 40171K [0x00000007a8000000, 0x00000007c0000000, 0x00000007c0000000)
 Metaspace       used 38043K, capacity 39451K, committed 39768K, reserved 1083392K
  class space    used 4576K, capacity 4889K, committed 5012K, reserved 1048576K
2018-02-17T17:04:54.405+0800: 382.233: [GC (Allocation Failure) 2018-02-17T17:04:54.405+0800: 382.233: [ParNew
Desired survivor size 20112992 bytes, new threshold 8 (max 8)
- age   1:    1095616 bytes,    1095616 total
- age   2:     909456 bytes,    2005072 total
- age   3:    1108512 bytes,    3113584 total
- age   4:     301968 bytes,    3415552 total
- age   5:    5109976 bytes,    8525528 total
- age   6:     849672 bytes,    9375200 total
- age   7:     254312 bytes,    9629512 total
- age   8:     396664 bytes,   10026176 total
: 99274K->12400K(109248K), 0.0382702 secs] 139446K->53048K(502464K), 0.0383731 secs] [Times: user=0.05 sys=0.00, real=0.04 secs] 
Heap after GC invocations=51 (full 1):
 par new generation   total 109248K, used 12400K [0x00000007a0000000, 0x00000007a8000000, 0x00000007a8000000)
  eden space 87424K,   0% used [0x00000007a0000000, 0x00000007a0000000, 0x00000007a5560000)
  from space 21824K,  56% used [0x00000007a6ab0000, 0x00000007a76cc1a0, 0x00000007a8000000)
  to   space 21824K,   0% used [0x00000007a5560000, 0x00000007a5560000, 0x00000007a6ab0000)
 concurrent mark-sweep generation total 393216K, used 40648K [0x00000007a8000000, 0x00000007c0000000, 0x00000007c0000000)
 Metaspace       used 38043K, capacity 39451K, committed 39768K, reserved 1083392K
  class space    used 4576K, capacity 4889K, committed 5012K, reserved 1048576K
}
2018-02-17T17:04:54.443+0800: 382.272: Total time for which application threads were stopped: 0.0386182 seconds, Stopping threads took: 0.0000337 seconds
2018-02-17T17:04:54.475+0800: 382.303: Total time for which application threads were stopped: 0.0002130 seconds, Stopping threads took: 0.0001078 seconds
{Heap before GC invocations=51 (full 1):
 par new generation   total 109248K, used 99824K [0x00000007a0000000, 0x00000007a8000000, 0x00000007a8000000)
  eden space 87424K, 100% used [0x00000007a0000000, 0x00000007a5560000, 0x00000007a5560000)
  from space 21824K,  56% used [0x00000007a6ab0000, 0x00000007a76cc1a0, 0x00000007a8000000)
  to   space 21824K,   0% used [0x00000007a5560000, 0x00000007a5560000, 0x00000007a6ab0000)
 concurrent mark-sweep generation total 393216K, used 40648K [0x00000007a8000000, 0x00000007c0000000, 0x00000007c0000000)
 Metaspace       used 38045K, capacity 39451K, committed 39768K, reserved 1083392K
  class space    used 4576K, capacity 4889K, committed 5012K, reserved 1048576K
2018-02-17T17:04:54.481+0800: 382.309: [GC (Allocation Failure) 2018-02-17T17:04:54.481+0800: 382.309: [ParNew
Desired survivor size 20112992 bytes, new threshold 8 (max 8)
- age   1:     892920 bytes,     892920 total
- age   2:     872216 bytes,    1765136 total
- age   3:     909168 bytes,    2674304 total
- age   4:    1108512 bytes,    3782816 total
- age   5:     301968 bytes,    4084784 total
- age   6:    4568944 bytes,    8653728 total
- age   7:     849672 bytes,    9503400 total
- age   8:     254312 bytes,    9757712 total
: 99824K->14115K(109248K), 0.0480561 secs] 140472K->55153K(502464K), 0.0481291 secs] [Times: user=0.06 sys=0.00, real=0.04 secs] 
Heap after GC invocations=52 (full 1):
 par new generation   total 109248K, used 14115K [0x00000007a0000000, 0x00000007a8000000, 0x00000007a8000000)
  eden space 87424K,   0% used [0x00000007a0000000, 0x00000007a0000000, 0x00000007a5560000)
  from space 21824K,  64% used [0x00000007a5560000, 0x00000007a6328cf0, 0x00000007a6ab0000)
  to   space 21824K,   0% used [0x00000007a6ab0000, 0x00000007a6ab0000, 0x00000007a8000000)
 concurrent mark-sweep generation total 393216K, used 41038K [0x00000007a8000000, 0x00000007c0000000, 0x00000007c0000000)
 Metaspace       used 38045K, capacity 39451K, committed 39768K, reserved 1083392K
  class space    used 4576K, capacity 4889K, committed 5012K, reserved 1048576K
}
2018-02-17T17:04:54.529+0800: 382.358: Total time for which application threads were stopped: 0.0484304 seconds, Stopping threads took: 0.0000799 seconds
2018-02-17T17:04:54.536+0800: 382.365: Total time for which application threads were stopped: 0.0001572 seconds, Stopping threads took: 0.0000736 seconds
2018-02-17T17:04:54.567+0800: 382.395: Total time for which application threads were stopped: 0.0001813 seconds, Stopping threads took: 0.0000736 seconds
{Heap before GC invocations=52 (full 1):
 par new generation   total 109248K, used 101539K [0x00000007a0000000, 0x00000007a8000000, 0x00000007a8000000)
  eden space 87424K, 100% used [0x00000007a0000000, 0x00000007a5560000, 0x00000007a5560000)
  from space 21824K,  64% used [0x00000007a5560000, 0x00000007a6328cf0, 0x00000007a6ab0000)
  to   space 21824K,   0% used [0x00000007a6ab0000, 0x00000007a6ab0000, 0x00000007a8000000)
 concurrent mark-sweep generation total 393216K, used 41038K [0x00000007a8000000, 0x00000007c0000000, 0x00000007c0000000)
 Metaspace       used 38045K, capacity 39451K, committed 39768K, reserved 1083392K
  class space    used 4576K, capacity 4889K, committed 5012K, reserved 1048576K
2018-02-17T17:04:54.607+0800: 382.435: [GC (Allocation Failure) 2018-02-17T17:04:54.607+0800: 382.435: [ParNew
Desired survivor size 20112992 bytes, new threshold 8 (max 8)
- age   1:     792240 bytes,     792240 total
- age   2:     572296 bytes,    1364536 total
- age   3:     871464 bytes,    2236000 total
- age   4:     384128 bytes,    2620128 total
- age   5:    1108512 bytes,    3728640 total
- age   6:     301968 bytes,    4030608 total
- age   7:    4027768 bytes,    8058376 total
- age   8:     849672 bytes,    8908048 total
: 101539K->11851K(109248K), 0.0274468 secs] 142577K->53140K(502464K), 0.0275349 secs] [Times: user=0.05 sys=0.00, real=0.03 secs] 
Heap after GC invocations=53 (full 1):
 par new generation   total 109248K, used 11851K [0x00000007a0000000, 0x00000007a8000000, 0x00000007a8000000)
  eden space 87424K,   0% used [0x00000007a0000000, 0x00000007a0000000, 0x00000007a5560000)
  from space 21824K,  54% used [0x00000007a6ab0000, 0x00000007a7642f80, 0x00000007a8000000)
  to   space 21824K,   0% used [0x00000007a5560000, 0x00000007a5560000, 0x00000007a6ab0000)
 concurrent mark-sweep generation total 393216K, used 41289K [0x00000007a8000000, 0x00000007c0000000, 0x00000007c0000000)
 Metaspace       used 38045K, capacity 39451K, committed 39768K, reserved 1083392K
  class space    used 4576K, capacity 4889K, committed 5012K, reserved 1048576K
}
2018-02-17T17:04:54.634+0800: 382.463: Total time for which application threads were stopped: 0.0281554 seconds, Stopping threads took: 0.0004108 seconds
2018-02-17T17:04:54.645+0800: 382.474: Total time for which application threads were stopped: 0.0001365 seconds, Stopping threads took: 0.0000375 seconds
2018-02-17T17:04:54.678+0800: 382.507: Total time for which application threads were stopped: 0.0001745 seconds, Stopping threads took: 0.0000680 seconds
2018-02-17T17:04:54.731+0800: 382.560: Total time for which application threads were stopped: 0.0001659 seconds, Stopping threads took: 0.0000476 seconds
2018-02-17T17:04:55.735+0800: 383.564: Total time for which application threads were stopped: 0.0001816 seconds, Stopping threads took: 0.0000369 seconds
2018-02-17T17:04:59.603+0800: 387.431: Total time for which application threads were stopped: 0.0003126 seconds, Stopping threads took: 0.0000393 seconds
2018-02-17T17:04:59.603+0800: 387.432: Total time for which application threads were stopped: 0.0001241 seconds, Stopping threads took: 0.0000198 seconds
2018-02-17T17:04:59.610+0800: 387.439: Total time for which application threads were stopped: 0.0001634 seconds, Stopping threads took: 0.0000368 seconds
2018-02-17T17:04:59.704+0800: 387.532: Total time for which application threads were stopped: 0.0001617 seconds, Stopping threads took: 0.0000390 seconds
2018-02-17T17:04:59.704+0800: 387.533: Total time for which application threads were stopped: 0.0001105 seconds, Stopping threads took: 0.0000184 seconds
2018-02-17T17:04:59.705+0800: 387.533: Total time for which application threads were stopped: 0.0000771 seconds, Stopping threads took: 0.0000122 seconds
2018-02-17T17:04:59.705+0800: 387.533: Total time for which application threads were stopped: 0.0000664 seconds, Stopping threads took: 0.0000086 seconds
2018-02-17T17:04:59.705+0800: 387.533: Total time for which application threads were stopped: 0.0000660 seconds, Stopping threads took: 0.0000091 seconds
2018-02-17T17:04:59.705+0800: 387.533: Total time for which application threads were stopped: 0.0000478 seconds, Stopping threads took: 0.0000072 seconds
2018-02-17T17:04:59.705+0800: 387.533: Total time for which application threads were stopped: 0.0000557 seconds, Stopping threads took: 0.0000081 seconds
2018-02-17T17:04:59.705+0800: 387.533: Total time for which application threads were stopped: 0.0000543 seconds, Stopping threads took: 0.0000074 seconds
2018-02-17T17:04:59.705+0800: 387.533: Total time for which application threads were stopped: 0.0000534 seconds, Stopping threads took: 0.0000071 seconds
2018-02-17T17:04:59.710+0800: 387.539: Total time for which application threads were stopped: 0.0001277 seconds, Stopping threads took: 0.0000416 seconds
2018-02-17T17:04:59.710+0800: 387.539: Total time for which application threads were stopped: 0.0000910 seconds, Stopping threads took: 0.0000232 seconds
2018-02-17T17:04:59.711+0800: 387.539: Total time for which application threads were stopped: 0.0000690 seconds, Stopping threads took: 0.0000192 seconds
2018-02-17T17:04:59.711+0800: 387.539: Total time for which application threads were stopped: 0.0000519 seconds, Stopping threads took: 0.0000079 seconds
2018-02-17T17:04:59.711+0800: 387.539: Total time for which application threads were stopped: 0.0000823 seconds, Stopping threads took: 0.0000236 seconds
2018-02-17T17:04:59.711+0800: 387.539: Total time for which application threads were stopped: 0.0000813 seconds, Stopping threads took: 0.0000195 seconds
2018-02-17T17:04:59.711+0800: 387.539: Total time for which application threads were stopped: 0.0000692 seconds, Stopping threads took: 0.0000183 seconds
2018-02-17T17:04:59.711+0800: 387.539: Total time for which application threads were stopped: 0.0000724 seconds, Stopping threads took: 0.0000222 seconds
2018-02-17T17:04:59.711+0800: 387.540: Total time for which application threads were stopped: 0.0000695 seconds, Stopping threads took: 0.0000196 seconds
2018-02-17T17:04:59.711+0800: 387.540: Total time for which application threads were stopped: 0.0000708 seconds, Stopping threads took: 0.0000218 seconds
2018-02-17T17:04:59.711+0800: 387.540: Total time for which application threads were stopped: 0.0000663 seconds, Stopping threads took: 0.0000169 seconds
2018-02-17T17:04:59.711+0800: 387.540: Total time for which application threads were stopped: 0.0000653 seconds, Stopping threads took: 0.0000193 seconds
2018-02-17T17:04:59.712+0800: 387.540: Total time for which application threads were stopped: 0.0000687 seconds, Stopping threads took: 0.0000202 seconds
2018-02-17T17:04:59.712+0800: 387.540: Total time for which application threads were stopped: 0.0000659 seconds, Stopping threads took: 0.0000195 seconds
2018-02-17T17:04:59.712+0800: 387.540: Total time for which application threads were stopped: 0.0000672 seconds, Stopping threads took: 0.0000173 seconds
2018-02-17T17:04:59.712+0800: 387.540: Total time for which application threads were stopped: 0.0000633 seconds, Stopping threads took: 0.0000195 seconds
2018-02-17T17:04:59.712+0800: 387.540: Total time for which application threads were stopped: 0.0000754 seconds, Stopping threads took: 0.0000324 seconds
2018-02-17T17:04:59.712+0800: 387.540: Total time for which application threads were stopped: 0.0000629 seconds, Stopping threads took: 0.0000186 seconds
2018-02-17T17:04:59.712+0800: 387.540: Total time for which application threads were stopped: 0.0000615 seconds, Stopping threads took: 0.0000195 seconds
2018-02-17T17:04:59.712+0800: 387.541: Total time for which application threads were stopped: 0.0001977 seconds, Stopping threads took: 0.0000192 seconds
2018-02-17T17:04:59.715+0800: 387.544: Total time for which application threads were stopped: 0.0001458 seconds, Stopping threads took: 0.0000457 seconds
2018-02-17T17:04:59.715+0800: 387.544: Total time for which application threads were stopped: 0.0000828 seconds, Stopping threads took: 0.0000123 seconds
2018-02-17T17:05:00.720+0800: 388.548: Total time for which application threads were stopped: 0.0003003 seconds, Stopping threads took: 0.0000407 seconds
2018-02-17T17:05:04.706+0800: 392.534: Total time for which application threads were stopped: 0.0001094 seconds, Stopping threads took: 0.0000351 seconds
2018-02-17T17:05:04.706+0800: 392.534: Total time for which application threads were stopped: 0.0001712 seconds, Stopping threads took: 0.0001184 seconds
2018-02-17T17:05:04.706+0800: 392.534: Total time for which application threads were stopped: 0.0000696 seconds, Stopping threads took: 0.0000283 seconds
2018-02-17T17:05:04.706+0800: 392.534: Total time for which application threads were stopped: 0.0000632 seconds, Stopping threads took: 0.0000077 seconds
2018-02-17T17:05:04.706+0800: 392.534: Total time for which application threads were stopped: 0.0000502 seconds, Stopping threads took: 0.0000179 seconds
2018-02-17T17:05:04.706+0800: 392.535: Total time for which application threads were stopped: 0.0000677 seconds, Stopping threads took: 0.0000311 seconds
2018-02-17T17:05:04.707+0800: 392.535: Total time for which application threads were stopped: 0.0000597 seconds, Stopping threads took: 0.0000213 seconds
2018-02-17T17:05:04.707+0800: 392.535: Total time for which application threads were stopped: 0.0000464 seconds, Stopping threads took: 0.0000156 seconds
2018-02-17T17:05:04.716+0800: 392.545: Total time for which application threads were stopped: 0.0001041 seconds, Stopping threads took: 0.0000189 seconds
2018-02-17T17:05:04.717+0800: 392.545: Total time for which application threads were stopped: 0.0000879 seconds, Stopping threads took: 0.0000159 seconds
2018-02-17T17:05:05.718+0800: 393.546: Total time for which application threads were stopped: 0.0001140 seconds, Stopping threads took: 0.0000353 seconds
2018-02-17T17:05:10.364+0800: 398.192: Total time for which application threads were stopped: 0.0022407 seconds, Stopping threads took: 0.0021110 seconds
{Heap before GC invocations=53 (full 1):
 par new generation   total 109248K, used 99275K [0x00000007a0000000, 0x00000007a8000000, 0x00000007a8000000)
  eden space 87424K, 100% used [0x00000007a0000000, 0x00000007a5560000, 0x00000007a5560000)
  from space 21824K,  54% used [0x00000007a6ab0000, 0x00000007a7642f80, 0x00000007a8000000)
  to   space 21824K,   0% used [0x00000007a5560000, 0x00000007a5560000, 0x00000007a6ab0000)
 concurrent mark-sweep generation total 393216K, used 41289K [0x00000007a8000000, 0x00000007c0000000, 0x00000007c0000000)
 Metaspace       used 38095K, capacity 39463K, committed 39768K, reserved 1083392K
  class space    used 4577K, capacity 4891K, committed 5012K, reserved 1048576K
2018-02-17T17:05:10.380+0800: 398.208: [GC (Allocation Failure) 2018-02-17T17:05:10.380+0800: 398.209: [ParNew
Desired survivor size 20112992 bytes, new threshold 8 (max 8)
- age   1:    6166768 bytes,    6166768 total
- age   2:     384600 bytes,    6551368 total
- age   3:     571728 bytes,    7123096 total
- age   4:     352936 bytes,    7476032 total
- age   5:     318416 bytes,    7794448 total
- age   6:    1078904 bytes,    8873352 total
- age   7:     267696 bytes,    9141048 total
- age   8:     881552 bytes,   10022600 total
: 99275K->10673K(109248K), 0.0484425 secs] 140564K->52793K(502464K), 0.0485310 secs] [Times: user=0.05 sys=0.00, real=0.04 secs] 
Heap after GC invocations=54 (full 1):
 par new generation   total 109248K, used 10673K [0x00000007a0000000, 0x00000007a8000000, 0x00000007a8000000)
  eden space 87424K,   0% used [0x00000007a0000000, 0x00000007a0000000, 0x00000007a5560000)
  from space 21824K,  48% used [0x00000007a5560000, 0x00000007a5fcc530, 0x00000007a6ab0000)
  to   space 21824K,   0% used [0x00000007a6ab0000, 0x00000007a6ab0000, 0x00000007a8000000)
 concurrent mark-sweep generation total 393216K, used 42119K [0x00000007a8000000, 0x00000007c0000000, 0x00000007c0000000)
 Metaspace       used 38095K, capacity 39463K, committed 39768K, reserved 1083392K
  class space    used 4577K, capacity 4891K, committed 5012K, reserved 1048576K
}
2018-02-17T17:05:10.429+0800: 398.257: Total time for which application threads were stopped: 0.0487904 seconds, Stopping threads took: 0.0000327 seconds
{Heap before GC invocations=54 (full 1):
 par new generation   total 109248K, used 98097K [0x00000007a0000000, 0x00000007a8000000, 0x00000007a8000000)
  eden space 87424K, 100% used [0x00000007a0000000, 0x00000007a5560000, 0x00000007a5560000)
  from space 21824K,  48% used [0x00000007a5560000, 0x00000007a5fcc530, 0x00000007a6ab0000)
  to   space 21824K,   0% used [0x00000007a6ab0000, 0x00000007a6ab0000, 0x00000007a8000000)
 concurrent mark-sweep generation total 393216K, used 42119K [0x00000007a8000000, 0x00000007c0000000, 0x00000007c0000000)
 Metaspace       used 38097K, capacity 39463K, committed 39768K, reserved 1083392K
  class space    used 4577K, capacity 4891K, committed 5012K, reserved 1048576K
2018-02-17T17:05:10.455+0800: 398.283: [GC (Allocation Failure) 2018-02-17T17:05:10.455+0800: 398.283: [ParNew
Desired survivor size 20112992 bytes, new threshold 8 (max 8)
- age   1:     821760 bytes,     821760 total
- age   2:    5788496 bytes,    6610256 total
- age   3:     384600 bytes,    6994856 total
- age   4:     571728 bytes,    7566584 total
- age   5:     352936 bytes,    7919520 total
- age   6:     318416 bytes,    8237936 total
- age   7:    1078904 bytes,    9316840 total
- age   8:     267424 bytes,    9584264 total
: 98097K->14921K(109248K), 0.0565981 secs] 140217K->57896K(502464K), 0.0566858 secs] [Times: user=0.05 sys=0.00, real=0.06 secs] 
Heap after GC invocations=55 (full 1):
 par new generation   total 109248K, used 14921K [0x00000007a0000000, 0x00000007a8000000, 0x00000007a8000000)
  eden space 87424K,   0% used [0x00000007a0000000, 0x00000007a0000000, 0x00000007a5560000)
  from space 21824K,  68% used [0x00000007a6ab0000, 0x00000007a7942708, 0x00000007a8000000)
  to   space 21824K,   0% used [0x00000007a5560000, 0x00000007a5560000, 0x00000007a6ab0000)
 concurrent mark-sweep generation total 393216K, used 42974K [0x00000007a8000000, 0x00000007c0000000, 0x00000007c0000000)
 Metaspace       used 38097K, capacity 39463K, committed 39768K, reserved 1083392K
  class space    used 4577K, capacity 4891K, committed 5012K, reserved 1048576K
}
2018-02-17T17:05:10.512+0800: 398.340: Total time for which application threads were stopped: 0.0594959 seconds, Stopping threads took: 0.0025791 seconds
{Heap before GC invocations=55 (full 1):
 par new generation   total 109248K, used 102345K [0x00000007a0000000, 0x00000007a8000000, 0x00000007a8000000)
  eden space 87424K, 100% used [0x00000007a0000000, 0x00000007a5560000, 0x00000007a5560000)
  from space 21824K,  68% used [0x00000007a6ab0000, 0x00000007a7942708, 0x00000007a8000000)
  to   space 21824K,   0% used [0x00000007a5560000, 0x00000007a5560000, 0x00000007a6ab0000)
 concurrent mark-sweep generation total 393216K, used 42974K [0x00000007a8000000, 0x00000007c0000000, 0x00000007c0000000)
 Metaspace       used 38097K, capacity 39463K, committed 39768K, reserved 1083392K
  class space    used 4578K, capacity 4891K, committed 5012K, reserved 1048576K
2018-02-17T17:05:10.560+0800: 398.388: [GC (Allocation Failure) 2018-02-17T17:05:10.560+0800: 398.388: [ParNew
Desired survivor size 20112992 bytes, new threshold 8 (max 8)
- age   1:     537928 bytes,     537928 total
- age   2:     108408 bytes,     646336 total
- age   3:    5444816 bytes,    6091152 total
- age   4:     384600 bytes,    6475752 total
- age   5:     571728 bytes,    7047480 total
- age   6:     352936 bytes,    7400416 total
- age   7:     318416 bytes,    7718832 total
- age   8:    1078904 bytes,    8797736 total
: 102345K->10061K(109248K), 0.0391352 secs] 145320K->53299K(502464K), 0.0392556 secs] [Times: user=0.05 sys=0.00, real=0.03 secs] 
Heap after GC invocations=56 (full 1):
 par new generation   total 109248K, used 10061K [0x00000007a0000000, 0x00000007a8000000, 0x00000007a8000000)
  eden space 87424K,   0% used [0x00000007a0000000, 0x00000007a0000000, 0x00000007a5560000)
  from space 21824K,  46% used [0x00000007a5560000, 0x00000007a5f33410, 0x00000007a6ab0000)
  to   space 21824K,   0% used [0x00000007a6ab0000, 0x00000007a6ab0000, 0x00000007a8000000)
 concurrent mark-sweep generation total 393216K, used 43238K [0x00000007a8000000, 0x00000007c0000000, 0x00000007c0000000)
 Metaspace       used 38097K, capacity 39463K, committed 39768K, reserved 1083392K
  class space    used 4578K, capacity 4891K, committed 5012K, reserved 1048576K
}
2018-02-17T17:05:10.599+0800: 398.428: Total time for which application threads were stopped: 0.0395607 seconds, Stopping threads took: 0.0000880 seconds
{Heap before GC invocations=56 (full 1):
 par new generation   total 109248K, used 97485K [0x00000007a0000000, 0x00000007a8000000, 0x00000007a8000000)
  eden space 87424K, 100% used [0x00000007a0000000, 0x00000007a5560000, 0x00000007a5560000)
  from space 21824K,  46% used [0x00000007a5560000, 0x00000007a5f33410, 0x00000007a6ab0000)
  to   space 21824K,   0% used [0x00000007a6ab0000, 0x00000007a6ab0000, 0x00000007a8000000)
 concurrent mark-sweep generation total 393216K, used 43238K [0x00000007a8000000, 0x00000007c0000000, 0x00000007c0000000)
 Metaspace       used 38107K, capacity 39527K, committed 39768K, reserved 1083392K
  class space    used 4578K, capacity 4891K, committed 5012K, reserved 1048576K
2018-02-17T17:05:10.689+0800: 398.517: [GC (Allocation Failure) 2018-02-17T17:05:10.689+0800: 398.517: [ParNew
Desired survivor size 20112992 bytes, new threshold 8 (max 8)
- age   1:    2338136 bytes,    2338136 total
- age   2:      94680 bytes,    2432816 total
- age   3:     105432 bytes,    2538248 total
- age   4:    5443592 bytes,    7981840 total
- age   5:     384600 bytes,    8366440 total
- age   6:     571728 bytes,    8938168 total
- age   7:     352936 bytes,    9291104 total
- age   8:     318416 bytes,    9609520 total
: 97485K->13232K(109248K), 0.0519039 secs] 140723K->57522K(502464K), 0.0519751 secs] [Times: user=0.05 sys=0.00, real=0.06 secs] 
Heap after GC invocations=57 (full 1):
 par new generation   total 109248K, used 13232K [0x00000007a0000000, 0x00000007a8000000, 0x00000007a8000000)
  eden space 87424K,   0% used [0x00000007a0000000, 0x00000007a0000000, 0x00000007a5560000)
  from space 21824K,  60% used [0x00000007a6ab0000, 0x00000007a779c2f0, 0x00000007a8000000)
  to   space 21824K,   0% used [0x00000007a5560000, 0x00000007a5560000, 0x00000007a6ab0000)
 concurrent mark-sweep generation total 393216K, used 44289K [0x00000007a8000000, 0x00000007c0000000, 0x00000007c0000000)
 Metaspace       used 38107K, capacity 39527K, committed 39768K, reserved 1083392K
  class space    used 4578K, capacity 4891K, committed 5012K, reserved 1048576K
}
2018-02-17T17:05:10.741+0800: 398.569: Total time for which application threads were stopped: 0.0603712 seconds, Stopping threads took: 0.0081254 seconds
2018-02-17T17:05:10.742+0800: 398.570: Total time for which application threads were stopped: 0.0008245 seconds, Stopping threads took: 0.0007013 seconds
2018-02-17T17:05:10.743+0800: 398.571: Total time for which application threads were stopped: 0.0004602 seconds, Stopping threads took: 0.0000762 seconds
{Heap before GC invocations=57 (full 1):
 par new generation   total 109248K, used 100656K [0x00000007a0000000, 0x00000007a8000000, 0x00000007a8000000)
  eden space 87424K, 100% used [0x00000007a0000000, 0x00000007a5560000, 0x00000007a5560000)
  from space 21824K,  60% used [0x00000007a6ab0000, 0x00000007a779c2f0, 0x00000007a8000000)
  to   space 21824K,   0% used [0x00000007a5560000, 0x00000007a5560000, 0x00000007a6ab0000)
 concurrent mark-sweep generation total 393216K, used 44289K [0x00000007a8000000, 0x00000007c0000000, 0x00000007c0000000)
 Metaspace       used 38108K, capacity 39527K, committed 39768K, reserved 1083392K
  class space    used 4578K, capacity 4891K, committed 5012K, reserved 1048576K
2018-02-17T17:05:10.797+0800: 398.625: [GC (Allocation Failure) 2018-02-17T17:05:10.797+0800: 398.625: [ParNew
Desired survivor size 20112992 bytes, new threshold 8 (max 8)
- age   1:    1690688 bytes,    1690688 total
- age   2:    1635728 bytes,    3326416 total
- age   3:      94680 bytes,    3421096 total
- age   4:     105432 bytes,    3526528 total
- age   5:    5443592 bytes,    8970120 total
- age   6:     384600 bytes,    9354720 total
- age   7:     571728 bytes,    9926448 total
- age   8:     352936 bytes,   10279384 total
: 100656K->12171K(109248K), 0.0682772 secs] 144946K->56775K(502464K), 0.0683815 secs] [Times: user=0.06 sys=0.01, real=0.07 secs] 
Heap after GC invocations=58 (full 1):
 par new generation   total 109248K, used 12171K [0x00000007a0000000, 0x00000007a8000000, 0x00000007a8000000)
  eden space 87424K,   0% used [0x00000007a0000000, 0x00000007a0000000, 0x00000007a5560000)
  from space 21824K,  55% used [0x00000007a5560000, 0x00000007a6142d80, 0x00000007a6ab0000)
  to   space 21824K,   0% used [0x00000007a6ab0000, 0x00000007a6ab0000, 0x00000007a8000000)
 concurrent mark-sweep generation total 393216K, used 44604K [0x00000007a8000000, 0x00000007c0000000, 0x00000007c0000000)
 Metaspace       used 38108K, capacity 39527K, committed 39768K, reserved 1083392K
  class space    used 4578K, capacity 4891K, committed 5012K, reserved 1048576K
}
2018-02-17T17:05:10.865+0800: 398.693: Total time for which application threads were stopped: 0.0687192 seconds, Stopping threads took: 0.0000834 seconds
2018-02-17T17:05:10.903+0800: 398.731: Total time for which application threads were stopped: 0.0008261 seconds, Stopping threads took: 0.0007033 seconds
2018-02-17T17:05:10.925+0800: 398.754: Total time for which application threads were stopped: 0.0113003 seconds, Stopping threads took: 0.0111759 seconds
{Heap before GC invocations=58 (full 1):
 par new generation   total 109248K, used 99564K [0x00000007a0000000, 0x00000007a8000000, 0x00000007a8000000)
  eden space 87424K,  99% used [0x00000007a0000000, 0x00000007a5558360, 0x00000007a5560000)
  from space 21824K,  55% used [0x00000007a5560000, 0x00000007a6142d80, 0x00000007a6ab0000)
  to   space 21824K,   0% used [0x00000007a6ab0000, 0x00000007a6ab0000, 0x00000007a8000000)
 concurrent mark-sweep generation total 393216K, used 44604K [0x00000007a8000000, 0x00000007c0000000, 0x00000007c0000000)
 Metaspace       used 38109K, capacity 39527K, committed 39768K, reserved 1083392K
  class space    used 4578K, capacity 4891K, committed 5012K, reserved 1048576K
2018-02-17T17:05:10.953+0800: 398.781: [GC (Allocation Failure) 2018-02-17T17:05:10.953+0800: 398.781: [ParNew
Desired survivor size 20112992 bytes, new threshold 8 (max 8)
- age   1:     945456 bytes,     945456 total
- age   2:    1389792 bytes,    2335248 total
- age   3:    1625408 bytes,    3960656 total
- age   4:      94680 bytes,    4055336 total
- age   5:     105432 bytes,    4160768 total
- age   6:    4359464 bytes,    8520232 total
- age   7:     384600 bytes,    8904832 total
- age   8:     571728 bytes,    9476560 total
: 99564K->13321K(109248K), 0.0815355 secs] 144168K->58273K(502464K), 0.0816141 secs] [Times: user=0.13 sys=0.01, real=0.08 secs] 
Heap after GC invocations=59 (full 1):
 par new generation   total 109248K, used 13321K [0x00000007a0000000, 0x00000007a8000000, 0x00000007a8000000)
  eden space 87424K,   0% used [0x00000007a0000000, 0x00000007a0000000, 0x00000007a5560000)
  from space 21824K,  61% used [0x00000007a6ab0000, 0x00000007a77b2780, 0x00000007a8000000)
  to   space 21824K,   0% used [0x00000007a5560000, 0x00000007a5560000, 0x00000007a6ab0000)
 concurrent mark-sweep generation total 393216K, used 44951K [0x00000007a8000000, 0x00000007c0000000, 0x00000007c0000000)
 Metaspace       used 38109K, capacity 39527K, committed 39768K, reserved 1083392K
  class space    used 4578K, capacity 4891K, committed 5012K, reserved 1048576K
}
2018-02-17T17:05:11.035+0800: 398.863: Total time for which application threads were stopped: 0.0819226 seconds, Stopping threads took: 0.0001060 seconds
{Heap before GC invocations=59 (full 1):
 par new generation   total 109248K, used 100728K [0x00000007a0000000, 0x00000007a8000000, 0x00000007a8000000)
  eden space 87424K,  99% used [0x00000007a0000000, 0x00000007a555ba70, 0x00000007a5560000)
  from space 21824K,  61% used [0x00000007a6ab0000, 0x00000007a77b2780, 0x00000007a8000000)
  to   space 21824K,   0% used [0x00000007a5560000, 0x00000007a5560000, 0x00000007a6ab0000)
 concurrent mark-sweep generation total 393216K, used 44951K [0x00000007a8000000, 0x00000007c0000000, 0x00000007c0000000)
 Metaspace       used 38109K, capacity 39527K, committed 39768K, reserved 1083392K
  class space    used 4578K, capacity 4891K, committed 5012K, reserved 1048576K
2018-02-17T17:05:11.074+0800: 398.902: [GC (Allocation Failure) 2018-02-17T17:05:11.074+0800: 398.902: [ParNew
Desired survivor size 20112992 bytes, new threshold 8 (max 8)
- age   1:     239424 bytes,     239424 total
- age   2:     631472 bytes,     870896 total
- age   3:    1389792 bytes,    2260688 total
- age   4:    1625408 bytes,    3886096 total
- age   5:      94680 bytes,    3980776 total
- age   6:     105432 bytes,    4086208 total
- age   7:    4359464 bytes,    8445672 total
- age   8:     384600 bytes,    8830272 total
: 100728K->11381K(109248K), 0.0217248 secs] 145680K->56894K(502464K), 0.0218304 secs] [Times: user=0.05 sys=0.00, real=0.02 secs] 
Heap after GC invocations=60 (full 1):
 par new generation   total 109248K, used 11381K [0x00000007a0000000, 0x00000007a8000000, 0x00000007a8000000)
  eden space 87424K,   0% used [0x00000007a0000000, 0x00000007a0000000, 0x00000007a5560000)
  from space 21824K,  52% used [0x00000007a5560000, 0x00000007a607d600, 0x00000007a6ab0000)
  to   space 21824K,   0% used [0x00000007a6ab0000, 0x00000007a6ab0000, 0x00000007a8000000)
 concurrent mark-sweep generation total 393216K, used 45512K [0x00000007a8000000, 0x00000007c0000000, 0x00000007c0000000)
 Metaspace       used 38109K, capacity 39527K, committed 39768K, reserved 1083392K
  class space    used 4578K, capacity 4891K, committed 5012K, reserved 1048576K
}
2018-02-17T17:05:11.096+0800: 398.924: Total time for which application threads were stopped: 0.0220479 seconds, Stopping threads took: 0.0000275 seconds
2018-02-17T17:05:11.108+0800: 398.936: Total time for which application threads were stopped: 0.0004108 seconds, Stopping threads took: 0.0000676 seconds
2018-02-17T17:05:11.113+0800: 398.941: Total time for which application threads were stopped: 0.0001179 seconds, Stopping threads took: 0.0000172 seconds
2018-02-17T17:05:11.165+0800: 398.993: Total time for which application threads were stopped: 0.0004179 seconds, Stopping threads took: 0.0002026 seconds
2018-02-17T17:05:11.171+0800: 398.999: Total time for which application threads were stopped: 0.0001443 seconds, Stopping threads took: 0.0000604 seconds
2018-02-17T17:05:12.175+0800: 400.003: Total time for which application threads were stopped: 0.0002184 seconds, Stopping threads took: 0.0000672 seconds
2018-02-17T17:05:16.210+0800: 404.038: Total time for which application threads were stopped: 0.0002319 seconds, Stopping threads took: 0.0000896 seconds
2018-02-17T17:05:16.211+0800: 404.039: Total time for which application threads were stopped: 0.0000942 seconds, Stopping threads took: 0.0000129 seconds
2018-02-17T17:05:16.211+0800: 404.039: Total time for which application threads were stopped: 0.0001085 seconds, Stopping threads took: 0.0000122 seconds
2018-02-17T17:05:16.211+0800: 404.039: Total time for which application threads were stopped: 0.0001168 seconds, Stopping threads took: 0.0000472 seconds
2018-02-17T17:05:16.211+0800: 404.039: Total time for which application threads were stopped: 0.0000501 seconds, Stopping threads took: 0.0000091 seconds
2018-02-17T17:05:16.211+0800: 404.039: Total time for which application threads were stopped: 0.0000428 seconds, Stopping threads took: 0.0000071 seconds
2018-02-17T17:05:16.211+0800: 404.039: Total time for which application threads were stopped: 0.0000423 seconds, Stopping threads took: 0.0000071 seconds
2018-02-17T17:05:16.211+0800: 404.039: Total time for which application threads were stopped: 0.0000412 seconds, Stopping threads took: 0.0000063 seconds
2018-02-17T17:05:16.211+0800: 404.039: Total time for which application threads were stopped: 0.0000395 seconds, Stopping threads took: 0.0000055 seconds
2018-02-17T17:05:16.220+0800: 404.048: Total time for which application threads were stopped: 0.0001279 seconds, Stopping threads took: 0.0000260 seconds
2018-02-17T17:05:16.220+0800: 404.048: Total time for which application threads were stopped: 0.0001161 seconds, Stopping threads took: 0.0000307 seconds
2018-02-17T17:05:17.222+0800: 405.050: Total time for which application threads were stopped: 0.0001285 seconds, Stopping threads took: 0.0000263 seconds
2018-02-17T17:05:20.307+0800: 408.135: Total time for which application threads were stopped: 0.0002968 seconds, Stopping threads took: 0.0000332 seconds
2018-02-17T17:05:21.088+0800: 408.916: Total time for which application threads were stopped: 0.0001298 seconds, Stopping threads took: 0.0000243 seconds
2018-02-17T17:05:21.217+0800: 409.045: Total time for which application threads were stopped: 0.0001442 seconds, Stopping threads took: 0.0000321 seconds
2018-02-17T17:05:21.218+0800: 409.045: Total time for which application threads were stopped: 0.0000962 seconds, Stopping threads took: 0.0000191 seconds
2018-02-17T17:05:21.218+0800: 409.046: Total time for which application threads were stopped: 0.0000751 seconds, Stopping threads took: 0.0000114 seconds
2018-02-17T17:05:21.218+0800: 409.046: Total time for which application threads were stopped: 0.0000663 seconds, Stopping threads took: 0.0000103 seconds
2018-02-17T17:05:21.218+0800: 409.046: Total time for which application threads were stopped: 0.0000583 seconds, Stopping threads took: 0.0000085 seconds
2018-02-17T17:05:21.218+0800: 409.046: Total time for which application threads were stopped: 0.0000642 seconds, Stopping threads took: 0.0000088 seconds
2018-02-17T17:05:21.218+0800: 409.046: Total time for which application threads were stopped: 0.0000585 seconds, Stopping threads took: 0.0000087 seconds
2018-02-17T17:05:21.218+0800: 409.046: Total time for which application threads were stopped: 0.0000548 seconds, Stopping threads took: 0.0000074 seconds
2018-02-17T17:05:21.218+0800: 409.046: Total time for which application threads were stopped: 0.0000537 seconds, Stopping threads took: 0.0000073 seconds
2018-02-17T17:05:21.228+0800: 409.056: Total time for which application threads were stopped: 0.0001881 seconds, Stopping threads took: 0.0000427 seconds
2018-02-17T17:05:21.228+0800: 409.056: Total time for which application threads were stopped: 0.0000810 seconds, Stopping threads took: 0.0000127 seconds
2018-02-17T17:05:22.230+0800: 410.058: Total time for which application threads were stopped: 0.0001436 seconds, Stopping threads took: 0.0000347 seconds
{Heap before GC invocations=60 (full 1):
 par new generation   total 109248K, used 98805K [0x00000007a0000000, 0x00000007a8000000, 0x00000007a8000000)
  eden space 87424K, 100% used [0x00000007a0000000, 0x00000007a5560000, 0x00000007a5560000)
  from space 21824K,  52% used [0x00000007a5560000, 0x00000007a607d600, 0x00000007a6ab0000)
  to   space 21824K,   0% used [0x00000007a6ab0000, 0x00000007a6ab0000, 0x00000007a8000000)
 concurrent mark-sweep generation total 393216K, used 45512K [0x00000007a8000000, 0x00000007c0000000, 0x00000007c0000000)
 Metaspace       used 38510K, capacity 40089K, committed 40280K, reserved 1085440K
  class space    used 4630K, capacity 4984K, committed 5012K, reserved 1048576K
2018-02-17T17:05:24.734+0800: 412.562: [GC (Allocation Failure) 2018-02-17T17:05:24.734+0800: 412.562: [ParNew
Desired survivor size 20112992 bytes, new threshold 8 (max 8)
- age   1:    2724848 bytes,    2724848 total
- age   2:      90536 bytes,    2815384 total
- age   3:     630176 bytes,    3445560 total
- age   4:     279664 bytes,    3725224 total
- age   5:    1569416 bytes,    5294640 total
- age   6:      94680 bytes,    5389320 total
- age   7:      95928 bytes,    5485248 total
- age   8:    4315896 bytes,    9801144 total
: 98805K->12805K(109248K), 0.0271715 secs] 144318K->58696K(502464K), 0.0272710 secs] [Times: user=0.05 sys=0.01, real=0.03 secs] 
Heap after GC invocations=61 (full 1):
 par new generation   total 109248K, used 12805K [0x00000007a0000000, 0x00000007a8000000, 0x00000007a8000000)
  eden space 87424K,   0% used [0x00000007a0000000, 0x00000007a0000000, 0x00000007a5560000)
  from space 21824K,  58% used [0x00000007a6ab0000, 0x00000007a77314d0, 0x00000007a8000000)
  to   space 21824K,   0% used [0x00000007a5560000, 0x00000007a5560000, 0x00000007a6ab0000)
 concurrent mark-sweep generation total 393216K, used 45891K [0x00000007a8000000, 0x00000007c0000000, 0x00000007c0000000)
 Metaspace       used 38510K, capacity 40089K, committed 40280K, reserved 1085440K
  class space    used 4630K, capacity 4984K, committed 5012K, reserved 1048576K
}
2018-02-17T17:05:24.761+0800: 412.589: Total time for which application threads were stopped: 0.0274882 seconds, Stopping threads took: 0.0000236 seconds
{Heap before GC invocations=61 (full 1):
 par new generation   total 109248K, used 100229K [0x00000007a0000000, 0x00000007a8000000, 0x00000007a8000000)
  eden space 87424K, 100% used [0x00000007a0000000, 0x00000007a5560000, 0x00000007a5560000)
  from space 21824K,  58% used [0x00000007a6ab0000, 0x00000007a77314d0, 0x00000007a8000000)
  to   space 21824K,   0% used [0x00000007a5560000, 0x00000007a5560000, 0x00000007a6ab0000)
 concurrent mark-sweep generation total 393216K, used 45891K [0x00000007a8000000, 0x00000007c0000000, 0x00000007c0000000)
 Metaspace       used 38513K, capacity 40089K, committed 40280K, reserved 1085440K
  class space    used 4630K, capacity 4984K, committed 5012K, reserved 1048576K
2018-02-17T17:05:24.788+0800: 412.616: [GC (Allocation Failure) 2018-02-17T17:05:24.788+0800: 412.616: [ParNew
Desired survivor size 20112992 bytes, new threshold 8 (max 8)
- age   1:    1110224 bytes,    1110224 total
- age   2:    2471320 bytes,    3581544 total
- age   3:      90536 bytes,    3672080 total
- age   4:     630176 bytes,    4302256 total
- age   5:     279664 bytes,    4581920 total
- age   6:    1569416 bytes,    6151336 total
- age   7:      94680 bytes,    6246016 total
- age   8:      95608 bytes,    6341624 total
: 100229K->8318K(109248K), 0.0171216 secs] 146120K->58421K(502464K), 0.0172162 secs] [Times: user=0.05 sys=0.00, real=0.02 secs] 
Heap after GC invocations=62 (full 1):
 par new generation   total 109248K, used 8318K [0x00000007a0000000, 0x00000007a8000000, 0x00000007a8000000)
  eden space 87424K,   0% used [0x00000007a0000000, 0x00000007a0000000, 0x00000007a5560000)
  from space 21824K,  38% used [0x00000007a5560000, 0x00000007a5d7f9a0, 0x00000007a6ab0000)
  to   space 21824K,   0% used [0x00000007a6ab0000, 0x00000007a6ab0000, 0x00000007a8000000)
 concurrent mark-sweep generation total 393216K, used 50103K [0x00000007a8000000, 0x00000007c0000000, 0x00000007c0000000)
 Metaspace       used 38513K, capacity 40089K, committed 40280K, reserved 1085440K
  class space    used 4630K, capacity 4984K, committed 5012K, reserved 1048576K
}
2018-02-17T17:05:24.805+0800: 412.633: Total time for which application threads were stopped: 0.0174729 seconds, Stopping threads took: 0.0000268 seconds
{Heap before GC invocations=62 (full 1):
 par new generation   total 109248K, used 95742K [0x00000007a0000000, 0x00000007a8000000, 0x00000007a8000000)
  eden space 87424K, 100% used [0x00000007a0000000, 0x00000007a5560000, 0x00000007a5560000)
  from space 21824K,  38% used [0x00000007a5560000, 0x00000007a5d7f9a0, 0x00000007a6ab0000)
  to   space 21824K,   0% used [0x00000007a6ab0000, 0x00000007a6ab0000, 0x00000007a8000000)
 concurrent mark-sweep generation total 393216K, used 50103K [0x00000007a8000000, 0x00000007c0000000, 0x00000007c0000000)
 Metaspace       used 38522K, capacity 40089K, committed 40280K, reserved 1085440K
  class space    used 4630K, capacity 4984K, committed 5012K, reserved 1048576K
2018-02-17T17:05:24.857+0800: 412.685: [GC (Allocation Failure) 2018-02-17T17:05:24.857+0800: 412.685: [ParNew
Desired survivor size 20112992 bytes, new threshold 8 (max 8)
- age   1:    2434536 bytes,    2434536 total
- age   2:     635928 bytes,    3070464 total
- age   3:    2124096 bytes,    5194560 total
- age   4:      90536 bytes,    5285096 total
- age   5:     630176 bytes,    5915272 total
- age   6:     279664 bytes,    6194936 total
- age   7:    1561720 bytes,    7756656 total
- age   8:      94680 bytes,    7851336 total
: 95742K->9654K(109248K), 0.0188391 secs] 145845K->59853K(502464K), 0.0189355 secs] [Times: user=0.04 sys=0.00, real=0.02 secs] 
Heap after GC invocations=63 (full 1):
 par new generation   total 109248K, used 9654K [0x00000007a0000000, 0x00000007a8000000, 0x00000007a8000000)
  eden space 87424K,   0% used [0x00000007a0000000, 0x00000007a0000000, 0x00000007a5560000)
  from space 21824K,  44% used [0x00000007a6ab0000, 0x00000007a741d9e8, 0x00000007a8000000)
  to   space 21824K,   0% used [0x00000007a5560000, 0x00000007a5560000, 0x00000007a6ab0000)
 concurrent mark-sweep generation total 393216K, used 50198K [0x00000007a8000000, 0x00000007c0000000, 0x00000007c0000000)
 Metaspace       used 38522K, capacity 40089K, committed 40280K, reserved 1085440K
  class space    used 4630K, capacity 4984K, committed 5012K, reserved 1048576K
}
2018-02-17T17:05:24.876+0800: 412.704: Total time for which application threads were stopped: 0.0192711 seconds, Stopping threads took: 0.0001056 seconds
2018-02-17T17:05:24.877+0800: 412.704: Total time for which application threads were stopped: 0.0002154 seconds, Stopping threads took: 0.0000815 seconds
2018-02-17T17:05:24.902+0800: 412.729: Total time for which application threads were stopped: 0.0109080 seconds, Stopping threads took: 0.0107689 seconds
{Heap before GC invocations=63 (full 1):
 par new generation   total 109248K, used 97058K [0x00000007a0000000, 0x00000007a8000000, 0x00000007a8000000)
  eden space 87424K,  99% used [0x00000007a0000000, 0x00000007a555b010, 0x00000007a5560000)
  from space 21824K,  44% used [0x00000007a6ab0000, 0x00000007a741d9e8, 0x00000007a8000000)
  to   space 21824K,   0% used [0x00000007a5560000, 0x00000007a5560000, 0x00000007a6ab0000)
 concurrent mark-sweep generation total 393216K, used 50198K [0x00000007a8000000, 0x00000007c0000000, 0x00000007c0000000)
 Metaspace       used 38526K, capacity 40153K, committed 40280K, reserved 1085440K
  class space    used 4630K, capacity 4984K, committed 5012K, reserved 1048576K
2018-02-17T17:05:24.916+0800: 412.744: [GC (Allocation Failure) 2018-02-17T17:05:24.916+0800: 412.744: [ParNew
Desired survivor size 20112992 bytes, new threshold 8 (max 8)
- age   1:    1219096 bytes,    1219096 total
- age   2:    1348104 bytes,    2567200 total
- age   3:     635440 bytes,    3202640 total
- age   4:    2124096 bytes,    5326736 total
- age   5:      90536 bytes,    5417272 total
- age   6:     630176 bytes,    6047448 total
- age   7:     279664 bytes,    6327112 total
- age   8:    1561720 bytes,    7888832 total
: 97058K->11599K(109248K), 0.0230921 secs] 147257K->61892K(502464K), 0.0231704 secs] [Times: user=0.03 sys=0.00, real=0.02 secs] 
Heap after GC invocations=64 (full 1):
 par new generation   total 109248K, used 11599K [0x00000007a0000000, 0x00000007a8000000, 0x00000007a8000000)
  eden space 87424K,   0% used [0x00000007a0000000, 0x00000007a0000000, 0x00000007a5560000)
  from space 21824K,  53% used [0x00000007a5560000, 0x00000007a60b3d50, 0x00000007a6ab0000)
  to   space 21824K,   0% used [0x00000007a6ab0000, 0x00000007a6ab0000, 0x00000007a8000000)
 concurrent mark-sweep generation total 393216K, used 50293K [0x00000007a8000000, 0x00000007c0000000, 0x00000007c0000000)
 Metaspace       used 38526K, capacity 40153K, committed 40280K, reserved 1085440K
  class space    used 4630K, capacity 4984K, committed 5012K, reserved 1048576K
}
2018-02-17T17:05:24.939+0800: 412.767: Total time for which application threads were stopped: 0.0234891 seconds, Stopping threads took: 0.0001132 seconds
{Heap before GC invocations=64 (full 1):
 par new generation   total 109248K, used 99023K [0x00000007a0000000, 0x00000007a8000000, 0x00000007a8000000)
  eden space 87424K, 100% used [0x00000007a0000000, 0x00000007a5560000, 0x00000007a5560000)
  from space 21824K,  53% used [0x00000007a5560000, 0x00000007a60b3d50, 0x00000007a6ab0000)
  to   space 21824K,   0% used [0x00000007a6ab0000, 0x00000007a6ab0000, 0x00000007a8000000)
 concurrent mark-sweep generation total 393216K, used 50293K [0x00000007a8000000, 0x00000007c0000000, 0x00000007c0000000)
 Metaspace       used 38528K, capacity 40153K, committed 40280K, reserved 1085440K
  class space    used 4630K, capacity 4984K, committed 5012K, reserved 1048576K
2018-02-17T17:05:24.972+0800: 412.800: [GC (Allocation Failure) 2018-02-17T17:05:24.972+0800: 412.800: [ParNew
Desired survivor size 20112992 bytes, new threshold 8 (max 8)
- age   1:    1772656 bytes,    1772656 total
- age   2:     714360 bytes,    2487016 total
- age   3:    1328328 bytes,    3815344 total
- age   4:     635168 bytes,    4450512 total
- age   5:    2124096 bytes,    6574608 total
- age   6:      90536 bytes,    6665144 total
- age   7:     630176 bytes,    7295320 total
- age   8:     279664 bytes,    7574984 total
: 99023K->9092K(109248K), 0.0404249 secs] 149316K->60917K(502464K), 0.0405202 secs] [Times: user=0.04 sys=0.01, real=0.04 secs] 
Heap after GC invocations=65 (full 1):
 par new generation   total 109248K, used 9092K [0x00000007a0000000, 0x00000007a8000000, 0x00000007a8000000)
  eden space 87424K,   0% used [0x00000007a0000000, 0x00000007a0000000, 0x00000007a5560000)
  from space 21824K,  41% used [0x00000007a6ab0000, 0x00000007a7391000, 0x00000007a8000000)
  to   space 21824K,   0% used [0x00000007a5560000, 0x00000007a5560000, 0x00000007a6ab0000)
 concurrent mark-sweep generation total 393216K, used 51825K [0x00000007a8000000, 0x00000007c0000000, 0x00000007c0000000)
 Metaspace       used 38528K, capacity 40153K, committed 40280K, reserved 1085440K
  class space    used 4630K, capacity 4984K, committed 5012K, reserved 1048576K
}
2018-02-17T17:05:25.013+0800: 412.840: Total time for which application threads were stopped: 0.0520270 seconds, Stopping threads took: 0.0112922 seconds
{Heap before GC invocations=65 (full 1):
 par new generation   total 109248K, used 96516K [0x00000007a0000000, 0x00000007a8000000, 0x00000007a8000000)
  eden space 87424K, 100% used [0x00000007a0000000, 0x00000007a5560000, 0x00000007a5560000)
  from space 21824K,  41% used [0x00000007a6ab0000, 0x00000007a7391000, 0x00000007a8000000)
  to   space 21824K,   0% used [0x00000007a5560000, 0x00000007a5560000, 0x00000007a6ab0000)
 concurrent mark-sweep generation total 393216K, used 51825K [0x00000007a8000000, 0x00000007c0000000, 0x00000007c0000000)
 Metaspace       used 38529K, capacity 40153K, committed 40280K, reserved 1085440K
  class space    used 4630K, capacity 4984K, committed 5012K, reserved 1048576K
2018-02-17T17:05:25.042+0800: 412.870: [GC (Allocation Failure) 2018-02-17T17:05:25.042+0800: 412.870: [ParNew
Desired survivor size 20112992 bytes, new threshold 8 (max 8)
- age   1:     516208 bytes,     516208 total
- age   2:     680968 bytes,    1197176 total
- age   3:     713760 bytes,    1910936 total
- age   4:    1327800 bytes,    3238736 total
- age   5:     633720 bytes,    3872456 total
- age   6:    2123736 bytes,    5996192 total
- age   7:      90536 bytes,    6086728 total
- age   8:     630176 bytes,    6716904 total
: 96516K->10026K(109248K), 0.0191004 secs] 148341K->62127K(502464K), 0.0191746 secs] [Times: user=0.03 sys=0.00, real=0.02 secs] 
Heap after GC invocations=66 (full 1):
 par new generation   total 109248K, used 10026K [0x00000007a0000000, 0x00000007a8000000, 0x00000007a8000000)
  eden space 87424K,   0% used [0x00000007a0000000, 0x00000007a0000000, 0x00000007a5560000)
  from space 21824K,  45% used [0x00000007a5560000, 0x00000007a5f2abc0, 0x00000007a6ab0000)
  to   space 21824K,   0% used [0x00000007a6ab0000, 0x00000007a6ab0000, 0x00000007a8000000)
 concurrent mark-sweep generation total 393216K, used 52100K [0x00000007a8000000, 0x00000007c0000000, 0x00000007c0000000)
 Metaspace       used 38529K, capacity 40153K, committed 40280K, reserved 1085440K
  class space    used 4630K, capacity 4984K, committed 5012K, reserved 1048576K
}
2018-02-17T17:05:25.061+0800: 412.889: Total time for which application threads were stopped: 0.0248168 seconds, Stopping threads took: 0.0053989 seconds
2018-02-17T17:05:25.109+0800: 412.936: Total time for which application threads were stopped: 0.0012867 seconds, Stopping threads took: 0.0011469 seconds
{Heap before GC invocations=66 (full 1):
 par new generation   total 109248K, used 97450K [0x00000007a0000000, 0x00000007a8000000, 0x00000007a8000000)
  eden space 87424K, 100% used [0x00000007a0000000, 0x00000007a5560000, 0x00000007a5560000)
  from space 21824K,  45% used [0x00000007a5560000, 0x00000007a5f2abc0, 0x00000007a6ab0000)
  to   space 21824K,   0% used [0x00000007a6ab0000, 0x00000007a6ab0000, 0x00000007a8000000)
 concurrent mark-sweep generation total 393216K, used 52100K [0x00000007a8000000, 0x00000007c0000000, 0x00000007c0000000)
 Metaspace       used 38529K, capacity 40153K, committed 40280K, reserved 1085440K
  class space    used 4630K, capacity 4984K, committed 5012K, reserved 1048576K
2018-02-17T17:05:25.141+0800: 412.968: [GC (Allocation Failure) 2018-02-17T17:05:25.141+0800: 412.968: [ParNew
Desired survivor size 20112992 bytes, new threshold 8 (max 8)
- age   1:    1556792 bytes,    1556792 total
- age   2:     164096 bytes,    1720888 total
- age   3:     680408 bytes,    2401296 total
- age   4:     713760 bytes,    3115056 total
- age   5:    1327800 bytes,    4442856 total
- age   6:     120816 bytes,    4563672 total
- age   7:    2093456 bytes,    6657128 total
- age   8:      90536 bytes,    6747664 total
: 97450K->8277K(109248K), 0.0585922 secs] 149551K->60996K(502464K), 0.0586668 secs] [Times: user=0.12 sys=0.00, real=0.05 secs] 
Heap after GC invocations=67 (full 1):
 par new generation   total 109248K, used 8277K [0x00000007a0000000, 0x00000007a8000000, 0x00000007a8000000)
  eden space 87424K,   0% used [0x00000007a0000000, 0x00000007a0000000, 0x00000007a5560000)
  from space 21824K,  37% used [0x00000007a6ab0000, 0x00000007a72c5650, 0x00000007a8000000)
  to   space 21824K,   0% used [0x00000007a5560000, 0x00000007a5560000, 0x00000007a6ab0000)
 concurrent mark-sweep generation total 393216K, used 52719K [0x00000007a8000000, 0x00000007c0000000, 0x00000007c0000000)
 Metaspace       used 38529K, capacity 40153K, committed 40280K, reserved 1085440K
  class space    used 4630K, capacity 4984K, committed 5012K, reserved 1048576K
}
2018-02-17T17:05:25.199+0800: 413.027: Total time for which application threads were stopped: 0.0589688 seconds, Stopping threads took: 0.0000986 seconds
2018-02-17T17:05:25.209+0800: 413.036: Total time for which application threads were stopped: 0.0001992 seconds, Stopping threads took: 0.0000924 seconds
2018-02-17T17:05:25.216+0800: 413.044: Total time for which application threads were stopped: 0.0001696 seconds, Stopping threads took: 0.0000671 seconds
2018-02-17T17:05:25.228+0800: 413.055: Total time for which application threads were stopped: 0.0001554 seconds, Stopping threads took: 0.0000642 seconds
2018-02-17T17:05:25.265+0800: 413.093: Total time for which application threads were stopped: 0.0001574 seconds, Stopping threads took: 0.0000194 seconds
2018-02-17T17:05:25.275+0800: 413.103: Total time for which application threads were stopped: 0.0001480 seconds, Stopping threads took: 0.0000335 seconds
2018-02-17T17:05:30.294+0800: 418.121: Total time for which application threads were stopped: 0.0002599 seconds, Stopping threads took: 0.0000825 seconds
2018-02-17T17:05:30.295+0800: 418.122: Total time for which application threads were stopped: 0.0001920 seconds, Stopping threads took: 0.0000306 seconds
2018-02-17T17:05:30.295+0800: 418.123: Total time for which application threads were stopped: 0.0001692 seconds, Stopping threads took: 0.0000552 seconds
2018-02-17T17:05:30.295+0800: 418.123: Total time for which application threads were stopped: 0.0001015 seconds, Stopping threads took: 0.0000171 seconds
2018-02-17T17:05:30.295+0800: 418.123: Total time for which application threads were stopped: 0.0001202 seconds, Stopping threads took: 0.0000215 seconds
2018-02-17T17:05:30.296+0800: 418.123: Total time for which application threads were stopped: 0.0001232 seconds, Stopping threads took: 0.0000214 seconds
2018-02-17T17:05:30.296+0800: 418.123: Total time for which application threads were stopped: 0.0001348 seconds, Stopping threads took: 0.0000197 seconds
2018-02-17T17:05:30.296+0800: 418.124: Total time for which application threads were stopped: 0.0001581 seconds, Stopping threads took: 0.0000433 seconds
2018-02-17T17:05:30.296+0800: 418.124: Total time for which application threads were stopped: 0.0001684 seconds, Stopping threads took: 0.0000163 seconds
2018-02-17T17:05:30.307+0800: 418.134: Total time for which application threads were stopped: 0.0001316 seconds, Stopping threads took: 0.0000334 seconds
2018-02-17T17:05:30.307+0800: 418.134: Total time for which application threads were stopped: 0.0000762 seconds, Stopping threads took: 0.0000124 seconds
2018-02-17T17:05:33.314+0800: 421.141: Total time for which application threads were stopped: 0.0001010 seconds, Stopping threads took: 0.0000215 seconds
2018-02-17T17:05:34.736+0800: 422.563: Total time for which application threads were stopped: 0.0001685 seconds, Stopping threads took: 0.0000360 seconds
2018-02-17T17:05:34.738+0800: 422.566: Total time for which application threads were stopped: 0.0001561 seconds, Stopping threads took: 0.0000325 seconds
2018-02-17T17:05:35.740+0800: 423.567: Total time for which application threads were stopped: 0.0001886 seconds, Stopping threads took: 0.0000355 seconds
2018-02-17T17:05:36.671+0800: 424.498: Total time for which application threads were stopped: 0.0001320 seconds, Stopping threads took: 0.0000217 seconds
2018-02-17T17:05:37.673+0800: 425.500: Total time for which application threads were stopped: 0.0002054 seconds, Stopping threads took: 0.0000404 seconds
2018-02-17T17:05:46.700+0800: 434.528: Total time for which application threads were stopped: 0.0002838 seconds, Stopping threads took: 0.0000440 seconds
2018-02-17T17:06:15.342+0800: 463.169: Total time for which application threads were stopped: 0.0031355 seconds, Stopping threads took: 0.0024519 seconds
{Heap before GC invocations=67 (full 1):
 par new generation   total 109248K, used 95701K [0x00000007a0000000, 0x00000007a8000000, 0x00000007a8000000)
  eden space 87424K, 100% used [0x00000007a0000000, 0x00000007a5560000, 0x00000007a5560000)
  from space 21824K,  37% used [0x00000007a6ab0000, 0x00000007a72c5650, 0x00000007a8000000)
  to   space 21824K,   0% used [0x00000007a5560000, 0x00000007a5560000, 0x00000007a6ab0000)
 concurrent mark-sweep generation total 393216K, used 52719K [0x00000007a8000000, 0x00000007c0000000, 0x00000007c0000000)
 Metaspace       used 38638K, capacity 40313K, committed 40664K, reserved 1085440K
  class space    used 4639K, capacity 5016K, committed 5140K, reserved 1048576K
2018-02-17T17:06:15.363+0800: 463.190: [GC (Allocation Failure) 2018-02-17T17:06:15.365+0800: 463.192: [ParNew
Desired survivor size 20112992 bytes, new threshold 8 (max 8)
- age   1:    3409648 bytes,    3409648 total
- age   2:     943360 bytes,    4353008 total
- age   3:     162920 bytes,    4515928 total
- age   4:     124144 bytes,    4640072 total
- age   5:     156496 bytes,    4796568 total
- age   6:    1261848 bytes,    6058416 total
- age   7:     120816 bytes,    6179232 total
- age   8:    1496496 bytes,    7675728 total
: 95701K->10097K(109248K), 0.0896181 secs] 148420K->62906K(502464K), 0.0916437 secs] [Times: user=0.04 sys=0.09, real=0.09 secs] 
Heap after GC invocations=68 (full 1):
 par new generation   total 109248K, used 10097K [0x00000007a0000000, 0x00000007a8000000, 0x00000007a8000000)
  eden space 87424K,   0% used [0x00000007a0000000, 0x00000007a0000000, 0x00000007a5560000)
  from space 21824K,  46% used [0x00000007a5560000, 0x00000007a5f3c558, 0x00000007a6ab0000)
  to   space 21824K,   0% used [0x00000007a6ab0000, 0x00000007a6ab0000, 0x00000007a8000000)
 concurrent mark-sweep generation total 393216K, used 52809K [0x00000007a8000000, 0x00000007c0000000, 0x00000007c0000000)
 Metaspace       used 38638K, capacity 40313K, committed 40664K, reserved 1085440K
  class space    used 4639K, capacity 5016K, committed 5140K, reserved 1048576K
}
2018-02-17T17:06:15.455+0800: 463.281: Total time for which application threads were stopped: 0.0919458 seconds, Stopping threads took: 0.0000362 seconds
2018-02-17T17:06:15.484+0800: 463.310: Total time for which application threads were stopped: 0.0002164 seconds, Stopping threads took: 0.0001114 seconds
2018-02-17T17:06:15.583+0800: 463.410: Total time for which application threads were stopped: 0.0069274 seconds, Stopping threads took: 0.0022014 seconds
{Heap before GC invocations=68 (full 1):
 par new generation   total 109248K, used 97521K [0x00000007a0000000, 0x00000007a8000000, 0x00000007a8000000)
  eden space 87424K, 100% used [0x00000007a0000000, 0x00000007a5560000, 0x00000007a5560000)
  from space 21824K,  46% used [0x00000007a5560000, 0x00000007a5f3c558, 0x00000007a6ab0000)
  to   space 21824K,   0% used [0x00000007a6ab0000, 0x00000007a6ab0000, 0x00000007a8000000)
 concurrent mark-sweep generation total 393216K, used 52809K [0x00000007a8000000, 0x00000007c0000000, 0x00000007c0000000)
 Metaspace       used 38810K, capacity 40473K, committed 40664K, reserved 1085440K
  class space    used 4657K, capacity 5024K, committed 5140K, reserved 1048576K
2018-02-17T17:06:15.710+0800: 463.536: [GC (Allocation Failure) 2018-02-17T17:06:15.710+0800: 463.537: [ParNew
Desired survivor size 20112992 bytes, new threshold 8 (max 8)
- age   1:     339888 bytes,     339888 total
- age   2:    3023904 bytes,    3363792 total
- age   3:     943360 bytes,    4307152 total
- age   4:     162920 bytes,    4470072 total
- age   5:     124120 bytes,    4594192 total
- age   6:     156496 bytes,    4750688 total
- age   7:    1261576 bytes,    6012264 total
- age   8:     120816 bytes,    6133080 total
: 97521K->8506K(109248K), 0.0490721 secs] 150330K->62779K(502464K), 0.0491674 secs] [Times: user=0.06 sys=0.00, real=0.04 secs] 
Heap after GC invocations=69 (full 1):
 par new generation   total 109248K, used 8506K [0x00000007a0000000, 0x00000007a8000000, 0x00000007a8000000)
  eden space 87424K,   0% used [0x00000007a0000000, 0x00000007a0000000, 0x00000007a5560000)
  from space 21824K,  38% used [0x00000007a6ab0000, 0x00000007a72feb00, 0x00000007a8000000)
  to   space 21824K,   0% used [0x00000007a5560000, 0x00000007a5560000, 0x00000007a6ab0000)
 concurrent mark-sweep generation total 393216K, used 54273K [0x00000007a8000000, 0x00000007c0000000, 0x00000007c0000000)
 Metaspace       used 38810K, capacity 40473K, committed 40664K, reserved 1085440K
  class space    used 4657K, capacity 5024K, committed 5140K, reserved 1048576K
}
2018-02-17T17:06:15.759+0800: 463.586: Total time for which application threads were stopped: 0.0497702 seconds, Stopping threads took: 0.0000300 seconds
{Heap before GC invocations=69 (full 1):
 par new generation   total 109248K, used 95930K [0x00000007a0000000, 0x00000007a8000000, 0x00000007a8000000)
  eden space 87424K, 100% used [0x00000007a0000000, 0x00000007a5560000, 0x00000007a5560000)
  from space 21824K,  38% used [0x00000007a6ab0000, 0x00000007a72feb00, 0x00000007a8000000)
  to   space 21824K,   0% used [0x00000007a5560000, 0x00000007a5560000, 0x00000007a6ab0000)
 concurrent mark-sweep generation total 393216K, used 54273K [0x00000007a8000000, 0x00000007c0000000, 0x00000007c0000000)
 Metaspace       used 38810K, capacity 40473K, committed 40664K, reserved 1085440K
  class space    used 4657K, capacity 5024K, committed 5140K, reserved 1048576K
2018-02-17T17:06:15.851+0800: 463.678: [GC (Allocation Failure) 2018-02-17T17:06:15.851+0800: 463.678: [ParNew
Desired survivor size 20112992 bytes, new threshold 8 (max 8)
- age   1:     447672 bytes,     447672 total
- age   2:     129328 bytes,     577000 total
- age   3:    2674640 bytes,    3251640 total
- age   4:     943360 bytes,    4195000 total
- age   5:     162920 bytes,    4357920 total
- age   6:     124120 bytes,    4482040 total
- age   7:     156496 bytes,    4638536 total
- age   8:    1261544 bytes,    5900080 total
: 95930K->7446K(109248K), 0.0209558 secs] 150203K->61839K(502464K), 0.0210253 secs] [Times: user=0.03 sys=0.00, real=0.02 secs] 
Heap after GC invocations=70 (full 1):
 par new generation   total 109248K, used 7446K [0x00000007a0000000, 0x00000007a8000000, 0x00000007a8000000)
  eden space 87424K,   0% used [0x00000007a0000000, 0x00000007a0000000, 0x00000007a5560000)
  from space 21824K,  34% used [0x00000007a5560000, 0x00000007a5ca5818, 0x00000007a6ab0000)
  to   space 21824K,   0% used [0x00000007a6ab0000, 0x00000007a6ab0000, 0x00000007a8000000)
 concurrent mark-sweep generation total 393216K, used 54393K [0x00000007a8000000, 0x00000007c0000000, 0x00000007c0000000)
 Metaspace       used 38810K, capacity 40473K, committed 40664K, reserved 1085440K
  class space    used 4657K, capacity 5024K, committed 5140K, reserved 1048576K
}
2018-02-17T17:06:15.872+0800: 463.699: Total time for which application threads were stopped: 0.0243923 seconds, Stopping threads took: 0.0031739 seconds
2018-02-17T17:06:16.010+0800: 463.837: Total time for which application threads were stopped: 0.0029066 seconds, Stopping threads took: 0.0027410 seconds
{Heap before GC invocations=70 (full 1):
 par new generation   total 109248K, used 94864K [0x00000007a0000000, 0x00000007a8000000, 0x00000007a8000000)
  eden space 87424K,  99% used [0x00000007a0000000, 0x00000007a555eb08, 0x00000007a5560000)
  from space 21824K,  34% used [0x00000007a5560000, 0x00000007a5ca5818, 0x00000007a6ab0000)
  to   space 21824K,   0% used [0x00000007a6ab0000, 0x00000007a6ab0000, 0x00000007a8000000)
 concurrent mark-sweep generation total 393216K, used 54393K [0x00000007a8000000, 0x00000007c0000000, 0x00000007c0000000)
 Metaspace       used 38810K, capacity 40473K, committed 40664K, reserved 1085440K
  class space    used 4657K, capacity 5024K, committed 5140K, reserved 1048576K
2018-02-17T17:06:16.022+0800: 463.848: [GC (Allocation Failure) 2018-02-17T17:06:16.022+0800: 463.848: [ParNew
Desired survivor size 20112992 bytes, new threshold 8 (max 8)
- age   1:    1450600 bytes,    1450600 total
- age   2:     117144 bytes,    1567744 total
- age   3:     127688 bytes,    1695432 total
- age   4:    2115920 bytes,    3811352 total
- age   5:     943360 bytes,    4754712 total
- age   6:     162920 bytes,    4917632 total
- age   7:     124120 bytes,    5041752 total
- age   8:     156496 bytes,    5198248 total
: 94864K->6723K(109248K), 0.0624020 secs] 149258K->62353K(502464K), 0.0624875 secs] [Times: user=0.04 sys=0.00, real=0.06 secs] 
Heap after GC invocations=71 (full 1):
 par new generation   total 109248K, used 6723K [0x00000007a0000000, 0x00000007a8000000, 0x00000007a8000000)
  eden space 87424K,   0% used [0x00000007a0000000, 0x00000007a0000000, 0x00000007a5560000)
  from space 21824K,  30% used [0x00000007a6ab0000, 0x00000007a7140c00, 0x00000007a8000000)
  to   space 21824K,   0% used [0x00000007a5560000, 0x00000007a5560000, 0x00000007a6ab0000)
 concurrent mark-sweep generation total 393216K, used 55630K [0x00000007a8000000, 0x00000007c0000000, 0x00000007c0000000)
 Metaspace       used 38810K, capacity 40473K, committed 40664K, reserved 1085440K
  class space    used 4657K, capacity 5024K, committed 5140K, reserved 1048576K
}
2018-02-17T17:06:16.084+0800: 463.911: Total time for which application threads were stopped: 0.0652673 seconds, Stopping threads took: 0.0025208 seconds
{Heap before GC invocations=71 (full 1):
 par new generation   total 109248K, used 94147K [0x00000007a0000000, 0x00000007a8000000, 0x00000007a8000000)
  eden space 87424K, 100% used [0x00000007a0000000, 0x00000007a5560000, 0x00000007a5560000)
  from space 21824K,  30% used [0x00000007a6ab0000, 0x00000007a7140c00, 0x00000007a8000000)
  to   space 21824K,   0% used [0x00000007a5560000, 0x00000007a5560000, 0x00000007a6ab0000)
 concurrent mark-sweep generation total 393216K, used 55630K [0x00000007a8000000, 0x00000007c0000000, 0x00000007c0000000)
 Metaspace       used 38810K, capacity 40473K, committed 40664K, reserved 1085440K
  class space    used 4657K, capacity 5024K, committed 5140K, reserved 1048576K
2018-02-17T17:06:16.128+0800: 463.954: [GC (Allocation Failure) 2018-02-17T17:06:16.128+0800: 463.954: [ParNew
Desired survivor size 20112992 bytes, new threshold 8 (max 8)
- age   1:     718640 bytes,     718640 total
- age   2:    1226488 bytes,    1945128 total
- age   3:     117120 bytes,    2062248 total
- age   4:     127688 bytes,    2189936 total
- age   5:    2115888 bytes,    4305824 total
- age   6:     943360 bytes,    5249184 total
- age   7:     162920 bytes,    5412104 total
- age   8:     124120 bytes,    5536224 total
: 94147K->6626K(109248K), 0.0311576 secs] 149777K->62412K(502464K), 0.0312620 secs] [Times: user=0.03 sys=0.00, real=0.03 secs] 
Heap after GC invocations=72 (full 1):
 par new generation   total 109248K, used 6626K [0x00000007a0000000, 0x00000007a8000000, 0x00000007a8000000)
  eden space 87424K,   0% used [0x00000007a0000000, 0x00000007a0000000, 0x00000007a5560000)
  from space 21824K,  30% used [0x00000007a5560000, 0x00000007a5bd8a90, 0x00000007a6ab0000)
  to   space 21824K,   0% used [0x00000007a6ab0000, 0x00000007a6ab0000, 0x00000007a8000000)
 concurrent mark-sweep generation total 393216K, used 55785K [0x00000007a8000000, 0x00000007c0000000, 0x00000007c0000000)
 Metaspace       used 38810K, capacity 40473K, committed 40664K, reserved 1085440K
  class space    used 4657K, capacity 5024K, committed 5140K, reserved 1048576K
}
2018-02-17T17:06:16.159+0800: 463.985: Total time for which application threads were stopped: 0.0315568 seconds, Stopping threads took: 0.0000240 seconds
2018-02-17T17:06:16.191+0800: 464.018: Total time for which application threads were stopped: 0.0001207 seconds, Stopping threads took: 0.0000210 seconds
{Heap before GC invocations=72 (full 1):
 par new generation   total 109248K, used 94050K [0x00000007a0000000, 0x00000007a8000000, 0x00000007a8000000)
  eden space 87424K, 100% used [0x00000007a0000000, 0x00000007a5560000, 0x00000007a5560000)
  from space 21824K,  30% used [0x00000007a5560000, 0x00000007a5bd8a90, 0x00000007a6ab0000)
  to   space 21824K,   0% used [0x00000007a6ab0000, 0x00000007a6ab0000, 0x00000007a8000000)
 concurrent mark-sweep generation total 393216K, used 55785K [0x00000007a8000000, 0x00000007c0000000, 0x00000007c0000000)
 Metaspace       used 38810K, capacity 40473K, committed 40664K, reserved 1085440K
  class space    used 4657K, capacity 5024K, committed 5140K, reserved 1048576K
2018-02-17T17:06:16.211+0800: 464.038: [GC (Allocation Failure) 2018-02-17T17:06:16.211+0800: 464.038: [ParNew
Desired survivor size 20112992 bytes, new threshold 8 (max 8)
- age   1:    1485584 bytes,    1485584 total
- age   2:     397832 bytes,    1883416 total
- age   3:    1226136 bytes,    3109552 total
- age   4:     117120 bytes,    3226672 total
- age   5:     127688 bytes,    3354360 total
- age   6:    1557696 bytes,    4912056 total
- age   7:     943360 bytes,    5855416 total
- age   8:     162920 bytes,    6018336 total
: 94050K->8255K(109248K), 0.0351399 secs] 149836K->64165K(502464K), 0.0352163 secs] [Times: user=0.03 sys=0.01, real=0.03 secs] 
Heap after GC invocations=73 (full 1):
 par new generation   total 109248K, used 8255K [0x00000007a0000000, 0x00000007a8000000, 0x00000007a8000000)
  eden space 87424K,   0% used [0x00000007a0000000, 0x00000007a0000000, 0x00000007a5560000)
  from space 21824K,  37% used [0x00000007a6ab0000, 0x00000007a72bfef0, 0x00000007a8000000)
  to   space 21824K,   0% used [0x00000007a5560000, 0x00000007a5560000, 0x00000007a6ab0000)
 concurrent mark-sweep generation total 393216K, used 55909K [0x00000007a8000000, 0x00000007c0000000, 0x00000007c0000000)
 Metaspace       used 38810K, capacity 40473K, committed 40664K, reserved 1085440K
  class space    used 4657K, capacity 5024K, committed 5140K, reserved 1048576K
}
2018-02-17T17:06:16.247+0800: 464.073: Total time for which application threads were stopped: 0.0354425 seconds, Stopping threads took: 0.0000208 seconds
{Heap before GC invocations=73 (full 1):
 par new generation   total 109248K, used 95679K [0x00000007a0000000, 0x00000007a8000000, 0x00000007a8000000)
  eden space 87424K, 100% used [0x00000007a0000000, 0x00000007a5560000, 0x00000007a5560000)
  from space 21824K,  37% used [0x00000007a6ab0000, 0x00000007a72bfef0, 0x00000007a8000000)
  to   space 21824K,   0% used [0x00000007a5560000, 0x00000007a5560000, 0x00000007a6ab0000)
 concurrent mark-sweep generation total 393216K, used 55909K [0x00000007a8000000, 0x00000007c0000000, 0x00000007c0000000)
 Metaspace       used 38811K, capacity 40473K, committed 40664K, reserved 1085440K
  class space    used 4657K, capacity 5024K, committed 5140K, reserved 1048576K
2018-02-17T17:06:16.308+0800: 464.134: [GC (Allocation Failure) 2018-02-17T17:06:16.308+0800: 464.134: [ParNew
Desired survivor size 20112992 bytes, new threshold 8 (max 8)
- age   1:     736000 bytes,     736000 total
- age   2:    1218448 bytes,    1954448 total
- age   3:     397832 bytes,    2352280 total
- age   4:     162744 bytes,    2515024 total
- age   5:      58208 bytes,    2573232 total
- age   6:      95912 bytes,    2669144 total
- age   7:    1083720 bytes,    3752864 total
- age   8:     943360 bytes,    4696224 total
: 95679K->5920K(109248K), 0.0814797 secs] 151589K->61992K(502464K), 0.0815723 secs] [Times: user=0.05 sys=0.00, real=0.09 secs] 
Heap after GC invocations=74 (full 1):
 par new generation   total 109248K, used 5920K [0x00000007a0000000, 0x00000007a8000000, 0x00000007a8000000)
  eden space 87424K,   0% used [0x00000007a0000000, 0x00000007a0000000, 0x00000007a5560000)
  from space 21824K,  27% used [0x00000007a5560000, 0x00000007a5b28288, 0x00000007a6ab0000)
  to   space 21824K,   0% used [0x00000007a6ab0000, 0x00000007a6ab0000, 0x00000007a8000000)
 concurrent mark-sweep generation total 393216K, used 56072K [0x00000007a8000000, 0x00000007c0000000, 0x00000007c0000000)
 Metaspace       used 38811K, capacity 40473K, committed 40664K, reserved 1085440K
  class space    used 4657K, capacity 5024K, committed 5140K, reserved 1048576K
}
2018-02-17T17:06:16.390+0800: 464.216: Total time for which application threads were stopped: 0.0818123 seconds, Stopping threads took: 0.0000207 seconds
2018-02-17T17:06:16.647+0800: 464.473: Total time for which application threads were stopped: 0.0002984 seconds, Stopping threads took: 0.0000338 seconds
2018-02-17T17:06:16.662+0800: 464.488: Total time for which application threads were stopped: 0.0001618 seconds, Stopping threads took: 0.0000295 seconds
2018-02-17T17:06:16.662+0800: 464.489: Total time for which application threads were stopped: 0.0001142 seconds, Stopping threads took: 0.0000149 seconds
{Heap before GC invocations=74 (full 1):
 par new generation   total 109248K, used 93344K [0x00000007a0000000, 0x00000007a8000000, 0x00000007a8000000)
  eden space 87424K, 100% used [0x00000007a0000000, 0x00000007a5560000, 0x00000007a5560000)
  from space 21824K,  27% used [0x00000007a5560000, 0x00000007a5b28288, 0x00000007a6ab0000)
  to   space 21824K,   0% used [0x00000007a6ab0000, 0x00000007a6ab0000, 0x00000007a8000000)
 concurrent mark-sweep generation total 393216K, used 56072K [0x00000007a8000000, 0x00000007c0000000, 0x00000007c0000000)
 Metaspace       used 38949K, capacity 40691K, committed 40920K, reserved 1085440K
  class space    used 4674K, capacity 5045K, committed 5140K, reserved 1048576K
2018-02-17T17:06:16.681+0800: 464.507: [GC (Allocation Failure) 2018-02-17T17:06:16.681+0800: 464.507: [ParNew
Desired survivor size 20112992 bytes, new threshold 8 (max 8)
- age   1:    2134376 bytes,    2134376 total
- age   2:     279504 bytes,    2413880 total
- age   3:     534352 bytes,    2948232 total
- age   4:      83656 bytes,    3031888 total
- age   5:      84832 bytes,    3116720 total
- age   7:      72936 bytes,    3189656 total
- age   8:     563592 bytes,    3753248 total
: 93344K->5131K(109248K), 0.0133269 secs] 149416K->62127K(502464K), 0.0134031 secs] [Times: user=0.04 sys=0.00, real=0.01 secs] 
Heap after GC invocations=75 (full 1):
 par new generation   total 109248K, used 5131K [0x00000007a0000000, 0x00000007a8000000, 0x00000007a8000000)
  eden space 87424K,   0% used [0x00000007a0000000, 0x00000007a0000000, 0x00000007a5560000)
  from space 21824K,  23% used [0x00000007a6ab0000, 0x00000007a6fb2d00, 0x00000007a8000000)
  to   space 21824K,   0% used [0x00000007a5560000, 0x00000007a5560000, 0x00000007a6ab0000)
 concurrent mark-sweep generation total 393216K, used 56996K [0x00000007a8000000, 0x00000007c0000000, 0x00000007c0000000)
 Metaspace       used 38949K, capacity 40691K, committed 40920K, reserved 1085440K
  class space    used 4674K, capacity 5045K, committed 5140K, reserved 1048576K
}
2018-02-17T17:06:16.694+0800: 464.520: Total time for which application threads were stopped: 0.0141610 seconds, Stopping threads took: 0.0005379 seconds
2018-02-17T17:06:16.703+0800: 464.529: Total time for which application threads were stopped: 0.0001991 seconds, Stopping threads took: 0.0000822 seconds
2018-02-17T17:06:16.703+0800: 464.530: Total time for which application threads were stopped: 0.0001394 seconds, Stopping threads took: 0.0000522 seconds
2018-02-17T17:06:16.721+0800: 464.548: Total time for which application threads were stopped: 0.0002036 seconds, Stopping threads took: 0.0000846 seconds
{Heap before GC invocations=75 (full 1):
 par new generation   total 109248K, used 92555K [0x00000007a0000000, 0x00000007a8000000, 0x00000007a8000000)
  eden space 87424K, 100% used [0x00000007a0000000, 0x00000007a5560000, 0x00000007a5560000)
  from space 21824K,  23% used [0x00000007a6ab0000, 0x00000007a6fb2d00, 0x00000007a8000000)
  to   space 21824K,   0% used [0x00000007a5560000, 0x00000007a5560000, 0x00000007a6ab0000)
 concurrent mark-sweep generation total 393216K, used 56996K [0x00000007a8000000, 0x00000007c0000000, 0x00000007c0000000)
 Metaspace       used 39272K, capacity 40979K, committed 41176K, reserved 1085440K
  class space    used 4714K, capacity 5077K, committed 5140K, reserved 1048576K
2018-02-17T17:06:16.747+0800: 464.573: [GC (Allocation Failure) 2018-02-17T17:06:16.747+0800: 464.573: [ParNew
Desired survivor size 20112992 bytes, new threshold 8 (max 8)
- age   1:    2855936 bytes,    2855936 total
- age   2:    1920384 bytes,    4776320 total
- age   3:     279504 bytes,    5055824 total
- age   4:     534352 bytes,    5590176 total
- age   5:      83656 bytes,    5673832 total
- age   6:      84832 bytes,    5758664 total
- age   8:      72936 bytes,    5831600 total
: 92555K->6711K(109248K), 0.0088637 secs] 149551K->64270K(502464K), 0.0089378 secs] [Times: user=0.02 sys=0.00, real=0.01 secs] 
Heap after GC invocations=76 (full 1):
 par new generation   total 109248K, used 6711K [0x00000007a0000000, 0x00000007a8000000, 0x00000007a8000000)
  eden space 87424K,   0% used [0x00000007a0000000, 0x00000007a0000000, 0x00000007a5560000)
  from space 21824K,  30% used [0x00000007a5560000, 0x00000007a5bedef0, 0x00000007a6ab0000)
  to   space 21824K,   0% used [0x00000007a6ab0000, 0x00000007a6ab0000, 0x00000007a8000000)
 concurrent mark-sweep generation total 393216K, used 57558K [0x00000007a8000000, 0x00000007c0000000, 0x00000007c0000000)
 Metaspace       used 39272K, capacity 40979K, committed 41176K, reserved 1085440K
  class space    used 4714K, capacity 5077K, committed 5140K, reserved 1048576K
}
2018-02-17T17:06:16.756+0800: 464.582: Total time for which application threads were stopped: 0.0198949 seconds, Stopping threads took: 0.0106972 seconds
2018-02-17T17:06:16.826+0800: 464.652: Total time for which application threads were stopped: 0.0001820 seconds, Stopping threads took: 0.0000301 seconds
2018-02-17T17:06:16.855+0800: 464.681: Total time for which application threads were stopped: 0.0001690 seconds, Stopping threads took: 0.0000206 seconds
2018-02-17T17:06:16.857+0800: 464.684: Total time for which application threads were stopped: 0.0007624 seconds, Stopping threads took: 0.0006600 seconds
2018-02-17T17:06:16.857+0800: 464.684: Total time for which application threads were stopped: 0.0000997 seconds, Stopping threads took: 0.0000239 seconds
2018-02-17T17:06:16.858+0800: 464.684: Total time for which application threads were stopped: 0.0001071 seconds, Stopping threads took: 0.0000235 seconds
2018-02-17T17:06:16.861+0800: 464.687: Total time for which application threads were stopped: 0.0002043 seconds, Stopping threads took: 0.0000660 seconds
2018-02-17T17:06:16.868+0800: 464.694: Total time for which application threads were stopped: 0.0002395 seconds, Stopping threads took: 0.0000792 seconds
{Heap before GC invocations=76 (full 1):
 par new generation   total 109248K, used 94135K [0x00000007a0000000, 0x00000007a8000000, 0x00000007a8000000)
  eden space 87424K, 100% used [0x00000007a0000000, 0x00000007a5560000, 0x00000007a5560000)
  from space 21824K,  30% used [0x00000007a5560000, 0x00000007a5bedef0, 0x00000007a6ab0000)
  to   space 21824K,   0% used [0x00000007a6ab0000, 0x00000007a6ab0000, 0x00000007a8000000)
 concurrent mark-sweep generation total 393216K, used 57558K [0x00000007a8000000, 0x00000007c0000000, 0x00000007c0000000)
 Metaspace       used 39463K, capacity 41139K, committed 41176K, reserved 1085440K
  class space    used 4736K, capacity 5109K, committed 5140K, reserved 1048576K
2018-02-17T17:06:16.872+0800: 464.699: [GC (Allocation Failure) 2018-02-17T17:06:16.872+0800: 464.699: [ParNew
Desired survivor size 20112992 bytes, new threshold 8 (max 8)
- age   1:    2962624 bytes,    2962624 total
- age   2:    2395888 bytes,    5358512 total
- age   3:    1473896 bytes,    6832408 total
- age   4:     345008 bytes,    7177416 total
- age   5:     534352 bytes,    7711768 total
- age   6:      83624 bytes,    7795392 total
- age   7:      84832 bytes,    7880224 total
: 94135K->9248K(109248K), 0.0217229 secs] 151694K->66871K(502464K), 0.0218132 secs] [Times: user=0.05 sys=0.00, real=0.02 secs] 
Heap after GC invocations=77 (full 1):
 par new generation   total 109248K, used 9248K [0x00000007a0000000, 0x00000007a8000000, 0x00000007a8000000)
  eden space 87424K,   0% used [0x00000007a0000000, 0x00000007a0000000, 0x00000007a5560000)
  from space 21824K,  42% used [0x00000007a6ab0000, 0x00000007a73b80c0, 0x00000007a8000000)
  to   space 21824K,   0% used [0x00000007a5560000, 0x00000007a5560000, 0x00000007a6ab0000)
 concurrent mark-sweep generation total 393216K, used 57623K [0x00000007a8000000, 0x00000007c0000000, 0x00000007c0000000)
 Metaspace       used 39463K, capacity 41139K, committed 41176K, reserved 1085440K
  class space    used 4736K, capacity 5109K, committed 5140K, reserved 1048576K
}
2018-02-17T17:06:16.894+0800: 464.721: Total time for which application threads were stopped: 0.0221264 seconds, Stopping threads took: 0.0000815 seconds
2018-02-17T17:06:16.896+0800: 464.722: Total time for which application threads were stopped: 0.0002463 seconds, Stopping threads took: 0.0000930 seconds
{Heap before GC invocations=77 (full 1):
 par new generation   total 109248K, used 96672K [0x00000007a0000000, 0x00000007a8000000, 0x00000007a8000000)
  eden space 87424K, 100% used [0x00000007a0000000, 0x00000007a5560000, 0x00000007a5560000)
  from space 21824K,  42% used [0x00000007a6ab0000, 0x00000007a73b80c0, 0x00000007a8000000)
  to   space 21824K,   0% used [0x00000007a5560000, 0x00000007a5560000, 0x00000007a6ab0000)
 concurrent mark-sweep generation total 393216K, used 57623K [0x00000007a8000000, 0x00000007c0000000, 0x00000007c0000000)
 Metaspace       used 39498K, capacity 41203K, committed 41432K, reserved 1085440K
  class space    used 4738K, capacity 5109K, committed 5140K, reserved 1048576K
2018-02-17T17:06:16.955+0800: 464.781: [GC (Allocation Failure) 2018-02-17T17:06:16.955+0800: 464.781: [ParNew
Desired survivor size 20112992 bytes, new threshold 8 (max 8)
- age   1:     989920 bytes,     989920 total
- age   2:    2752856 bytes,    3742776 total
- age   3:    2395888 bytes,    6138664 total
- age   4:     910024 bytes,    7048688 total
- age   5:     242600 bytes,    7291288 total
- age   6:     154256 bytes,    7445544 total
- age   7:      82152 bytes,    7527696 total
- age   8:      84832 bytes,    7612528 total
: 96672K->10711K(109248K), 0.0324916 secs] 154295K->68335K(502464K), 0.0325928 secs] [Times: user=0.04 sys=0.00, real=0.03 secs] 
Heap after GC invocations=78 (full 1):
 par new generation   total 109248K, used 10711K [0x00000007a0000000, 0x00000007a8000000, 0x00000007a8000000)
  eden space 87424K,   0% used [0x00000007a0000000, 0x00000007a0000000, 0x00000007a5560000)
  from space 21824K,  49% used [0x00000007a5560000, 0x00000007a5fd5e20, 0x00000007a6ab0000)
  to   space 21824K,   0% used [0x00000007a6ab0000, 0x00000007a6ab0000, 0x00000007a8000000)
 concurrent mark-sweep generation total 393216K, used 57623K [0x00000007a8000000, 0x00000007c0000000, 0x00000007c0000000)
 Metaspace       used 39498K, capacity 41203K, committed 41432K, reserved 1085440K
  class space    used 4738K, capacity 5109K, committed 5140K, reserved 1048576K
}
2018-02-17T17:06:16.987+0800: 464.814: Total time for which application threads were stopped: 0.0329889 seconds, Stopping threads took: 0.0001352 seconds
{Heap before GC invocations=78 (full 1):
 par new generation   total 109248K, used 98135K [0x00000007a0000000, 0x00000007a8000000, 0x00000007a8000000)
  eden space 87424K, 100% used [0x00000007a0000000, 0x00000007a5560000, 0x00000007a5560000)
  from space 21824K,  49% used [0x00000007a5560000, 0x00000007a5fd5e20, 0x00000007a6ab0000)
  to   space 21824K,   0% used [0x00000007a6ab0000, 0x00000007a6ab0000, 0x00000007a8000000)
 concurrent mark-sweep generation total 393216K, used 57623K [0x00000007a8000000, 0x00000007c0000000, 0x00000007c0000000)
 Metaspace       used 39532K, capacity 41203K, committed 41432K, reserved 1085440K
  class space    used 4738K, capacity 5109K, committed 5140K, reserved 1048576K
2018-02-17T17:06:17.049+0800: 464.875: [GC (Allocation Failure) 2018-02-17T17:06:17.049+0800: 464.875: [ParNew
Desired survivor size 20112992 bytes, new threshold 8 (max 8)
- age   1:    1867440 bytes,    1867440 total
- age   2:     399928 bytes,    2267368 total
- age   3:    2203536 bytes,    4470904 total
- age   4:    2395840 bytes,    6866744 total
- age   5:     562480 bytes,    7429224 total
- age   6:     128752 bytes,    7557976 total
- age   7:      85616 bytes,    7643592 total
- age   8:        144 bytes,    7643736 total
: 98135K->8510K(109248K), 0.0129358 secs] 155759K->66159K(502464K), 0.0130099 secs] [Times: user=0.03 sys=0.00, real=0.02 secs] 
Heap after GC invocations=79 (full 1):
 par new generation   total 109248K, used 8510K [0x00000007a0000000, 0x00000007a8000000, 0x00000007a8000000)
  eden space 87424K,   0% used [0x00000007a0000000, 0x00000007a0000000, 0x00000007a5560000)
  from space 21824K,  38% used [0x00000007a6ab0000, 0x00000007a72ffa80, 0x00000007a8000000)
  to   space 21824K,   0% used [0x00000007a5560000, 0x00000007a5560000, 0x00000007a6ab0000)
 concurrent mark-sweep generation total 393216K, used 57649K [0x00000007a8000000, 0x00000007c0000000, 0x00000007c0000000)
 Metaspace       used 39532K, capacity 41203K, committed 41432K, reserved 1085440K
  class space    used 4738K, capacity 5109K, committed 5140K, reserved 1048576K
}
2018-02-17T17:06:17.062+0800: 464.888: Total time for which application threads were stopped: 0.0133361 seconds, Stopping threads took: 0.0000318 seconds
{Heap before GC invocations=79 (full 1):
 par new generation   total 109248K, used 95931K [0x00000007a0000000, 0x00000007a8000000, 0x00000007a8000000)
  eden space 87424K,  99% used [0x00000007a0000000, 0x00000007a555f3c0, 0x00000007a5560000)
  from space 21824K,  38% used [0x00000007a6ab0000, 0x00000007a72ffa80, 0x00000007a8000000)
  to   space 21824K,   0% used [0x00000007a5560000, 0x00000007a5560000, 0x00000007a6ab0000)
 concurrent mark-sweep generation total 393216K, used 57649K [0x00000007a8000000, 0x00000007c0000000, 0x00000007c0000000)
 Metaspace       used 39580K, capacity 41267K, committed 41432K, reserved 1085440K
  class space    used 4738K, capacity 5109K, committed 5140K, reserved 1048576K
2018-02-17T17:06:17.199+0800: 465.025: [GC (Allocation Failure) 2018-02-17T17:06:17.199+0800: 465.025: [ParNew
Desired survivor size 20112992 bytes, new threshold 8 (max 8)
- age   1:     899808 bytes,     899808 total
- age   2:    1229456 bytes,    2129264 total
- age   3:     357488 bytes,    2486752 total
- age   4:    2168392 bytes,    4655144 total
- age   5:    2395680 bytes,    7050824 total
- age   6:     556456 bytes,    7607280 total
- age   7:        896 bytes,    7608176 total
- age   8:       4168 bytes,    7612344 total
: 95931K->10141K(109248K), 0.0659791 secs] 153580K->67791K(502464K), 0.0660690 secs] [Times: user=0.06 sys=0.00, real=0.07 secs] 
Heap after GC invocations=80 (full 1):
 par new generation   total 109248K, used 10141K [0x00000007a0000000, 0x00000007a8000000, 0x00000007a8000000)
  eden space 87424K,   0% used [0x00000007a0000000, 0x00000007a0000000, 0x00000007a5560000)
  from space 21824K,  46% used [0x00000007a5560000, 0x00000007a5f47768, 0x00000007a6ab0000)
  to   space 21824K,   0% used [0x00000007a6ab0000, 0x00000007a6ab0000, 0x00000007a8000000)
 concurrent mark-sweep generation total 393216K, used 57649K [0x00000007a8000000, 0x00000007c0000000, 0x00000007c0000000)
 Metaspace       used 39580K, capacity 41267K, committed 41432K, reserved 1085440K
  class space    used 4738K, capacity 5109K, committed 5140K, reserved 1048576K
}
2018-02-17T17:06:17.265+0800: 465.091: Total time for which application threads were stopped: 0.0664167 seconds, Stopping threads took: 0.0000514 seconds
{Heap before GC invocations=80 (full 1):
 par new generation   total 109248K, used 97565K [0x00000007a0000000, 0x00000007a8000000, 0x00000007a8000000)
  eden space 87424K, 100% used [0x00000007a0000000, 0x00000007a5560000, 0x00000007a5560000)
  from space 21824K,  46% used [0x00000007a5560000, 0x00000007a5f47768, 0x00000007a6ab0000)
  to   space 21824K,   0% used [0x00000007a6ab0000, 0x00000007a6ab0000, 0x00000007a8000000)
 concurrent mark-sweep generation total 393216K, used 57649K [0x00000007a8000000, 0x00000007c0000000, 0x00000007c0000000)
 Metaspace       used 39588K, capacity 41267K, committed 41432K, reserved 1085440K
  class space    used 4738K, capacity 5109K, committed 5140K, reserved 1048576K
2018-02-17T17:06:17.314+0800: 465.140: [GC (Allocation Failure) 2018-02-17T17:06:17.314+0800: 465.140: [ParNew
Desired survivor size 20112992 bytes, new threshold 8 (max 8)
- age   1:    1444792 bytes,    1444792 total
- age   2:     881792 bytes,    2326584 total
- age   3:     663800 bytes,    2990384 total
- age   4:     220400 bytes,    3210784 total
- age   5:    1914592 bytes,    5125376 total
- age   6:    2395648 bytes,    7521024 total
- age   7:     556456 bytes,    8077480 total
- age   8:        896 bytes,    8078376 total
: 97565K->8920K(109248K), 0.0161449 secs] 155215K->66573K(502464K), 0.0162159 secs] [Times: user=0.03 sys=0.01, real=0.02 secs] 
Heap after GC invocations=81 (full 1):
 par new generation   total 109248K, used 8920K [0x00000007a0000000, 0x00000007a8000000, 0x00000007a8000000)
  eden space 87424K,   0% used [0x00000007a0000000, 0x00000007a0000000, 0x00000007a5560000)
  from space 21824K,  40% used [0x00000007a6ab0000, 0x00000007a7366138, 0x00000007a8000000)
  to   space 21824K,   0% used [0x00000007a5560000, 0x00000007a5560000, 0x00000007a6ab0000)
 concurrent mark-sweep generation total 393216K, used 57653K [0x00000007a8000000, 0x00000007c0000000, 0x00000007c0000000)
 Metaspace       used 39588K, capacity 41267K, committed 41432K, reserved 1085440K
  class space    used 4738K, capacity 5109K, committed 5140K, reserved 1048576K
}
2018-02-17T17:06:17.330+0800: 465.157: Total time for which application threads were stopped: 0.0164774 seconds, Stopping threads took: 0.0000270 seconds
{Heap before GC invocations=81 (full 1):
 par new generation   total 109248K, used 96344K [0x00000007a0000000, 0x00000007a8000000, 0x00000007a8000000)
  eden space 87424K, 100% used [0x00000007a0000000, 0x00000007a5560000, 0x00000007a5560000)
  from space 21824K,  40% used [0x00000007a6ab0000, 0x00000007a7366138, 0x00000007a8000000)
  to   space 21824K,   0% used [0x00000007a5560000, 0x00000007a5560000, 0x00000007a6ab0000)
 concurrent mark-sweep generation total 393216K, used 57653K [0x00000007a8000000, 0x00000007c0000000, 0x00000007c0000000)
 Metaspace       used 39625K, capacity 41331K, committed 41432K, reserved 1085440K
  class space    used 4738K, capacity 5109K, committed 5140K, reserved 1048576K
2018-02-17T17:06:17.427+0800: 465.253: [GC (Allocation Failure) 2018-02-17T17:06:17.427+0800: 465.253: [ParNew
Desired survivor size 20112992 bytes, new threshold 8 (max 8)
- age   1:    1079720 bytes,    1079720 total
- age   2:     844040 bytes,    1923760 total
- age   3:     830512 bytes,    2754272 total
- age   4:     663568 bytes,    3417840 total
- age   5:     218136 bytes,    3635976 total
- age   6:    1793208 bytes,    5429184 total
- age   7:    2309656 bytes,    7738840 total
- age   8:     485904 bytes,    8224744 total
: 96344K->10621K(109248K), 0.0397838 secs] 153997K->68275K(502464K), 0.0398741 secs] [Times: user=0.03 sys=0.00, real=0.04 secs] 
Heap after GC invocations=82 (full 1):
 par new generation   total 109248K, used 10621K [0x00000007a0000000, 0x00000007a8000000, 0x00000007a8000000)
  eden space 87424K,   0% used [0x00000007a0000000, 0x00000007a0000000, 0x00000007a5560000)
  from space 21824K,  48% used [0x00000007a5560000, 0x00000007a5fbf530, 0x00000007a6ab0000)
  to   space 21824K,   0% used [0x00000007a6ab0000, 0x00000007a6ab0000, 0x00000007a8000000)
 concurrent mark-sweep generation total 393216K, used 57654K [0x00000007a8000000, 0x00000007c0000000, 0x00000007c0000000)
 Metaspace       used 39625K, capacity 41331K, committed 41432K, reserved 1085440K
  class space    used 4738K, capacity 5109K, committed 5140K, reserved 1048576K
}
2018-02-17T17:06:17.466+0800: 465.293: Total time for which application threads were stopped: 0.0509319 seconds, Stopping threads took: 0.0108008 seconds
{Heap before GC invocations=82 (full 1):
 par new generation   total 109248K, used 98045K [0x00000007a0000000, 0x00000007a8000000, 0x00000007a8000000)
  eden space 87424K, 100% used [0x00000007a0000000, 0x00000007a5560000, 0x00000007a5560000)
  from space 21824K,  48% used [0x00000007a5560000, 0x00000007a5fbf530, 0x00000007a6ab0000)
  to   space 21824K,   0% used [0x00000007a6ab0000, 0x00000007a6ab0000, 0x00000007a8000000)
 concurrent mark-sweep generation total 393216K, used 57654K [0x00000007a8000000, 0x00000007c0000000, 0x00000007c0000000)
 Metaspace       used 39636K, capacity 41331K, committed 41432K, reserved 1085440K
  class space    used 4738K, capacity 5109K, committed 5140K, reserved 1048576K
2018-02-17T17:06:17.540+0800: 465.366: [GC (Allocation Failure) 2018-02-17T17:06:17.540+0800: 465.366: [ParNew
Desired survivor size 20112992 bytes, new threshold 8 (max 8)
- age   1:     356248 bytes,     356248 total
- age   2:     897360 bytes,    1253608 total
- age   3:     842784 bytes,    2096392 total
- age   4:     818128 bytes,    2914520 total
- age   5:     663472 bytes,    3577992 total
- age   6:     218136 bytes,    3796128 total
- age   7:    1793208 bytes,    5589336 total
- age   8:    2309656 bytes,    7898992 total
: 98045K->8980K(109248K), 0.0744674 secs] 155699K->67115K(502464K), 0.0745465 secs] [Times: user=0.03 sys=0.00, real=0.07 secs] 
Heap after GC invocations=83 (full 1):
 par new generation   total 109248K, used 8980K [0x00000007a0000000, 0x00000007a8000000, 0x00000007a8000000)
  eden space 87424K,   0% used [0x00000007a0000000, 0x00000007a0000000, 0x00000007a5560000)
  from space 21824K,  41% used [0x00000007a6ab0000, 0x00000007a73753d0, 0x00000007a8000000)
  to   space 21824K,   0% used [0x00000007a5560000, 0x00000007a5560000, 0x00000007a6ab0000)
 concurrent mark-sweep generation total 393216K, used 58134K [0x00000007a8000000, 0x00000007c0000000, 0x00000007c0000000)
 Metaspace       used 39636K, capacity 41331K, committed 41432K, reserved 1085440K
  class space    used 4738K, capacity 5109K, committed 5140K, reserved 1048576K
}
2018-02-17T17:06:17.614+0800: 465.441: Total time for which application threads were stopped: 0.0748376 seconds, Stopping threads took: 0.0000235 seconds
{Heap before GC invocations=83 (full 1):
 par new generation   total 109248K, used 96404K [0x00000007a0000000, 0x00000007a8000000, 0x00000007a8000000)
  eden space 87424K, 100% used [0x00000007a0000000, 0x00000007a5560000, 0x00000007a5560000)
  from space 21824K,  41% used [0x00000007a6ab0000, 0x00000007a73753d0, 0x00000007a8000000)
  to   space 21824K,   0% used [0x00000007a5560000, 0x00000007a5560000, 0x00000007a6ab0000)
 concurrent mark-sweep generation total 393216K, used 58134K [0x00000007a8000000, 0x00000007c0000000, 0x00000007c0000000)
 Metaspace       used 39642K, capacity 41331K, committed 41432K, reserved 1085440K
  class space    used 4739K, capacity 5109K, committed 5140K, reserved 1048576K
2018-02-17T17:06:17.656+0800: 465.482: [GC (Allocation Failure) 2018-02-17T17:06:17.656+0800: 465.482: [ParNew
Desired survivor size 20112992 bytes, new threshold 8 (max 8)
- age   1:    2766320 bytes,    2766320 total
- age   2:     184112 bytes,    2950432 total
- age   3:     329760 bytes,    3280192 total
- age   4:     306632 bytes,    3586824 total
- age   5:     784928 bytes,    4371752 total
- age   6:     663472 bytes,    5035224 total
- age   7:     218136 bytes,    5253360 total
- age   8:    1793176 bytes,    7046536 total
: 96404K->8757K(109248K), 0.0142447 secs] 154539K->69147K(502464K), 0.0143372 secs] [Times: user=0.02 sys=0.00, real=0.02 secs] 
Heap after GC invocations=84 (full 1):
 par new generation   total 109248K, used 8757K [0x00000007a0000000, 0x00000007a8000000, 0x00000007a8000000)
  eden space 87424K,   0% used [0x00000007a0000000, 0x00000007a0000000, 0x00000007a5560000)
  from space 21824K,  40% used [0x00000007a5560000, 0x00000007a5ded438, 0x00000007a6ab0000)
  to   space 21824K,   0% used [0x00000007a6ab0000, 0x00000007a6ab0000, 0x00000007a8000000)
 concurrent mark-sweep generation total 393216K, used 60390K [0x00000007a8000000, 0x00000007c0000000, 0x00000007c0000000)
 Metaspace       used 39642K, capacity 41331K, committed 41432K, reserved 1085440K
  class space    used 4739K, capacity 5109K, committed 5140K, reserved 1048576K
}
2018-02-17T17:06:17.670+0800: 465.497: Total time for which application threads were stopped: 0.0146795 seconds, Stopping threads took: 0.0000548 seconds
{Heap before GC invocations=84 (full 1):
 par new generation   total 109248K, used 96181K [0x00000007a0000000, 0x00000007a8000000, 0x00000007a8000000)
  eden space 87424K, 100% used [0x00000007a0000000, 0x00000007a5560000, 0x00000007a5560000)
  from space 21824K,  40% used [0x00000007a5560000, 0x00000007a5ded438, 0x00000007a6ab0000)
  to   space 21824K,   0% used [0x00000007a6ab0000, 0x00000007a6ab0000, 0x00000007a8000000)
 concurrent mark-sweep generation total 393216K, used 60390K [0x00000007a8000000, 0x00000007c0000000, 0x00000007c0000000)
 Metaspace       used 39642K, capacity 41331K, committed 41432K, reserved 1085440K
  class space    used 4739K, capacity 5109K, committed 5140K, reserved 1048576K
2018-02-17T17:06:17.690+0800: 465.516: [GC (Allocation Failure) 2018-02-17T17:06:17.690+0800: 465.516: [ParNew
Desired survivor size 20112992 bytes, new threshold 8 (max 8)
- age   1:     696184 bytes,     696184 total
- age   2:    2224720 bytes,    2920904 total
- age   3:     184112 bytes,    3105016 total
- age   4:     329760 bytes,    3434776 total
- age   5:     306632 bytes,    3741408 total
- age   6:     784928 bytes,    4526336 total
- age   7:     663472 bytes,    5189808 total
- age   8:     218136 bytes,    5407944 total
: 96181K->6412K(109248K), 0.0308321 secs] 156571K->68561K(502464K), 0.0309126 secs] [Times: user=0.03 sys=0.00, real=0.03 secs] 
Heap after GC invocations=85 (full 1):
 par new generation   total 109248K, used 6412K [0x00000007a0000000, 0x00000007a8000000, 0x00000007a8000000)
  eden space 87424K,   0% used [0x00000007a0000000, 0x00000007a0000000, 0x00000007a5560000)
  from space 21824K,  29% used [0x00000007a6ab0000, 0x00000007a70f3040, 0x00000007a8000000)
  to   space 21824K,   0% used [0x00000007a5560000, 0x00000007a5560000, 0x00000007a6ab0000)
 concurrent mark-sweep generation total 393216K, used 62149K [0x00000007a8000000, 0x00000007c0000000, 0x00000007c0000000)
 Metaspace       used 39642K, capacity 41331K, committed 41432K, reserved 1085440K
  class space    used 4739K, capacity 5109K, committed 5140K, reserved 1048576K
}
2018-02-17T17:06:17.721+0800: 465.547: Total time for which application threads were stopped: 0.0312563 seconds, Stopping threads took: 0.0000851 seconds
{Heap before GC invocations=85 (full 1):
 par new generation   total 109248K, used 93836K [0x00000007a0000000, 0x00000007a8000000, 0x00000007a8000000)
  eden space 87424K, 100% used [0x00000007a0000000, 0x00000007a5560000, 0x00000007a5560000)
  from space 21824K,  29% used [0x00000007a6ab0000, 0x00000007a70f3040, 0x00000007a8000000)
  to   space 21824K,   0% used [0x00000007a5560000, 0x00000007a5560000, 0x00000007a6ab0000)
 concurrent mark-sweep generation total 393216K, used 62149K [0x00000007a8000000, 0x00000007c0000000, 0x00000007c0000000)
 Metaspace       used 39642K, capacity 41331K, committed 41432K, reserved 1085440K
  class space    used 4739K, capacity 5109K, committed 5140K, reserved 1048576K
2018-02-17T17:06:17.756+0800: 465.582: [GC (Allocation Failure) 2018-02-17T17:06:17.756+0800: 465.582: [ParNew
Desired survivor size 20112992 bytes, new threshold 8 (max 8)
- age   1:     305480 bytes,     305480 total
- age   2:     100072 bytes,     405552 total
- age   3:    2223544 bytes,    2629096 total
- age   4:     184112 bytes,    2813208 total
- age   5:     329760 bytes,    3142968 total
- age   6:     306632 bytes,    3449600 total
- age   7:     784928 bytes,    4234528 total
- age   8:     663472 bytes,    4898000 total
: 93836K->8345K(109248K), 0.0405609 secs] 155985K->70710K(502464K), 0.0406397 secs] [Times: user=0.03 sys=0.00, real=0.04 secs] 
Heap after GC invocations=86 (full 1):
 par new generation   total 109248K, used 8345K [0x00000007a0000000, 0x00000007a8000000, 0x00000007a8000000)
  eden space 87424K,   0% used [0x00000007a0000000, 0x00000007a0000000, 0x00000007a5560000)
  from space 21824K,  38% used [0x00000007a5560000, 0x00000007a5d867a0, 0x00000007a6ab0000)
  to   space 21824K,   0% used [0x00000007a6ab0000, 0x00000007a6ab0000, 0x00000007a8000000)
 concurrent mark-sweep generation total 393216K, used 62364K [0x00000007a8000000, 0x00000007c0000000, 0x00000007c0000000)
 Metaspace       used 39642K, capacity 41331K, committed 41432K, reserved 1085440K
  class space    used 4739K, capacity 5109K, committed 5140K, reserved 1048576K
}
2018-02-17T17:06:17.797+0800: 465.623: Total time for which application threads were stopped: 0.0409496 seconds, Stopping threads took: 0.0000269 seconds
{Heap before GC invocations=86 (full 1):
 par new generation   total 109248K, used 95769K [0x00000007a0000000, 0x00000007a8000000, 0x00000007a8000000)
  eden space 87424K, 100% used [0x00000007a0000000, 0x00000007a5560000, 0x00000007a5560000)
  from space 21824K,  38% used [0x00000007a5560000, 0x00000007a5d867a0, 0x00000007a6ab0000)
  to   space 21824K,   0% used [0x00000007a6ab0000, 0x00000007a6ab0000, 0x00000007a8000000)
 concurrent mark-sweep generation total 393216K, used 62364K [0x00000007a8000000, 0x00000007c0000000, 0x00000007c0000000)
 Metaspace       used 39676K, capacity 41331K, committed 41432K, reserved 1085440K
  class space    used 4739K, capacity 5109K, committed 5140K, reserved 1048576K
2018-02-17T17:06:17.896+0800: 465.723: [GC (Allocation Failure) 2018-02-17T17:06:17.896+0800: 465.723: [ParNew
Desired survivor size 20112992 bytes, new threshold 8 (max 8)
- age   1:    1917704 bytes,    1917704 total
- age   2:     123568 bytes,    2041272 total
- age   3:      99352 bytes,    2140624 total
- age   4:    1168048 bytes,    3308672 total
- age   5:      71856 bytes,    3380528 total
- age   6:     206104 bytes,    3586632 total
- age   7:     241048 bytes,    3827680 total
- age   8:     303616 bytes,    4131296 total
: 95769K->5173K(109248K), 0.0199502 secs] 158134K->68078K(502464K), 0.0200286 secs] [Times: user=0.03 sys=0.00, real=0.02 secs] 
Heap after GC invocations=87 (full 1):
 par new generation   total 109248K, used 5173K [0x00000007a0000000, 0x00000007a8000000, 0x00000007a8000000)
  eden space 87424K,   0% used [0x00000007a0000000, 0x00000007a0000000, 0x00000007a5560000)
  from space 21824K,  23% used [0x00000007a6ab0000, 0x00000007a6fbd600, 0x00000007a8000000)
  to   space 21824K,   0% used [0x00000007a5560000, 0x00000007a5560000, 0x00000007a6ab0000)
 concurrent mark-sweep generation total 393216K, used 62904K [0x00000007a8000000, 0x00000007c0000000, 0x00000007c0000000)
 Metaspace       used 39676K, capacity 41331K, committed 41432K, reserved 1085440K
  class space    used 4739K, capacity 5109K, committed 5140K, reserved 1048576K
}
2018-02-17T17:06:17.916+0800: 465.743: Total time for which application threads were stopped: 0.0203239 seconds, Stopping threads took: 0.0000346 seconds
{Heap before GC invocations=87 (full 1):
 par new generation   total 109248K, used 92597K [0x00000007a0000000, 0x00000007a8000000, 0x00000007a8000000)
  eden space 87424K, 100% used [0x00000007a0000000, 0x00000007a5560000, 0x00000007a5560000)
  from space 21824K,  23% used [0x00000007a6ab0000, 0x00000007a6fbd600, 0x00000007a8000000)
  to   space 21824K,   0% used [0x00000007a5560000, 0x00000007a5560000, 0x00000007a6ab0000)
 concurrent mark-sweep generation total 393216K, used 62904K [0x00000007a8000000, 0x00000007c0000000, 0x00000007c0000000)
 Metaspace       used 39740K, capacity 41463K, committed 41688K, reserved 1085440K
  class space    used 4739K, capacity 5109K, committed 5140K, reserved 1048576K
2018-02-17T17:06:18.054+0800: 465.880: [GC (Allocation Failure) 2018-02-17T17:06:18.054+0800: 465.880: [ParNew
Desired survivor size 20112992 bytes, new threshold 8 (max 8)
- age   1:    2147648 bytes,    2147648 total
- age   2:    1715528 bytes,    3863176 total
- age   3:     123320 bytes,    3986496 total
- age   4:      99352 bytes,    4085848 total
- age   5:     156736 bytes,    4242584 total
- age   6:       3320 bytes,    4245904 total
- age   7:     160352 bytes,    4406256 total
- age   8:      69624 bytes,    4475880 total
: 92597K->6426K(109248K), 0.0658655 secs] 155502K->69627K(502464K), 0.0659467 secs] [Times: user=0.05 sys=0.01, real=0.07 secs] 
Heap after GC invocations=88 (full 1):
 par new generation   total 109248K, used 6426K [0x00000007a0000000, 0x00000007a8000000, 0x00000007a8000000)
  eden space 87424K,   0% used [0x00000007a0000000, 0x00000007a0000000, 0x00000007a5560000)
  from space 21824K,  29% used [0x00000007a5560000, 0x00000007a5ba6bf0, 0x00000007a6ab0000)
  to   space 21824K,   0% used [0x00000007a6ab0000, 0x00000007a6ab0000, 0x00000007a8000000)
 concurrent mark-sweep generation total 393216K, used 63200K [0x00000007a8000000, 0x00000007c0000000, 0x00000007c0000000)
 Metaspace       used 39740K, capacity 41463K, committed 41688K, reserved 1085440K
  class space    used 4739K, capacity 5109K, committed 5140K, reserved 1048576K
}
2018-02-17T17:06:18.120+0800: 465.946: Total time for which application threads were stopped: 0.0772346 seconds, Stopping threads took: 0.0110036 seconds
{Heap before GC invocations=88 (full 1):
 par new generation   total 109248K, used 93850K [0x00000007a0000000, 0x00000007a8000000, 0x00000007a8000000)
  eden space 87424K, 100% used [0x00000007a0000000, 0x00000007a5560000, 0x00000007a5560000)
  from space 21824K,  29% used [0x00000007a5560000, 0x00000007a5ba6bf0, 0x00000007a6ab0000)
  to   space 21824K,   0% used [0x00000007a6ab0000, 0x00000007a6ab0000, 0x00000007a8000000)
 concurrent mark-sweep generation total 393216K, used 63200K [0x00000007a8000000, 0x00000007c0000000, 0x00000007c0000000)
 Metaspace       used 39740K, capacity 41463K, committed 41688K, reserved 1085440K
  class space    used 4739K, capacity 5109K, committed 5140K, reserved 1048576K
2018-02-17T17:06:18.157+0800: 465.983: [GC (Allocation Failure) 2018-02-17T17:06:18.157+0800: 465.983: [ParNew
Desired survivor size 20112992 bytes, new threshold 8 (max 8)
- age   1:     752352 bytes,     752352 total
- age   2:    1967456 bytes,    2719808 total
- age   3:    1683040 bytes,    4402848 total
- age   4:     123320 bytes,    4526168 total
- age   5:      99352 bytes,    4625520 total
- age   6:     156736 bytes,    4782256 total
- age   7:       3320 bytes,    4785576 total
- age   8:     160352 bytes,    4945928 total
: 93850K->5699K(109248K), 0.0637829 secs] 157051K->68968K(502464K), 0.0638830 secs] [Times: user=0.06 sys=0.00, real=0.07 secs] 
Heap after GC invocations=89 (full 1):
 par new generation   total 109248K, used 5699K [0x00000007a0000000, 0x00000007a8000000, 0x00000007a8000000)
  eden space 87424K,   0% used [0x00000007a0000000, 0x00000007a0000000, 0x00000007a5560000)
  from space 21824K,  26% used [0x00000007a6ab0000, 0x00000007a7040f40, 0x00000007a8000000)
  to   space 21824K,   0% used [0x00000007a5560000, 0x00000007a5560000, 0x00000007a6ab0000)
 concurrent mark-sweep generation total 393216K, used 63269K [0x00000007a8000000, 0x00000007c0000000, 0x00000007c0000000)
 Metaspace       used 39740K, capacity 41463K, committed 41688K, reserved 1085440K
  class space    used 4739K, capacity 5109K, committed 5140K, reserved 1048576K
}
2018-02-17T17:06:18.221+0800: 466.047: Total time for which application threads were stopped: 0.0641715 seconds, Stopping threads took: 0.0000415 seconds
{Heap before GC invocations=89 (full 1):
 par new generation   total 109248K, used 93123K [0x00000007a0000000, 0x00000007a8000000, 0x00000007a8000000)
  eden space 87424K, 100% used [0x00000007a0000000, 0x00000007a5560000, 0x00000007a5560000)
  from space 21824K,  26% used [0x00000007a6ab0000, 0x00000007a7040f40, 0x00000007a8000000)
  to   space 21824K,   0% used [0x00000007a5560000, 0x00000007a5560000, 0x00000007a6ab0000)
 concurrent mark-sweep generation total 393216K, used 63269K [0x00000007a8000000, 0x00000007c0000000, 0x00000007c0000000)
 Metaspace       used 39748K, capacity 41463K, committed 41688K, reserved 1085440K
  class space    used 4739K, capacity 5109K, committed 5140K, reserved 1048576K
2018-02-17T17:06:18.283+0800: 466.110: [GC (Allocation Failure) 2018-02-17T17:06:18.283+0800: 466.110: [ParNew
Desired survivor size 20112992 bytes, new threshold 8 (max 8)
- age   1:    1803264 bytes,    1803264 total
- age   2:     316112 bytes,    2119376 total
- age   3:    1956736 bytes,    4076112 total
- age   4:    1111712 bytes,    5187824 total
- age   5:     123320 bytes,    5311144 total
- age   6:      99352 bytes,    5410496 total
- age   7:     156640 bytes,    5567136 total
- age   8:       3320 bytes,    5570456 total
: 93123K->8511K(109248K), 0.0507026 secs] 156392K->71937K(502464K), 0.0507848 secs] [Times: user=0.04 sys=0.00, real=0.05 secs] 
Heap after GC invocations=90 (full 1):
 par new generation   total 109248K, used 8511K [0x00000007a0000000, 0x00000007a8000000, 0x00000007a8000000)
  eden space 87424K,   0% used [0x00000007a0000000, 0x00000007a0000000, 0x00000007a5560000)
  from space 21824K,  38% used [0x00000007a5560000, 0x00000007a5dafd00, 0x00000007a6ab0000)
  to   space 21824K,   0% used [0x00000007a6ab0000, 0x00000007a6ab0000, 0x00000007a8000000)
 concurrent mark-sweep generation total 393216K, used 63425K [0x00000007a8000000, 0x00000007c0000000, 0x00000007c0000000)
 Metaspace       used 39748K, capacity 41463K, committed 41688K, reserved 1085440K
  class space    used 4739K, capacity 5109K, committed 5140K, reserved 1048576K
}
2018-02-17T17:06:18.334+0800: 466.160: Total time for which application threads were stopped: 0.0511018 seconds, Stopping threads took: 0.0000828 seconds
{Heap before GC invocations=90 (full 1):
 par new generation   total 109248K, used 95935K [0x00000007a0000000, 0x00000007a8000000, 0x00000007a8000000)
  eden space 87424K, 100% used [0x00000007a0000000, 0x00000007a5560000, 0x00000007a5560000)
  from space 21824K,  38% used [0x00000007a5560000, 0x00000007a5dafd00, 0x00000007a6ab0000)
  to   space 21824K,   0% used [0x00000007a6ab0000, 0x00000007a6ab0000, 0x00000007a8000000)
 concurrent mark-sweep generation total 393216K, used 63425K [0x00000007a8000000, 0x00000007c0000000, 0x00000007c0000000)
 Metaspace       used 39785K, capacity 41527K, committed 41688K, reserved 1085440K
  class space    used 4739K, capacity 5109K, committed 5140K, reserved 1048576K
2018-02-17T17:06:18.441+0800: 466.267: [GC (Allocation Failure) 2018-02-17T17:06:18.441+0800: 466.268: [ParNew
Desired survivor size 20112992 bytes, new threshold 8 (max 8)
- age   1:     837976 bytes,     837976 total
- age   2:    1201248 bytes,    2039224 total
- age   3:     310160 bytes,    2349384 total
- age   4:    1955728 bytes,    4305112 total
- age   5:    1111712 bytes,    5416824 total
- age   6:     123320 bytes,    5540144 total
- age   7:      99352 bytes,    5639496 total
- age   8:     156640 bytes,    5796136 total
: 95935K->7271K(109248K), 0.0759573 secs] 159361K->70700K(502464K), 0.0767003 secs] [Times: user=0.03 sys=0.00, real=0.07 secs] 
Heap after GC invocations=91 (full 1):
 par new generation   total 109248K, used 7271K [0x00000007a0000000, 0x00000007a8000000, 0x00000007a8000000)
  eden space 87424K,   0% used [0x00000007a0000000, 0x00000007a0000000, 0x00000007a5560000)
  from space 21824K,  33% used [0x00000007a6ab0000, 0x00000007a71c9e80, 0x00000007a8000000)
  to   space 21824K,   0% used [0x00000007a5560000, 0x00000007a5560000, 0x00000007a6ab0000)
 concurrent mark-sweep generation total 393216K, used 63429K [0x00000007a8000000, 0x00000007c0000000, 0x00000007c0000000)
 Metaspace       used 39785K, capacity 41527K, committed 41688K, reserved 1085440K
  class space    used 4739K, capacity 5109K, committed 5140K, reserved 1048576K
}
2018-02-17T17:06:18.517+0800: 466.344: Total time for which application threads were stopped: 0.0878488 seconds, Stopping threads took: 0.0108317 seconds
{Heap before GC invocations=91 (full 1):
 par new generation   total 109248K, used 94695K [0x00000007a0000000, 0x00000007a8000000, 0x00000007a8000000)
  eden space 87424K, 100% used [0x00000007a0000000, 0x00000007a5560000, 0x00000007a5560000)
  from space 21824K,  33% used [0x00000007a6ab0000, 0x00000007a71c9e80, 0x00000007a8000000)
  to   space 21824K,   0% used [0x00000007a5560000, 0x00000007a5560000, 0x00000007a6ab0000)
 concurrent mark-sweep generation total 393216K, used 63429K [0x00000007a8000000, 0x00000007c0000000, 0x00000007c0000000)
 Metaspace       used 39804K, capacity 41527K, committed 41688K, reserved 1085440K
  class space    used 4739K, capacity 5109K, committed 5140K, reserved 1048576K
2018-02-17T17:06:18.572+0800: 466.398: [GC (Allocation Failure) 2018-02-17T17:06:18.572+0800: 466.398: [ParNew
Desired survivor size 20112992 bytes, new threshold 8 (max 8)
- age   1:    1839536 bytes,    1839536 total
- age   2:     635184 bytes,    2474720 total
- age   3:     185496 bytes,    2660216 total
- age   4:     304192 bytes,    2964408 total
- age   5:    1271592 bytes,    4236000 total
- age   6:     817296 bytes,    5053296 total
- age   7:     123320 bytes,    5176616 total
- age   8:      99352 bytes,    5275968 total
: 94695K->7276K(109248K), 0.0541368 secs] 158124K->70860K(502464K), 0.0542157 secs] [Times: user=0.07 sys=0.00, real=0.05 secs] 
Heap after GC invocations=92 (full 1):
 par new generation   total 109248K, used 7276K [0x00000007a0000000, 0x00000007a8000000, 0x00000007a8000000)
  eden space 87424K,   0% used [0x00000007a0000000, 0x00000007a0000000, 0x00000007a5560000)
  from space 21824K,  33% used [0x00000007a5560000, 0x00000007a5c7b350, 0x00000007a6ab0000)
  to   space 21824K,   0% used [0x00000007a6ab0000, 0x00000007a6ab0000, 0x00000007a8000000)
 concurrent mark-sweep generation total 393216K, used 63584K [0x00000007a8000000, 0x00000007c0000000, 0x00000007c0000000)
 Metaspace       used 39804K, capacity 41527K, committed 41688K, reserved 1085440K
  class space    used 4739K, capacity 5109K, committed 5140K, reserved 1048576K
}
2018-02-17T17:06:18.626+0800: 466.452: Total time for which application threads were stopped: 0.0545942 seconds, Stopping threads took: 0.0000998 seconds
{Heap before GC invocations=92 (full 1):
 par new generation   total 109248K, used 94700K [0x00000007a0000000, 0x00000007a8000000, 0x00000007a8000000)
  eden space 87424K, 100% used [0x00000007a0000000, 0x00000007a5560000, 0x00000007a5560000)
  from space 21824K,  33% used [0x00000007a5560000, 0x00000007a5c7b350, 0x00000007a6ab0000)
  to   space 21824K,   0% used [0x00000007a6ab0000, 0x00000007a6ab0000, 0x00000007a8000000)
 concurrent mark-sweep generation total 393216K, used 63584K [0x00000007a8000000, 0x00000007c0000000, 0x00000007c0000000)
 Metaspace       used 39888K, capacity 41591K, committed 41688K, reserved 1085440K
  class space    used 4739K, capacity 5109K, committed 5140K, reserved 1048576K
2018-02-17T17:06:18.863+0800: 466.690: [GC (Allocation Failure) 2018-02-17T17:06:18.863+0800: 466.690: [ParNew
Desired survivor size 20112992 bytes, new threshold 8 (max 8)
- age   1:    3163216 bytes,    3163216 total
- age   2:     312296 bytes,    3475512 total
- age   3:     502752 bytes,    3978264 total
- age   4:     163008 bytes,    4141272 total
- age   5:     142640 bytes,    4283912 total
- age   6:     954696 bytes,    5238608 total
- age   7:     161632 bytes,    5400240 total
- age   8:     123320 bytes,    5523560 total
: 94700K->7076K(109248K), 0.0372695 secs] 158284K->70759K(502464K), 0.0373544 secs] [Times: user=0.02 sys=0.00, real=0.04 secs] 
Heap after GC invocations=93 (full 1):
 par new generation   total 109248K, used 7076K [0x00000007a0000000, 0x00000007a8000000, 0x00000007a8000000)
  eden space 87424K,   0% used [0x00000007a0000000, 0x00000007a0000000, 0x00000007a5560000)
  from space 21824K,  32% used [0x00000007a6ab0000, 0x00000007a7199028, 0x00000007a8000000)
  to   space 21824K,   0% used [0x00000007a5560000, 0x00000007a5560000, 0x00000007a6ab0000)
 concurrent mark-sweep generation total 393216K, used 63683K [0x00000007a8000000, 0x00000007c0000000, 0x00000007c0000000)
 Metaspace       used 39888K, capacity 41591K, committed 41688K, reserved 1085440K
  class space    used 4739K, capacity 5109K, committed 5140K, reserved 1048576K
}
2018-02-17T17:06:18.901+0800: 466.727: Total time for which application threads were stopped: 0.0377335 seconds, Stopping threads took: 0.0000447 seconds
{Heap before GC invocations=93 (full 1):
 par new generation   total 109248K, used 94500K [0x00000007a0000000, 0x00000007a8000000, 0x00000007a8000000)
  eden space 87424K, 100% used [0x00000007a0000000, 0x00000007a5560000, 0x00000007a5560000)
  from space 21824K,  32% used [0x00000007a6ab0000, 0x00000007a7199028, 0x00000007a8000000)
  to   space 21824K,   0% used [0x00000007a5560000, 0x00000007a5560000, 0x00000007a6ab0000)
 concurrent mark-sweep generation total 393216K, used 63683K [0x00000007a8000000, 0x00000007c0000000, 0x00000007c0000000)
 Metaspace       used 40152K, capacity 41915K, committed 42200K, reserved 1087488K
  class space    used 4741K, capacity 5109K, committed 5140K, reserved 1048576K
2018-02-17T17:06:19.404+0800: 467.230: [GC (Allocation Failure) 2018-02-17T17:06:19.404+0800: 467.230: [ParNew
Desired survivor size 20112992 bytes, new threshold 8 (max 8)
- age   1:    6688600 bytes,    6688600 total
- age   2:    2145400 bytes,    8834000 total
- age   3:     300144 bytes,    9134144 total
- age   4:     502224 bytes,    9636368 total
- age   5:     162752 bytes,    9799120 total
- age   6:     142544 bytes,    9941664 total
- age   7:     952640 bytes,   10894304 total
- age   8:     161512 bytes,   11055816 total
: 94500K->12640K(109248K), 0.0211394 secs] 158183K->76446K(502464K), 0.0212212 secs] [Times: user=0.04 sys=0.01, real=0.02 secs] 
Heap after GC invocations=94 (full 1):
 par new generation   total 109248K, used 12640K [0x00000007a0000000, 0x00000007a8000000, 0x00000007a8000000)
  eden space 87424K,   0% used [0x00000007a0000000, 0x00000007a0000000, 0x00000007a5560000)
  from space 21824K,  57% used [0x00000007a5560000, 0x00000007a61b8200, 0x00000007a6ab0000)
  to   space 21824K,   0% used [0x00000007a6ab0000, 0x00000007a6ab0000, 0x00000007a8000000)
 concurrent mark-sweep generation total 393216K, used 63806K [0x00000007a8000000, 0x00000007c0000000, 0x00000007c0000000)
 Metaspace       used 40152K, capacity 41915K, committed 42200K, reserved 1087488K
  class space    used 4741K, capacity 5109K, committed 5140K, reserved 1048576K
}
2018-02-17T17:06:19.425+0800: 467.252: Total time for which application threads were stopped: 0.0265111 seconds, Stopping threads took: 0.0049904 seconds
{Heap before GC invocations=94 (full 1):
 par new generation   total 109248K, used 100064K [0x00000007a0000000, 0x00000007a8000000, 0x00000007a8000000)
  eden space 87424K, 100% used [0x00000007a0000000, 0x00000007a5560000, 0x00000007a5560000)
  from space 21824K,  57% used [0x00000007a5560000, 0x00000007a61b8200, 0x00000007a6ab0000)
  to   space 21824K,   0% used [0x00000007a6ab0000, 0x00000007a6ab0000, 0x00000007a8000000)
 concurrent mark-sweep generation total 393216K, used 63806K [0x00000007a8000000, 0x00000007c0000000, 0x00000007c0000000)
 Metaspace       used 40155K, capacity 41915K, committed 42200K, reserved 1087488K
  class space    used 4741K, capacity 5109K, committed 5140K, reserved 1048576K
2018-02-17T17:06:19.440+0800: 467.267: [GC (Allocation Failure) 2018-02-17T17:06:19.441+0800: 467.267: [ParNew
Desired survivor size 20112992 bytes, new threshold 8 (max 8)
- age   1:     658576 bytes,     658576 total
- age   2:    5918256 bytes,    6576832 total
- age   3:    2145400 bytes,    8722232 total
- age   4:     300144 bytes,    9022376 total
- age   5:     502224 bytes,    9524600 total
- age   6:     162752 bytes,    9687352 total
- age   7:     142544 bytes,    9829896 total
- age   8:     952640 bytes,   10782536 total
: 100064K->15396K(109248K), 0.0579344 secs] 163870K->79362K(502464K), 0.0580307 secs] [Times: user=0.10 sys=0.00, real=0.05 secs] 
Heap after GC invocations=95 (full 1):
 par new generation   total 109248K, used 15396K [0x00000007a0000000, 0x00000007a8000000, 0x00000007a8000000)
  eden space 87424K,   0% used [0x00000007a0000000, 0x00000007a0000000, 0x00000007a5560000)
  from space 21824K,  70% used [0x00000007a6ab0000, 0x00000007a79b93f8, 0x00000007a8000000)
  to   space 21824K,   0% used [0x00000007a5560000, 0x00000007a5560000, 0x00000007a6ab0000)
 concurrent mark-sweep generation total 393216K, used 63965K [0x00000007a8000000, 0x00000007c0000000, 0x00000007c0000000)
 Metaspace       used 40155K, capacity 41915K, committed 42200K, reserved 1087488K
  class space    used 4741K, capacity 5109K, committed 5140K, reserved 1048576K
}
2018-02-17T17:06:19.499+0800: 467.325: Total time for which application threads were stopped: 0.0583903 seconds, Stopping threads took: 0.0001079 seconds
{Heap before GC invocations=95 (full 1):
 par new generation   total 109248K, used 102820K [0x00000007a0000000, 0x00000007a8000000, 0x00000007a8000000)
  eden space 87424K, 100% used [0x00000007a0000000, 0x00000007a5560000, 0x00000007a5560000)
  from space 21824K,  70% used [0x00000007a6ab0000, 0x00000007a79b93f8, 0x00000007a8000000)
  to   space 21824K,   0% used [0x00000007a5560000, 0x00000007a5560000, 0x00000007a6ab0000)
 concurrent mark-sweep generation total 393216K, used 63965K [0x00000007a8000000, 0x00000007c0000000, 0x00000007c0000000)
 Metaspace       used 40155K, capacity 41915K, committed 42200K, reserved 1087488K
  class space    used 4741K, capacity 5109K, committed 5140K, reserved 1048576K
2018-02-17T17:06:19.528+0800: 467.355: [GC (Allocation Failure) 2018-02-17T17:06:19.528+0800: 467.355: [ParNew
Desired survivor size 20112992 bytes, new threshold 8 (max 8)
- age   1:    1408936 bytes,    1408936 total
- age   2:     344048 bytes,    1752984 total
- age   3:    5304904 bytes,    7057888 total
- age   4:    2145288 bytes,    9203176 total
- age   5:     300144 bytes,    9503320 total
- age   6:     535008 bytes,   10038328 total
- age   7:     162752 bytes,   10201080 total
- age   8:     142544 bytes,   10343624 total
: 102820K->13833K(109248K), 0.0518271 secs] 166786K->78736K(502464K), 0.0519219 secs] [Times: user=0.05 sys=0.00, real=0.06 secs] 
Heap after GC invocations=96 (full 1):
 par new generation   total 109248K, used 13833K [0x00000007a0000000, 0x00000007a8000000, 0x00000007a8000000)
  eden space 87424K,   0% used [0x00000007a0000000, 0x00000007a0000000, 0x00000007a5560000)
  from space 21824K,  63% used [0x00000007a5560000, 0x00000007a62e2640, 0x00000007a6ab0000)
  to   space 21824K,   0% used [0x00000007a6ab0000, 0x00000007a6ab0000, 0x00000007a8000000)
 concurrent mark-sweep generation total 393216K, used 64903K [0x00000007a8000000, 0x00000007c0000000, 0x00000007c0000000)
 Metaspace       used 40155K, capacity 41915K, committed 42200K, reserved 1087488K
  class space    used 4741K, capacity 5109K, committed 5140K, reserved 1048576K
}
2018-02-17T17:06:19.580+0800: 467.407: Total time for which application threads were stopped: 0.0522644 seconds, Stopping threads took: 0.0000967 seconds
{Heap before GC invocations=96 (full 1):
 par new generation   total 109248K, used 101251K [0x00000007a0000000, 0x00000007a8000000, 0x00000007a8000000)
  eden space 87424K,  99% used [0x00000007a0000000, 0x00000007a555e7a8, 0x00000007a5560000)
  from space 21824K,  63% used [0x00000007a5560000, 0x00000007a62e2640, 0x00000007a6ab0000)
  to   space 21824K,   0% used [0x00000007a6ab0000, 0x00000007a6ab0000, 0x00000007a8000000)
 concurrent mark-sweep generation total 393216K, used 64903K [0x00000007a8000000, 0x00000007c0000000, 0x00000007c0000000)
 Metaspace       used 40174K, capacity 41915K, committed 42200K, reserved 1087488K
  class space    used 4741K, capacity 5109K, committed 5140K, reserved 1048576K
2018-02-17T17:06:19.831+0800: 467.658: [GC (Allocation Failure) 2018-02-17T17:06:19.831+0800: 467.658: [ParNew
Desired survivor size 20112992 bytes, new threshold 8 (max 8)
- age   1:    6207664 bytes,    6207664 total
- age   2:     317672 bytes,    6525336 total
- age   3:     147248 bytes,    6672584 total
- age   4:    3024160 bytes,    9696744 total
- age   5:    2144752 bytes,   11841496 total
- age   6:     186568 bytes,   12028064 total
- age   7:      82824 bytes,   12110888 total
- age   8:      38960 bytes,   12149848 total
: 101251K->13508K(109248K), 0.0082627 secs] 166154K->78551K(502464K), 0.0083417 secs] [Times: user=0.02 sys=0.00, real=0.01 secs] 
Heap after GC invocations=97 (full 1):
 par new generation   total 109248K, used 13508K [0x00000007a0000000, 0x00000007a8000000, 0x00000007a8000000)
  eden space 87424K,   0% used [0x00000007a0000000, 0x00000007a0000000, 0x00000007a5560000)
  from space 21824K,  61% used [0x00000007a6ab0000, 0x00000007a77e1210, 0x00000007a8000000)
  to   space 21824K,   0% used [0x00000007a5560000, 0x00000007a5560000, 0x00000007a6ab0000)
 concurrent mark-sweep generation total 393216K, used 65043K [0x00000007a8000000, 0x00000007c0000000, 0x00000007c0000000)
 Metaspace       used 40174K, capacity 41915K, committed 42200K, reserved 1087488K
  class space    used 4741K, capacity 5109K, committed 5140K, reserved 1048576K
}
2018-02-17T17:06:19.840+0800: 467.666: Total time for which application threads were stopped: 0.0194100 seconds, Stopping threads took: 0.0107698 seconds
2018-02-17T17:06:19.840+0800: 467.667: Total time for which application threads were stopped: 0.0002987 seconds, Stopping threads took: 0.0001321 seconds
2018-02-17T17:06:19.841+0800: 467.667: Total time for which application threads were stopped: 0.0001087 seconds, Stopping threads took: 0.0000110 seconds
2018-02-17T17:06:19.842+0800: 467.668: Total time for which application threads were stopped: 0.0001815 seconds, Stopping threads took: 0.0000643 seconds
2018-02-17T17:06:19.842+0800: 467.668: Total time for which application threads were stopped: 0.0001519 seconds, Stopping threads took: 0.0000565 seconds
2018-02-17T17:06:19.842+0800: 467.669: Total time for which application threads were stopped: 0.0001708 seconds, Stopping threads took: 0.0000846 seconds
{Heap before GC invocations=97 (full 1):
 par new generation   total 109248K, used 100932K [0x00000007a0000000, 0x00000007a8000000, 0x00000007a8000000)
  eden space 87424K, 100% used [0x00000007a0000000, 0x00000007a5560000, 0x00000007a5560000)
  from space 21824K,  61% used [0x00000007a6ab0000, 0x00000007a77e1210, 0x00000007a8000000)
  to   space 21824K,   0% used [0x00000007a5560000, 0x00000007a5560000, 0x00000007a6ab0000)
 concurrent mark-sweep generation total 393216K, used 65043K [0x00000007a8000000, 0x00000007c0000000, 0x00000007c0000000)
 Metaspace       used 40229K, capacity 41979K, committed 42200K, reserved 1087488K
  class space    used 4746K, capacity 5109K, committed 5140K, reserved 1048576K
2018-02-17T17:06:19.856+0800: 467.683: [GC (Allocation Failure) 2018-02-17T17:06:19.856+0800: 467.683: [ParNew
Desired survivor size 20112992 bytes, new threshold 8 (max 8)
- age   1:     881424 bytes,     881424 total
- age   2:    6117992 bytes,    6999416 total
- age   3:     317672 bytes,    7317088 total
- age   4:     147248 bytes,    7464336 total
- age   5:    3024160 bytes,   10488496 total
- age   6:    2144752 bytes,   12633248 total
- age   7:     186568 bytes,   12819816 total
- age   8:      82824 bytes,   12902640 total
: 100932K->17556K(109248K), 0.0321491 secs] 165975K->82637K(502464K), 0.0322392 secs] [Times: user=0.04 sys=0.00, real=0.03 secs] 
Heap after GC invocations=98 (full 1):
 par new generation   total 109248K, used 17556K [0x00000007a0000000, 0x00000007a8000000, 0x00000007a8000000)
  eden space 87424K,   0% used [0x00000007a0000000, 0x00000007a0000000, 0x00000007a5560000)
  from space 21824K,  80% used [0x00000007a5560000, 0x00000007a6685070, 0x00000007a6ab0000)
  to   space 21824K,   0% used [0x00000007a6ab0000, 0x00000007a6ab0000, 0x00000007a8000000)
 concurrent mark-sweep generation total 393216K, used 65081K [0x00000007a8000000, 0x00000007c0000000, 0x00000007c0000000)
 Metaspace       used 40229K, capacity 41979K, committed 42200K, reserved 1087488K
  class space    used 4746K, capacity 5109K, committed 5140K, reserved 1048576K
}
2018-02-17T17:06:19.889+0800: 467.715: Total time for which application threads were stopped: 0.0325748 seconds, Stopping threads took: 0.0000799 seconds
2018-02-17T17:06:19.889+0800: 467.716: Total time for which application threads were stopped: 0.0002493 seconds, Stopping threads took: 0.0000711 seconds
2018-02-17T17:06:19.890+0800: 467.717: Total time for which application threads were stopped: 0.0003926 seconds, Stopping threads took: 0.0000531 seconds
2018-02-17T17:06:19.890+0800: 467.717: Total time for which application threads were stopped: 0.0001175 seconds, Stopping threads took: 0.0000232 seconds
2018-02-17T17:06:19.891+0800: 467.717: Total time for which application threads were stopped: 0.0001084 seconds, Stopping threads took: 0.0000238 seconds
2018-02-17T17:06:19.931+0800: 467.757: Total time for which application threads were stopped: 0.0095517 seconds, Stopping threads took: 0.0093184 seconds
{Heap before GC invocations=98 (full 1):
 par new generation   total 109248K, used 104980K [0x00000007a0000000, 0x00000007a8000000, 0x00000007a8000000)
  eden space 87424K, 100% used [0x00000007a0000000, 0x00000007a5560000, 0x00000007a5560000)
  from space 21824K,  80% used [0x00000007a5560000, 0x00000007a6685070, 0x00000007a6ab0000)
  to   space 21824K,   0% used [0x00000007a6ab0000, 0x00000007a6ab0000, 0x00000007a8000000)
 concurrent mark-sweep generation total 393216K, used 65081K [0x00000007a8000000, 0x00000007c0000000, 0x00000007c0000000)
 Metaspace       used 40338K, capacity 42139K, committed 42328K, reserved 1087488K
  class space    used 4759K, capacity 5141K, committed 5268K, reserved 1048576K
2018-02-17T17:06:19.950+0800: 467.776: [GC (Allocation Failure) 2018-02-17T17:06:19.950+0800: 467.776: [ParNew
Desired survivor size 20112992 bytes, new threshold 8 (max 8)
- age   1:    1541040 bytes,    1541040 total
- age   2:      58952 bytes,    1599992 total
- age   3:    6079024 bytes,    7679016 total
- age   4:     311960 bytes,    7990976 total
- age   5:     136016 bytes,    8126992 total
- age   6:    2946640 bytes,   11073632 total
- age   7:    2104240 bytes,   13177872 total
- age   8:     185080 bytes,   13362952 total
: 104980K->16274K(109248K), 0.0637599 secs] 170061K->81433K(502464K), 0.0638413 secs] [Times: user=0.03 sys=0.00, real=0.06 secs] 
Heap after GC invocations=99 (full 1):
 par new generation   total 109248K, used 16274K [0x00000007a0000000, 0x00000007a8000000, 0x00000007a8000000)
  eden space 87424K,   0% used [0x00000007a0000000, 0x00000007a0000000, 0x00000007a5560000)
  from space 21824K,  74% used [0x00000007a6ab0000, 0x00000007a7a949d8, 0x00000007a8000000)
  to   space 21824K,   0% used [0x00000007a5560000, 0x00000007a5560000, 0x00000007a6ab0000)
 concurrent mark-sweep generation total 393216K, used 65159K [0x00000007a8000000, 0x00000007c0000000, 0x00000007c0000000)
 Metaspace       used 40338K, capacity 42139K, committed 42328K, reserved 1087488K
  class space    used 4759K, capacity 5141K, committed 5268K, reserved 1048576K
}
2018-02-17T17:06:20.013+0800: 467.840: Total time for which application threads were stopped: 0.0642652 seconds, Stopping threads took: 0.0001411 seconds
{Heap before GC invocations=99 (full 1):
 par new generation   total 109248K, used 103698K [0x00000007a0000000, 0x00000007a8000000, 0x00000007a8000000)
  eden space 87424K, 100% used [0x00000007a0000000, 0x00000007a5560000, 0x00000007a5560000)
  from space 21824K,  74% used [0x00000007a6ab0000, 0x00000007a7a949d8, 0x00000007a8000000)
  to   space 21824K,   0% used [0x00000007a5560000, 0x00000007a5560000, 0x00000007a6ab0000)
 concurrent mark-sweep generation total 393216K, used 65159K [0x00000007a8000000, 0x00000007c0000000, 0x00000007c0000000)
 Metaspace       used 40415K, capacity 42203K, committed 42584K, reserved 1087488K
  class space    used 4766K, capacity 5141K, committed 5268K, reserved 1048576K
2018-02-17T17:06:20.088+0800: 467.914: [GC (Allocation Failure) 2018-02-17T17:06:20.088+0800: 467.914: [ParNew
Desired survivor size 20112992 bytes, new threshold 8 (max 8)
- age   1:    1206184 bytes,    1206184 total
- age   2:     863008 bytes,    2069192 total
- age   3:      57760 bytes,    2126952 total
- age   4:    6024120 bytes,    8151072 total
- age   5:     311960 bytes,    8463032 total
- age   6:     136016 bytes,    8599048 total
- age   7:    2896464 bytes,   11495512 total
- age   8:    2053992 bytes,   13549504 total
: 103698K->17393K(109248K), 0.0344319 secs] 168857K->82736K(502464K), 0.0345096 secs] [Times: user=0.04 sys=0.00, real=0.04 secs] 
Heap after GC invocations=100 (full 1):
 par new generation   total 109248K, used 17393K [0x00000007a0000000, 0x00000007a8000000, 0x00000007a8000000)
  eden space 87424K,   0% used [0x00000007a0000000, 0x00000007a0000000, 0x00000007a5560000)
  from space 21824K,  79% used [0x00000007a5560000, 0x00000007a665c5c0, 0x00000007a6ab0000)
  to   space 21824K,   0% used [0x00000007a6ab0000, 0x00000007a6ab0000, 0x00000007a8000000)
 concurrent mark-sweep generation total 393216K, used 65342K [0x00000007a8000000, 0x00000007c0000000, 0x00000007c0000000)
 Metaspace       used 40415K, capacity 42203K, committed 42584K, reserved 1087488K
  class space    used 4766K, capacity 5141K, committed 5268K, reserved 1048576K
}
2018-02-17T17:06:20.123+0800: 467.949: Total time for which application threads were stopped: 0.0348916 seconds, Stopping threads took: 0.0001300 seconds
2018-02-17T17:06:20.281+0800: 468.107: Total time for which application threads were stopped: 0.0004262 seconds, Stopping threads took: 0.0001507 seconds
2018-02-17T17:06:20.281+0800: 468.108: Total time for which application threads were stopped: 0.0002255 seconds, Stopping threads took: 0.0000704 seconds
2018-02-17T17:06:20.291+0800: 468.117: Total time for which application threads were stopped: 0.0017654 seconds, Stopping threads took: 0.0015669 seconds
2018-02-17T17:06:20.291+0800: 468.118: Total time for which application threads were stopped: 0.0001689 seconds, Stopping threads took: 0.0000298 seconds
{Heap before GC invocations=100 (full 1):
 par new generation   total 109248K, used 104817K [0x00000007a0000000, 0x00000007a8000000, 0x00000007a8000000)
  eden space 87424K, 100% used [0x00000007a0000000, 0x00000007a5560000, 0x00000007a5560000)
  from space 21824K,  79% used [0x00000007a5560000, 0x00000007a665c5c0, 0x00000007a6ab0000)
  to   space 21824K,   0% used [0x00000007a6ab0000, 0x00000007a6ab0000, 0x00000007a8000000)
 concurrent mark-sweep generation total 393216K, used 65342K [0x00000007a8000000, 0x00000007c0000000, 0x00000007c0000000)
 Metaspace       used 40778K, capacity 42591K, committed 42840K, reserved 1087488K
  class space    used 4796K, capacity 5207K, committed 5268K, reserved 1048576K
2018-02-17T17:06:20.556+0800: 468.383: [GC (Allocation Failure) 2018-02-17T17:06:20.557+0800: 468.383: [ParNew
Desired survivor size 20112992 bytes, new threshold 8 (max 8)
- age   1:    4312152 bytes,    4312152 total
- age   2:     719328 bytes,    5031480 total
- age   3:     820672 bytes,    5852152 total
- age   4:      57088 bytes,    5909240 total
- age   5:    4431488 bytes,   10340728 total
- age   6:     311960 bytes,   10652688 total
- age   7:     136016 bytes,   10788704 total
- age   8:    2895736 bytes,   13684440 total
: 104817K->15977K(109248K), 0.0096241 secs] 170160K->83244K(502464K), 0.0097066 secs] [Times: user=0.03 sys=0.00, real=0.01 secs] 
Heap after GC invocations=101 (full 1):
 par new generation   total 109248K, used 15977K [0x00000007a0000000, 0x00000007a8000000, 0x00000007a8000000)
  eden space 87424K,   0% used [0x00000007a0000000, 0x00000007a0000000, 0x00000007a5560000)
  from space 21824K,  73% used [0x00000007a6ab0000, 0x00000007a7a4a750, 0x00000007a8000000)
  to   space 21824K,   0% used [0x00000007a5560000, 0x00000007a5560000, 0x00000007a6ab0000)
 concurrent mark-sweep generation total 393216K, used 67266K [0x00000007a8000000, 0x00000007c0000000, 0x00000007c0000000)
 Metaspace       used 40778K, capacity 42591K, committed 42840K, reserved 1087488K
  class space    used 4796K, capacity 5207K, committed 5268K, reserved 1048576K
}
2018-02-17T17:06:20.566+0800: 468.393: Total time for which application threads were stopped: 0.0791790 seconds, Stopping threads took: 0.0691858 seconds
{Heap before GC invocations=101 (full 1):
 par new generation   total 109248K, used 103401K [0x00000007a0000000, 0x00000007a8000000, 0x00000007a8000000)
  eden space 87424K, 100% used [0x00000007a0000000, 0x00000007a5560000, 0x00000007a5560000)
  from space 21824K,  73% used [0x00000007a6ab0000, 0x00000007a7a4a750, 0x00000007a8000000)
  to   space 21824K,   0% used [0x00000007a5560000, 0x00000007a5560000, 0x00000007a6ab0000)
 concurrent mark-sweep generation total 393216K, used 67266K [0x00000007a8000000, 0x00000007c0000000, 0x00000007c0000000)
 Metaspace       used 40788K, capacity 42591K, committed 42840K, reserved 1087488K
  class space    used 4796K, capacity 5207K, committed 5268K, reserved 1048576K
2018-02-17T17:06:20.639+0800: 468.466: [GC (Allocation Failure) 2018-02-17T17:06:20.639+0800: 468.466: [ParNew
Desired survivor size 20112992 bytes, new threshold 8 (max 8)
- age   1:    2055848 bytes,    2055848 total
- age   2:    3835840 bytes,    5891688 total
- age   3:     719328 bytes,    6611016 total
- age   4:     820576 bytes,    7431592 total
- age   5:      57088 bytes,    7488680 total
- age   6:    4431000 bytes,   11919680 total
- age   7:     311960 bytes,   12231640 total
- age   8:     136016 bytes,   12367656 total
: 103401K->17694K(109248K), 0.0208395 secs] 170668K->87802K(502464K), 0.0209155 secs] [Times: user=0.04 sys=0.01, real=0.03 secs] 
Heap after GC invocations=102 (full 1):
 par new generation   total 109248K, used 17694K [0x00000007a0000000, 0x00000007a8000000, 0x00000007a8000000)
  eden space 87424K,   0% used [0x00000007a0000000, 0x00000007a0000000, 0x00000007a5560000)
  from space 21824K,  81% used [0x00000007a5560000, 0x00000007a66a7830, 0x00000007a6ab0000)
  to   space 21824K,   0% used [0x00000007a6ab0000, 0x00000007a6ab0000, 0x00000007a8000000)
 concurrent mark-sweep generation total 393216K, used 70108K [0x00000007a8000000, 0x00000007c0000000, 0x00000007c0000000)
 Metaspace       used 40788K, capacity 42591K, committed 42840K, reserved 1087488K
  class space    used 4796K, capacity 5207K, committed 5268K, reserved 1048576K
}
2018-02-17T17:06:20.660+0800: 468.487: Total time for which application threads were stopped: 0.0213096 seconds, Stopping threads took: 0.0001151 seconds
{Heap before GC invocations=102 (full 1):
 par new generation   total 109248K, used 105090K [0x00000007a0000000, 0x00000007a8000000, 0x00000007a8000000)
  eden space 87424K,  99% used [0x00000007a0000000, 0x00000007a55592b0, 0x00000007a5560000)
  from space 21824K,  81% used [0x00000007a5560000, 0x00000007a66a7830, 0x00000007a6ab0000)
  to   space 21824K,   0% used [0x00000007a6ab0000, 0x00000007a6ab0000, 0x00000007a8000000)
 concurrent mark-sweep generation total 393216K, used 70108K [0x00000007a8000000, 0x00000007c0000000, 0x00000007c0000000)
 Metaspace       used 40791K, capacity 42591K, committed 42840K, reserved 1087488K
  class space    used 4797K, capacity 5207K, committed 5268K, reserved 1048576K
2018-02-17T17:06:20.691+0800: 468.517: [GC (Allocation Failure) 2018-02-17T17:06:20.691+0800: 468.517: [ParNew
Desired survivor size 20112992 bytes, new threshold 8 (max 8)
- age   1:    1281504 bytes,    1281504 total
- age   2:    1673424 bytes,    2954928 total
- age   3:    3728120 bytes,    6683048 total
- age   4:     719328 bytes,    7402376 total
- age   5:     853360 bytes,    8255736 total
- age   6:      57088 bytes,    8312824 total
- age   7:    4431000 bytes,   12743824 total
- age   8:     311960 bytes,   13055784 total
: 105090K->14956K(109248K), 0.0556890 secs] 175199K->85200K(502464K), 0.0557635 secs] [Times: user=0.06 sys=0.00, real=0.05 secs] 
Heap after GC invocations=103 (full 1):
 par new generation   total 109248K, used 14956K [0x00000007a0000000, 0x00000007a8000000, 0x00000007a8000000)
  eden space 87424K,   0% used [0x00000007a0000000, 0x00000007a0000000, 0x00000007a5560000)
  from space 21824K,  68% used [0x00000007a6ab0000, 0x00000007a794b180, 0x00000007a8000000)
  to   space 21824K,   0% used [0x00000007a5560000, 0x00000007a5560000, 0x00000007a6ab0000)
 concurrent mark-sweep generation total 393216K, used 70243K [0x00000007a8000000, 0x00000007c0000000, 0x00000007c0000000)
 Metaspace       used 40791K, capacity 42591K, committed 42840K, reserved 1087488K
  class space    used 4797K, capacity 5207K, committed 5268K, reserved 1048576K
}
2018-02-17T17:06:20.747+0800: 468.573: Total time for which application threads were stopped: 0.0561526 seconds, Stopping threads took: 0.0001311 seconds
{Heap before GC invocations=103 (full 1):
 par new generation   total 109248K, used 102380K [0x00000007a0000000, 0x00000007a8000000, 0x00000007a8000000)
  eden space 87424K, 100% used [0x00000007a0000000, 0x00000007a5560000, 0x00000007a5560000)
  from space 21824K,  68% used [0x00000007a6ab0000, 0x00000007a794b180, 0x00000007a8000000)
  to   space 21824K,   0% used [0x00000007a5560000, 0x00000007a5560000, 0x00000007a6ab0000)
 concurrent mark-sweep generation total 393216K, used 70243K [0x00000007a8000000, 0x00000007c0000000, 0x00000007c0000000)
 Metaspace       used 40795K, capacity 42591K, committed 42840K, reserved 1087488K
  class space    used 4797K, capacity 5207K, committed 5268K, reserved 1048576K
2018-02-17T17:06:20.823+0800: 468.649: [GC (Allocation Failure) 2018-02-17T17:06:20.823+0800: 468.649: [ParNew
Desired survivor size 20112992 bytes, new threshold 8 (max 8)
- age   1:     911184 bytes,     911184 total
- age   2:     145008 bytes,    1056192 total
- age   3:    1465816 bytes,    2522008 total
- age   4:    3706856 bytes,    6228864 total
- age   5:     719328 bytes,    6948192 total
- age   6:     820520 bytes,    7768712 total
- age   7:      57088 bytes,    7825800 total
- age   8:    4431000 bytes,   12256800 total
: 102380K->19963K(109248K), 0.0138471 secs] 172624K->90515K(502464K), 0.0139216 secs] [Times: user=0.04 sys=0.01, real=0.01 secs] 
Heap after GC invocations=104 (full 1):
 par new generation   total 109248K, used 19963K [0x00000007a0000000, 0x00000007a8000000, 0x00000007a8000000)
  eden space 87424K,   0% used [0x00000007a0000000, 0x00000007a0000000, 0x00000007a5560000)
  from space 21824K,  91% used [0x00000007a5560000, 0x00000007a68def58, 0x00000007a6ab0000)
  to   space 21824K,   0% used [0x00000007a6ab0000, 0x00000007a6ab0000, 0x00000007a8000000)
 concurrent mark-sweep generation total 393216K, used 70551K [0x00000007a8000000, 0x00000007c0000000, 0x00000007c0000000)
 Metaspace       used 40795K, capacity 42591K, committed 42840K, reserved 1087488K
  class space    used 4797K, capacity 5207K, committed 5268K, reserved 1048576K
}
2018-02-17T17:06:20.837+0800: 468.663: Total time for which application threads were stopped: 0.0354071 seconds, Stopping threads took: 0.0212143 seconds
2018-02-17T17:06:20.856+0800: 468.682: Total time for which application threads were stopped: 0.0002304 seconds, Stopping threads took: 0.0000793 seconds
2018-02-17T17:06:20.857+0800: 468.684: Total time for which application threads were stopped: 0.0001871 seconds, Stopping threads took: 0.0000700 seconds
2018-02-17T17:06:20.867+0800: 468.693: Total time for which application threads were stopped: 0.0001927 seconds, Stopping threads took: 0.0000679 seconds
2018-02-17T17:06:20.867+0800: 468.693: Total time for which application threads were stopped: 0.0001342 seconds, Stopping threads took: 0.0000354 seconds
2018-02-17T17:06:20.941+0800: 468.767: Total time for which application threads were stopped: 0.0003057 seconds, Stopping threads took: 0.0001102 seconds
2018-02-17T17:06:21.086+0800: 468.912: Total time for which application threads were stopped: 0.0001895 seconds, Stopping threads took: 0.0000200 seconds
2018-02-17T17:06:21.109+0800: 468.935: Total time for which application threads were stopped: 0.0001634 seconds, Stopping threads took: 0.0000317 seconds
2018-02-17T17:06:21.110+0800: 468.936: Total time for which application threads were stopped: 0.0001501 seconds, Stopping threads took: 0.0000253 seconds
2018-02-17T17:06:21.110+0800: 468.936: Total time for which application threads were stopped: 0.0001388 seconds, Stopping threads took: 0.0000238 seconds
2018-02-17T17:06:21.110+0800: 468.937: Total time for which application threads were stopped: 0.0001396 seconds, Stopping threads took: 0.0000106 seconds
2018-02-17T17:06:21.113+0800: 468.940: Total time for which application threads were stopped: 0.0001271 seconds, Stopping threads took: 0.0000156 seconds
{Heap before GC invocations=104 (full 1):
 par new generation   total 109248K, used 106941K [0x00000007a0000000, 0x00000007a8000000, 0x00000007a8000000)
  eden space 87424K,  99% used [0x00000007a0000000, 0x00000007a54f0678, 0x00000007a5560000)
  from space 21824K,  91% used [0x00000007a5560000, 0x00000007a68def58, 0x00000007a6ab0000)
  to   space 21824K,   0% used [0x00000007a6ab0000, 0x00000007a6ab0000, 0x00000007a8000000)
 concurrent mark-sweep generation total 393216K, used 70551K [0x00000007a8000000, 0x00000007c0000000, 0x00000007c0000000)
 Metaspace       used 40838K, capacity 42595K, committed 42840K, reserved 1087488K
  class space    used 4800K, capacity 5207K, committed 5268K, reserved 1048576K
2018-02-17T17:06:21.129+0800: 468.955: [GC (Allocation Failure) 2018-02-17T17:06:21.129+0800: 468.955: [ParNew
Desired survivor size 20112992 bytes, new threshold 8 (max 8)
- age   1:    4805384 bytes,    4805384 total
- age   2:     184016 bytes,    4989400 total
- age   3:     139840 bytes,    5129240 total
- age   4:     256280 bytes,    5385520 total
- age   5:    2422896 bytes,    7808416 total
- age   6:     251912 bytes,    8060328 total
- age   7:     342096 bytes,    8402424 total
- age   8:      30616 bytes,    8433040 total
: 106941K->11688K(109248K), 0.0679201 secs] 177492K->86489K(502464K), 0.0679993 secs] [Times: user=0.06 sys=0.00, real=0.07 secs] 
Heap after GC invocations=105 (full 1):
 par new generation   total 109248K, used 11688K [0x00000007a0000000, 0x00000007a8000000, 0x00000007a8000000)
  eden space 87424K,   0% used [0x00000007a0000000, 0x00000007a0000000, 0x00000007a5560000)
  from space 21824K,  53% used [0x00000007a6ab0000, 0x00000007a761a2c0, 0x00000007a8000000)
  to   space 21824K,   0% used [0x00000007a5560000, 0x00000007a5560000, 0x00000007a6ab0000)
 concurrent mark-sweep generation total 393216K, used 74800K [0x00000007a8000000, 0x00000007c0000000, 0x00000007c0000000)
 Metaspace       used 40838K, capacity 42595K, committed 42840K, reserved 1087488K
  class space    used 4800K, capacity 5207K, committed 5268K, reserved 1048576K
}
2018-02-17T17:06:21.197+0800: 469.023: Total time for which application threads were stopped: 0.0686395 seconds, Stopping threads took: 0.0003748 seconds
2018-02-17T17:06:21.199+0800: 469.026: Total time for which application threads were stopped: 0.0001752 seconds, Stopping threads took: 0.0000397 seconds
2018-02-17T17:06:21.200+0800: 469.026: Total time for which application threads were stopped: 0.0001192 seconds, Stopping threads took: 0.0000292 seconds
2018-02-17T17:06:21.204+0800: 469.030: Total time for which application threads were stopped: 0.0001817 seconds, Stopping threads took: 0.0000655 seconds
2018-02-17T17:06:21.204+0800: 469.031: Total time for which application threads were stopped: 0.0001455 seconds, Stopping threads took: 0.0000461 seconds
2018-02-17T17:06:21.287+0800: 469.114: Total time for which application threads were stopped: 0.0001537 seconds, Stopping threads took: 0.0000319 seconds
2018-02-17T17:06:21.288+0800: 469.114: Total time for which application threads were stopped: 0.0001047 seconds, Stopping threads took: 0.0000224 seconds
2018-02-17T17:06:21.310+0800: 469.137: Total time for which application threads were stopped: 0.0109063 seconds, Stopping threads took: 0.0107822 seconds
2018-02-17T17:06:21.317+0800: 469.143: Total time for which application threads were stopped: 0.0001747 seconds, Stopping threads took: 0.0000664 seconds
2018-02-17T17:06:21.318+0800: 469.144: Total time for which application threads were stopped: 0.0001243 seconds, Stopping threads took: 0.0000305 seconds
2018-02-17T17:06:21.318+0800: 469.145: Total time for which application threads were stopped: 0.0000943 seconds, Stopping threads took: 0.0000115 seconds
2018-02-17T17:06:21.324+0800: 469.151: Total time for which application threads were stopped: 0.0001386 seconds, Stopping threads took: 0.0000310 seconds
2018-02-17T17:06:21.326+0800: 469.152: Total time for which application threads were stopped: 0.0001356 seconds, Stopping threads took: 0.0000321 seconds
2018-02-17T17:06:21.327+0800: 469.154: Total time for which application threads were stopped: 0.0001241 seconds, Stopping threads took: 0.0000281 seconds
2018-02-17T17:06:21.330+0800: 469.157: Total time for which application threads were stopped: 0.0001403 seconds, Stopping threads took: 0.0000277 seconds
2018-02-17T17:06:21.331+0800: 469.157: Total time for which application threads were stopped: 0.0001279 seconds, Stopping threads took: 0.0000332 seconds
2018-02-17T17:06:21.331+0800: 469.158: Total time for which application threads were stopped: 0.0001123 seconds, Stopping threads took: 0.0000237 seconds
2018-02-17T17:06:21.342+0800: 469.169: Total time for which application threads were stopped: 0.0100906 seconds, Stopping threads took: 0.0099752 seconds
2018-02-17T17:06:21.398+0800: 469.224: Total time for which application threads were stopped: 0.0001650 seconds, Stopping threads took: 0.0000359 seconds
2018-02-17T17:06:21.409+0800: 469.235: Total time for which application threads were stopped: 0.0093362 seconds, Stopping threads took: 0.0092181 seconds
2018-02-17T17:06:21.409+0800: 469.236: Total time for which application threads were stopped: 0.0001157 seconds, Stopping threads took: 0.0000162 seconds
2018-02-17T17:06:21.410+0800: 469.236: Total time for which application threads were stopped: 0.0001956 seconds, Stopping threads took: 0.0001107 seconds
2018-02-17T17:06:21.410+0800: 469.236: Total time for which application threads were stopped: 0.0000954 seconds, Stopping threads took: 0.0000190 seconds
2018-02-17T17:06:21.412+0800: 469.238: Total time for which application threads were stopped: 0.0001206 seconds, Stopping threads took: 0.0000176 seconds
2018-02-17T17:06:21.412+0800: 469.238: Total time for which application threads were stopped: 0.0001450 seconds, Stopping threads took: 0.0000623 seconds
2018-02-17T17:06:21.412+0800: 469.238: Total time for which application threads were stopped: 0.0000831 seconds, Stopping threads took: 0.0000094 seconds
2018-02-17T17:06:22.412+0800: 470.238: Total time for which application threads were stopped: 0.0001802 seconds, Stopping threads took: 0.0000258 seconds
2018-02-17T17:06:47.199+0800: 495.024: Total time for which application threads were stopped: 0.0013808 seconds, Stopping threads took: 0.0000191 seconds
2018-02-17T17:06:47.218+0800: 495.044: Total time for which application threads were stopped: 0.0001624 seconds, Stopping threads took: 0.0000346 seconds
2018-02-17T17:06:47.221+0800: 495.046: Total time for which application threads were stopped: 0.0002554 seconds, Stopping threads took: 0.0001315 seconds
2018-02-17T17:06:47.225+0800: 495.051: Total time for which application threads were stopped: 0.0001510 seconds, Stopping threads took: 0.0000309 seconds
2018-02-17T17:06:47.225+0800: 495.051: Total time for which application threads were stopped: 0.0001323 seconds, Stopping threads took: 0.0000239 seconds
2018-02-17T17:06:48.227+0800: 496.053: Total time for which application threads were stopped: 0.0001818 seconds, Stopping threads took: 0.0000296 seconds
2018-02-17T17:07:21.299+0800: 529.123: Total time for which application threads were stopped: 0.0002438 seconds, Stopping threads took: 0.0000440 seconds
2018-02-17T17:07:48.601+0800: 556.425: Total time for which application threads were stopped: 0.0002474 seconds, Stopping threads took: 0.0000456 seconds
2018-02-17T17:07:51.050+0800: 558.874: Total time for which application threads were stopped: 0.0002394 seconds, Stopping threads took: 0.0000418 seconds
2018-02-17T17:07:51.051+0800: 558.875: Total time for which application threads were stopped: 0.0003442 seconds, Stopping threads took: 0.0000884 seconds
2018-02-17T17:07:51.059+0800: 558.883: Total time for which application threads were stopped: 0.0009286 seconds, Stopping threads took: 0.0000313 seconds
2018-02-17T17:07:51.060+0800: 558.884: Total time for which application threads were stopped: 0.0002214 seconds, Stopping threads took: 0.0000324 seconds
2018-02-17T17:07:51.060+0800: 558.884: Total time for which application threads were stopped: 0.0001701 seconds, Stopping threads took: 0.0000216 seconds
2018-02-17T17:07:52.064+0800: 559.888: Total time for which application threads were stopped: 0.0004659 seconds, Stopping threads took: 0.0000750 seconds
2018-02-17T17:07:56.117+0800: 563.941: Total time for which application threads were stopped: 0.0001984 seconds, Stopping threads took: 0.0000420 seconds
2018-02-17T17:07:56.118+0800: 563.942: Total time for which application threads were stopped: 0.0001935 seconds, Stopping threads took: 0.0000432 seconds
2018-02-17T17:07:56.124+0800: 563.948: Total time for which application threads were stopped: 0.0001695 seconds, Stopping threads took: 0.0000392 seconds
2018-02-17T17:07:56.125+0800: 563.949: Total time for which application threads were stopped: 0.0002196 seconds, Stopping threads took: 0.0000560 seconds
2018-02-17T17:07:56.126+0800: 563.950: Total time for which application threads were stopped: 0.0001836 seconds, Stopping threads took: 0.0000510 seconds
2018-02-17T17:07:56.127+0800: 563.950: Total time for which application threads were stopped: 0.0001020 seconds, Stopping threads took: 0.0000244 seconds
2018-02-17T17:07:56.128+0800: 563.952: Total time for which application threads were stopped: 0.0001848 seconds, Stopping threads took: 0.0000914 seconds
2018-02-17T17:07:57.129+0800: 564.952: Total time for which application threads were stopped: 0.0002461 seconds, Stopping threads took: 0.0000358 seconds
2018-02-17T17:09:32.367+0800: 660.188: Total time for which application threads were stopped: 0.0002138 seconds, Stopping threads took: 0.0000341 seconds
2018-02-17T17:11:15.428+0800: 763.247: Total time for which application threads were stopped: 0.0002685 seconds, Stopping threads took: 0.0000498 seconds
2018-02-17T17:11:15.433+0800: 763.252: Total time for which application threads were stopped: 0.0001718 seconds, Stopping threads took: 0.0000447 seconds
2018-02-17T17:25:19.557+0800: 1607.354: Total time for which application threads were stopped: 0.0034182 seconds, Stopping threads took: 0.0007439 seconds
2018-02-17T17:28:53.523+0800: 1821.315: Total time for which application threads were stopped: 0.0003477 seconds, Stopping threads took: 0.0000165 seconds
2018-02-17T17:29:10.532+0800: 1838.323: Total time for which application threads were stopped: 0.0004857 seconds, Stopping threads took: 0.0000333 seconds
2018-02-17T17:29:10.534+0800: 1838.325: Total time for which application threads were stopped: 0.0003326 seconds, Stopping threads took: 0.0000470 seconds
2018-02-17T17:29:10.540+0800: 1838.331: Total time for which application threads were stopped: 0.0001424 seconds, Stopping threads took: 0.0000230 seconds
2018-02-17T17:29:10.541+0800: 1838.332: Total time for which application threads were stopped: 0.0001361 seconds, Stopping threads took: 0.0000157 seconds
2018-02-17T17:30:28.965+0800: 1916.754: Total time for which application threads were stopped: 0.0001154 seconds, Stopping threads took: 0.0000185 seconds
2018-02-17T17:30:28.976+0800: 1916.765: Total time for which application threads were stopped: 0.0001556 seconds, Stopping threads took: 0.0000228 seconds
2018-02-17T17:30:29.981+0800: 1917.770: Total time for which application threads were stopped: 0.0002070 seconds, Stopping threads took: 0.0000360 seconds
2018-02-17T17:32:03.242+0800: 2011.029: Total time for which application threads were stopped: 0.0001916 seconds, Stopping threads took: 0.0000377 seconds
2018-02-17T17:32:08.307+0800: 2016.093: Total time for which application threads were stopped: 0.0001778 seconds, Stopping threads took: 0.0000383 seconds
2018-02-17T17:32:08.309+0800: 2016.096: Total time for which application threads were stopped: 0.0001729 seconds, Stopping threads took: 0.0000352 seconds
2018-02-17T17:32:08.315+0800: 2016.102: Total time for which application threads were stopped: 0.0001448 seconds, Stopping threads took: 0.0000402 seconds
2018-02-17T17:32:08.321+0800: 2016.107: Total time for which application threads were stopped: 0.0032702 seconds, Stopping threads took: 0.0031302 seconds
2018-02-17T17:32:09.321+0800: 2017.107: Total time for which application threads were stopped: 0.0002497 seconds, Stopping threads took: 0.0000442 seconds
2018-02-17T17:33:32.155+0800: 2099.939: Total time for which application threads were stopped: 0.0001743 seconds, Stopping threads took: 0.0000405 seconds
2018-02-17T17:33:32.182+0800: 2099.967: Total time for which application threads were stopped: 0.0006257 seconds, Stopping threads took: 0.0003869 seconds
2018-02-17T17:33:32.185+0800: 2099.970: Total time for which application threads were stopped: 0.0002407 seconds, Stopping threads took: 0.0000491 seconds
2018-02-17T17:33:32.193+0800: 2099.977: Total time for which application threads were stopped: 0.0046407 seconds, Stopping threads took: 0.0045080 seconds
2018-02-17T17:33:32.194+0800: 2099.978: Total time for which application threads were stopped: 0.0001475 seconds, Stopping threads took: 0.0000258 seconds
2018-02-17T17:33:32.198+0800: 2099.983: Total time for which application threads were stopped: 0.0001957 seconds, Stopping threads took: 0.0000527 seconds
2018-02-17T17:33:32.199+0800: 2099.983: Total time for which application threads were stopped: 0.0001034 seconds, Stopping threads took: 0.0000232 seconds
2018-02-17T17:33:32.199+0800: 2099.984: Total time for which application threads were stopped: 0.0001343 seconds, Stopping threads took: 0.0000297 seconds
2018-02-17T17:33:32.202+0800: 2099.986: Total time for which application threads were stopped: 0.0004357 seconds, Stopping threads took: 0.0000387 seconds
2018-02-17T17:33:32.202+0800: 2099.986: Total time for which application threads were stopped: 0.0001251 seconds, Stopping threads took: 0.0000433 seconds
2018-02-17T17:33:32.208+0800: 2099.992: Total time for which application threads were stopped: 0.0001624 seconds, Stopping threads took: 0.0000349 seconds
2018-02-17T17:33:32.208+0800: 2099.992: Total time for which application threads were stopped: 0.0003169 seconds, Stopping threads took: 0.0002359 seconds
2018-02-17T17:33:32.209+0800: 2099.994: Total time for which application threads were stopped: 0.0001567 seconds, Stopping threads took: 0.0000392 seconds
2018-02-17T17:33:32.211+0800: 2099.995: Total time for which application threads were stopped: 0.0001156 seconds, Stopping threads took: 0.0000258 seconds
2018-02-17T17:33:32.211+0800: 2099.995: Total time for which application threads were stopped: 0.0001028 seconds, Stopping threads took: 0.0000210 seconds
2018-02-17T17:33:32.211+0800: 2099.995: Total time for which application threads were stopped: 0.0000898 seconds, Stopping threads took: 0.0000246 seconds
2018-02-17T17:33:32.211+0800: 2099.996: Total time for which application threads were stopped: 0.0001136 seconds, Stopping threads took: 0.0000339 seconds
2018-02-17T17:33:32.212+0800: 2099.996: Total time for which application threads were stopped: 0.0000837 seconds, Stopping threads took: 0.0000196 seconds
2018-02-17T17:33:32.212+0800: 2099.996: Total time for which application threads were stopped: 0.0000811 seconds, Stopping threads took: 0.0000200 seconds
2018-02-17T17:33:32.212+0800: 2099.996: Total time for which application threads were stopped: 0.0001155 seconds, Stopping threads took: 0.0000708 seconds
2018-02-17T17:33:32.212+0800: 2099.996: Total time for which application threads were stopped: 0.0000767 seconds, Stopping threads took: 0.0000308 seconds
2018-02-17T17:33:32.212+0800: 2099.996: Total time for which application threads were stopped: 0.0000694 seconds, Stopping threads took: 0.0000072 seconds
2018-02-17T17:33:32.212+0800: 2099.997: Total time for which application threads were stopped: 0.0001756 seconds, Stopping threads took: 0.0001309 seconds
2018-02-17T17:33:32.216+0800: 2100.000: Total time for which application threads were stopped: 0.0008682 seconds, Stopping threads took: 0.0000393 seconds
2018-02-17T17:33:32.216+0800: 2100.000: Total time for which application threads were stopped: 0.0000840 seconds, Stopping threads took: 0.0000111 seconds
2018-02-17T17:33:32.219+0800: 2100.004: Total time for which application threads were stopped: 0.0001536 seconds, Stopping threads took: 0.0000357 seconds
2018-02-17T17:33:32.220+0800: 2100.004: Total time for which application threads were stopped: 0.0001511 seconds, Stopping threads took: 0.0000347 seconds
2018-02-17T17:33:32.221+0800: 2100.005: Total time for which application threads were stopped: 0.0002641 seconds, Stopping threads took: 0.0001743 seconds
2018-02-17T17:33:32.223+0800: 2100.008: Total time for which application threads were stopped: 0.0001222 seconds, Stopping threads took: 0.0000262 seconds
2018-02-17T17:33:32.224+0800: 2100.008: Total time for which application threads were stopped: 0.0001345 seconds, Stopping threads took: 0.0000529 seconds
2018-02-17T17:33:32.224+0800: 2100.008: Total time for which application threads were stopped: 0.0001031 seconds, Stopping threads took: 0.0000246 seconds
2018-02-17T17:33:32.225+0800: 2100.009: Total time for which application threads were stopped: 0.0001119 seconds, Stopping threads took: 0.0000313 seconds
2018-02-17T17:33:32.225+0800: 2100.009: Total time for which application threads were stopped: 0.0001051 seconds, Stopping threads took: 0.0000215 seconds
2018-02-17T17:33:32.227+0800: 2100.011: Total time for which application threads were stopped: 0.0015308 seconds, Stopping threads took: 0.0014523 seconds
2018-02-17T17:33:32.227+0800: 2100.012: Total time for which application threads were stopped: 0.0005636 seconds, Stopping threads took: 0.0004895 seconds
2018-02-17T17:33:32.228+0800: 2100.012: Total time for which application threads were stopped: 0.0001941 seconds, Stopping threads took: 0.0001262 seconds
2018-02-17T17:33:32.229+0800: 2100.013: Total time for which application threads were stopped: 0.0007002 seconds, Stopping threads took: 0.0006244 seconds
2018-02-17T17:33:32.231+0800: 2100.015: Total time for which application threads were stopped: 0.0002010 seconds, Stopping threads took: 0.0001161 seconds
2018-02-17T17:33:32.231+0800: 2100.015: Total time for which application threads were stopped: 0.0001052 seconds, Stopping threads took: 0.0000240 seconds
2018-02-17T17:33:32.231+0800: 2100.015: Total time for which application threads were stopped: 0.0000771 seconds, Stopping threads took: 0.0000192 seconds
2018-02-17T17:33:32.231+0800: 2100.016: Total time for which application threads were stopped: 0.0000775 seconds, Stopping threads took: 0.0000212 seconds
2018-02-17T17:33:32.234+0800: 2100.018: Total time for which application threads were stopped: 0.0002509 seconds, Stopping threads took: 0.0000115 seconds
2018-02-17T17:33:32.235+0800: 2100.019: Total time for which application threads were stopped: 0.0001221 seconds, Stopping threads took: 0.0000403 seconds
2018-02-17T17:33:32.240+0800: 2100.024: Total time for which application threads were stopped: 0.0006279 seconds, Stopping threads took: 0.0004962 seconds
2018-02-17T17:33:32.240+0800: 2100.025: Total time for which application threads were stopped: 0.0001110 seconds, Stopping threads took: 0.0000317 seconds
2018-02-17T17:33:32.241+0800: 2100.025: Total time for which application threads were stopped: 0.0000986 seconds, Stopping threads took: 0.0000247 seconds
2018-02-17T17:33:32.242+0800: 2100.026: Total time for which application threads were stopped: 0.0002000 seconds, Stopping threads took: 0.0000955 seconds
2018-02-17T17:33:32.242+0800: 2100.026: Total time for which application threads were stopped: 0.0001146 seconds, Stopping threads took: 0.0000407 seconds
2018-02-17T17:33:32.243+0800: 2100.027: Total time for which application threads were stopped: 0.0001166 seconds, Stopping threads took: 0.0000380 seconds
2018-02-17T17:33:32.244+0800: 2100.028: Total time for which application threads were stopped: 0.0002354 seconds, Stopping threads took: 0.0000242 seconds
2018-02-17T17:33:32.245+0800: 2100.029: Total time for which application threads were stopped: 0.0001151 seconds, Stopping threads took: 0.0000414 seconds
2018-02-17T17:33:32.246+0800: 2100.030: Total time for which application threads were stopped: 0.0005752 seconds, Stopping threads took: 0.0005200 seconds
2018-02-17T17:33:32.247+0800: 2100.031: Total time for which application threads were stopped: 0.0000698 seconds, Stopping threads took: 0.0000076 seconds
2018-02-17T17:33:32.249+0800: 2100.034: Total time for which application threads were stopped: 0.0001295 seconds, Stopping threads took: 0.0000354 seconds
2018-02-17T17:33:32.260+0800: 2100.044: Total time for which application threads were stopped: 0.0000696 seconds, Stopping threads took: 0.0000073 seconds
2018-02-17T17:33:32.261+0800: 2100.045: Total time for which application threads were stopped: 0.0000762 seconds, Stopping threads took: 0.0000262 seconds
2018-02-17T17:33:32.261+0800: 2100.045: Total time for which application threads were stopped: 0.0000691 seconds, Stopping threads took: 0.0000265 seconds
2018-02-17T17:33:32.262+0800: 2100.046: Total time for which application threads were stopped: 0.0001651 seconds, Stopping threads took: 0.0001069 seconds
Heap
 par new generation   total 109248K, used 65040K [0x00000007a0000000, 0x00000007a8000000, 0x00000007a8000000)
  eden space 87424K,  61% used [0x00000007a0000000, 0x00000007a3419fc0, 0x00000007a5560000)
  from space 21824K,  53% used [0x00000007a6ab0000, 0x00000007a761a2c0, 0x00000007a8000000)
  to   space 21824K,   0% used [0x00000007a5560000, 0x00000007a5560000, 0x00000007a6ab0000)
 concurrent mark-sweep generation total 393216K, used 74800K [0x00000007a8000000, 0x00000007c0000000, 0x00000007c0000000)
 Metaspace       used 41761K, capacity 43537K, committed 43924K, reserved 1087488K
  class space    used 4912K, capacity 5308K, committed 5396K, reserved 1048576K
